Component: ARM Compiler 5.06 update 4 (build 422) Tool: armlink [4d35d2]

==============================================================================

Section Cross References

    main.o(.text) refers to common.o(.text) for hal_system_init
    main.o(.text) refers to pwrmgr.o(.text) for hal_pwrmgr_RAM_retention
    main.o(.text) refers to clock.o(.text) for hal_rtc_clock_config
    main.o(.text) refers to my_printf.o(.text) for phy_printf_init
    main.o(.text) refers to gpio.o(.text) for hal_gpio_init
    main.o(.text) refers to voice.o(.text) for hal_voice_init
    main.o(.text) refers to patch.o(i.init_config) for init_config
    main.o(.text) refers to voice_main.o(.text) for app_main
    main.o(.text) refers to patch.o(i.hal_rom_code_ini) for hal_rom_code_ini
    main.o(.text) refers to rf_phy_driver.o(.data) for g_system_clk
    jump_table.o(.text) refers to my_printf.o(.text) for phy_printf
    jump_table.o(.text) refers to jump_table.o(.data) for .data
    jump_table.o(jump_table_mem_area) refers to osal_voice.o(.text) for osalInitTasks
    jump_table.o(jump_table_mem_area) refers to osal_voice.o(.constdata) for tasksArr
    jump_table.o(jump_table_mem_area) refers to osal_voice.o(.constdata) for tasksCnt
    jump_table.o(jump_table_mem_area) refers to osal_voice.o(.data) for tasksEvents
    jump_table.o(jump_table_mem_area) refers (Weak) to pwrmgr.o(.text) for hal_pwrmgr_sleep_process
    jump_table.o(jump_table_mem_area) refers (Weak) to pwrmgr.o(.text) for hal_pwrmgr_wakeup_process
    jump_table.o(jump_table_mem_area) refers to rf_phy_driver.o(i.rf_phy_ini) for rf_phy_ini
    jump_table.o(jump_table_mem_area) refers to jump_table.o(.text) for hard_fault
    jump_table.o(jump_table_mem_area) refers (Weak) to patch.o(i.TIM0_IRQHandler1) for TIM0_IRQHandler1
    jump_table.o(jump_table_mem_area) refers (Weak) to uart.o(.text) for hal_UART0_IRQHandler
    jump_table.o(jump_table_mem_area) refers (Weak) to gpio.o(.text) for hal_GPIO_IRQHandler
    jump_table.o(jump_table_mem_area) refers (Weak) to voice.o(.text) for hal_ADC_IRQHandler
    voice_demo.o(.text) refers to voice.o(.text) for hal_voice_config
    voice_demo.o(.text) refers to my_printf.o(.text) for phy_printf
    voice_demo.o(.text) refers to uart.o(.text) for hal_uart_get_tx_ready
    voice_demo.o(.text) refers to voice_demo.o(.data) for .data
    voice_demo.o(.text) refers to voice_demo.o(.bss) for .bss
    voice_main.o(.text) refers to clock.o(.text) for clk_gate_enable
    osal_voice.o(.text) refers to voice_demo.o(.text) for voice_Init
    osal_voice.o(.text) refers to osal_voice.o(.data) for .data
    osal_voice.o(.constdata) refers to voice_demo.o(.text) for voice_ProcessEvent
    gpio.o(.text) refers to gpio.o(.bss) for .bss
    gpio.o(.text) refers to memseta.o(.text) for __aeabi_memclr4
    gpio.o(.text) refers to pwrmgr.o(.text) for hal_pwrmgr_register
    my_printf.o(.text) refers to memseta.o(.text) for __aeabi_memclr
    my_printf.o(.text) refers to uart.o(.text) for hal_uart_send_buff
    my_printf.o(.text) refers to my_printf.o(.data) for .data
    my_printf.o(.text) refers to my_printf.o(.bss) for .bss
    my_printf.o(.text) refers to my_printf.o(.constdata) for .constdata
    uart.o(.text) refers to clock.o(.text) for clk_pclk
    uart.o(.text) refers to gpio.o(.text) for hal_gpio_fmux_set
    uart.o(.text) refers to memseta.o(.text) for __aeabi_memclr4
    uart.o(.text) refers to pwrmgr.o(.text) for hal_pwrmgr_register
    uart.o(.text) refers to memcpya.o(.text) for __aeabi_memcpy
    uart.o(.text) refers to uart.o(.bss) for .bss
    uart.o(.text) refers to uart.o(.constdata) for .constdata
    pwrmgr.o(.text) refers to memseta.o(.text) for __aeabi_memclr4
    pwrmgr.o(.text) refers to memcpya.o(.text) for __aeabi_memcpy4
    pwrmgr.o(.text) refers to common.o(.text) for subWriteReg
    pwrmgr.o(.text) refers to gpio.o(.text) for hal_gpio_wakeup_set
    pwrmgr.o(.text) refers to clock.o(.text) for hal_rtc_clock_config
    pwrmgr.o(.text) refers to patch.o(i.clock_time_rtc) for clock_time_rtc
    pwrmgr.o(.text) refers to pwrmgr.o(.bss) for .bss
    pwrmgr.o(.text) refers to pwrmgr.o(.data) for .data
    clock.o(.text) refers to gpio.o(.text) for hal_gpio_pull_set
    clock.o(.text) refers to common.o(.text) for subWriteReg
    clock.o(.text) refers to patch.o(.data) for pGlobal_config
    common.o(.text) refers to patch.o(i.clock_time_rtc) for clock_time_rtc
    voice.o(.text) refers to clock.o(.text) for clk_gate_enable
    voice.o(.text) refers to common.o(.text) for subWriteReg
    voice.o(.text) refers to gpio.o(.text) for hal_gpio_fmux_set
    voice.o(.text) refers to pwrmgr.o(.text) for hal_pwrmgr_register
    voice.o(.text) refers to memcpya.o(.text) for __aeabi_memcpy
    voice.o(.text) refers to voice.o(.bss) for .bss
    sbc.o(.text) refers to sbc.o(.constdata) for .constdata
    sbc.o(.text) refers to llshl.o(.text) for __aeabi_llsl
    sbc.o(.text) refers to uldiv.o(.text) for __aeabi_uldivmod
[...]
    osal_next_timeout                        0x0000f6d5   Thumb Code     0  rom1Sym.txt ABSOLUTE
    osal_pwrmgr_device                       0x0000f6fd   Thumb Code     0  rom1Sym.txt ABSOLUTE
    osal_pwrmgr_init                         0x0000f709   Thumb Code     0  rom1Sym.txt ABSOLUTE
    osal_pwrmgr_powerconserve                0x0000f719   Thumb Code     0  rom1Sym.txt ABSOLUTE
    osal_pwrmgr_task_state                   0x0000f839   Thumb Code     0  rom1Sym.txt ABSOLUTE
    osal_rand                                0x0000f869   Thumb Code     0  rom1Sym.txt ABSOLUTE
    osal_revmemcpy                           0x0000f885   Thumb Code     0  rom1Sym.txt ABSOLUTE
    osal_run_system                          0x0000f89d   Thumb Code     0  rom1Sym.txt ABSOLUTE
    osal_self                                0x0000f941   Thumb Code     0  rom1Sym.txt ABSOLUTE
    osal_setClock                            0x0000f94d   Thumb Code     0  rom1Sym.txt ABSOLUTE
    osal_set_event                           0x0000f959   Thumb Code     0  rom1Sym.txt ABSOLUTE
    osal_start_reload_timer                  0x0000f995   Thumb Code     0  rom1Sym.txt ABSOLUTE
    osal_start_system                        0x0000f9c5   Thumb Code     0  rom1Sym.txt ABSOLUTE
    osal_start_timerEx                       0x0000f9cd   Thumb Code     0  rom1Sym.txt ABSOLUTE
    osal_stop_timerEx                        0x0000f9f1   Thumb Code     0  rom1Sym.txt ABSOLUTE
    osal_strlen                              0x0000fa21   Thumb Code     0  rom1Sym.txt ABSOLUTE
    osal_timer_num_active                    0x0000fa29   Thumb Code     0  rom1Sym.txt ABSOLUTE
    pad_ds_control                           0x0000fa55   Thumb Code     0  rom1Sym.txt ABSOLUTE
    pad_pe_control                           0x0000fa7d   Thumb Code     0  rom1Sym.txt ABSOLUTE
    pinmap                                   0x0000facb   Thumb Code     0  rom1Sym.txt ABSOLUTE
    program_bin                              0x0000fadd   Thumb Code     0  rom1Sym.txt ABSOLUTE
    program_flags                            0x0000fb71   Thumb Code     0  rom1Sym.txt ABSOLUTE
    read_LL_remainder_time                   0x0000fbdd   Thumb Code     0  rom1Sym.txt ABSOLUTE
    read_current_fine_time                   0x0000fbe9   Thumb Code     0  rom1Sym.txt ABSOLUTE
    rom_read_deviceID                        0x0000fc11   Thumb Code     0  rom1Sym.txt ABSOLUTE
    rom_read_status_register                 0x0000fc45   Thumb Code     0  rom1Sym.txt ABSOLUTE
    receive_cmd_params                       0x0000fc6d   Thumb Code     0  rom1Sym.txt ABSOLUTE
    receive_cmd_params_dec                   0x0000fd39   Thumb Code     0  rom1Sym.txt ABSOLUTE
    receive_command                          0x0000fe05   Thumb Code     0  rom1Sym.txt ABSOLUTE
    receive_image_data                       0x0000fed9   Thumb Code     0  rom1Sym.txt ABSOLUTE
    rom_release_flash_deep_sleep             0x0000ff6d   Thumb Code     0  rom1Sym.txt ABSOLUTE
    reset_CmdandParam                        0x0000ffb5   Thumb Code     0  rom1Sym.txt ABSOLUTE
    reset_Param                              0x0000ffc1   Thumb Code     0  rom1Sym.txt ABSOLUTE
    reset_burn_buf                           0x0000ffdd   Thumb Code     0  rom1Sym.txt ABSOLUTE
    reset_cmd                                0x0000fff9   Thumb Code     0  rom1Sym.txt ABSOLUTE
    reset_conn_buf                           0x00010015   Thumb Code     0  rom1Sym.txt ABSOLUTE
    rf_init                                  0x000100d1   Thumb Code     0  rom1Sym.txt ABSOLUTE
    rom_board_init                           0x00010979   Thumb Code     0  rom1Sym.txt ABSOLUTE
    sendEstLinkEvent                         0x00010ab5   Thumb Code     0  rom1Sym.txt ABSOLUTE
    setSleepMode                             0x00010b3d   Thumb Code     0  rom1Sym.txt ABSOLUTE
    set_WDT_rpl                              0x00010b49   Thumb Code     0  rom1Sym.txt ABSOLUTE
    set_access_address                       0x00010b5d   Thumb Code     0  rom1Sym.txt ABSOLUTE
    set_channel                              0x00010b69   Thumb Code     0  rom1Sym.txt ABSOLUTE
    set_crc_seed                             0x00010ba9   Thumb Code     0  rom1Sym.txt ABSOLUTE
    rom_set_flash_deep_sleep                 0x00010bc1   Thumb Code     0  rom1Sym.txt ABSOLUTE
    set_fullmux_pin_function                 0x00010be1   Thumb Code     0  rom1Sym.txt ABSOLUTE
    set_gpio_pull_down_ate                   0x00010cdd   Thumb Code     0  rom1Sym.txt ABSOLUTE
    set_gpio_pull_up_ate                     0x00010cf9   Thumb Code     0  rom1Sym.txt ABSOLUTE
    set_int                                  0x00010d15   Thumb Code     0  rom1Sym.txt ABSOLUTE
    set_loadtimer                            0x00010d21   Thumb Code     0  rom1Sym.txt ABSOLUTE
    set_max_length                           0x00010d3d   Thumb Code     0  rom1Sym.txt ABSOLUTE
    rom_hal_gpio_pull_set                    0x00010d51   Thumb Code     0  rom1Sym.txt ABSOLUTE
    set_sleep_flag                           0x00010d89   Thumb Code     0  rom1Sym.txt ABSOLUTE
    set_timer                                0x00010db9   Thumb Code     0  rom1Sym.txt ABSOLUTE
    set_timer1                               0x00010df5   Thumb Code     0  rom1Sym.txt ABSOLUTE
    set_timer2                               0x00010e05   Thumb Code     0  rom1Sym.txt ABSOLUTE
    set_timer3                               0x00010e15   Thumb Code     0  rom1Sym.txt ABSOLUTE
    set_whiten_seed                          0x00010e25   Thumb Code     0  rom1Sym.txt ABSOLUTE
    smAuthReqToUint8                         0x00010e91   Thumb Code     0  rom1Sym.txt ABSOLUTE
    smDetermineKeySize                       0x00010ed5   Thumb Code     0  rom1Sym.txt ABSOLUTE
    smEncLTK                                 0x00010efd   Thumb Code     0  rom1Sym.txt ABSOLUTE
    smEndPairing                             0x00010f51   Thumb Code     0  rom1Sym.txt ABSOLUTE
    smGenerateConfirm                        0x00010fd9   Thumb Code     0  rom1Sym.txt ABSOLUTE
    smGeneratePairingReqRsp                  0x00011005   Thumb Code     0  rom1Sym.txt ABSOLUTE
    smGenerateRandBuf                        0x0001104d   Thumb Code     0  rom1Sym.txt ABSOLUTE
    smGenerateRandMsg                        0x00011075   Thumb Code     0  rom1Sym.txt ABSOLUTE
    smInProcess                              0x000110a1   Thumb Code     0  rom1Sym.txt ABSOLUTE
    smLinkCheck                              0x0001127d   Thumb Code     0  rom1Sym.txt ABSOLUTE
    smNextPairingState                       0x0001129d   Thumb Code     0  rom1Sym.txt ABSOLUTE
    smPairingSendEncInfo                     0x000112e1   Thumb Code     0  rom1Sym.txt ABSOLUTE
    smPairingSendIdentityAddrInfo            0x000112f5   Thumb Code     0  rom1Sym.txt ABSOLUTE
    smPairingSendIdentityInfo                0x0001131d   Thumb Code     0  rom1Sym.txt ABSOLUTE
    smPairingSendMasterID                    0x00011331   Thumb Code     0  rom1Sym.txt ABSOLUTE
    smPairingSendSingingInfo                 0x0001135d   Thumb Code     0  rom1Sym.txt ABSOLUTE
    smProcessDataMsg                         0x00011371   Thumb Code     0  rom1Sym.txt ABSOLUTE
    smProcessEncryptChange                   0x0001141d   Thumb Code     0  rom1Sym.txt ABSOLUTE
    smProcessPairingReq                      0x00011595   Thumb Code     0  rom1Sym.txt ABSOLUTE
    smProcessRandComplete                    0x000115e9   Thumb Code     0  rom1Sym.txt ABSOLUTE
    smRegisterInitiator                      0x00011645   Thumb Code     0  rom1Sym.txt ABSOLUTE
    smRegisterResponder                      0x00011651   Thumb Code     0  rom1Sym.txt ABSOLUTE
    smSavePairInfo                           0x000119c5   Thumb Code     0  rom1Sym.txt ABSOLUTE
    smSendFailAndEnd                         0x00011b11   Thumb Code     0  rom1Sym.txt ABSOLUTE
    smSendSMMsg                              0x00011b75   Thumb Code     0  rom1Sym.txt ABSOLUTE
    smStartEncryption                        0x00011bfd   Thumb Code     0  rom1Sym.txt ABSOLUTE
    smStartRspTimer                          0x00011c1d   Thumb Code     0  rom1Sym.txt ABSOLUTE
    smStopRspTimer                           0x00011c3d   Thumb Code     0  rom1Sym.txt ABSOLUTE
    smTimedOut                               0x00011c51   Thumb Code     0  rom1Sym.txt ABSOLUTE
    smUint8ToAuthReq                         0x00011c5b   Thumb Code     0  rom1Sym.txt ABSOLUTE
    sm_ah                                    0x00011db5   Thumb Code     0  rom1Sym.txt ABSOLUTE
    sm_c1                                    0x00011df9   Thumb Code     0  rom1Sym.txt ABSOLUTE
    sm_c1new                                 0x00011e91   Thumb Code     0  rom1Sym.txt ABSOLUTE
    sm_d1                                    0x00011f55   Thumb Code     0  rom1Sym.txt ABSOLUTE
    sm_dm                                    0x00011f93   Thumb Code     0  rom1Sym.txt ABSOLUTE
    sm_s1                                    0x00011fd1   Thumb Code     0  rom1Sym.txt ABSOLUTE
    smpBuildEncInfo                          0x0001202b   Thumb Code     0  rom1Sym.txt ABSOLUTE
    smpBuildIdentityAddrInfo                 0x0001204d   Thumb Code     0  rom1Sym.txt ABSOLUTE
    smpBuildIdentityInfo                     0x00012075   Thumb Code     0  rom1Sym.txt ABSOLUTE
    smpBuildMasterID                         0x00012097   Thumb Code     0  rom1Sym.txt ABSOLUTE
    smpBuildPairingConfirm                   0x000120c5   Thumb Code     0  rom1Sym.txt ABSOLUTE
    smpBuildPairingFailed                    0x000120e7   Thumb Code     0  rom1Sym.txt ABSOLUTE
    smpBuildPairingRandom                    0x000120ff   Thumb Code     0  rom1Sym.txt ABSOLUTE
    smpBuildPairingReq                       0x00012121   Thumb Code     0  rom1Sym.txt ABSOLUTE
    smpBuildPairingReqRsp                    0x0001212f   Thumb Code     0  rom1Sym.txt ABSOLUTE
    smpBuildPairingRsp                       0x0001219b   Thumb Code     0  rom1Sym.txt ABSOLUTE
    smpBuildSecurityReq                      0x000121a9   Thumb Code     0  rom1Sym.txt ABSOLUTE
    smpBuildSigningInfo                      0x000121c7   Thumb Code     0  rom1Sym.txt ABSOLUTE
    smpParseEncInfo                          0x00012581   Thumb Code     0  rom1Sym.txt ABSOLUTE
    smpParseIdentityAddrInfo                 0x0001259f   Thumb Code     0  rom1Sym.txt ABSOLUTE
    smpParseIdentityInfo                     0x000125c3   Thumb Code     0  rom1Sym.txt ABSOLUTE
    smpParseMasterID                         0x000125e1   Thumb Code     0  rom1Sym.txt ABSOLUTE
    smpParsePairingConfirm                   0x0001260b   Thumb Code     0  rom1Sym.txt ABSOLUTE
    smpParsePairingFailed                    0x00012629   Thumb Code     0  rom1Sym.txt ABSOLUTE
    smpParsePairingRandom                    0x00012649   Thumb Code     0  rom1Sym.txt ABSOLUTE
    smpParsePairingReq                       0x00012667   Thumb Code     0  rom1Sym.txt ABSOLUTE
    smpParseSecurityReq                      0x00012721   Thumb Code     0  rom1Sym.txt ABSOLUTE
    smpParseSigningInfo                      0x0001273d   Thumb Code     0  rom1Sym.txt ABSOLUTE
    smpResponderProcessPairingReq            0x00012a2d   Thumb Code     0  rom1Sym.txt ABSOLUTE
    sram_ret_patch                           0x00012b25   Thumb Code     0  rom1Sym.txt ABSOLUTE
    update_rx_read_ptr                       0x00012b55   Thumb Code     0  rom1Sym.txt ABSOLUTE
    update_rx_write_ptr                      0x00012b7d   Thumb Code     0  rom1Sym.txt ABSOLUTE
    update_tx_read_ptr                       0x00012b99   Thumb Code     0  rom1Sym.txt ABSOLUTE
    update_tx_write_ptr                      0x00012bc1   Thumb Code     0  rom1Sym.txt ABSOLUTE
    wakeupProcess                            0x00012c05   Thumb Code     0  rom1Sym.txt ABSOLUTE
    wakeup_init                              0x00012ce5   Thumb Code     0  rom1Sym.txt ABSOLUTE
    write_image_to_flash                     0x00012df9   Thumb Code     0  rom1Sym.txt ABSOLUTE
    rom_write_status_register                0x00012e85   Thumb Code     0  rom1Sym.txt ABSOLUTE
    zigbee_crc16_gen                         0x00012ebf   Thumb Code     0  rom1Sym.txt ABSOLUTE
    btBaseUUID                               0x00012f64   Data           0  rom1Sym.txt ABSOLUTE
    gapServiceUUID                           0x00012fd4   Data           0  rom1Sym.txt ABSOLUTE
    gattServiceUUID                          0x00012fd6   Data           0  rom1Sym.txt ABSOLUTE
    primaryServiceUUID                       0x00012fd8   Data           0  rom1Sym.txt ABSOLUTE
    secondaryServiceUUID                     0x00012fda   Data           0  rom1Sym.txt ABSOLUTE
    includeUUID                              0x00012fdc   Data           0  rom1Sym.txt ABSOLUTE
    characterUUID                            0x00012fde   Data           0  rom1Sym.txt ABSOLUTE
    charExtPropsUUID                         0x00012fe0   Data           0  rom1Sym.txt ABSOLUTE
    charUserDescUUID                         0x00012fe2   Data           0  rom1Sym.txt ABSOLUTE
    clientCharCfgUUID                        0x00012fe4   Data           0  rom1Sym.txt ABSOLUTE
    servCharCfgUUID                          0x00012fe6   Data           0  rom1Sym.txt ABSOLUTE
    charFormatUUID                           0x00012fe8   Data           0  rom1Sym.txt ABSOLUTE
    charAggFormatUUID                        0x00012fea   Data           0  rom1Sym.txt ABSOLUTE
    deviceNameUUID                           0x00012fec   Data           0  rom1Sym.txt ABSOLUTE
    appearanceUUID                           0x00012fee   Data           0  rom1Sym.txt ABSOLUTE
    periPrivacyFlagUUID                      0x00012ff0   Data           0  rom1Sym.txt ABSOLUTE
    reconnectAddrUUID                        0x00012ff2   Data           0  rom1Sym.txt ABSOLUTE
    periConnParamUUID                        0x00012ff4   Data           0  rom1Sym.txt ABSOLUTE
    serviceChangedUUID                       0x00012ff6   Data           0  rom1Sym.txt ABSOLUTE
    validRangeUUID                           0x00012ff8   Data           0  rom1Sym.txt ABSOLUTE
    extReportRefUUID                         0x00012ffa   Data           0  rom1Sym.txt ABSOLUTE
    reportRefUUID                            0x00012ffc   Data           0  rom1Sym.txt ABSOLUTE
    supportedCmdsTable                       0x00013027   Data           0  rom1Sym.txt ABSOLUTE
    hciCmdTable                              0x00013068   Data           0  rom1Sym.txt ABSOLUTE
    SCA                                      0x00013070   Data           0  rom1Sym.txt ABSOLUTE
    zeroBlock                                0x00013080   Data           0  rom1Sym.txt ABSOLUTE
    jump_table_base                          0x1fff0800   Data        1024  jump_table.o(jump_table_mem_area)
    global_config                            0x1fff0c00   Data        1024  jump_table.o(global_config_area)
    hclk                                     0x1fff1010   Data           0  rom1Sym.txt ABSOLUTE
    pclk                                     0x1fff1014   Data           0  rom1Sym.txt ABSOLUTE
    hclk_per_us                              0x1fff1020   Data           0  rom1Sym.txt ABSOLUTE
    hclk_per_us_shift                        0x1fff1024   Data           0  rom1Sym.txt ABSOLUTE
    current_base_time                        0x1fff102c   Data           0  rom1Sym.txt ABSOLUTE
    osal_sys_tick                            0x1fff1030   Data           0  rom1Sym.txt ABSOLUTE
    current_fine_time                        0x1fff1034   Data           0  rom1Sym.txt ABSOLUTE
    rom_MID                                  0x1fff104c   Data           0  rom1Sym.txt ABSOLUTE
    rom_JID8                                 0x1fff104d   Data           0  rom1Sym.txt ABSOLUTE
    rom_JID0                                 0x1fff104e   Data           0  rom1Sym.txt ABSOLUTE
    Uart_status                              0x1fff1050   Data           0  rom1Sym.txt ABSOLUTE
    rx_overrun_flag                          0x1fff1051   Data           0  rom1Sym.txt ABSOLUTE
    uart_rx_wIdx                             0x1fff1054   Data           0  rom1Sym.txt ABSOLUTE
    uart_rx_rIdx                             0x1fff1058   Data           0  rom1Sym.txt ABSOLUTE
    uart_tx_wIdx                             0x1fff105c   Data           0  rom1Sym.txt ABSOLUTE
    uart_tx_rIdx                             0x1fff1060   Data           0  rom1Sym.txt ABSOLUTE
    g_uart_baud                              0x1fff1064   Data           0  rom1Sym.txt ABSOLUTE
    cmdValid                                 0x1fff1068   Data           0  rom1Sym.txt ABSOLUTE
    cmdParamValid                            0x1fff1069   Data           0  rom1Sym.txt ABSOLUTE
    receive_timeout_flag                     0x1fff106a   Data           0  rom1Sym.txt ABSOLUTE
    r_idx                                    0x1fff1074   Data           0  rom1Sym.txt ABSOLUTE
    ImageCount                               0x1fff1078   Data           0  rom1Sym.txt ABSOLUTE
    flash_addr                               0x1fff107c   Data           0  rom1Sym.txt ABSOLUTE
    image_size                               0x1fff1080   Data           0  rom1Sym.txt ABSOLUTE
    run_addr                                 0x1fff1084   Data           0  rom1Sym.txt ABSOLUTE
    time_begin                               0x1fff1088   Data           0  rom1Sym.txt ABSOLUTE
    time_end                                 0x1fff108c   Data           0  rom1Sym.txt ABSOLUTE
    adc_wIdx                                 0x1fff1090   Data           0  rom1Sym.txt ABSOLUTE
    adc_int_source                           0x1fff1092   Data           0  rom1Sym.txt ABSOLUTE
    baseTaskID                               0x1fff1098   Data           0  rom1Sym.txt ABSOLUTE
    OSAL_timeSeconds                         0x1fff10a4   Data           0  rom1Sym.txt ABSOLUTE
    ll_remain_time                           0x1fff10b0   Data           0  rom1Sym.txt ABSOLUTE
    pwrmgr_attribute                         0x1fff10b4   Data           0  rom1Sym.txt ABSOLUTE
    timerHead                                0x1fff10bc   Data           0  rom1Sym.txt ABSOLUTE
    osal_qHead                               0x1fff10c8   Data           0  rom1Sym.txt ABSOLUTE
    gapAppTaskID                             0x1fff10e4   Data           0  rom1Sym.txt ABSOLUTE
    gapProfileRole                           0x1fff10e5   Data           0  rom1Sym.txt ABSOLUTE
    gapDeviceAddrMode                        0x1fff10e6   Data           0  rom1Sym.txt ABSOLUTE
    gapAutoAdvPrivateAddrChange              0x1fff10e7   Data           0  rom1Sym.txt ABSOLUTE
    gapPrivateAddrChangeTimeout              0x1fff10e8   Data           0  rom1Sym.txt ABSOLUTE
    pGapDiscReq                              0x1fff1140   Data           0  rom1Sym.txt ABSOLUTE
    pGapAdvertState                          0x1fff1144   Data           0  rom1Sym.txt ABSOLUTE
    pEstLink                                 0x1fff114c   Data           0  rom1Sym.txt ABSOLUTE
    pAuthLink                                0x1fff1150   Data           0  rom1Sym.txt ABSOLUTE
    pfnCentralConnCBs                        0x1fff1154   Data           0  rom1Sym.txt ABSOLUTE
    gapUnwantedTaskID                        0x1fff1174   Data           0  rom1Sym.txt ABSOLUTE
    gapTaskID                                0x1fff1175   Data           0  rom1Sym.txt ABSOLUTE
    pfnPeripheralCBs                         0x1fff1178   Data           0  rom1Sym.txt ABSOLUTE
    indTaskId                                0x1fff1180   Data           0  rom1Sym.txt ABSOLUTE
    reqTaskId                                0x1fff1184   Data           0  rom1Sym.txt ABSOLUTE
    serverInfoTbl                            0x1fff118c   Data           0  rom1Sym.txt ABSOLUTE
    gattTaskID                               0x1fff1194   Data           0  rom1Sym.txt ABSOLUTE
    l2capTaskID                              0x1fff11a1   Data           0  rom1Sym.txt ABSOLUTE
    pPairingParams                           0x1fff11b4   Data           0  rom1Sym.txt ABSOLUTE
    pfnResponderCBs                          0x1fff11b8   Data           0  rom1Sym.txt ABSOLUTE
    smTaskID                                 0x1fff11cc   Data           0  rom1Sym.txt ABSOLUTE
    hciPTMenabled                            0x1fff11ce   Data           0  rom1Sym.txt ABSOLUTE
    ctrlToHostEnable                         0x1fff11cf   Data           0  rom1Sym.txt ABSOLUTE
    numHostBufs                              0x1fff11d0   Data           0  rom1Sym.txt ABSOLUTE
    hciCtrlCmdToken                          0x1fff11d2   Data           0  rom1Sym.txt ABSOLUTE
    bleEvtMask                               0x1fff11d3   Data           0  rom1Sym.txt ABSOLUTE
    pHciEvtMask                              0x1fff11d4   Data           0  rom1Sym.txt ABSOLUTE
    hciTaskID                                0x1fff11dc   Data           0  rom1Sym.txt ABSOLUTE
    hciTestTaskID                            0x1fff11dd   Data           0  rom1Sym.txt ABSOLUTE
    hciGapTaskID                             0x1fff11de   Data           0  rom1Sym.txt ABSOLUTE
    hciL2capTaskID                           0x1fff11df   Data           0  rom1Sym.txt ABSOLUTE
    hciSmpTaskID                             0x1fff11e0   Data           0  rom1Sym.txt ABSOLUTE
    hciExtTaskID                             0x1fff11e1   Data           0  rom1Sym.txt ABSOLUTE
    LL_TaskID                                0x1fff11e4   Data           0  rom1Sym.txt ABSOLUTE
    llState                                  0x1fff11e5   Data           0  rom1Sym.txt ABSOLUTE
    numTxDataBufs                            0x1fff11e6   Data           0  rom1Sym.txt ABSOLUTE
    numComplPkts                             0x1fff11e7   Data           0  rom1Sym.txt ABSOLUTE
    numComplPktsLimit                        0x1fff11e8   Data           0  rom1Sym.txt ABSOLUTE
    fastTxRespTime                           0x1fff11e9   Data           0  rom1Sym.txt ABSOLUTE
    g_llWlDeviceNum                          0x1fff11ea   Data           0  rom1Sym.txt ABSOLUTE
    rxFifoFlowCtrl                           0x1fff11eb   Data           0  rom1Sym.txt ABSOLUTE
    g_llHdcDirAdvTime                        0x1fff11f0   Data           0  rom1Sym.txt ABSOLUTE
    chanMapUpdate                            0x1fff11f4   Data           0  rom1Sym.txt ABSOLUTE
    verInfo                                  0x1fff1206   Data           0  rom1Sym.txt ABSOLUTE
    peerInfo                                 0x1fff120c   Data           0  rom1Sym.txt ABSOLUTE
    ctrlDataIsProcess                        0x1fff1213   Data           0  rom1Sym.txt ABSOLUTE
    ctrlDataIsPending                        0x1fff1214   Data           0  rom1Sym.txt ABSOLUTE
    connId                                   0x1fff1215   Data           0  rom1Sym.txt ABSOLUTE
    onePktPerEvt                             0x1fff1216   Data           0  rom1Sym.txt ABSOLUTE
    llWaitingIrq                             0x1fff1218   Data           0  rom1Sym.txt ABSOLUTE
    ISR_entry_time                           0x1fff121c   Data           0  rom1Sym.txt ABSOLUTE
    slave_conn_event_recv_delay              0x1fff1220   Data           0  rom1Sym.txt ABSOLUTE
    sleep_flag                               0x1fff1228   Data           0  rom1Sym.txt ABSOLUTE
    counter_tracking                         0x1fff1234   Data           0  rom1Sym.txt ABSOLUTE
    rd_idx                                   0x1fff1238   Data           0  rom1Sym.txt ABSOLUTE
    rom_urx_buf                              0x1fff1278   Data           0  rom1Sym.txt ABSOLUTE
    rom_utx_buf                              0x1fff1378   Data           0  rom1Sym.txt ABSOLUTE
    burn_buf                                 0x1fff1478   Data           0  rom1Sym.txt ABSOLUTE
    adc_buf                                  0x1fff14d0   Data           0  rom1Sym.txt ABSOLUTE
    cbTimers                                 0x1fff18d0   Data           0  rom1Sym.txt ABSOLUTE
    clientInfoTbl                            0x1fff2964   Data           0  rom1Sym.txt ABSOLUTE
    l2capFixedChannels                       0x1fff29bc   Data           0  rom1Sym.txt ABSOLUTE
    l2capChannels                            0x1fff29cc   Data           0  rom1Sym.txt ABSOLUTE
    adv_param                                0x1fff2a44   Data           0  rom1Sym.txt ABSOLUTE
    conn_param                               0x1fff2a5c   Data           0  rom1Sym.txt ABSOLUTE
    deviceFeatureSet                         0x1fff2b80   Data           0  rom1Sym.txt ABSOLUTE
    g_llWhitelist                            0x1fff2b89   Data           0  rom1Sym.txt ABSOLUTE
    ll_buf                                   0x1fff2bc4   Data           0  rom1Sym.txt ABSOLUTE
    g_pmCounters                             0x1fff310c   Data           0  rom1Sym.txt ABSOLUTE
    rfCounters                               0x1fff3180   Data           0  rom1Sym.txt ABSOLUTE
    whiten_seed                              0x1fff31b8   Data           0  rom1Sym.txt ABSOLUTE
    cachedTRNGdata                           0x1fff3200   Data           0  rom1Sym.txt ABSOLUTE
    __Vectors                                0x1fff4000   Data           4  startup_armcm0.o(RESET)
    __Vectors_End                            0x1fff40c0   Data           0  startup_armcm0.o(RESET)
    __main                                   0x1fff40c1   Thumb Code     0  entry.o(.ARM.Collect$$$$00000000)
    _main_stk                                0x1fff40c1   Thumb Code     0  entry2.o(.ARM.Collect$$$$00000001)
    _main_scatterload                        0x1fff40c5   Thumb Code     0  entry5.o(.ARM.Collect$$$$00000004)
    __main_after_scatterload                 0x1fff40c9   Thumb Code     0  entry5.o(.ARM.Collect$$$$00000004)
    _main_clock                              0x1fff40c9   Thumb Code     0  entry7b.o(.ARM.Collect$$$$00000008)
    _main_cpp_init                           0x1fff40c9   Thumb Code     0  entry8b.o(.ARM.Collect$$$$0000000A)
    _main_init                               0x1fff40c9   Thumb Code     0  entry9a.o(.ARM.Collect$$$$0000000B)
    __rt_final_cpp                           0x1fff40d1   Thumb Code     0  entry10a.o(.ARM.Collect$$$$0000000D)
    __rt_final_exit                          0x1fff40d1   Thumb Code     0  entry11a.o(.ARM.Collect$$$$0000000F)
    hal_init                                 0x1fff4125   Thumb Code    42  main.o(.text)
    main                                     0x1fff414f   Thumb Code    42  main.o(.text)
    hard_fault                               0x1fff4219   Thumb Code    46  jump_table.o(.text)
    voice_Init                               0x1fff43c7   Thumb Code    26  voice_demo.o(.text)
    voice_ProcessEvent                       0x1fff43e1   Thumb Code    80  voice_demo.o(.text)
    app_main                                 0x1fff45b9   Thumb Code    26  voice_main.o(.text)
    osalInitTasks                            0x1fff45d5   Thumb Code    38  osal_voice.o(.text)
    hal_gpio_read                            0x1fff4693   Thumb Code    52  gpio.o(.text)
    hal_gpio_wakeup_set                      0x1fff46c7   Thumb Code    76  gpio.o(.text)
    hal_gpio_fmux                            0x1fff4753   Thumb Code    34  gpio.o(.text)
    gpio_pin0to3_pin31to34_control           0x1fff4775   Thumb Code    36  gpio.o(.text)
    hal_gpio_pin_init                        0x1fff4799   Thumb Code    82  gpio.o(.text)
    hal_gpioin_enable                        0x1fff47eb   Thumb Code   104  gpio.o(.text)
    hal_GPIO_IRQHandler                      0x1fff48ab   Thumb Code    20  gpio.o(.text)
    hal_gpio_write                           0x1fff48bf   Thumb Code    60  gpio.o(.text)
    hal_gpio_toggle                          0x1fff48fb   Thumb Code    54  gpio.o(.text)
    hal_gpio_pull_set                        0x1fff4931   Thumb Code    54  gpio.o(.text)
    hal_gpio_cfg_analog_io                   0x1fff4967   Thumb Code    58  gpio.o(.text)
    hal_gpio_DS_control                      0x1fff49a1   Thumb Code    34  gpio.o(.text)
    hal_gpio_fmux_set                        0x1fff49c3   Thumb Code    42  gpio.o(.text)
    hal_gpioin_disable                       0x1fff49ed   Thumb Code    88  gpio.o(.text)
    hal_gpioin_register                      0x1fff4a45   Thumb Code    46  gpio.o(.text)
    hal_gpioin_unregister                    0x1fff4a73   Thumb Code    36  gpio.o(.text)
    hal_gpio_init                            0x1fff4a97   Thumb Code    70  gpio.o(.text)
    hal_gpio_p00_to_hclk_div8_enable         0x1fff4add   Thumb Code    12  gpio.o(.text)
    hal_gpio_p00_to_hclk_div8_disable        0x1fff4ae9   Thumb Code    12  gpio.o(.text)
    hal_gpio_p01_to_pclk_div4_enable         0x1fff4af5   Thumb Code    12  gpio.o(.text)
    hal_gpio_p01_to_pclk_div4_disable        0x1fff4b01   Thumb Code    12  gpio.o(.text)
    hal_gpio_p24_to_rc32k_enable             0x1fff4b0d   Thumb Code    12  gpio.o(.text)
    hal_gpio_p24_to_rc32k_disable            0x1fff4b19   Thumb Code    12  gpio.o(.text)
    hal_gpio_p25_to_xtal_clk32k_enable       0x1fff4b25   Thumb Code    12  gpio.o(.text)
    hal_gpio_p25_to_xtal_clk32k_disable      0x1fff4b31   Thumb Code    12  gpio.o(.text)
    phy_printf                               0x1fff4ddd   Thumb Code    50  my_printf.o(.text)
    phy_printf_init                          0x1fff4e0f   Thumb Code    12  my_printf.o(.text)
    hal_UART0_IRQHandler                     0x1fff4f01   Thumb Code    58  uart.o(.text)
    hal_uart_init                            0x1fff4f3b   Thumb Code    76  uart.o(.text)
    hal_uart_set_tx_buf                      0x1fff4f87   Thumb Code    54  uart.o(.text)
    hal_uart_get_tx_ready                    0x1fff4fbd   Thumb Code    22  uart.o(.text)
    hal_uart_send_buff                       0x1fff4fd3   Thumb Code    22  uart.o(.text)
    hal_uart_send_byte                       0x1fff4fe9   Thumb Code    58  uart.o(.text)
    hal_pwrmgr_init                          0x1fff518d   Thumb Code    44  pwrmgr.o(.text)
    hal_pwrmgr_is_lock                       0x1fff51b9   Thumb Code    72  pwrmgr.o(.text)
    hal_pwrmgr_lock                          0x1fff5201   Thumb Code    74  pwrmgr.o(.text)
    hal_pwrmgr_unlock                        0x1fff524b   Thumb Code    86  pwrmgr.o(.text)
    hal_pwrmgr_register                      0x1fff52a1   Thumb Code    62  pwrmgr.o(.text)
    hal_pwrmgr_unregister                    0x1fff52df   Thumb Code    68  pwrmgr.o(.text)
    hal_pwrmgr_wakeup_process                0x1fff5323   Thumb Code    42  pwrmgr.o(.text)
    hal_pwrmgr_RAM_retention_set             0x1fff534d   Thumb Code    20  pwrmgr.o(.text)
    hal_pwrmgr_sleep_process                 0x1fff5361   Thumb Code    46  pwrmgr.o(.text)
    hal_pwrmgr_RAM_retention                 0x1fff538f   Thumb Code    20  pwrmgr.o(.text)
    hal_pwrmgr_RAM_retention_clr             0x1fff53a3   Thumb Code    18  pwrmgr.o(.text)
    hal_pwrmgr_LowCurrentLdo_enable          0x1fff53b5   Thumb Code    20  pwrmgr.o(.text)
    hal_pwrmgr_LowCurrentLdo_disable         0x1fff53c9   Thumb Code    20  pwrmgr.o(.text)
    hal_pwrmgr_poweroff                      0x1fff53dd   Thumb Code    54  pwrmgr.o(.text)
    system_on_handler                        0x1fff5413   Thumb Code   162  pwrmgr.o(.text)
    clk_gate_enable                          0x1fff54c5   Thumb Code    20  clock.o(.text)
    clk_gate_disable                         0x1fff54d9   Thumb Code    20  clock.o(.text)
    clk_reset                                0x1fff54ed   Thumb Code    22  clock.o(.text)
    clk_hclk                                 0x1fff5503   Thumb Code     6  clock.o(.text)
    clk_pclk                                 0x1fff5509   Thumb Code     6  clock.o(.text)
    hal_rtc_clock_config                     0x1fff550f   Thumb Code   126  clock.o(.text)
    hal_systick                              0x1fff558d   Thumb Code     6  clock.o(.text)
    hal_ms_intv                              0x1fff5593   Thumb Code    32  clock.o(.text)
    hal_setMem                               0x1fff55d1   Thumb Code    12  common.o(.text)
    hal_cpyMem                               0x1fff55dd   Thumb Code    16  common.o(.text)
    hal_cpyMem32                             0x1fff55ed   Thumb Code    18  common.o(.text)
    hal_my_strcmp                            0x1fff55ff   Thumb Code    32  common.o(.text)
    char_array_cmp                           0x1fff561f   Thumb Code    38  common.o(.text)
    hal_copy_bin_from_flash_to_sram          0x1fff5645   Thumb Code     2  common.o(.text)
    hal_my_sizeof                            0x1fff5647   Thumb Code    18  common.o(.text)
    hal_my_strlen                            0x1fff5659   Thumb Code    16  common.o(.text)
    hal_is_an_valid_number                   0x1fff5669   Thumb Code    28  common.o(.text)
    hal_convert_hex_to_char                  0x1fff5685   Thumb Code   128  common.o(.text)
    hal_convert_hex_to_char_wo_x             0x1fff5705   Thumb Code   118  common.o(.text)
    hal_convert_char_to_hex                  0x1fff577b   Thumb Code   252  common.o(.text)
    hal_convert_char_to_dec                  0x1fff5877   Thumb Code    36  common.o(.text)
    WaitRTCCount                             0x1fff589b   Thumb Code    38  common.o(.text)
    WaitMs                                   0x1fff58c1   Thumb Code    18  common.o(.text)
    subWriteReg                              0x1fff58d3   Thumb Code    36  common.o(.text)
    hal_system_init                          0x1fff58f7   Thumb Code   178  common.o(.text)
    hal_read_current_time                    0x1fff59a9   Thumb Code    12  common.o(.text)
    WaitUs                                   0x1fff59b5   Thumb Code    34  common.o(.text)
    hal_system_soft_reset                    0x1fff59d7   Thumb Code    10  common.o(.text)
    hal_voice_enable                         0x1fff5a0d   Thumb Code    22  voice.o(.text)
    hal_voice_disable                        0x1fff5a23   Thumb Code    22  voice.o(.text)
    hal_voice_dmic_mode                      0x1fff5a39   Thumb Code    18  voice.o(.text)
    hal_voice_amic_mode                      0x1fff5a4b   Thumb Code    70  voice.o(.text)
    hal_voice_dmic_open                      0x1fff5a91   Thumb Code    20  voice.o(.text)
    hal_voice_amic_gain                      0x1fff5aa5   Thumb Code    62  voice.o(.text)
    hal_voice_gain                           0x1fff5ae3   Thumb Code    18  voice.o(.text)
    hal_voice_encode                         0x1fff5af5   Thumb Code    18  voice.o(.text)
    hal_voice_rate                           0x1fff5b07   Thumb Code    18  voice.o(.text)
    hal_voice_amute_on                       0x1fff5b19   Thumb Code    18  voice.o(.text)
    hal_voice_amute_off                      0x1fff5b2b   Thumb Code    18  voice.o(.text)
    hal_ADC_IRQHandler                       0x1fff5b3d   Thumb Code   136  voice.o(.text)
    hal_voice_init                           0x1fff5bc5   Thumb Code    38  voice.o(.text)
    hal_voice_config                         0x1fff5beb   Thumb Code   246  voice.o(.text)
    hal_voice_start                          0x1fff5ce1   Thumb Code    84  voice.o(.text)
    hal_voice_stop                           0x1fff5d35   Thumb Code    44  voice.o(.text)
    hal_voice_clear                          0x1fff5d61   Thumb Code    66  voice.o(.text)
    Reset_Handler                            0x1fff5e4d   Thumb Code     8  startup_armcm0.o(.text)
    NMI_Handler                              0x1fff5e55   Thumb Code     2  startup_armcm0.o(.text)
    HardFault_Handler                        0x1fff5e57   Thumb Code     2  startup_armcm0.o(.text)
    SVC_Handler                              0x1fff5e59   Thumb Code     2  startup_armcm0.o(.text)
    PendSV_Handler                           0x1fff5e5b   Thumb Code     2  startup_armcm0.o(.text)
    SysTick_Handler                          0x1fff5e5d   Thumb Code     2  startup_armcm0.o(.text)
    AACI_IRQHandler                          0x1fff5e5f   Thumb Code     0  startup_armcm0.o(.text)
    CAN_IRQHandler                           0x1fff5e5f   Thumb Code     0  startup_armcm0.o(.text)
    CHLCD_IRQHandler                         0x1fff5e5f   Thumb Code     0  startup_armcm0.o(.text)
    CLCD_IRQHandler                          0x1fff5e5f   Thumb Code     0  startup_armcm0.o(.text)
    CPU_CLCD_IRQHandler                      0x1fff5e5f   Thumb Code     0  startup_armcm0.o(.text)
    ENET_IRQHandler                          0x1fff5e5f   Thumb Code     0  startup_armcm0.o(.text)
    FLEXRAY_IRQHandler                       0x1fff5e5f   Thumb Code     0  startup_armcm0.o(.text)
    I2C_IRQHandler                           0x1fff5e5f   Thumb Code     0  startup_armcm0.o(.text)
    LIN_IRQHandler                           0x1fff5e5f   Thumb Code     0  startup_armcm0.o(.text)
    MCIA_IRQHandler                          0x1fff5e5f   Thumb Code     0  startup_armcm0.o(.text)
    MCIB_IRQHandler                          0x1fff5e5f   Thumb Code     0  startup_armcm0.o(.text)
    RTC_IRQHandler                           0x1fff5e5f   Thumb Code     0  startup_armcm0.o(.text)
    SPI_IRQHandler                           0x1fff5e5f   Thumb Code     0  startup_armcm0.o(.text)
    TIM0_IRQHandler                          0x1fff5e5f   Thumb Code     0  startup_armcm0.o(.text)
    TIM2_IRQHandler                          0x1fff5e5f   Thumb Code     0  startup_armcm0.o(.text)
    UART0_IRQHandler                         0x1fff5e5f   Thumb Code     0  startup_armcm0.o(.text)
    UART1_IRQHandler                         0x1fff5e5f   Thumb Code     0  startup_armcm0.o(.text)
    UART2_IRQHandler                         0x1fff5e5f   Thumb Code     0  startup_armcm0.o(.text)
    UART3_IRQHandler                         0x1fff5e5f   Thumb Code     0  startup_armcm0.o(.text)
    UART4_IRQHandler                         0x1fff5e5f   Thumb Code     0  startup_armcm0.o(.text)
    USBDC_IRQHandler                         0x1fff5e5f   Thumb Code     0  startup_armcm0.o(.text)
    USBHC_IRQHandler                         0x1fff5e5f   Thumb Code     0  startup_armcm0.o(.text)
    WDT_IRQHandler                           0x1fff5e5f   Thumb Code     0  startup_armcm0.o(.text)
    SystemCoreClockUpdate                    0x1fff5e69   Thumb Code     8  system_armcm0.o(.text)
    SystemInit                               0x1fff5e71   Thumb Code     8  system_armcm0.o(.text)
    __aeabi_memcpy                           0x1fff5e81   Thumb Code    36  memcpya.o(.text)
    __aeabi_memcpy4                          0x1fff5e81   Thumb Code     0  memcpya.o(.text)
    __aeabi_memcpy8                          0x1fff5e81   Thumb Code     0  memcpya.o(.text)
    __aeabi_memset                           0x1fff5ea5   Thumb Code    14  memseta.o(.text)
    __aeabi_memset4                          0x1fff5ea5   Thumb Code     0  memseta.o(.text)
    __aeabi_memset8                          0x1fff5ea5   Thumb Code     0  memseta.o(.text)
    __aeabi_memclr                           0x1fff5eb3   Thumb Code     4  memseta.o(.text)
    __aeabi_memclr4                          0x1fff5eb3   Thumb Code     0  memseta.o(.text)
    __aeabi_memclr8                          0x1fff5eb3   Thumb Code     0  memseta.o(.text)
    _memset$wrapper                          0x1fff5eb7   Thumb Code    18  memseta.o(.text)
    __aeabi_uread4                           0x1fff5ec9   Thumb Code    20  uread4.o(.text)
    __rt_uread4                              0x1fff5ec9   Thumb Code     0  uread4.o(.text)
    _uread4                                  0x1fff5ec9   Thumb Code     0  uread4.o(.text)
    __scatterload                            0x1fff5edd   Thumb Code    28  init.o(.text)
    __scatterload_rt2                        0x1fff5edd   Thumb Code     0  init.o(.text)
    __decompress                             0x1fff5f01   Thumb Code     0  __dczerorl2.o(.text)
    __decompress1                            0x1fff5f01   Thumb Code    86  __dczerorl2.o(.text)
    Long Thumb to Thumb Veneer to osal_start_timerEx 0x1fff5f59   Thumb Code    12  anon$$obj.o(Veneer$$Code)
    Long Thumb to Thumb Veneer to osal_msg_receive 0x1fff5f65   Thumb Code    12  anon$$obj.o(Veneer$$Code)
    Long Thumb to Thumb Veneer to osal_msg_deallocate 0x1fff5f71   Thumb Code    12  anon$$obj.o(Veneer$$Code)
    Long Thumb to Thumb Veneer to osal_init_system 0x1fff5f7d   Thumb Code    12  anon$$obj.o(Veneer$$Code)
    Long Thumb to Thumb Veneer to osal_pwrmgr_device 0x1fff5f89   Thumb Code    12  anon$$obj.o(Veneer$$Code)
    Long Thumb to Thumb Veneer to osal_start_system 0x1fff5f95   Thumb Code    12  anon$$obj.o(Veneer$$Code)
    Long Thumb to Thumb Veneer to osal_mem_alloc 0x1fff5fa1   Thumb Code    12  anon$$obj.o(Veneer$$Code)
    Long Thumb to Thumb Veneer to osal_memset 0x1fff5fad   Thumb Code    12  anon$$obj.o(Veneer$$Code)
    Long Thumb to Thumb Veneer to LL_Init    0x1fff5fb9   Thumb Code    12  anon$$obj.o(Veneer$$Code)
    Long Thumb to Thumb Veneer to __aeabi_uidivmod 0x1fff5fc5   Thumb Code    12  anon$$obj.o(Veneer$$Code)
    Long Thumb to Thumb Veneer to strlen     0x1fff5fd1   Thumb Code    12  anon$$obj.o(Veneer$$Code)
    Long Thumb to Thumb Veneer to disableSleep 0x1fff5fdd   Thumb Code    12  anon$$obj.o(Veneer$$Code)
    Long Thumb to Thumb Veneer to enableSleep 0x1fff5fe9   Thumb Code    12  anon$$obj.o(Veneer$$Code)
    Long Thumb to Thumb Veneer to __ARM_common_switch8 0x1fff5ff5   Thumb Code    12  anon$$obj.o(Veneer$$Code)
    Long Thumb to Thumb Veneer to LL_ENC_LoadKey 0x1fff6001   Thumb Code    12  anon$$obj.o(Veneer$$Code)
    Long Thumb to Thumb Veneer to LL_ENC_GenerateNonce 0x1fff600d   Thumb Code    12  anon$$obj.o(Veneer$$Code)
    Long Thumb to Thumb Veneer to read_current_fine_time 0x1fff6019   Thumb Code    12  anon$$obj.o(Veneer$$Code)
    Long Thumb to Thumb Veneer to ll_debug_output 0x1fff6025   Thumb Code    12  anon$$obj.o(Veneer$$Code)
    Long Thumb to Thumb Veneer to ll_hw_get_irq_status 0x1fff6031   Thumb Code    12  anon$$obj.o(Veneer$$Code)
    Long Thumb to Thumb Veneer to ll_hw_get_tr_mode 0x1fff603d   Thumb Code    12  anon$$obj.o(Veneer$$Code)
    Long Thumb to Thumb Veneer to ll_hw_clr_irq 0x1fff6049   Thumb Code    12  anon$$obj.o(Veneer$$Code)
    Long Thumb to Thumb Veneer to ll_hw_read_rfifo 0x1fff6055   Thumb Code    12  anon$$obj.o(Veneer$$Code)
    Long Thumb to Thumb Veneer to ll_hw_set_stx 0x1fff6061   Thumb Code    12  anon$$obj.o(Veneer$$Code)
    Long Thumb to Thumb Veneer to ll_hw_set_trx_settle 0x1fff606d   Thumb Code    12  anon$$obj.o(Veneer$$Code)
    Long Thumb to Thumb Veneer to ll_hw_go   0x1fff6079   Thumb Code    12  anon$$obj.o(Veneer$$Code)
    Long Thumb to Thumb Veneer to ll_hw_rst_rfifo 0x1fff6085   Thumb Code    12  anon$$obj.o(Veneer$$Code)
    Long Thumb to Thumb Veneer to ll_hw_rst_tfifo 0x1fff6091   Thumb Code    12  anon$$obj.o(Veneer$$Code)
    Long Thumb to Thumb Veneer to ll_hw_write_tfifo 0x1fff609d   Thumb Code    12  anon$$obj.o(Veneer$$Code)
    Long Thumb to Thumb Veneer to osal_memcpy 0x1fff60a9   Thumb Code    12  anon$$obj.o(Veneer$$Code)
    Long Thumb to Thumb Veneer to move_to_slave_function 0x1fff60b5   Thumb Code    12  anon$$obj.o(Veneer$$Code)
    Long Thumb to Thumb Veneer to ll_schedule_next_event 0x1fff60c1   Thumb Code    12  anon$$obj.o(Veneer$$Code)
    Long Thumb to Thumb Veneer to ll_hw_get_loop_cycle 0x1fff60cd   Thumb Code    12  anon$$obj.o(Veneer$$Code)
    Long Thumb to Thumb Veneer to ll_hw_get_anchor 0x1fff60d9   Thumb Code    12  anon$$obj.o(Veneer$$Code)
    Long Thumb to Thumb Veneer to ll_hw_get_txAck 0x1fff60e5   Thumb Code    12  anon$$obj.o(Veneer$$Code)
    Long Thumb to Thumb Veneer to ll_hw_update 0x1fff60f1   Thumb Code    12  anon$$obj.o(Veneer$$Code)
    Long Thumb to Thumb Veneer to ll_hw_get_nAck 0x1fff60fd   Thumb Code    12  anon$$obj.o(Veneer$$Code)
    Long Thumb to Thumb Veneer to ll_hw_get_rxPkt_stats 0x1fff6109   Thumb Code    12  anon$$obj.o(Veneer$$Code)
    Long Thumb to Thumb Veneer to ll_hw_process_RTO 0x1fff6115   Thumb Code    12  anon$$obj.o(Veneer$$Code)
    Long Thumb to Thumb Veneer to ll_hw_read_tfifo_rtlp 0x1fff6121   Thumb Code    12  anon$$obj.o(Veneer$$Code)
    Long Thumb to Thumb Veneer to ll_read_rxfifo 0x1fff612d   Thumb Code    12  anon$$obj.o(Veneer$$Code)
    Long Thumb to Thumb Veneer to llSlaveEvt_TaskEndOk 0x1fff6139   Thumb Code    12  anon$$obj.o(Veneer$$Code)
    Long Thumb to Thumb Veneer to osal_set_event 0x1fff6145   Thumb Code    12  anon$$obj.o(Veneer$$Code)
    Long Thumb to Thumb Veneer to llResetRfCounters 0x1fff6151   Thumb Code    12  anon$$obj.o(Veneer$$Code)
    Long Thumb to Thumb Veneer to set_crc_seed 0x1fff615d   Thumb Code    12  anon$$obj.o(Veneer$$Code)
    Long Thumb to Thumb Veneer to set_access_address 0x1fff6169   Thumb Code    12  anon$$obj.o(Veneer$$Code)
    Long Thumb to Thumb Veneer to set_channel 0x1fff6175   Thumb Code    12  anon$$obj.o(Veneer$$Code)
    Long Thumb to Thumb Veneer to set_whiten_seed 0x1fff6181   Thumb Code    12  anon$$obj.o(Veneer$$Code)
    Long Thumb to Thumb Veneer to ll_hw_set_rx_timeout_1st 0x1fff618d   Thumb Code    12  anon$$obj.o(Veneer$$Code)
    Long Thumb to Thumb Veneer to ll_hw_set_loop_timeout 0x1fff6199   Thumb Code    12  anon$$obj.o(Veneer$$Code)
    Long Thumb to Thumb Veneer to ll_hw_set_loop_nack_num 0x1fff61a5   Thumb Code    12  anon$$obj.o(Veneer$$Code)
    Long Thumb to Thumb Veneer to ll_hw_ign_rfifo 0x1fff61b1   Thumb Code    12  anon$$obj.o(Veneer$$Code)
    Long Thumb to Thumb Veneer to ll_generateTxBuffer 0x1fff61bd   Thumb Code    12  anon$$obj.o(Veneer$$Code)
    Long Thumb to Thumb Veneer to ll_hw_config 0x1fff61c9   Thumb Code    12  anon$$obj.o(Veneer$$Code)
    Long Thumb to Thumb Veneer to clearTimerInt 0x1fff61d5   Thumb Code    12  anon$$obj.o(Veneer$$Code)
    Long Thumb to Thumb Veneer to clear_timer 0x1fff61e1   Thumb Code    12  anon$$obj.o(Veneer$$Code)
    Long Thumb to Thumb Veneer to LL_evt_schedule 0x1fff61ed   Thumb Code    12  anon$$obj.o(Veneer$$Code)
    Long Thumb to Thumb Veneer to config_RTC 0x1fff61f9   Thumb Code    12  anon$$obj.o(Veneer$$Code)
    Long Thumb to Thumb Veneer to set_sleep_flag 0x1fff6205   Thumb Code    12  anon$$obj.o(Veneer$$Code)
    Long Thumb to Thumb Veneer to enter_sleep_off_mode 0x1fff6211   Thumb Code    12  anon$$obj.o(Veneer$$Code)
    Long Thumb to Thumb Veneer to boot_init  0x1fff621d   Thumb Code    12  anon$$obj.o(Veneer$$Code)
    Long Thumb to Thumb Veneer to wakeup_init 0x1fff6229   Thumb Code    12  anon$$obj.o(Veneer$$Code)
    Long Thumb to Thumb Veneer to getRxBufferSize 0x1fff6235   Thumb Code    12  anon$$obj.o(Veneer$$Code)
    Long Thumb to Thumb Veneer to get_rx_read_ptr 0x1fff6241   Thumb Code    12  anon$$obj.o(Veneer$$Code)
    Long Thumb to Thumb Veneer to LL_RX_bm_alloc 0x1fff624d   Thumb Code    12  anon$$obj.o(Veneer$$Code)
    Long Thumb to Thumb Veneer to LL_ENC_Decrypt 0x1fff6259   Thumb Code    12  anon$$obj.o(Veneer$$Code)
    Long Thumb to Thumb Veneer to LL_RxDataCompleteCback 0x1fff6265   Thumb Code    12  anon$$obj.o(Veneer$$Code)
    Long Thumb to Thumb Veneer to update_rx_read_ptr 0x1fff6271   Thumb Code    12  anon$$obj.o(Veneer$$Code)
    Long Thumb to Thumb Veneer to llConnTerminate 0x1fff627d   Thumb Code    12  anon$$obj.o(Veneer$$Code)
    Long Thumb to Thumb Veneer to osal_bm_free 0x1fff6289   Thumb Code    12  anon$$obj.o(Veneer$$Code)
    Long Thumb to Thumb Veneer to llProcessMasterControlPacket 0x1fff6295   Thumb Code    12  anon$$obj.o(Veneer$$Code)
    Long Thumb to Thumb Veneer to llProcessSlaveControlPacket 0x1fff62a1   Thumb Code    12  anon$$obj.o(Veneer$$Code)
    Long Thumb to Thumb Veneer to llMemCopySrc 0x1fff62ad   Thumb Code    12  anon$$obj.o(Veneer$$Code)
    Long Thumb to Thumb Veneer to LL_ENC_ReverseBytes 0x1fff62b9   Thumb Code    12  anon$$obj.o(Veneer$$Code)
    Long Thumb to Thumb Veneer to LL_ENC_GenDeviceSKD 0x1fff62c5   Thumb Code    12  anon$$obj.o(Veneer$$Code)
    Long Thumb to Thumb Veneer to LL_ENC_GenDeviceIV 0x1fff62d1   Thumb Code    12  anon$$obj.o(Veneer$$Code)
    Long Thumb to Thumb Veneer to LL_ENC_GenerateTrueRandNum 0x1fff62dd   Thumb Code    12  anon$$obj.o(Veneer$$Code)
    Long Thumb to Thumb Veneer to llEnqueueCtrlPkt 0x1fff62e9   Thumb Code    12  anon$$obj.o(Veneer$$Code)
    Long Thumb to Thumb Veneer to llDequeueCtrlPkt 0x1fff62f5   Thumb Code    12  anon$$obj.o(Veneer$$Code)
    Long Thumb to Thumb Veneer to LL_EncLtkReqCback 0x1fff6301   Thumb Code    12  anon$$obj.o(Veneer$$Code)
    Long Thumb to Thumb Veneer to LL_ENC_AES128_Encrypt 0x1fff630d   Thumb Code    12  anon$$obj.o(Veneer$$Code)
    Long Thumb to Thumb Veneer to llReplaceCtrlPkt 0x1fff6319   Thumb Code    12  anon$$obj.o(Veneer$$Code)
    Long Thumb to Thumb Veneer to llSetupStartEncReq 0x1fff6325   Thumb Code    12  anon$$obj.o(Veneer$$Code)
    Long Thumb to Thumb Veneer to llSetupStartEncRsp 0x1fff6331   Thumb Code    12  anon$$obj.o(Veneer$$Code)
    Long Thumb to Thumb Veneer to LL_EncChangeCback 0x1fff633d   Thumb Code    12  anon$$obj.o(Veneer$$Code)
    Long Thumb to Thumb Veneer to LL_EncKeyRefreshCback 0x1fff6349   Thumb Code    12  anon$$obj.o(Veneer$$Code)
    Long Thumb to Thumb Veneer to llSetupPauseEncRsp 0x1fff6355   Thumb Code    12  anon$$obj.o(Veneer$$Code)
    Long Thumb to Thumb Veneer to llSetupFeatureSetReq 0x1fff6361   Thumb Code    12  anon$$obj.o(Veneer$$Code)
    Long Thumb to Thumb Veneer to LL_ReadRemoteUsedFeaturesCompleteCback 0x1fff636d   Thumb Code    12  anon$$obj.o(Veneer$$Code)
    Long Thumb to Thumb Veneer to llSetupVersionIndReq 0x1fff6379   Thumb Code    12  anon$$obj.o(Veneer$$Code)
    Long Thumb to Thumb Veneer to LL_ReadRemoteVersionInfoCback 0x1fff6385   Thumb Code    12  anon$$obj.o(Veneer$$Code)
    Long Thumb to Thumb Veneer to llSetupDirectedAdvEvt 0x1fff6391   Thumb Code    12  anon$$obj.o(Veneer$$Code)
    Long Thumb to Thumb Veneer to llSetupUndirectedAdvEvt 0x1fff639d   Thumb Code    12  anon$$obj.o(Veneer$$Code)
    Long Thumb to Thumb Veneer to llSetupNonConnectableAdvEvt 0x1fff63a9   Thumb Code    12  anon$$obj.o(Veneer$$Code)
    Long Thumb to Thumb Veneer to llSetupScannableAdvEvt 0x1fff63b5   Thumb Code    12  anon$$obj.o(Veneer$$Code)
    Long Thumb to Thumb Veneer to llGetNextAdvChn 0x1fff63c1   Thumb Code    12  anon$$obj.o(Veneer$$Code)
    Long Thumb to Thumb Veneer to LL_Reset   0x1fff63cd   Thumb Code    12  anon$$obj.o(Veneer$$Code)
    Long Thumb to Thumb Veneer to set_max_length 0x1fff63d9   Thumb Code    12  anon$$obj.o(Veneer$$Code)
    Long Thumb to Thumb Veneer to ll_hw_set_trx 0x1fff63e5   Thumb Code    12  anon$$obj.o(Veneer$$Code)
    Long Thumb to Thumb Veneer to getTxBufferSize 0x1fff63f1   Thumb Code    12  anon$$obj.o(Veneer$$Code)
    Long Thumb to Thumb Veneer to llMemCopyDst 0x1fff63fd   Thumb Code    12  anon$$obj.o(Veneer$$Code)
    Long Thumb to Thumb Veneer to LL_ENC_Encrypt 0x1fff6409   Thumb Code    12  anon$$obj.o(Veneer$$Code)
    Long Thumb to Thumb Veneer to llCheckForLstoDuringSL 0x1fff6415   Thumb Code    12  anon$$obj.o(Veneer$$Code)
    Long Thumb to Thumb Veneer to llEventInRange 0x1fff6421   Thumb Code    12  anon$$obj.o(Veneer$$Code)
    Long Thumb to Thumb Veneer to llConvertLstoToEvent 0x1fff642d   Thumb Code    12  anon$$obj.o(Veneer$$Code)
    Long Thumb to Thumb Veneer to llEventDelta 0x1fff6439   Thumb Code    12  anon$$obj.o(Veneer$$Code)
    Long Thumb to Thumb Veneer to LL_ConnParamUpdateCback 0x1fff6445   Thumb Code    12  anon$$obj.o(Veneer$$Code)
    Long Thumb to Thumb Veneer to llConvertCtrlProcTimeoutToEvent 0x1fff6451   Thumb Code    12  anon$$obj.o(Veneer$$Code)
    Long Thumb to Thumb Veneer to llCalcTimerDrift 0x1fff645d   Thumb Code    12  anon$$obj.o(Veneer$$Code)
    Long Thumb to Thumb Veneer to llSetNextDataChan 0x1fff6469   Thumb Code    12  anon$$obj.o(Veneer$$Code)
    Long Thumb to Thumb Veneer to get_timer3_count 0x1fff6475   Thumb Code    12  anon$$obj.o(Veneer$$Code)
    Long Thumb to Thumb Veneer to llProcessRxData 0x1fff6481   Thumb Code    12  anon$$obj.o(Veneer$$Code)
    Long Thumb to Thumb Veneer to llProcessSlaveControlProcedures 0x1fff648d   Thumb Code    12  anon$$obj.o(Veneer$$Code)
    Long Thumb to Thumb Veneer to llProcessTxData 0x1fff6499   Thumb Code    12  anon$$obj.o(Veneer$$Code)
    Long Thumb to Thumb Veneer to llSetupNextSlaveEvent 0x1fff64a5   Thumb Code    12  anon$$obj.o(Veneer$$Code)
    Long Thumb to Thumb Veneer to LL_set_default_conn_params 0x1fff64b1   Thumb Code    12  anon$$obj.o(Veneer$$Code)
    Long Thumb to Thumb Veneer to reset_conn_buf 0x1fff64bd   Thumb Code    12  anon$$obj.o(Veneer$$Code)
    Long Thumb to Thumb Veneer to llProcessChanMap 0x1fff64c9   Thumb Code    12  anon$$obj.o(Veneer$$Code)
    Long Thumb to Thumb Veneer to llGetNextDataChan 0x1fff64d5   Thumb Code    12  anon$$obj.o(Veneer$$Code)
    Long Thumb to Thumb Veneer to isSleepAllow 0x1fff64e1   Thumb Code    12  anon$$obj.o(Veneer$$Code)
    Long Thumb to Thumb Veneer to osal_next_timeout 0x1fff64ed   Thumb Code    12  anon$$obj.o(Veneer$$Code)
    Long Thumb to Thumb Veneer to read_LL_remainder_time 0x1fff64f9   Thumb Code    12  anon$$obj.o(Veneer$$Code)
    Long Thumb to Thumb Veneer to getSleepMode 0x1fff6505   Thumb Code    12  anon$$obj.o(Veneer$$Code)
    Long Thumb to Thumb Veneer to enterSleepProcess 0x1fff6511   Thumb Code    12  anon$$obj.o(Veneer$$Code)
    Long Thumb to Thumb Veneer to ll_hw_set_rx_tx_interval 0x1fff651d   Thumb Code    12  anon$$obj.o(Veneer$$Code)
    Long Thumb to Thumb Veneer to ll_hw_set_tx_rx_interval 0x1fff6529   Thumb Code    12  anon$$obj.o(Veneer$$Code)
    Long Thumb to Thumb Veneer to rf_init    0x1fff6535   Thumb Code    12  anon$$obj.o(Veneer$$Code)
    Long Thumb to Thumb Veneer to osalTimeUpdate 0x1fff6541   Thumb Code    12  anon$$obj.o(Veneer$$Code)
    Long Thumb to Thumb Veneer to set_timer1 0x1fff654d   Thumb Code    12  anon$$obj.o(Veneer$$Code)
    Long Thumb to Thumb Veneer to app_wakeup_process 0x1fff6559   Thumb Code    12  anon$$obj.o(Veneer$$Code)
    Long Thumb to Thumb Veneer to set_timer  0x1fff6565   Thumb Code    12  anon$$obj.o(Veneer$$Code)
    Long Thumb to Thumb Veneer to ll_hw_set_empty_head 0x1fff6571   Thumb Code    12  anon$$obj.o(Veneer$$Code)
    Long Thumb to Thumb Veneer to ll_hw_set_rx_timeout 0x1fff657d   Thumb Code    12  anon$$obj.o(Veneer$$Code)
    Long Thumb to Thumb Veneer to ll_hw_set_timing 0x1fff6589   Thumb Code    12  anon$$obj.o(Veneer$$Code)
    LL_ENC_Decrypt0                          0x1fff6595   Thumb Code   318  patch.o(i.LL_ENC_Decrypt0)
    LL_ENC_Encrypt0                          0x1fff66e5   Thumb Code   316  patch.o(i.LL_ENC_Encrypt0)
    LL_IRQHandler1                           0x1fff682d   Thumb Code  1484  patch.o(i.LL_IRQHandler1)
    LL_SetAdvParam1                          0x1fff6e1d   Thumb Code   570  patch.o(i.LL_SetAdvParam1)
    LL_set_default_conn_params1              0x1fff7071   Thumb Code    58  patch.o(i.LL_set_default_conn_params1)
    LL_slave_conn_event1                     0x1fff70b5   Thumb Code   346  patch.o(i.LL_slave_conn_event1)
    TIM0_IRQHandler1                         0x1fff722d   Thumb Code    96  patch.o(i.TIM0_IRQHandler1)
    __scatterload_copy                       0x1fff7299   Thumb Code    14  handlers.o(i.__scatterload_copy)
    __scatterload_null                       0x1fff72a7   Thumb Code     2  handlers.o(i.__scatterload_null)
    __scatterload_zeroinit                   0x1fff72a9   Thumb Code    14  handlers.o(i.__scatterload_zeroinit)
    boot_init1                               0x1fff72b9   Thumb Code    64  patch.o(i.boot_init1)
    check_chip_id                            0x1fff7305   Thumb Code    26  flash_ext.o(i.check_chip_id)
    check_chip_mAddr                         0x1fff7325   Thumb Code    26  flash_ext.o(i.check_chip_mAddr)
    clock_time_rtc                           0x1fff73b1   Thumb Code    20  patch.o(i.clock_time_rtc)
    config_RTC1                              0x1fff73c9   Thumb Code    52  patch.o(i.config_RTC1)
    enterSleepProcess1                       0x1fff7405   Thumb Code   222  patch.o(i.enterSleepProcess1)
    getPN23RandNumber                        0x1fff74f9   Thumb Code    36  patch.o(i.getPN23RandNumber)
    hal_rom_code_ini                         0x1fff7521   Thumb Code    86  patch.o(i.hal_rom_code_ini)
    init_config                              0x1fff7585   Thumb Code   328  patch.o(i.init_config)
    llAdjSlaveLatencyValue                   0x1fff7761   Thumb Code    30  patch.o(i.llAdjSlaveLatencyValue)
    llProcessRxData1                         0x1fff7781   Thumb Code   342  patch.o(i.llProcessRxData1)
    llProcessSlaveControlPacket1             0x1fff78ed   Thumb Code   536  patch.o(i.llProcessSlaveControlPacket1)
    llProcessSlaveControlProcedures0         0x1fff7b15   Thumb Code   638  patch.o(i.llProcessSlaveControlProcedures0)
    llSetupAdv1                              0x1fff7d99   Thumb Code    98  patch.o(i.llSetupAdv1)
    llSetupDirectedAdvEvt1                   0x1fff7e05   Thumb Code   350  patch.o(i.llSetupDirectedAdvEvt1)
    llSetupEncRsp0                           0x1fff7f99   Thumb Code   120  patch.o(i.llSetupEncRsp0)
    llSetupFeatureSetRsp1                    0x1fff8021   Thumb Code    90  patch.o(i.llSetupFeatureSetRsp1)
    llSetupNextSlaveEvent1                   0x1fff808d   Thumb Code   314  patch.o(i.llSetupNextSlaveEvent1)
    llSetupRejectInd1                        0x1fff81d5   Thumb Code    38  patch.o(i.llSetupRejectInd1)
    llSetupTermInd1                          0x1fff820d   Thumb Code    96  patch.o(i.llSetupTermInd1)
    llSetupUndirectedAdvEvt1                 0x1fff827d   Thumb Code   210  patch.o(i.llSetupUndirectedAdvEvt1)
    llSetupUnknownRsp1                       0x1fff8375   Thumb Code    76  patch.o(i.llSetupUnknownRsp1)
    llSlaveEvt_TaskEndOk1                    0x1fff83d1   Thumb Code   404  patch.o(i.llSlaveEvt_TaskEndOk1)
    ll_adptive_adj_next_time                 0x1fff8589   Thumb Code    84  patch.o(i.ll_adptive_adj_next_time)
    ll_adptive_smart_window                  0x1fff85ed   Thumb Code   134  patch.o(i.ll_adptive_smart_window)
    ll_hw_go1                                0x1fff8685   Thumb Code   112  patch.o(i.ll_hw_go1)
    move_to_slave_function1                  0x1fff8715   Thumb Code   508  patch.o(i.move_to_slave_function1)
    osal_pwrmgr_powerconserve1               0x1fff8941   Thumb Code   292  patch.o(i.osal_pwrmgr_powerconserve1)
    read_chip_id                             0x1fff8a8d   Thumb Code    52  flash_ext.o(i.read_chip_id)
    read_chip_mAddr                          0x1fff8ac9   Thumb Code    56  flash_ext.o(i.read_chip_mAddr)
    rf_calibrate1                            0x1fff8b09   Thumb Code    88  patch.o(i.rf_calibrate1)
    rf_phy_ana_cfg                           0x1fff8b69   Thumb Code   160  rf_phy_driver.o(i.rf_phy_ana_cfg)
    rf_phy_bb_cfg                            0x1fff8c2d   Thumb Code   180  rf_phy_driver.o(i.rf_phy_bb_cfg)
    rf_phy_get_pktFoot                       0x1fff8d3d   Thumb Code    42  rf_phy_driver.o(i.rf_phy_get_pktFoot)
    rf_phy_ini                               0x1fff8d6d   Thumb Code    22  rf_phy_driver.o(i.rf_phy_ini)
    rf_phy_set_txPower                       0x1fff8d89   Thumb Code    42  rf_phy_driver.o(i.rf_phy_set_txPower)
    rf_rxDcoc_cfg                            0x1fff8dbd   Thumb Code   216  rf_phy_driver.o(i.rf_rxDcoc_cfg)
    rf_tpCal_gen_cap_arrary                  0x1fff8ec5   Thumb Code   146  rf_phy_driver.o(i.rf_tpCal_gen_cap_arrary)
    rf_tp_cal                                0x1fff8f61   Thumb Code   110  rf_phy_driver.o(i.rf_tp_cal)
    wakeupProcess1                           0x1fff8ff5   Thumb Code   284  patch.o(i.wakeupProcess1)
    wakeup_init1                             0x1fff913d   Thumb Code   158  patch.o(i.wakeup_init1)
    tasksArr                                 0x1fff9214   Data           8  osal_voice.o(.constdata)
    tasksCnt                                 0x1fff921c   Data           1  osal_voice.o(.constdata)
    Region$$Table$$Base                      0x1fff923c   Number         0  anon$$obj.o(Region$$Table)
    Region$$Table$$Limit                     0x1fff928c   Number         0  anon$$obj.o(Region$$Table)
    tasksEvents                              0x1fff9458   Data           4  osal_voice.o(.data)
    put_char_size                            0x1fff945c   Data           2  my_printf.o(.data)
    SystemCoreClock                          0x1fff9468   Data           4  system_armcm0.o(.data)
    g_smartWindowRTOCnt                      0x1fff946c   Data           1  patch.o(.data)
    g_same_rf_channel_flag                   0x1fff946d   Data           1  patch.o(.data)
    g_adv_taskID                             0x1fff946e   Data           1  patch.o(.data)
    g_conn_taskID                            0x1fff946f   Data           1  patch.o(.data)
    g_conn_param_carrSens                    0x1fff9470   Data           1  patch.o(.data)
    g_adv_taskEvent                          0x1fff9472   Data           2  patch.o(.data)
    g_conn_taskEvent                         0x1fff9474   Data           2  patch.o(.data)
    g_conn_param_foff                        0x1fff9476   Data           2  patch.o(.data)
    pGlobal_config                           0x1fff9478   Data           4  patch.o(.data)
    g_smartWindowLater                       0x1fff947c   Data           4  patch.o(.data)
    g_smartWindowSize                        0x1fff9480   Data           4  patch.o(.data)
    g_smartWindowActiveCnt                   0x1fff9484   Data           4  patch.o(.data)
    g_smartWindowPreAnchPoint                0x1fff9488   Data           4  patch.o(.data)
    g_counter_traking_avg                    0x1fff948c   Data           4  patch.o(.data)
    g_wakeup_rtc_tick                        0x1fff9490   Data           4  patch.o(.data)
    accuTimerDrift                           0x1fff9494   Data           4  patch.o(.data)
    LL_PLUS_ScanRequestFilterCBack           0x1fff9498   Data           4  patch.o(.data)
    g_getPn23_cnt                            0x1fff949c   Data           4  patch.o(.data)
    g_getPn23_seed                           0x1fff94a0   Data           4  patch.o(.data)
    pCtrlData                                0x1fff94a4   Data           4  patch.o(.data)
    g_rfPhyXtalCap                           0x1fff94a8   Data           1  rf_phy_driver.o(.data)
    g_rfPhyTpCal0                            0x1fff94a9   Data           1  rf_phy_driver.o(.data)
    g_rfPhyTpCal1                            0x1fff94aa   Data           1  rf_phy_driver.o(.data)
    g_rfPhyTxPower                           0x1fff94ab   Data           1  rf_phy_driver.o(.data)
    g_rfPhyPktFmt                            0x1fff94ac   Data           1  rf_phy_driver.o(.data)
    g_rfPhyFreqOffSet                        0x1fff94ad   Data           1  rf_phy_driver.o(.data)
    g_system_clk                             0x1fff94ae   Data           1  rf_phy_driver.o(.data)
    g_rfPhyClkSel                            0x1fff94af   Data           1  rf_phy_driver.o(.data)
    g_dtmModeType                            0x1fff94b0   Data           1  rf_phy_driver.o(.data)
    g_dtmCmd                                 0x1fff94b1   Data           1  rf_phy_driver.o(.data)
    g_dtmFreq                                0x1fff94b2   Data           1  rf_phy_driver.o(.data)
    g_dtmLength                              0x1fff94b3   Data           1  rf_phy_driver.o(.data)
    g_dtmExtLen                              0x1fff94b4   Data           1  rf_phy_driver.o(.data)
    g_dtmPKT                                 0x1fff94b5   Data           1  rf_phy_driver.o(.data)
    g_dtmCtrl                                0x1fff94b6   Data           1  rf_phy_driver.o(.data)
    g_dtmPara                                0x1fff94b7   Data           1  rf_phy_driver.o(.data)
    g_dtmEvt                                 0x1fff94b8   Data           1  rf_phy_driver.o(.data)
    g_dtmStatus                              0x1fff94b9   Data           1  rf_phy_driver.o(.data)
    g_dtmTxPower                             0x1fff94ba   Data           1  rf_phy_driver.o(.data)
    g_dtmRssi                                0x1fff94bb   Data           1  rf_phy_driver.o(.data)
    g_dtmCarrSens                            0x1fff94bc   Data           1  rf_phy_driver.o(.data)
    g_dtmTpCalEnable                         0x1fff94bd   Data           1  rf_phy_driver.o(.data)
    g_rfPhyDtmCmd                            0x1fff94be   Data           2  rf_phy_driver.o(.data)
    g_rfPhyDtmEvt                            0x1fff94c0   Data           2  rf_phy_driver.o(.data)
    g_dtmPktIntv                             0x1fff94c2   Data           2  rf_phy_driver.o(.data)
    g_dtmPktCount                            0x1fff94c4   Data           2  rf_phy_driver.o(.data)
    g_dtmRxCrcNum                            0x1fff94c6   Data           2  rf_phy_driver.o(.data)
    g_dtmRxTONum                             0x1fff94c8   Data           2  rf_phy_driver.o(.data)
    g_dtmRsp                                 0x1fff94ca   Data           2  rf_phy_driver.o(.data)
    g_dtmFoff                                0x1fff94cc   Data           2  rf_phy_driver.o(.data)
    g_rfPhyRxDcIQ                            0x1fff94d0   Data           4  rf_phy_driver.o(.data)
    g_dtmTick                                0x1fff94d4   Data           4  rf_phy_driver.o(.data)
    g_dtmPerAutoIntv                         0x1fff94d8   Data           4  rf_phy_driver.o(.data)
    g_dtmAccessCode                          0x1fff94dc   Data           4  rf_phy_driver.o(.data)
    MID                                      0x1fff94e0   Data           1  flash_ext.o(.data)
    JID8                                     0x1fff94e1   Data           1  flash_ext.o(.data)
    JID0                                     0x1fff94e2   Data           1  flash_ext.o(.data)
    g_chipMAddr                              0x1fff94e3   Data           7  flash_ext.o(.data)
    put_char                                 0x200116b4   Data         120  my_printf.o(.bss)
    m_uartCtx                                0x2001172c   Data          32  uart.o(.bss)
    g_perStatsByChan                         0x200119d4   Data         444  patch.o(.bss)
    g_rfPhyTpCalCapArry                      0x20011b90   Data          40  rf_phy_driver.o(.bss)
    g_chipId                                 0x20011bb8   Data          65  flash_ext.o(.bss)
    __initial_sp                             0x20011e00   Data           0  startup_armcm0.o(STACK)



==============================================================================

Memory Map of the image

  Image Entry point : 0x1fff40c1

  Load Region LR_IROM1 (Base: 0x1fff4000, Size: 0x000054ec, Max: 0x00010000, ABSOLUTE, COMPRESSED[0x000053ac])

    Execution Region ER_IROM1 (Base: 0x1fff4000, Size: 0x0001de00, Max: 0x01080000, ABSOLUTE, COMPRESSED[0x00000120])

    Base Addr    Size         Type   Attr      Idx    E Section Name        Object

    0x1fff4000   0x000000c0   Data   RO          546    RESET               startup_armcm0.o
    0x1fff40c0   0x00000000   Code   RO          842  * .ARM.Collect$$$$00000000  mc_p.l(entry.o)
    0x1fff40c0   0x00000004   Code   RO          885    .ARM.Collect$$$$00000001  mc_p.l(entry2.o)
    0x1fff40c4   0x00000004   Code   RO          888    .ARM.Collect$$$$00000004  mc_p.l(entry5.o)
    0x1fff40c8   0x00000000   Code   RO          890    .ARM.Collect$$$$00000008  mc_p.l(entry7b.o)
    0x1fff40c8   0x00000000   Code   RO          892    .ARM.Collect$$$$0000000A  mc_p.l(entry8b.o)
    0x1fff40c8   0x00000008   Code   RO          893    .ARM.Collect$$$$0000000B  mc_p.l(entry9a.o)
    0x1fff40d0   0x00000000   Code   RO          895    .ARM.Collect$$$$0000000D  mc_p.l(entry10a.o)
    0x1fff40d0   0x00000000   Code   RO          897    .ARM.Collect$$$$0000000F  mc_p.l(entry11a.o)
    0x1fff40d0   0x00000004   Code   RO          886    .ARM.Collect$$$$00002712  mc_p.l(entry2.o)
    0x1fff40d4   0x00000144   Code   RO            3    .text               main.o
    0x1fff4218   0x00000054   Code   RO          145    .text               jump_table.o
    0x1fff426c   0x0000034c   Code   RO          195    .text               voice_demo.o
    0x1fff45b8   0x0000001a   Code   RO          240    .text               voice_main.o
    0x1fff45d2   0x00000002   PAD
    0x1fff45d4   0x0000002c   Code   RO          262    .text               osal_voice.o
    0x1fff4600   0x000005d0   Code   RO          284    .text               gpio.o
    0x1fff4bd0   0x00000260   Code   RO          309    .text               my_printf.o
    0x1fff4e30   0x0000035c   Code   RO          340    .text               uart.o
    0x1fff518c   0x00000338   Code   RO          373    .text               pwrmgr.o
    0x1fff54c4   0x0000010c   Code   RO          400    .text               clock.o
    0x1fff55d0   0x0000043c   Code   RO          421    .text               common.o
    0x1fff5a0c   0x00000440   Code   RO          444    .text               voice.o
    0x1fff5e4c   0x0000001c   Code   RO          547    .text               startup_armcm0.o
    0x1fff5e68   0x00000018   Code   RO          553    .text               system_armcm0.o
    0x1fff5e80   0x00000024   Code   RO          849    .text               mc_p.l(memcpya.o)
    0x1fff5ea4   0x00000024   Code   RO          851    .text               mc_p.l(memseta.o)
    0x1fff5ec8   0x00000014   Code   RO          883    .text               mc_p.l(uread4.o)
    0x1fff5edc   0x00000024   Code   RO          903    .text               mc_p.l(init.o)
    0x1fff5f00   0x00000056   Code   RO          913    .text               mc_p.l(__dczerorl2.o)
    0x1fff5f56   0x00000002   PAD
    0x1fff5f58   0x0000000c   Ven    RO          915    Veneer$$Code        anon$$obj.o
    0x1fff5f64   0x0000000c   Ven    RO          916    Veneer$$Code        anon$$obj.o
    0x1fff5f70   0x0000000c   Ven    RO          917    Veneer$$Code        anon$$obj.o
    0x1fff5f7c   0x0000000c   Ven    RO          918    Veneer$$Code        anon$$obj.o
    0x1fff5f88   0x0000000c   Ven    RO          919    Veneer$$Code        anon$$obj.o
    0x1fff5f94   0x0000000c   Ven    RO          920    Veneer$$Code        anon$$obj.o
    0x1fff5fa0   0x0000000c   Ven    RO          921    Veneer$$Code        anon$$obj.o
    0x1fff5fac   0x0000000c   Ven    RO          922    Veneer$$Code        anon$$obj.o
    0x1fff5fb8   0x0000000c   Ven    RO          923    Veneer$$Code        anon$$obj.o
    0x1fff5fc4   0x0000000c   Ven    RO          924    Veneer$$Code        anon$$obj.o
    0x1fff5fd0   0x0000000c   Ven    RO          925    Veneer$$Code        anon$$obj.o
    0x1fff5fdc   0x0000000c   Ven    RO          926    Veneer$$Code        anon$$obj.o
    0x1fff5fe8   0x0000000c   Ven    RO          927    Veneer$$Code        anon$$obj.o
    0x1fff5ff4   0x0000000c   Ven    RO          928    Veneer$$Code        anon$$obj.o
    0x1fff6000   0x0000000c   Ven    RO          929    Veneer$$Code        anon$$obj.o
    0x1fff600c   0x0000000c   Ven    RO          930    Veneer$$Code        anon$$obj.o
    0x1fff6018   0x0000000c   Ven    RO          931    Veneer$$Code        anon$$obj.o
    0x1fff6024   0x0000000c   Ven    RO          932    Veneer$$Code        anon$$obj.o
    0x1fff6030   0x0000000c   Ven    RO          933    Veneer$$Code        anon$$obj.o
    0x1fff603c   0x0000000c   Ven    RO          934    Veneer$$Code        anon$$obj.o
    0x1fff6048   0x0000000c   Ven    RO          935    Veneer$$Code        anon$$obj.o
    0x1fff6054   0x0000000c   Ven    RO          936    Veneer$$Code        anon$$obj.o
    0x1fff6060   0x0000000c   Ven    RO          937    Veneer$$Code        anon$$obj.o
    0x1fff606c   0x0000000c   Ven    RO          938    Veneer$$Code        anon$$obj.o
    0x1fff6078   0x0000000c   Ven    RO          939    Veneer$$Code        anon$$obj.o
    0x1fff6084   0x0000000c   Ven    RO          940    Veneer$$Code        anon$$obj.o
    0x1fff6090   0x0000000c   Ven    RO          941    Veneer$$Code        anon$$obj.o
    0x1fff609c   0x0000000c   Ven    RO          942    Veneer$$Code        anon$$obj.o
    0x1fff60a8   0x0000000c   Ven    RO          943    Veneer$$Code        anon$$obj.o
    0x1fff60b4   0x0000000c   Ven    RO          944    Veneer$$Code        anon$$obj.o
    0x1fff60c0   0x0000000c   Ven    RO          945    Veneer$$Code        anon$$obj.o
    0x1fff60cc   0x0000000c   Ven    RO          946    Veneer$$Code        anon$$obj.o
    0x1fff60d8   0x0000000c   Ven    RO          947    Veneer$$Code        anon$$obj.o
    0x1fff60e4   0x0000000c   Ven    RO          948    Veneer$$Code        anon$$obj.o
    0x1fff60f0   0x0000000c   Ven    RO          949    Veneer$$Code        anon$$obj.o
    0x1fff60fc   0x0000000c   Ven    RO          950    Veneer$$Code        anon$$obj.o
    0x1fff6108   0x0000000c   Ven    RO          951    Veneer$$Code        anon$$obj.o
    0x1fff6114   0x0000000c   Ven    RO          952    Veneer$$Code        anon$$obj.o
    0x1fff6120   0x0000000c   Ven    RO          953    Veneer$$Code        anon$$obj.o
    0x1fff612c   0x0000000c   Ven    RO          954    Veneer$$Code        anon$$obj.o
    0x1fff6138   0x0000000c   Ven    RO          955    Veneer$$Code        anon$$obj.o
    0x1fff6144   0x0000000c   Ven    RO          956    Veneer$$Code        anon$$obj.o
    0x1fff6150   0x0000000c   Ven    RO          957    Veneer$$Code        anon$$obj.o
    0x1fff615c   0x0000000c   Ven    RO          958    Veneer$$Code        anon$$obj.o
    0x1fff6168   0x0000000c   Ven    RO          959    Veneer$$Code        anon$$obj.o
    0x1fff6174   0x0000000c   Ven    RO          960    Veneer$$Code        anon$$obj.o
    0x1fff6180   0x0000000c   Ven    RO          961    Veneer$$Code        anon$$obj.o
    0x1fff618c   0x0000000c   Ven    RO          962    Veneer$$Code        anon$$obj.o
    0x1fff6198   0x0000000c   Ven    RO          963    Veneer$$Code        anon$$obj.o
    0x1fff61a4   0x0000000c   Ven    RO          964    Veneer$$Code        anon$$obj.o
    0x1fff61b0   0x0000000c   Ven    RO          965    Veneer$$Code        anon$$obj.o
    0x1fff61bc   0x0000000c   Ven    RO          966    Veneer$$Code        anon$$obj.o
    0x1fff61c8   0x0000000c   Ven    RO          967    Veneer$$Code        anon$$obj.o
    0x1fff61d4   0x0000000c   Ven    RO          968    Veneer$$Code        anon$$obj.o
    0x1fff61e0   0x0000000c   Ven    RO          969    Veneer$$Code        anon$$obj.o
    0x1fff61ec   0x0000000c   Ven    RO          970    Veneer$$Code        anon$$obj.o
    0x1fff61f8   0x0000000c   Ven    RO          971    Veneer$$Code        anon$$obj.o
    0x1fff6204   0x0000000c   Ven    RO          972    Veneer$$Code        anon$$obj.o
    0x1fff6210   0x0000000c   Ven    RO          973    Veneer$$Code        anon$$obj.o
    0x1fff621c   0x0000000c   Ven    RO          974    Veneer$$Code        anon$$obj.o
    0x1fff6228   0x0000000c   Ven    RO          975    Veneer$$Code        anon$$obj.o
    0x1fff6234   0x0000000c   Ven    RO          976    Veneer$$Code        anon$$obj.o
    0x1fff6240   0x0000000c   Ven    RO          977    Veneer$$Code        anon$$obj.o
    0x1fff624c   0x0000000c   Ven    RO          978    Veneer$$Code        anon$$obj.o
    0x1fff6258   0x0000000c   Ven    RO          979    Veneer$$Code        anon$$obj.o
    0x1fff6264   0x0000000c   Ven    RO          980    Veneer$$Code        anon$$obj.o
    0x1fff6270   0x0000000c   Ven    RO          981    Veneer$$Code        anon$$obj.o
    0x1fff627c   0x0000000c   Ven    RO          982    Veneer$$Code        anon$$obj.o
    0x1fff6288   0x0000000c   Ven    RO          983    Veneer$$Code        anon$$obj.o
    0x1fff6294   0x0000000c   Ven    RO          984    Veneer$$Code        anon$$obj.o
    0x1fff62a0   0x0000000c   Ven    RO          985    Veneer$$Code        anon$$obj.o
    0x1fff62ac   0x0000000c   Ven    RO          986    Veneer$$Code        anon$$obj.o
    0x1fff62b8   0x0000000c   Ven    RO          987    Veneer$$Code        anon$$obj.o
    0x1fff62c4   0x0000000c   Ven    RO          988    Veneer$$Code        anon$$obj.o
    0x1fff62d0   0x0000000c   Ven    RO          989    Veneer$$Code        anon$$obj.o
    0x1fff62dc   0x0000000c   Ven    RO          990    Veneer$$Code        anon$$obj.o
    0x1fff62e8   0x0000000c   Ven    RO          991    Veneer$$Code        anon$$obj.o
    0x1fff62f4   0x0000000c   Ven    RO          992    Veneer$$Code        anon$$obj.o
    0x1fff6300   0x0000000c   Ven    RO          993    Veneer$$Code        anon$$obj.o
    0x1fff630c   0x0000000c   Ven    RO          994    Veneer$$Code        anon$$obj.o
    0x1fff6318   0x0000000c   Ven    RO          995    Veneer$$Code        anon$$obj.o
    0x1fff6324   0x0000000c   Ven    RO          996    Veneer$$Code        anon$$obj.o
    0x1fff6330   0x0000000c   Ven    RO          997    Veneer$$Code        anon$$obj.o
    0x1fff633c   0x0000000c   Ven    RO          998    Veneer$$Code        anon$$obj.o
    0x1fff6348   0x0000000c   Ven    RO          999    Veneer$$Code        anon$$obj.o
    0x1fff6354   0x0000000c   Ven    RO         1000    Veneer$$Code        anon$$obj.o
    0x1fff6360   0x0000000c   Ven    RO         1001    Veneer$$Code        anon$$obj.o
    0x1fff636c   0x0000000c   Ven    RO         1002    Veneer$$Code        anon$$obj.o
    0x1fff6378   0x0000000c   Ven    RO         1003    Veneer$$Code        anon$$obj.o
    0x1fff6384   0x0000000c   Ven    RO         1004    Veneer$$Code        anon$$obj.o
    0x1fff6390   0x0000000c   Ven    RO         1005    Veneer$$Code        anon$$obj.o
    0x1fff639c   0x0000000c   Ven    RO         1006    Veneer$$Code        anon$$obj.o
    0x1fff63a8   0x0000000c   Ven    RO         1007    Veneer$$Code        anon$$obj.o
    0x1fff63b4   0x0000000c   Ven    RO         1008    Veneer$$Code        anon$$obj.o
    0x1fff63c0   0x0000000c   Ven    RO         1009    Veneer$$Code        anon$$obj.o
    0x1fff63cc   0x0000000c   Ven    RO         1010    Veneer$$Code        anon$$obj.o
    0x1fff63d8   0x0000000c   Ven    RO         1011    Veneer$$Code        anon$$obj.o
    0x1fff63e4   0x0000000c   Ven    RO         1012    Veneer$$Code        anon$$obj.o
    0x1fff63f0   0x0000000c   Ven    RO         1013    Veneer$$Code        anon$$obj.o
    0x1fff63fc   0x0000000c   Ven    RO         1014    Veneer$$Code        anon$$obj.o
    0x1fff6408   0x0000000c   Ven    RO         1015    Veneer$$Code        anon$$obj.o
    0x1fff6414   0x0000000c   Ven    RO         1016    Veneer$$Code        anon$$obj.o
    0x1fff6420   0x0000000c   Ven    RO         1017    Veneer$$Code        anon$$obj.o
    0x1fff642c   0x0000000c   Ven    RO         1018    Veneer$$Code        anon$$obj.o
    0x1fff6438   0x0000000c   Ven    RO         1019    Veneer$$Code        anon$$obj.o
    0x1fff6444   0x0000000c   Ven    RO         1020    Veneer$$Code        anon$$obj.o
    0x1fff6450   0x0000000c   Ven    RO         1021    Veneer$$Code        anon$$obj.o
    0x1fff645c   0x0000000c   Ven    RO         1022    Veneer$$Code        anon$$obj.o
    0x1fff6468   0x0000000c   Ven    RO         1023    Veneer$$Code        anon$$obj.o
    0x1fff6474   0x0000000c   Ven    RO         1024    Veneer$$Code        anon$$obj.o
    0x1fff6480   0x0000000c   Ven    RO         1025    Veneer$$Code        anon$$obj.o
    0x1fff648c   0x0000000c   Ven    RO         1026    Veneer$$Code        anon$$obj.o
    0x1fff6498   0x0000000c   Ven    RO         1027    Veneer$$Code        anon$$obj.o
    0x1fff64a4   0x0000000c   Ven    RO         1028    Veneer$$Code        anon$$obj.o
    0x1fff64b0   0x0000000c   Ven    RO         1029    Veneer$$Code        anon$$obj.o
    0x1fff64bc   0x0000000c   Ven    RO         1030    Veneer$$Code        anon$$obj.o
    0x1fff64c8   0x0000000c   Ven    RO         1031    Veneer$$Code        anon$$obj.o
    0x1fff64d4   0x0000000c   Ven    RO         1032    Veneer$$Code        anon$$obj.o
    0x1fff64e0   0x0000000c   Ven    RO         1033    Veneer$$Code        anon$$obj.o
    0x1fff64ec   0x0000000c   Ven    RO         1034    Veneer$$Code        anon$$obj.o
    0x1fff64f8   0x0000000c   Ven    RO         1035    Veneer$$Code        anon$$obj.o
    0x1fff6504   0x0000000c   Ven    RO         1036    Veneer$$Code        anon$$obj.o
    0x1fff6510   0x0000000c   Ven    RO         1037    Veneer$$Code        anon$$obj.o
    0x1fff651c   0x0000000c   Ven    RO         1038    Veneer$$Code        anon$$obj.o
    0x1fff6528   0x0000000c   Ven    RO         1039    Veneer$$Code        anon$$obj.o
    0x1fff6534   0x0000000c   Ven    RO         1040    Veneer$$Code        anon$$obj.o
    0x1fff6540   0x0000000c   Ven    RO         1041    Veneer$$Code        anon$$obj.o
    0x1fff654c   0x0000000c   Ven    RO         1042    Veneer$$Code        anon$$obj.o
    0x1fff6558   0x0000000c   Ven    RO         1043    Veneer$$Code        anon$$obj.o
    0x1fff6564   0x0000000c   Ven    RO         1044    Veneer$$Code        anon$$obj.o
    0x1fff6570   0x0000000c   Ven    RO         1045    Veneer$$Code        anon$$obj.o
    0x1fff657c   0x0000000c   Ven    RO         1046    Veneer$$Code        anon$$obj.o
    0x1fff6588   0x0000000c   Ven    RO         1047    Veneer$$Code        anon$$obj.o
    0x1fff6594   0x00000150   Code   RO          582    i.LL_ENC_Decrypt0   rf.lib(patch.o)
    0x1fff66e4   0x00000148   Code   RO          583    i.LL_ENC_Encrypt0   rf.lib(patch.o)
    0x1fff682c   0x000005f0   Code   RO          584    i.LL_IRQHandler1    rf.lib(patch.o)
    0x1fff6e1c   0x00000254   Code   RO          592    i.LL_SetAdvParam1   rf.lib(patch.o)
    0x1fff7070   0x00000044   Code   RO          593    i.LL_set_default_conn_params1  rf.lib(patch.o)
    0x1fff70b4   0x00000178   Code   RO          594    i.LL_slave_conn_event1  rf.lib(patch.o)
    0x1fff722c   0x0000006c   Code   RO          596    i.TIM0_IRQHandler1  rf.lib(patch.o)
    0x1fff7298   0x0000000e   Code   RO          907    i.__scatterload_copy  mc_p.l(handlers.o)
    0x1fff72a6   0x00000002   Code   RO          908    i.__scatterload_null  mc_p.l(handlers.o)
    0x1fff72a8   0x0000000e   Code   RO          909    i.__scatterload_zeroinit  mc_p.l(handlers.o)
    0x1fff72b6   0x00000002   PAD
    0x1fff72b8   0x0000004c   Code   RO          597    i.boot_init1        rf.lib(patch.o)
    0x1fff7304   0x00000020   Code   RO          758    i.check_chip_id     rf.lib(flash_ext.o)
    0x1fff7324   0x00000020   Code   RO          759    i.check_chip_mAddr  rf.lib(flash_ext.o)
    0x1fff7344   0x0000006c   Code   RO          761    i.chip_id_one_bit_hot_convter  rf.lib(flash_ext.o)
    0x1fff73b0   0x00000018   Code   RO          598    i.clock_time_rtc    rf.lib(patch.o)
    0x1fff73c8   0x0000003c   Code   RO          599    i.config_RTC1       rf.lib(patch.o)
    0x1fff7404   0x000000f4   Code   RO          600    i.enterSleepProcess1  rf.lib(patch.o)
    0x1fff74f8   0x00000028   Code   RO          602    i.getPN23RandNumber  rf.lib(patch.o)
    0x1fff7520   0x00000064   Code   RO          603    i.hal_rom_code_ini  rf.lib(patch.o)
    0x1fff7584   0x000001dc   Code   RO          604    i.init_config       rf.lib(patch.o)
    0x1fff7760   0x0000001e   Code   RO          605    i.llAdjSlaveLatencyValue  rf.lib(patch.o)
    0x1fff777e   0x00000002   PAD
    0x1fff7780   0x0000016c   Code   RO          606    i.llProcessRxData1  rf.lib(patch.o)
    0x1fff78ec   0x00000228   Code   RO          607    i.llProcessSlaveControlPacket1  rf.lib(patch.o)
    0x1fff7b14   0x00000284   Code   RO          608    i.llProcessSlaveControlProcedures0  rf.lib(patch.o)
    0x1fff7d98   0x0000006c   Code   RO          609    i.llSetupAdv1       rf.lib(patch.o)
    0x1fff7e04   0x00000194   Code   RO          610    i.llSetupDirectedAdvEvt1  rf.lib(patch.o)
    0x1fff7f98   0x00000088   Code   RO          611    i.llSetupEncRsp0    rf.lib(patch.o)
    0x1fff8020   0x0000006c   Code   RO          612    i.llSetupFeatureSetRsp1  rf.lib(patch.o)
    0x1fff808c   0x00000148   Code   RO          613    i.llSetupNextSlaveEvent1  rf.lib(patch.o)
    0x1fff81d4   0x00000038   Code   RO          614    i.llSetupRejectInd1  rf.lib(patch.o)
    0x1fff820c   0x00000070   Code   RO          615    i.llSetupTermInd1   rf.lib(patch.o)
    0x1fff827c   0x000000f8   Code   RO          616    i.llSetupUndirectedAdvEvt1  rf.lib(patch.o)
    0x1fff8374   0x0000005c   Code   RO          617    i.llSetupUnknownRsp1  rf.lib(patch.o)
    0x1fff83d0   0x000001b8   Code   RO          618    i.llSlaveEvt_TaskEndOk1  rf.lib(patch.o)
    0x1fff8588   0x00000064   Code   RO          619    i.ll_adptive_adj_next_time  rf.lib(patch.o)
    0x1fff85ec   0x00000098   Code   RO          620    i.ll_adptive_smart_window  rf.lib(patch.o)
    0x1fff8684   0x00000090   Code   RO          621    i.ll_hw_go1         rf.lib(patch.o)
    0x1fff8714   0x0000022c   Code   RO          622    i.move_to_slave_function1  rf.lib(patch.o)
    0x1fff8940   0x0000014c   Code   RO          623    i.osal_pwrmgr_powerconserve1  rf.lib(patch.o)
    0x1fff8a8c   0x0000003c   Code   RO          768    i.read_chip_id      rf.lib(flash_ext.o)
    0x1fff8ac8   0x00000040   Code   RO          769    i.read_chip_mAddr   rf.lib(flash_ext.o)
    0x1fff8b08   0x00000060   Code   RO          626    i.rf_calibrate1     rf.lib(patch.o)
    0x1fff8b68   0x000000c4   Code   RO          695    i.rf_phy_ana_cfg    rf.lib(rf_phy_driver.o)
    0x1fff8c2c   0x00000110   Code   RO          696    i.rf_phy_bb_cfg     rf.lib(rf_phy_driver.o)
    0x1fff8d3c   0x00000030   Code   RO          710    i.rf_phy_get_pktFoot  rf.lib(rf_phy_driver.o)
    0x1fff8d6c   0x0000001c   Code   RO          711    i.rf_phy_ini        rf.lib(rf_phy_driver.o)
    0x1fff8d88   0x00000034   Code   RO          712    i.rf_phy_set_txPower  rf.lib(rf_phy_driver.o)
    0x1fff8dbc   0x00000108   Code   RO          713    i.rf_rxDcoc_cfg     rf.lib(rf_phy_driver.o)
    0x1fff8ec4   0x0000009c   Code   RO          716    i.rf_tpCal_gen_cap_arrary  rf.lib(rf_phy_driver.o)
    0x1fff8f60   0x00000094   Code   RO          717    i.rf_tp_cal         rf.lib(rf_phy_driver.o)
    0x1fff8ff4   0x00000148   Code   RO          628    i.wakeupProcess1    rf.lib(patch.o)
    0x1fff913c   0x000000d8   Code   RO          629    i.wakeup_init1      rf.lib(patch.o)
    0x1fff9214   0x00000008   Data   RO          263    .constdata          osal_voice.o
    0x1fff921c   0x00000001   Data   RO          264    .constdata          osal_voice.o
    0x1fff921d   0x00000003   PAD
    0x1fff9220   0x00000010   Data   RO          311    .constdata          my_printf.o
    0x1fff9230   0x0000000c   Data   RO          342    .constdata          uart.o
    0x1fff923c   0x00000050   Data   RO          905    Region$$Table       anon$$obj.o
    0x1fff928c   0x00000004   Data   RW          146    .data               jump_table.o
    0x1fff9290   0x000001c8   Data   RW          197    .data               voice_demo.o
    0x1fff9458   0x00000004   Data   RW          265    .data               osal_voice.o
    0x1fff945c   0x00000002   Data   RW          312    .data               my_printf.o
    0x1fff945e   0x00000002   PAD
    0x1fff9460   0x00000008   Data   RW          375    .data               pwrmgr.o
    0x1fff9468   0x00000004   Data   RW          554    .data               system_armcm0.o
    0x1fff946c   0x0000003c   Data   RW          634    .data               rf.lib(patch.o)
    0x1fff94a8   0x00000038   Data   RW          720    .data               rf.lib(rf_phy_driver.o)
    0x1fff94e0   0x0000000a   Data   RW          776    .data               rf.lib(flash_ext.o)
    0x1fff94ea   0x00000002   PAD
    0x1fff94ec   0x00018000   Zero   RW          196    .bss                voice_demo.o
    0x200114ec   0x000001c8   Zero   RW          285    .bss                gpio.o
    0x200116b4   0x00000078   Zero   RW          310    .bss                my_printf.o
    0x2001172c   0x00000020   Zero   RW          341    .bss                uart.o
    0x2001174c   0x00000078   Zero   RW          374    .bss                pwrmgr.o
    0x200117c4   0x00000210   Zero   RW          445    .bss                voice.o
    0x200119d4   0x000001bc   Zero   RW          630    .bss                rf.lib(patch.o)
    0x20011b90   0x00000028   Zero   RW          719    .bss                rf.lib(rf_phy_driver.o)
    0x20011bb8   0x00000041   Zero   RW          775    .bss                rf.lib(flash_ext.o)
    0x20011bf9   0x00000007   PAD
    0x20011c00   0x00000200   Zero   RW          544    STACK               startup_armcm0.o



  Load Region LR_IROM2 (Base: 0x1fff0800, Size: 0x00000800, Max: 0x00000800, ABSOLUTE, COMPRESSED[0x0000040c])

    Execution Region JUMP_TABLE (Base: 0x1fff0800, Size: 0x00000400, Max: 0x00000400, ABSOLUTE)

    Base Addr    Size         Type   Attr      Idx    E Section Name        Object

    0x1fff0800   0x00000400   Data   RO          148    jump_table_mem_area  jump_table.o


    Execution Region GOLBAL_CONFIG (Base: 0x1fff0c00, Size: 0x00000400, Max: 0x00000400, ABSOLUTE, COMPRESSED[0x0000000c])

    Base Addr    Size         Type   Attr      Idx    E Section Name        Object

    0x1fff0c00   0x00000400   Data   RW          147    global_config_area  jump_table.o


==============================================================================

Image component sizes


      Code (inc. data)   RO Data    RW Data    ZI Data      Debug   Object Name

       268         30          0          0          0       1692   clock.o
      1084        100          0          0          0       7133   common.o
      1488         56          0          0        456      17054   gpio.o
        84         38       1024       1028          0       1953   jump_table.o
       324         68          0          0          0      20415   main.o
       608         22         16          2        120       4774   my_printf.o
        44          6          9          4          0       1648   osal_voice.o
       824         16          0          8        120       7032   pwrmgr.o
        28          8        192          0        512        632   startup_armcm0.o
        24          8          0          4          0        813   system_armcm0.o
       860         38         12          0         32      11785   uart.o
      1088         26          0          0        528      12347   voice.o
       844        308          0        456      98304       6132   voice_demo.o
        26          0          0          0          0        475   voice_main.o

    ----------------------------------------------------------------------
      9192       1256       1336       1504     100072      93885   Object Totals
      1596        532         80          0          0          0   (incl. Generated)
         2          0          3          2          0          0   (incl. Padding)

    ----------------------------------------------------------------------

      Code (inc. data)   RO Data    RW Data    ZI Data      Debug   Library Member Name

        86          0          0          0          0          0   __dczerorl2.o
         0          0          0          0          0          0   entry.o
         0          0          0          0          0          0   entry10a.o
         0          0          0          0          0          0   entry11a.o
         8          4          0          0          0          0   entry2.o
         4          0          0          0          0          0   entry5.o
         0          0          0          0          0          0   entry7b.o
         0          0          0          0          0          0   entry8b.o
         8          4          0          0          0          0   entry9a.o
        30          0          0          0          0          0   handlers.o
        36          8          0          0          0         68   init.o
        36          0          0          0          0         60   memcpya.o
        36          0          0          0          0        100   memseta.o
        20          0          0          0          0         60   uread4.o
       296         28          0         10         65        364   flash_ext.o
      9898       1030          0         60        444       2644   patch.o
      1164        266          0         56         40        576   rf_phy_driver.o

    ----------------------------------------------------------------------
     11628       1340          0        128        556       3872   Library Totals
         6          0          0          2          7          0   (incl. Padding)

    ----------------------------------------------------------------------

      Code (inc. data)   RO Data    RW Data    ZI Data      Debug   Library Name

       264         16          0          0          0        288   mc_p.l
     11358       1324          0        126        549       3584   rf.lib

    ----------------------------------------------------------------------
     11628       1340          0        128        556       3872   Library Totals

    ----------------------------------------------------------------------

==============================================================================


      Code (inc. data)   RO Data    RW Data    ZI Data      Debug   

     20820       2596       1336       1632     100628      94769   Grand Totals
     20820       2596       1336        300     100628      94769   ELF Image Totals (compressed)
     20820       2596       1336        300          0          0   ROM Totals

==============================================================================

    Total RO  Size (Code + RO Data)                22156 (  21.64kB)
    Total RW  Size (RW Data + ZI Data)            102260 (  99.86kB)
    Total ROM Size (Code + RO Data + RW Data)      22456 (  21.93kB)

==============================================================================

