<!doctype html public "-//w3c//dtd html 4.0 transitional//en">
<html><head>
<title>Static Call Graph - [.\Objects\iBeacon.axf]</title></head>
<body><HR>
<H1>Static Call Graph for image .\Objects\iBeacon.axf</H1><HR>
<BR><P>#&#060CALLGRAPH&#062# ARM Linker, 5050106: Last Updated: Thu May 14 09:41:09 2020
<BR><P>
<H3>Maximum Stack Usage =          0 bytes + Unknown(Cycles, Untraceable Function Pointers)</H3><H3>
Call chain for Maximum Stack Depth:</H3>

<P>
<H3>
Mutually Recursive functions
</H3> <LI><a href="#[4]">NMI_Handler</a>&nbsp;&nbsp;&nbsp;&rArr;&nbsp;&nbsp;&nbsp;<a href="#[4]">NMI_Handler</a><BR>
 <LI><a href="#[5]">HardFault_Handler</a>&nbsp;&nbsp;&nbsp;&rArr;&nbsp;&nbsp;&nbsp;<a href="#[5]">HardFault_Handler</a><BR>
 <LI><a href="#[6]">SVC_Handler</a>&nbsp;&nbsp;&nbsp;&rArr;&nbsp;&nbsp;&nbsp;<a href="#[6]">SVC_Handler</a><BR>
 <LI><a href="#[7]">PendSV_Handler</a>&nbsp;&nbsp;&nbsp;&rArr;&nbsp;&nbsp;&nbsp;<a href="#[7]">PendSV_Handler</a><BR>
 <LI><a href="#[8]">SysTick_Handler</a>&nbsp;&nbsp;&nbsp;&rArr;&nbsp;&nbsp;&nbsp;<a href="#[8]">SysTick_Handler</a><BR>
</UL>
<P>
<H3>
Function Pointers
</H3><UL>
 <LI><a href="#[21]">GAPRole_ProcessEvent</a> from peripheral.o(i.GAPRole_ProcessEvent) referenced from osal_simplebleperipheral.o(.constdata)
 <LI><a href="#[1e]">GAP_ProcessEvent</a> from rom1Sym.txt(ABSOLUTE) referenced from osal_simplebleperipheral.o(.constdata)
 <LI><a href="#[22]">GATTServApp_ProcessEvent</a> from gattservapp.o(i.GATTServApp_ProcessEvent) referenced from osal_simplebleperipheral.o(.constdata)
 <LI><a href="#[1f]">GATT_ProcessEvent</a> from rom1Sym.txt(ABSOLUTE) referenced from osal_simplebleperipheral.o(.constdata)
 <LI><a href="#[1c]">HCI_ProcessEvent</a> from rom1Sym.txt(ABSOLUTE) referenced from osal_simplebleperipheral.o(.constdata)
 <LI><a href="#[5]">HardFault_Handler</a> from startup_armcm0.o(.text) referenced from startup_armcm0.o(RESET)
 <LI><a href="#[1d]">L2CAP_ProcessEvent</a> from rom1Sym.txt(ABSOLUTE) referenced from osal_simplebleperipheral.o(.constdata)
 <LI><a href="#[1b]">LL_ProcessEvent</a> from rom1Sym.txt(ABSOLUTE) referenced from osal_simplebleperipheral.o(.constdata)
 <LI><a href="#[15]">LL_SetScanControl1</a> from patch.o(i.LL_SetScanControl1) referenced from patch.o(i.init_config)
 <LI><a href="#[4]">NMI_Handler</a> from startup_armcm0.o(.text) referenced from startup_armcm0.o(RESET)
 <LI><a href="#[7]">PendSV_Handler</a> from startup_armcm0.o(.text) referenced from startup_armcm0.o(RESET)
 <LI><a href="#[3]">Reset_Handler</a> from startup_armcm0.o(.text) referenced from startup_armcm0.o(RESET)
 <LI><a href="#[20]">SM_ProcessEvent</a> from rom1Sym.txt(ABSOLUTE) referenced from osal_simplebleperipheral.o(.constdata)
 <LI><a href="#[6]">SVC_Handler</a> from startup_armcm0.o(.text) referenced from startup_armcm0.o(RESET)
 <LI><a href="#[23]">SimpleBLEPeripheral_ProcessEvent</a> from simplebleperipheral.o(i.SimpleBLEPeripheral_ProcessEvent) referenced from osal_simplebleperipheral.o(.constdata)
 <LI><a href="#[8]">SysTick_Handler</a> from startup_armcm0.o(.text) referenced from startup_armcm0.o(RESET)
 <LI><a href="#[a]">SystemInit</a> from system_armcm0.o(i.SystemInit) referenced from startup_armcm0.o(.text)
 <LI><a href="#[b]">__main</a> from entry.o(.ARM.Collect$$$$00000000) referenced from startup_armcm0.o(.text)
 <LI><a href="#[17]">devInfo_ReadAttrCB</a> from devinfoservice.o(i.devInfo_ReadAttrCB) referenced from devinfoservice.o(.constdata)
 <LI><a href="#[f]">fputc</a> from fputc.o(i.fputc) referenced from printf8.o(i.__0printf$8)
 <LI><a href="#[c]">gattServApp_HandleConnStatusCB</a> from gattservapp.o(i.gattServApp_HandleConnStatusCB) referenced from gattservapp.o(i.GATTServApp_Init)
 <LI><a href="#[1a]">gattServApp_WriteAttrCB</a> from gattservapp.o(i.gattServApp_WriteAttrCB) referenced from gattservapp.o(.constdata)
 <LI><a href="#[18]">ggs_ReadAttrCB</a> from gapgattserver.o(i.ggs_ReadAttrCB) referenced from gapgattserver.o(.constdata)
 <LI><a href="#[19]">ggs_WriteAttrCB</a> from gapgattserver.o(i.ggs_WriteAttrCB) referenced from gapgattserver.o(.constdata)
 <LI><a href="#[11]">gpio_sleep_handler</a> from gpio.o(i.gpio_sleep_handler) referenced from gpio.o(i.hal_gpio_init)
 <LI><a href="#[10]">gpio_wakeup_handler</a> from gpio.o(i.gpio_wakeup_handler) referenced from gpio.o(i.hal_gpio_init)
 <LI><a href="#[2c]">hal_GPIO_IRQHandler</a> from gpio.o(i.hal_GPIO_IRQHandler) referenced from jump_table.o(jump_table_mem_area)
 <LI><a href="#[2b]">hal_UART0_IRQHandler</a> from uart.o(i.hal_UART0_IRQHandler) referenced from jump_table.o(jump_table_mem_area)
 <LI><a href="#[27]">hal_pwrmgr_sleep_process</a> from pwrmgr.o(i.hal_pwrmgr_sleep_process) referenced from jump_table.o(jump_table_mem_area)
 <LI><a href="#[28]">hal_pwrmgr_wakeup_process</a> from pwrmgr.o(i.hal_pwrmgr_wakeup_process) referenced from jump_table.o(jump_table_mem_area)
 <LI><a href="#[2a]">hard_fault</a> from jump_table.o(i.hard_fault) referenced from jump_table.o(jump_table_mem_area)
 <LI><a href="#[16]">llSetupAdv1</a> from patch.o(i.llSetupAdv1) referenced from patch.o(i.init_config)
 <LI><a href="#[13]">ll_hw_go1</a> from patch.o(i.ll_hw_go1) referenced from patch.o(i.init_config)
 <LI><a href="#[9]">main</a> from main.o(i.main) referenced from entry9a.o(.ARM.Collect$$$$0000000B)
 <LI><a href="#[26]">osalInitTasks</a> from osal_simplebleperipheral.o(i.osalInitTasks) referenced from jump_table.o(jump_table_mem_area)
 <LI><a href="#[1]">peripheralStateNotificationCB</a> from simplebleperipheral.o(i.peripheralStateNotificationCB) referenced 2 times from simplebleperipheral.o(.data)
 <LI><a href="#[2]">peripheralStateReadRssiCB</a> from simplebleperipheral.o(i.peripheralStateReadRssiCB) referenced 2 times from simplebleperipheral.o(.data)
 <LI><a href="#[14]">rf_calibrate1</a> from patch.o(i.rf_calibrate1) referenced from patch.o(i.init_config)
 <LI><a href="#[29]">rf_phy_ini</a> from rf_phy_driver.o(i.rf_phy_ini) referenced from jump_table.o(jump_table_mem_area)
 <LI><a href="#[12]">rf_wakeup_handler</a> from main.o(i.rf_wakeup_handler) referenced from main.o(i.hal_rfphy_init)
 <LI><a href="#[d]">simpleBLEPeripheral_ScanRequestFilterCBack</a> from simplebleperipheral.o(i.simpleBLEPeripheral_ScanRequestFilterCBack) referenced from simplebleperipheral.o(i.SimpleBLEPeripheral_Init)
 <LI><a href="#[0]">simpleProfileChangeCB</a> from simplebleperipheral.o(i.simpleProfileChangeCB) referenced 2 times from simplebleperipheral.o(.data)
 <LI><a href="#[e]">simpleProfile_HandleConnStatusCB</a> from simpleibeaconprofile_ota.o(i.simpleProfile_HandleConnStatusCB) referenced from simpleibeaconprofile_ota.o(i.SimpleProfile_AddService)
 <LI><a href="#[24]">simpleProfile_ReadAttrCB</a> from simpleibeaconprofile_ota.o(i.simpleProfile_ReadAttrCB) referenced from simpleibeaconprofile_ota.o(.constdata)
 <LI><a href="#[25]">simpleProfile_WriteAttrCB</a> from simpleibeaconprofile_ota.o(i.simpleProfile_WriteAttrCB) referenced from simpleibeaconprofile_ota.o(.constdata)
</UL>
<P>
<H3>
Global Symbols
</H3>
<P><STRONG><a name="[96]"></a>__aeabi_uidivmod</STRONG> (Thumb, 0 bytes, Stack size 0 bytes, rom1Sym.txt(ABSOLUTE))
<BR><BR>[Called By]<UL><LI><a href="#[c7]">&gt;&gt;</a>&nbsp;&nbsp;&nbsp;hal_gpio_wakeup_set (via Veneer)
<LI><a href="#[d6]">&gt;&gt;</a>&nbsp;&nbsp;&nbsp;hal_ms_intv (via Veneer)
<LI><a href="#[0]">&gt;&gt;</a>&nbsp;&nbsp;&nbsp;simpleProfileChangeCB (via Veneer)
<LI><a href="#[b7]">&gt;&gt;</a>&nbsp;&nbsp;&nbsp;gattServApp_ProcessReadByTypeReq (via Veneer)
<LI><a href="#[bb]">&gt;&gt;</a>&nbsp;&nbsp;&nbsp;gattServApp_ProcessReadByGrpTypeReq (via Veneer)
<LI><a href="#[e5]">&gt;&gt;</a>&nbsp;&nbsp;&nbsp;hal_system_init (via Veneer)
<LI><a href="#[d5]">&gt;&gt;</a>&nbsp;&nbsp;&nbsp;hal_gpio_pull_set (via Veneer)
<LI><a href="#[95]">&gt;&gt;</a>&nbsp;&nbsp;&nbsp;WaitMs (via Veneer)
<LI><a href="#[103]">&gt;&gt;</a>&nbsp;&nbsp;&nbsp;printi (via Veneer)
<LI><a href="#[107]">&gt;&gt;</a>&nbsp;&nbsp;&nbsp;rc32k_tracking_check (via Veneer)
</UL>

<P><STRONG><a name="[124]"></a>__aeabi_idivmod</STRONG> (Thumb, 0 bytes, Stack size 0 bytes, rom1Sym.txt(ABSOLUTE))
<BR><BR>[Called By]<UL><LI><a href="#[116]">&gt;&gt;</a>&nbsp;&nbsp;&nbsp;rf_phy_dtm_trigged (via Veneer)
</UL>

<P><STRONG><a name="[101]"></a>strlen</STRONG> (Thumb, 0 bytes, Stack size 0 bytes, rom1Sym.txt(ABSOLUTE))
<BR><BR>[Called By]<UL><LI><a href="#[ad]">&gt;&gt;</a>&nbsp;&nbsp;&nbsp;phy_printf (via Veneer)
</UL>

<P><STRONG><a name="[7b]"></a>ATT_CompareUUID</STRONG> (Thumb, 0 bytes, Stack size 0 bytes, rom1Sym.txt(ABSOLUTE))
<BR><BR>[Called By]<UL><LI><a href="#[73]">&gt;&gt;</a>&nbsp;&nbsp;&nbsp;GATTServApp_ReadAttr (via Veneer)
</UL>

<P><STRONG><a name="[be]"></a>ATT_ErrorRsp</STRONG> (Thumb, 0 bytes, Stack size 0 bytes, rom1Sym.txt(ABSOLUTE))
<BR><BR>[Called By]<UL><LI><a href="#[76]">&gt;&gt;</a>&nbsp;&nbsp;&nbsp;gattServApp_ProcessMsg (via Veneer)
</UL>

<P><STRONG><a name="[b6]"></a>ATT_ExchangeMTURsp</STRONG> (Thumb, 0 bytes, Stack size 0 bytes, rom1Sym.txt(ABSOLUTE))
<BR><BR>[Called By]<UL><LI><a href="#[76]">&gt;&gt;</a>&nbsp;&nbsp;&nbsp;gattServApp_ProcessMsg (via Veneer)
</UL>

<P><STRONG><a name="[b2]"></a>ATT_ExecuteWriteRsp</STRONG> (Thumb, 0 bytes, Stack size 0 bytes, rom1Sym.txt(ABSOLUTE))
<BR><BR>[Called By]<UL><LI><a href="#[b1]">&gt;&gt;</a>&nbsp;&nbsp;&nbsp;gattServApp_ProcessExecuteWriteReq (via Veneer)
</UL>

<P><STRONG><a name="[b5]"></a>ATT_FindByTypeValueRsp</STRONG> (Thumb, 0 bytes, Stack size 0 bytes, rom1Sym.txt(ABSOLUTE))
<BR><BR>[Called By]<UL><LI><a href="#[b3]">&gt;&gt;</a>&nbsp;&nbsp;&nbsp;gattServApp_ProcessFindByTypeValueReq (via Veneer)
</UL>

<P><STRONG><a name="[c0]"></a>ATT_PrepareWriteRsp</STRONG> (Thumb, 0 bytes, Stack size 0 bytes, rom1Sym.txt(ABSOLUTE))
<BR><BR>[Called By]<UL><LI><a href="#[bd]">&gt;&gt;</a>&nbsp;&nbsp;&nbsp;gattServApp_ProcessPrepareWriteReq (via Veneer)
</UL>

<P><STRONG><a name="[b9]"></a>ATT_ReadBlobRsp</STRONG> (Thumb, 0 bytes, Stack size 0 bytes, rom1Sym.txt(ABSOLUTE))
<BR><BR>[Called By]<UL><LI><a href="#[76]">&gt;&gt;</a>&nbsp;&nbsp;&nbsp;gattServApp_ProcessMsg (via Veneer)
</UL>

<P><STRONG><a name="[c2]"></a>ATT_ReadByGrpTypeRsp</STRONG> (Thumb, 0 bytes, Stack size 0 bytes, rom1Sym.txt(ABSOLUTE))
<BR><BR>[Called By]<UL><LI><a href="#[bb]">&gt;&gt;</a>&nbsp;&nbsp;&nbsp;gattServApp_ProcessReadByGrpTypeReq (via Veneer)
</UL>

<P><STRONG><a name="[c3]"></a>ATT_ReadByTypeRsp</STRONG> (Thumb, 0 bytes, Stack size 0 bytes, rom1Sym.txt(ABSOLUTE))
<BR><BR>[Called By]<UL><LI><a href="#[b7]">&gt;&gt;</a>&nbsp;&nbsp;&nbsp;gattServApp_ProcessReadByTypeReq (via Veneer)
</UL>

<P><STRONG><a name="[c4]"></a>ATT_ReadMultiRsp</STRONG> (Thumb, 0 bytes, Stack size 0 bytes, rom1Sym.txt(ABSOLUTE))
<BR><BR>[Called By]<UL><LI><a href="#[ba]">&gt;&gt;</a>&nbsp;&nbsp;&nbsp;gattServApp_ProcessReadMultiReq (via Veneer)
</UL>

<P><STRONG><a name="[b8]"></a>ATT_ReadRsp</STRONG> (Thumb, 0 bytes, Stack size 0 bytes, rom1Sym.txt(ABSOLUTE))
<BR><BR>[Called By]<UL><LI><a href="#[76]">&gt;&gt;</a>&nbsp;&nbsp;&nbsp;gattServApp_ProcessMsg (via Veneer)
</UL>

<P><STRONG><a name="[c5]"></a>ATT_WriteRsp</STRONG> (Thumb, 0 bytes, Stack size 0 bytes, rom1Sym.txt(ABSOLUTE))
<BR><BR>[Called By]<UL><LI><a href="#[bc]">&gt;&gt;</a>&nbsp;&nbsp;&nbsp;gattServApp_ProcessWriteReq (via Veneer)
</UL>

<P><STRONG><a name="[3f]"></a>GAP_Bond</STRONG> (Thumb, 0 bytes, Stack size 0 bytes, rom1Sym.txt(ABSOLUTE))
<BR><BR>[Called By]<UL><LI><a href="#[3b]">&gt;&gt;</a>&nbsp;&nbsp;&nbsp;GAPBondMgr_LinkEst (via Veneer)
</UL>

<P><STRONG><a name="[5a]"></a>GAP_EndDiscoverable</STRONG> (Thumb, 0 bytes, Stack size 0 bytes, rom1Sym.txt(ABSOLUTE))
<BR><BR>[Called By]<UL><LI><a href="#[59]">&gt;&gt;</a>&nbsp;&nbsp;&nbsp;GAPRole_SetParameter (via Veneer)
<LI><a href="#[ac]">&gt;&gt;</a>&nbsp;&nbsp;&nbsp;gapRole_ProcessGAPMsg (via Veneer)
</UL>

<P><STRONG><a name="[4c]"></a>GAP_GetParamValue</STRONG> (Thumb, 0 bytes, Stack size 0 bytes, rom1Sym.txt(ABSOLUTE))
<BR><BR>[Called By]<UL><LI><a href="#[4a]">&gt;&gt;</a>&nbsp;&nbsp;&nbsp;GAPRole_GetParameter (via Veneer)
<LI><a href="#[55]">&gt;&gt;</a>&nbsp;&nbsp;&nbsp;gapRole_startConnUpdate (via Veneer)
<LI><a href="#[50]">&gt;&gt;</a>&nbsp;&nbsp;&nbsp;gapRole_ProcessOSALMsg (via Veneer)
<LI><a href="#[ac]">&gt;&gt;</a>&nbsp;&nbsp;&nbsp;gapRole_ProcessGAPMsg (via Veneer)
</UL>

<P><STRONG><a name="[fa]"></a>GAP_Init</STRONG> (Thumb, 0 bytes, Stack size 0 bytes, rom1Sym.txt(ABSOLUTE))
<BR><BR>[Called By]<UL><LI><a href="#[26]">&gt;&gt;</a>&nbsp;&nbsp;&nbsp;osalInitTasks (via Veneer)
</UL>

<P><STRONG><a name="[52]"></a>GAP_MakeDiscoverable</STRONG> (Thumb, 0 bytes, Stack size 0 bytes, rom1Sym.txt(ABSOLUTE))
<BR><BR>[Called By]<UL><LI><a href="#[21]">&gt;&gt;</a>&nbsp;&nbsp;&nbsp;GAPRole_ProcessEvent (via Veneer)
</UL>

<P><STRONG><a name="[62]"></a>GAP_ParamsInit</STRONG> (Thumb, 0 bytes, Stack size 0 bytes, rom1Sym.txt(ABSOLUTE))
<BR><BR>[Called By]<UL><LI><a href="#[60]">&gt;&gt;</a>&nbsp;&nbsp;&nbsp;GAP_DeviceInit (via Veneer)
</UL>

<P><STRONG><a name="[64]"></a>GAP_PeriDevMgrInit</STRONG> (Thumb, 0 bytes, Stack size 0 bytes, rom1Sym.txt(ABSOLUTE))
<BR><BR>[Called By]<UL><LI><a href="#[60]">&gt;&gt;</a>&nbsp;&nbsp;&nbsp;GAP_DeviceInit (via Veneer)
</UL>

<P><STRONG><a name="[1e]"></a>GAP_ProcessEvent</STRONG> (Thumb, 0 bytes, Stack size 0 bytes, rom1Sym.txt(ABSOLUTE), UNUSED)
<BR>[Address Reference Count : 1]<UL><LI> osal_simplebleperipheral.o(.constdata)
</UL>
<P><STRONG><a name="[4e]"></a>GAP_RegisterForHCIMsgs</STRONG> (Thumb, 0 bytes, Stack size 0 bytes, rom1Sym.txt(ABSOLUTE))
<BR><BR>[Called By]<UL><LI><a href="#[4d]">&gt;&gt;</a>&nbsp;&nbsp;&nbsp;GAPRole_Init (via Veneer)
</UL>

<P><STRONG><a name="[48]"></a>GAP_ResolvePrivateAddr</STRONG> (Thumb, 0 bytes, Stack size 0 bytes, rom1Sym.txt(ABSOLUTE))
<BR><BR>[Called By]<UL><LI><a href="#[3c]">&gt;&gt;</a>&nbsp;&nbsp;&nbsp;GAPBondMgr_ResolveAddr (via Veneer)
</UL>

<P><STRONG><a name="[63]"></a>GAP_SecParamsInit</STRONG> (Thumb, 0 bytes, Stack size 0 bytes, rom1Sym.txt(ABSOLUTE))
<BR><BR>[Called By]<UL><LI><a href="#[60]">&gt;&gt;</a>&nbsp;&nbsp;&nbsp;GAP_DeviceInit (via Veneer)
</UL>

<P><STRONG><a name="[45]"></a>GAP_SendSlaveSecurityRequest</STRONG> (Thumb, 0 bytes, Stack size 0 bytes, rom1Sym.txt(ABSOLUTE))
<BR><BR>[Called By]<UL><LI><a href="#[3b]">&gt;&gt;</a>&nbsp;&nbsp;&nbsp;GAPBondMgr_LinkEst (via Veneer)
</UL>

<P><STRONG><a name="[5e]"></a>GAP_SetParamValue</STRONG> (Thumb, 0 bytes, Stack size 0 bytes, rom1Sym.txt(ABSOLUTE))
<BR><BR>[Called By]<UL><LI><a href="#[132]">&gt;&gt;</a>&nbsp;&nbsp;&nbsp;updateAdvData (via Veneer)
<LI><a href="#[8c]">&gt;&gt;</a>&nbsp;&nbsp;&nbsp;SimpleBLEPeripheral_Init (via Veneer)
<LI><a href="#[59]">&gt;&gt;</a>&nbsp;&nbsp;&nbsp;GAPRole_SetParameter (via Veneer)
</UL>

<P><STRONG><a name="[41]"></a>GAP_Signable</STRONG> (Thumb, 0 bytes, Stack size 0 bytes, rom1Sym.txt(ABSOLUTE))
<BR><BR>[Called By]<UL><LI><a href="#[3b]">&gt;&gt;</a>&nbsp;&nbsp;&nbsp;GAPBondMgr_LinkEst (via Veneer)
</UL>

<P><STRONG><a name="[61]"></a>GAP_TerminateLinkReq</STRONG> (Thumb, 0 bytes, Stack size 0 bytes, rom1Sym.txt(ABSOLUTE))
<BR><BR>[Called By]<UL><LI><a href="#[57]">&gt;&gt;</a>&nbsp;&nbsp;&nbsp;GAPRole_TerminateConnection (via Veneer)
</UL>

<P><STRONG><a name="[5c]"></a>GAP_UpdateAdvertisingData</STRONG> (Thumb, 0 bytes, Stack size 0 bytes, rom1Sym.txt(ABSOLUTE))
<BR><BR>[Called By]<UL><LI><a href="#[59]">&gt;&gt;</a>&nbsp;&nbsp;&nbsp;GAPRole_SetParameter (via Veneer)
<LI><a href="#[ac]">&gt;&gt;</a>&nbsp;&nbsp;&nbsp;gapRole_ProcessGAPMsg (via Veneer)
</UL>

<P><STRONG><a name="[bf]"></a>GATT_AppCompletedMsg</STRONG> (Thumb, 0 bytes, Stack size 0 bytes, rom1Sym.txt(ABSOLUTE))
<BR><BR>[Called By]<UL><LI><a href="#[76]">&gt;&gt;</a>&nbsp;&nbsp;&nbsp;gattServApp_ProcessMsg (via Veneer)
</UL>

<P><STRONG><a name="[79]"></a>GATT_FindHandle</STRONG> (Thumb, 0 bytes, Stack size 0 bytes, rom1Sym.txt(ABSOLUTE))
<BR><BR>[Called By]<UL><LI><a href="#[82]">&gt;&gt;</a>&nbsp;&nbsp;&nbsp;GATTServApp_WriteAttr (via Veneer)
<LI><a href="#[bc]">&gt;&gt;</a>&nbsp;&nbsp;&nbsp;gattServApp_ProcessWriteReq (via Veneer)
<LI><a href="#[ba]">&gt;&gt;</a>&nbsp;&nbsp;&nbsp;gattServApp_ProcessReadMultiReq (via Veneer)
<LI><a href="#[bd]">&gt;&gt;</a>&nbsp;&nbsp;&nbsp;gattServApp_ProcessPrepareWriteReq (via Veneer)
<LI><a href="#[76]">&gt;&gt;</a>&nbsp;&nbsp;&nbsp;gattServApp_ProcessMsg (via Veneer)
<LI><a href="#[73]">&gt;&gt;</a>&nbsp;&nbsp;&nbsp;GATTServApp_ReadAttr (via Veneer)
</UL>

<P><STRONG><a name="[b4]"></a>GATT_FindHandleUUID</STRONG> (Thumb, 0 bytes, Stack size 0 bytes, rom1Sym.txt(ABSOLUTE))
<BR><BR>[Called By]<UL><LI><a href="#[b7]">&gt;&gt;</a>&nbsp;&nbsp;&nbsp;gattServApp_ProcessReadByTypeReq (via Veneer)
<LI><a href="#[bb]">&gt;&gt;</a>&nbsp;&nbsp;&nbsp;gattServApp_ProcessReadByGrpTypeReq (via Veneer)
<LI><a href="#[b3]">&gt;&gt;</a>&nbsp;&nbsp;&nbsp;gattServApp_ProcessFindByTypeValueReq (via Veneer)
</UL>

<P><STRONG><a name="[7a]"></a>GATT_FindNextAttr</STRONG> (Thumb, 0 bytes, Stack size 0 bytes, rom1Sym.txt(ABSOLUTE))
<BR><BR>[Called By]<UL><LI><a href="#[bb]">&gt;&gt;</a>&nbsp;&nbsp;&nbsp;gattServApp_ProcessReadByGrpTypeReq (via Veneer)
<LI><a href="#[b3]">&gt;&gt;</a>&nbsp;&nbsp;&nbsp;gattServApp_ProcessFindByTypeValueReq (via Veneer)
<LI><a href="#[73]">&gt;&gt;</a>&nbsp;&nbsp;&nbsp;GATTServApp_ReadAttr (via Veneer)
</UL>

<P><STRONG><a name="[75]"></a>GATT_Indication</STRONG> (Thumb, 0 bytes, Stack size 0 bytes, rom1Sym.txt(ABSOLUTE))
<BR><BR>[Called By]<UL><LI><a href="#[71]">&gt;&gt;</a>&nbsp;&nbsp;&nbsp;GATTServApp_ProcessCharCfg (via Veneer)
</UL>

<P><STRONG><a name="[fb]"></a>GATT_Init</STRONG> (Thumb, 0 bytes, Stack size 0 bytes, rom1Sym.txt(ABSOLUTE))
<BR><BR>[Called By]<UL><LI><a href="#[26]">&gt;&gt;</a>&nbsp;&nbsp;&nbsp;osalInitTasks (via Veneer)
</UL>

<P><STRONG><a name="[74]"></a>GATT_Notification</STRONG> (Thumb, 0 bytes, Stack size 0 bytes, rom1Sym.txt(ABSOLUTE))
<BR><BR>[Called By]<UL><LI><a href="#[71]">&gt;&gt;</a>&nbsp;&nbsp;&nbsp;GATTServApp_ProcessCharCfg (via Veneer)
</UL>

<P><STRONG><a name="[1f]"></a>GATT_ProcessEvent</STRONG> (Thumb, 0 bytes, Stack size 0 bytes, rom1Sym.txt(ABSOLUTE), UNUSED)
<BR>[Address Reference Count : 1]<UL><LI> osal_simplebleperipheral.o(.constdata)
</UL>
<P><STRONG><a name="[6a]"></a>GATT_RegisterForReq</STRONG> (Thumb, 0 bytes, Stack size 0 bytes, rom1Sym.txt(ABSOLUTE))
<BR><BR>[Called By]<UL><LI><a href="#[67]">&gt;&gt;</a>&nbsp;&nbsp;&nbsp;GATTServApp_Init (via Veneer)
</UL>

<P><STRONG><a name="[7d]"></a>GATT_RegisterService</STRONG> (Thumb, 0 bytes, Stack size 0 bytes, rom1Sym.txt(ABSOLUTE))
<BR><BR>[Called By]<UL><LI><a href="#[38]">&gt;&gt;</a>&nbsp;&nbsp;&nbsp;GATTServApp_RegisterService (via Veneer)
</UL>

<P><STRONG><a name="[81]"></a>GATT_ServiceChangedInd</STRONG> (Thumb, 0 bytes, Stack size 0 bytes, rom1Sym.txt(ABSOLUTE))
<BR><BR>[Called By]<UL><LI><a href="#[44]">&gt;&gt;</a>&nbsp;&nbsp;&nbsp;GATTServApp_SendServiceChangedInd (via Veneer)
</UL>

<P><STRONG><a name="[c1]"></a>GATT_VerifyReadPermissions</STRONG> (Thumb, 0 bytes, Stack size 0 bytes, rom1Sym.txt(ABSOLUTE))
<BR><BR>[Called By]<UL><LI><a href="#[b7]">&gt;&gt;</a>&nbsp;&nbsp;&nbsp;gattServApp_ProcessReadByTypeReq (via Veneer)
<LI><a href="#[bb]">&gt;&gt;</a>&nbsp;&nbsp;&nbsp;gattServApp_ProcessReadByGrpTypeReq (via Veneer)
</UL>

<P><STRONG><a name="[f8]"></a>HCI_Init</STRONG> (Thumb, 0 bytes, Stack size 0 bytes, rom1Sym.txt(ABSOLUTE))
<BR><BR>[Called By]<UL><LI><a href="#[26]">&gt;&gt;</a>&nbsp;&nbsp;&nbsp;osalInitTasks (via Veneer)
</UL>

<P><STRONG><a name="[ff]"></a>HCI_PPLUS_ConnEventDoneNoticeCmd</STRONG> (Thumb, 0 bytes, Stack size 0 bytes, rom1Sym.txt(ABSOLUTE))
<BR><BR>[Called By]<UL><LI><a href="#[0]">&gt;&gt;</a>&nbsp;&nbsp;&nbsp;simpleProfileChangeCB (via Veneer)
<LI><a href="#[1]">&gt;&gt;</a>&nbsp;&nbsp;&nbsp;peripheralStateNotificationCB (via Veneer)
</UL>

<P><STRONG><a name="[133]"></a>HCI_PPLUS_ExtendTRXCmd</STRONG> (Thumb, 0 bytes, Stack size 0 bytes, rom1Sym.txt(ABSOLUTE))
<BR><BR>[Called By]<UL><LI><a href="#[0]">&gt;&gt;</a>&nbsp;&nbsp;&nbsp;simpleProfileChangeCB (via Veneer)
</UL>

<P><STRONG><a name="[1c]"></a>HCI_ProcessEvent</STRONG> (Thumb, 0 bytes, Stack size 0 bytes, rom1Sym.txt(ABSOLUTE), UNUSED)
<BR>[Address Reference Count : 1]<UL><LI> osal_simplebleperipheral.o(.constdata)
</UL>
<P><STRONG><a name="[53]"></a>HCI_ReadRssiCmd</STRONG> (Thumb, 0 bytes, Stack size 0 bytes, rom1Sym.txt(ABSOLUTE))
<BR><BR>[Called By]<UL><LI><a href="#[21]">&gt;&gt;</a>&nbsp;&nbsp;&nbsp;GAPRole_ProcessEvent (via Veneer)
</UL>

<P><STRONG><a name="[ae]"></a>L2CAP_ConnParamUpdateReq</STRONG> (Thumb, 0 bytes, Stack size 0 bytes, rom1Sym.txt(ABSOLUTE))
<BR><BR>[Called By]<UL><LI><a href="#[55]">&gt;&gt;</a>&nbsp;&nbsp;&nbsp;gapRole_startConnUpdate (via Veneer)
</UL>

<P><STRONG><a name="[f9]"></a>L2CAP_Init</STRONG> (Thumb, 0 bytes, Stack size 0 bytes, rom1Sym.txt(ABSOLUTE))
<BR><BR>[Called By]<UL><LI><a href="#[26]">&gt;&gt;</a>&nbsp;&nbsp;&nbsp;osalInitTasks (via Veneer)
</UL>

<P><STRONG><a name="[1d]"></a>L2CAP_ProcessEvent</STRONG> (Thumb, 0 bytes, Stack size 0 bytes, rom1Sym.txt(ABSOLUTE), UNUSED)
<BR>[Address Reference Count : 1]<UL><LI> osal_simplebleperipheral.o(.constdata)
</UL>
<P><STRONG><a name="[f7]"></a>LL_Init</STRONG> (Thumb, 0 bytes, Stack size 0 bytes, rom1Sym.txt(ABSOLUTE))
<BR><BR>[Called By]<UL><LI><a href="#[26]">&gt;&gt;</a>&nbsp;&nbsp;&nbsp;osalInitTasks (via Veneer)
</UL>

<P><STRONG><a name="[12f]"></a>LL_PLUS_GetScanRequestExtendData</STRONG> (Thumb, 0 bytes, Stack size 0 bytes, rom1Sym.txt(ABSOLUTE))
<BR><BR>[Called By]<UL><LI><a href="#[d]">&gt;&gt;</a>&nbsp;&nbsp;&nbsp;simpleBLEPeripheral_ScanRequestFilterCBack (via Veneer)
</UL>

<P><STRONG><a name="[131]"></a>LL_PLUS_GetScanerAddr</STRONG> (Thumb, 0 bytes, Stack size 0 bytes, rom1Sym.txt(ABSOLUTE))
<BR><BR>[Called By]<UL><LI><a href="#[d]">&gt;&gt;</a>&nbsp;&nbsp;&nbsp;simpleBLEPeripheral_ScanRequestFilterCBack (via Veneer)
</UL>

<P><STRONG><a name="[a6]"></a>LL_PLUS_PerStasReadByChn</STRONG> (Thumb, 0 bytes, Stack size 0 bytes, rom1Sym.txt(ABSOLUTE))
<BR><BR>[Called By]<UL><LI><a href="#[a5]">&gt;&gt;</a>&nbsp;&nbsp;&nbsp;check_PerStatsProcess (via Veneer)
</UL>

<P><STRONG><a name="[a7]"></a>LL_PLUS_PerStatsReset</STRONG> (Thumb, 0 bytes, Stack size 0 bytes, rom1Sym.txt(ABSOLUTE))
<BR><BR>[Called By]<UL><LI><a href="#[a5]">&gt;&gt;</a>&nbsp;&nbsp;&nbsp;check_PerStatsProcess (via Veneer)
<LI><a href="#[1]">&gt;&gt;</a>&nbsp;&nbsp;&nbsp;peripheralStateNotificationCB (via Veneer)
</UL>

<P><STRONG><a name="[8e]"></a>LL_PLUS_SetScanRequestFilterCB</STRONG> (Thumb, 0 bytes, Stack size 0 bytes, rom1Sym.txt(ABSOLUTE))
<BR><BR>[Called By]<UL><LI><a href="#[8c]">&gt;&gt;</a>&nbsp;&nbsp;&nbsp;SimpleBLEPeripheral_Init (via Veneer)
</UL>

<P><STRONG><a name="[130]"></a>LL_PLUS_SetScanRsqDataByIndex</STRONG> (Thumb, 0 bytes, Stack size 0 bytes, rom1Sym.txt(ABSOLUTE))
<BR><BR>[Called By]<UL><LI><a href="#[d]">&gt;&gt;</a>&nbsp;&nbsp;&nbsp;simpleBLEPeripheral_ScanRequestFilterCBack (via Veneer)
</UL>

<P><STRONG><a name="[1b]"></a>LL_ProcessEvent</STRONG> (Thumb, 0 bytes, Stack size 0 bytes, rom1Sym.txt(ABSOLUTE), UNUSED)
<BR>[Address Reference Count : 1]<UL><LI> osal_simplebleperipheral.o(.constdata)
</UL>
<P><STRONG><a name="[92]"></a>LL_ReadRssi</STRONG> (Thumb, 0 bytes, Stack size 0 bytes, rom1Sym.txt(ABSOLUTE))
<BR><BR>[Called By]<UL><LI><a href="#[23]">&gt;&gt;</a>&nbsp;&nbsp;&nbsp;SimpleBLEPeripheral_ProcessEvent (via Veneer)
</UL>

<P><STRONG><a name="[87]"></a>LL_evt_schedule</STRONG> (Thumb, 0 bytes, Stack size 0 bytes, rom1Sym.txt(ABSOLUTE))
<BR><BR>[Called By]<UL><LI><a href="#[15]">&gt;&gt;</a>&nbsp;&nbsp;&nbsp;LL_SetScanControl1 (via Veneer)
</UL>

<P><STRONG><a name="[fc]"></a>SM_Init</STRONG> (Thumb, 0 bytes, Stack size 0 bytes, rom1Sym.txt(ABSOLUTE))
<BR><BR>[Called By]<UL><LI><a href="#[26]">&gt;&gt;</a>&nbsp;&nbsp;&nbsp;osalInitTasks (via Veneer)
</UL>

<P><STRONG><a name="[20]"></a>SM_ProcessEvent</STRONG> (Thumb, 0 bytes, Stack size 0 bytes, rom1Sym.txt(ABSOLUTE), UNUSED)
<BR>[Address Reference Count : 1]<UL><LI> osal_simplebleperipheral.o(.constdata)
</UL>
<P><STRONG><a name="[65]"></a>SM_ResponderInit</STRONG> (Thumb, 0 bytes, Stack size 0 bytes, rom1Sym.txt(ABSOLUTE))
<BR><BR>[Called By]<UL><LI><a href="#[60]">&gt;&gt;</a>&nbsp;&nbsp;&nbsp;GAP_DeviceInit (via Veneer)
</UL>

<P><STRONG><a name="[4b]"></a>__ARM_common_switch8</STRONG> (Thumb, 0 bytes, Stack size 0 bytes, rom1Sym.txt(ABSOLUTE))
<BR><BR>[Called By]<UL><LI><a href="#[24]">&gt;&gt;</a>&nbsp;&nbsp;&nbsp;simpleProfile_ReadAttrCB (via Veneer)
<LI><a href="#[90]">&gt;&gt;</a>&nbsp;&nbsp;&nbsp;SimpleProfile_SetParameter (via Veneer)
<LI><a href="#[94]">&gt;&gt;</a>&nbsp;&nbsp;&nbsp;SimpleProfile_GetParameter (via Veneer)
<LI><a href="#[1]">&gt;&gt;</a>&nbsp;&nbsp;&nbsp;peripheralStateNotificationCB (via Veneer)
<LI><a href="#[59]">&gt;&gt;</a>&nbsp;&nbsp;&nbsp;GAPRole_SetParameter (via Veneer)
<LI><a href="#[4a]">&gt;&gt;</a>&nbsp;&nbsp;&nbsp;GAPRole_GetParameter (via Veneer)
<LI><a href="#[ac]">&gt;&gt;</a>&nbsp;&nbsp;&nbsp;gapRole_ProcessGAPMsg (via Veneer)
<LI><a href="#[84]">&gt;&gt;</a>&nbsp;&nbsp;&nbsp;GGS_SetParameter (via Veneer)
<LI><a href="#[18]">&gt;&gt;</a>&nbsp;&nbsp;&nbsp;ggs_ReadAttrCB (via Veneer)
<LI><a href="#[60]">&gt;&gt;</a>&nbsp;&nbsp;&nbsp;GAP_DeviceInit (via Veneer)
<LI><a href="#[e0]">&gt;&gt;</a>&nbsp;&nbsp;&nbsp;hal_rom_code_ini (via Veneer)
<LI><a href="#[12e]">&gt;&gt;</a>&nbsp;&nbsp;&nbsp;rf_tp_cal (via Veneer)
<LI><a href="#[10e]">&gt;&gt;</a>&nbsp;&nbsp;&nbsp;rf_rxDcoc_cfg (via Veneer)
<LI><a href="#[16]">&gt;&gt;</a>&nbsp;&nbsp;&nbsp;llSetupAdv1 (via Veneer)
</UL>

<P><STRONG><a name="[e2]"></a>boot_init</STRONG> (Thumb, 0 bytes, Stack size 0 bytes, rom1Sym.txt(ABSOLUTE))
<BR><BR>[Called By]<UL><LI><a href="#[e0]">&gt;&gt;</a>&nbsp;&nbsp;&nbsp;hal_rom_code_ini (via Veneer)
</UL>

<P><STRONG><a name="[98]"></a>clock_time_rtc</STRONG> (Thumb, 0 bytes, Stack size 0 bytes, rom1Sym.txt(ABSOLUTE))
<BR><BR>[Called By]<UL><LI><a href="#[97]">&gt;&gt;</a>&nbsp;&nbsp;&nbsp;WaitRTCCount (via Veneer)
</UL>

<P><STRONG><a name="[da]"></a>disableSleep</STRONG> (Thumb, 0 bytes, Stack size 0 bytes, rom1Sym.txt(ABSOLUTE))
<BR><BR>[Called By]<UL><LI><a href="#[de]">&gt;&gt;</a>&nbsp;&nbsp;&nbsp;hal_pwrmgr_unlock (via Veneer)
<LI><a href="#[dc]">&gt;&gt;</a>&nbsp;&nbsp;&nbsp;hal_pwrmgr_lock (via Veneer)
<LI><a href="#[d9]">&gt;&gt;</a>&nbsp;&nbsp;&nbsp;hal_pwrmgr_init (via Veneer)
</UL>

<P><STRONG><a name="[db]"></a>enableSleep</STRONG> (Thumb, 0 bytes, Stack size 0 bytes, rom1Sym.txt(ABSOLUTE))
<BR><BR>[Called By]<UL><LI><a href="#[de]">&gt;&gt;</a>&nbsp;&nbsp;&nbsp;hal_pwrmgr_unlock (via Veneer)
<LI><a href="#[d9]">&gt;&gt;</a>&nbsp;&nbsp;&nbsp;hal_pwrmgr_init (via Veneer)
</UL>

<P><STRONG><a name="[10b]"></a>get_timer3_count</STRONG> (Thumb, 0 bytes, Stack size 0 bytes, rom1Sym.txt(ABSOLUTE))
<BR><BR>[Called By]<UL><LI><a href="#[10a]">&gt;&gt;</a>&nbsp;&nbsp;&nbsp;read_current_time (via Veneer)
</UL>

<P><STRONG><a name="[111]"></a>rom_hal_uart_init</STRONG> (Thumb, 0 bytes, Stack size 0 bytes, rom1Sym.txt(ABSOLUTE))
<BR><BR>[Called By]<UL><LI><a href="#[110]">&gt;&gt;</a>&nbsp;&nbsp;&nbsp;rf_phy_direct_test (via Veneer)
</UL>

<P><STRONG><a name="[11d]"></a>rom_hal_uart_send_byte</STRONG> (Thumb, 0 bytes, Stack size 0 bytes, rom1Sym.txt(ABSOLUTE))
<BR><BR>[Called By]<UL><LI><a href="#[115]">&gt;&gt;</a>&nbsp;&nbsp;&nbsp;rf_phy_dtm_evt_send (via Veneer)
</UL>

<P><STRONG><a name="[112]"></a>rom_hal_uart_tx</STRONG> (Thumb, 0 bytes, Stack size 0 bytes, rom1Sym.txt(ABSOLUTE))
<BR><BR>[Called By]<UL><LI><a href="#[110]">&gt;&gt;</a>&nbsp;&nbsp;&nbsp;rf_phy_direct_test (via Veneer)
</UL>

<P><STRONG><a name="[6b]"></a>linkDB_Register</STRONG> (Thumb, 0 bytes, Stack size 0 bytes, rom1Sym.txt(ABSOLUTE))
<BR><BR>[Called By]<UL><LI><a href="#[8f]">&gt;&gt;</a>&nbsp;&nbsp;&nbsp;SimpleProfile_AddService (via Veneer)
<LI><a href="#[67]">&gt;&gt;</a>&nbsp;&nbsp;&nbsp;GATTServApp_Init (via Veneer)
</UL>

<P><STRONG><a name="[af]"></a>linkDB_State</STRONG> (Thumb, 0 bytes, Stack size 0 bytes, rom1Sym.txt(ABSOLUTE))
<BR><BR>[Called By]<UL><LI><a href="#[e]">&gt;&gt;</a>&nbsp;&nbsp;&nbsp;simpleProfile_HandleConnStatusCB (via Veneer)
<LI><a href="#[c]">&gt;&gt;</a>&nbsp;&nbsp;&nbsp;gattServApp_HandleConnStatusCB (via Veneer)
</UL>

<P><STRONG><a name="[ee]"></a>llSetupDirectedAdvEvt</STRONG> (Thumb, 0 bytes, Stack size 0 bytes, rom1Sym.txt(ABSOLUTE))
<BR><BR>[Called By]<UL><LI><a href="#[16]">&gt;&gt;</a>&nbsp;&nbsp;&nbsp;llSetupAdv1 (via Veneer)
</UL>

<P><STRONG><a name="[f0]"></a>llSetupNonConnectableAdvEvt</STRONG> (Thumb, 0 bytes, Stack size 0 bytes, rom1Sym.txt(ABSOLUTE))
<BR><BR>[Called By]<UL><LI><a href="#[16]">&gt;&gt;</a>&nbsp;&nbsp;&nbsp;llSetupAdv1 (via Veneer)
</UL>

<P><STRONG><a name="[f1]"></a>llSetupScannableAdvEvt</STRONG> (Thumb, 0 bytes, Stack size 0 bytes, rom1Sym.txt(ABSOLUTE))
<BR><BR>[Called By]<UL><LI><a href="#[16]">&gt;&gt;</a>&nbsp;&nbsp;&nbsp;llSetupAdv1 (via Veneer)
</UL>

<P><STRONG><a name="[ef]"></a>llSetupUndirectedAdvEvt</STRONG> (Thumb, 0 bytes, Stack size 0 bytes, rom1Sym.txt(ABSOLUTE))
<BR><BR>[Called By]<UL><LI><a href="#[16]">&gt;&gt;</a>&nbsp;&nbsp;&nbsp;llSetupAdv1 (via Veneer)
</UL>

<P><STRONG><a name="[89]"></a>ll_debug_output</STRONG> (Thumb, 0 bytes, Stack size 0 bytes, rom1Sym.txt(ABSOLUTE))
<BR><BR>[Called By]<UL><LI><a href="#[15]">&gt;&gt;</a>&nbsp;&nbsp;&nbsp;LL_SetScanControl1 (via Veneer)
</UL>

<P><STRONG><a name="[119]"></a>ll_hw_clr_irq</STRONG> (Thumb, 0 bytes, Stack size 0 bytes, rom1Sym.txt(ABSOLUTE))
<BR><BR>[Called By]<UL><LI><a href="#[11e]">&gt;&gt;</a>&nbsp;&nbsp;&nbsp;rf_phy_dtm_ext_rx_demod_burst (via Veneer)
<LI><a href="#[110]">&gt;&gt;</a>&nbsp;&nbsp;&nbsp;rf_phy_direct_test (via Veneer)
<LI><a href="#[116]">&gt;&gt;</a>&nbsp;&nbsp;&nbsp;rf_phy_dtm_trigged (via Veneer)
</UL>

<P><STRONG><a name="[118]"></a>ll_hw_get_irq_status</STRONG> (Thumb, 0 bytes, Stack size 0 bytes, rom1Sym.txt(ABSOLUTE))
<BR><BR>[Called By]<UL><LI><a href="#[11e]">&gt;&gt;</a>&nbsp;&nbsp;&nbsp;rf_phy_dtm_ext_rx_demod_burst (via Veneer)
<LI><a href="#[110]">&gt;&gt;</a>&nbsp;&nbsp;&nbsp;rf_phy_direct_test (via Veneer)
</UL>

<P><STRONG><a name="[f2]"></a>ll_hw_get_tr_mode</STRONG> (Thumb, 0 bytes, Stack size 0 bytes, rom1Sym.txt(ABSOLUTE))
<BR><BR>[Called By]<UL><LI><a href="#[13]">&gt;&gt;</a>&nbsp;&nbsp;&nbsp;ll_hw_go1 (via Veneer)
</UL>

<P><STRONG><a name="[eb]"></a>ll_hw_ign_rfifo</STRONG> (Thumb, 0 bytes, Stack size 0 bytes, rom1Sym.txt(ABSOLUTE))
<BR><BR>[Called By]<UL><LI><a href="#[16]">&gt;&gt;</a>&nbsp;&nbsp;&nbsp;llSetupAdv1 (via Veneer)
</UL>

<P><STRONG><a name="[ec]"></a>ll_hw_rst_rfifo</STRONG> (Thumb, 0 bytes, Stack size 0 bytes, rom1Sym.txt(ABSOLUTE))
<BR><BR>[Called By]<UL><LI><a href="#[16]">&gt;&gt;</a>&nbsp;&nbsp;&nbsp;llSetupAdv1 (via Veneer)
</UL>

<P><STRONG><a name="[ed]"></a>ll_hw_rst_tfifo</STRONG> (Thumb, 0 bytes, Stack size 0 bytes, rom1Sym.txt(ABSOLUTE))
<BR><BR>[Called By]<UL><LI><a href="#[116]">&gt;&gt;</a>&nbsp;&nbsp;&nbsp;rf_phy_dtm_trigged (via Veneer)
<LI><a href="#[16]">&gt;&gt;</a>&nbsp;&nbsp;&nbsp;llSetupAdv1 (via Veneer)
</UL>

<P><STRONG><a name="[129]"></a>ll_hw_set_irq</STRONG> (Thumb, 0 bytes, Stack size 0 bytes, rom1Sym.txt(ABSOLUTE))
<BR><BR>[Called By]<UL><LI><a href="#[116]">&gt;&gt;</a>&nbsp;&nbsp;&nbsp;rf_phy_dtm_trigged (via Veneer)
</UL>

<P><STRONG><a name="[8a]"></a>ll_hw_set_rx_timeout</STRONG> (Thumb, 0 bytes, Stack size 0 bytes, rom1Sym.txt(ABSOLUTE))
<BR><BR>[Called By]<UL><LI><a href="#[15]">&gt;&gt;</a>&nbsp;&nbsp;&nbsp;LL_SetScanControl1 (via Veneer)
</UL>

<P><STRONG><a name="[12b]"></a>ll_hw_set_srx</STRONG> (Thumb, 0 bytes, Stack size 0 bytes, rom1Sym.txt(ABSOLUTE))
<BR><BR>[Called By]<UL><LI><a href="#[116]">&gt;&gt;</a>&nbsp;&nbsp;&nbsp;rf_phy_dtm_trigged (via Veneer)
</UL>

<P><STRONG><a name="[12a]"></a>ll_hw_set_stx</STRONG> (Thumb, 0 bytes, Stack size 0 bytes, rom1Sym.txt(ABSOLUTE))
<BR><BR>[Called By]<UL><LI><a href="#[116]">&gt;&gt;</a>&nbsp;&nbsp;&nbsp;rf_phy_dtm_trigged (via Veneer)
</UL>

<P><STRONG><a name="[125]"></a>ll_hw_set_timing</STRONG> (Thumb, 0 bytes, Stack size 0 bytes, rom1Sym.txt(ABSOLUTE))
<BR><BR>[Called By]<UL><LI><a href="#[116]">&gt;&gt;</a>&nbsp;&nbsp;&nbsp;rf_phy_dtm_trigged (via Veneer)
</UL>

<P><STRONG><a name="[117]"></a>ll_hw_set_trx_settle</STRONG> (Thumb, 0 bytes, Stack size 0 bytes, rom1Sym.txt(ABSOLUTE))
<BR><BR>[Called By]<UL><LI><a href="#[121]">&gt;&gt;</a>&nbsp;&nbsp;&nbsp;rf_phy_dtm_ext_tx_mod_burst (via Veneer)
<LI><a href="#[110]">&gt;&gt;</a>&nbsp;&nbsp;&nbsp;rf_phy_direct_test (via Veneer)
</UL>

<P><STRONG><a name="[11a]"></a>ll_hw_trigger</STRONG> (Thumb, 0 bytes, Stack size 0 bytes, rom1Sym.txt(ABSOLUTE))
<BR><BR>[Called By]<UL><LI><a href="#[121]">&gt;&gt;</a>&nbsp;&nbsp;&nbsp;rf_phy_dtm_ext_tx_mod_burst (via Veneer)
<LI><a href="#[11e]">&gt;&gt;</a>&nbsp;&nbsp;&nbsp;rf_phy_dtm_ext_rx_demod_burst (via Veneer)
<LI><a href="#[110]">&gt;&gt;</a>&nbsp;&nbsp;&nbsp;rf_phy_direct_test (via Veneer)
<LI><a href="#[116]">&gt;&gt;</a>&nbsp;&nbsp;&nbsp;rf_phy_dtm_trigged (via Veneer)
</UL>

<P><STRONG><a name="[12d]"></a>ll_hw_write_tfifo</STRONG> (Thumb, 0 bytes, Stack size 0 bytes, rom1Sym.txt(ABSOLUTE))
<BR><BR>[Called By]<UL><LI><a href="#[128]">&gt;&gt;</a>&nbsp;&nbsp;&nbsp;rf_phy_dtm_zigbee_pkt_gen (via Veneer)
</UL>

<P><STRONG><a name="[5d]"></a>osal_get_timeoutEx</STRONG> (Thumb, 0 bytes, Stack size 0 bytes, rom1Sym.txt(ABSOLUTE))
<BR><BR>[Called By]<UL><LI><a href="#[59]">&gt;&gt;</a>&nbsp;&nbsp;&nbsp;GAPRole_SetParameter (via Veneer)
<LI><a href="#[ac]">&gt;&gt;</a>&nbsp;&nbsp;&nbsp;gapRole_ProcessGAPMsg (via Veneer)
</UL>

<P><STRONG><a name="[a0]"></a>osal_init_system</STRONG> (Thumb, 0 bytes, Stack size 0 bytes, rom1Sym.txt(ABSOLUTE))
<BR><BR>[Called By]<UL><LI><a href="#[9f]">&gt;&gt;</a>&nbsp;&nbsp;&nbsp;app_main (via Veneer)
</UL>

<P><STRONG><a name="[40]"></a>osal_isbufset</STRONG> (Thumb, 0 bytes, Stack size 0 bytes, rom1Sym.txt(ABSOLUTE))
<BR><BR>[Called By]<UL><LI><a href="#[3c]">&gt;&gt;</a>&nbsp;&nbsp;&nbsp;GAPBondMgr_ResolveAddr (via Veneer)
<LI><a href="#[3b]">&gt;&gt;</a>&nbsp;&nbsp;&nbsp;GAPBondMgr_LinkEst (via Veneer)
</UL>

<P><STRONG><a name="[7e]"></a>osal_mem_alloc</STRONG> (Thumb, 0 bytes, Stack size 0 bytes, rom1Sym.txt(ABSOLUTE))
<BR><BR>[Called By]<UL><LI><a href="#[26]">&gt;&gt;</a>&nbsp;&nbsp;&nbsp;osalInitTasks (via Veneer)
<LI><a href="#[38]">&gt;&gt;</a>&nbsp;&nbsp;&nbsp;GATTServApp_RegisterService (via Veneer)
</UL>

<P><STRONG><a name="[f4]"></a>osal_mem_set_heap</STRONG> (Thumb, 0 bytes, Stack size 0 bytes, rom1Sym.txt(ABSOLUTE))
<BR><BR>[Called By]<UL><LI><a href="#[9]">&gt;&gt;</a>&nbsp;&nbsp;&nbsp;main (via Veneer)
</UL>

<P><STRONG><a name="[47]"></a>osal_memcmp</STRONG> (Thumb, 0 bytes, Stack size 0 bytes, rom1Sym.txt(ABSOLUTE))
<BR><BR>[Called By]<UL><LI><a href="#[b3]">&gt;&gt;</a>&nbsp;&nbsp;&nbsp;gattServApp_ProcessFindByTypeValueReq (via Veneer)
<LI><a href="#[3c]">&gt;&gt;</a>&nbsp;&nbsp;&nbsp;GAPBondMgr_ResolveAddr (via Veneer)
<LI><a href="#[46]">&gt;&gt;</a>&nbsp;&nbsp;&nbsp;gapBondMgrFindAddr (via Veneer)
</UL>

<P><STRONG><a name="[3a]"></a>osal_memcpy</STRONG> (Thumb, 0 bytes, Stack size 0 bytes, rom1Sym.txt(ABSOLUTE))
<BR><BR>[Called By]<UL><LI><a href="#[25]">&gt;&gt;</a>&nbsp;&nbsp;&nbsp;simpleProfile_WriteAttrCB (via Veneer)
<LI><a href="#[24]">&gt;&gt;</a>&nbsp;&nbsp;&nbsp;simpleProfile_ReadAttrCB (via Veneer)
<LI><a href="#[93]">&gt;&gt;</a>&nbsp;&nbsp;&nbsp;simpleProfile_Notify (via Veneer)
<LI><a href="#[90]">&gt;&gt;</a>&nbsp;&nbsp;&nbsp;SimpleProfile_SetParameter (via Veneer)
<LI><a href="#[94]">&gt;&gt;</a>&nbsp;&nbsp;&nbsp;SimpleProfile_GetParameter (via Veneer)
<LI><a href="#[132]">&gt;&gt;</a>&nbsp;&nbsp;&nbsp;updateAdvData (via Veneer)
<LI><a href="#[1]">&gt;&gt;</a>&nbsp;&nbsp;&nbsp;peripheralStateNotificationCB (via Veneer)
<LI><a href="#[ba]">&gt;&gt;</a>&nbsp;&nbsp;&nbsp;gattServApp_ProcessReadMultiReq (via Veneer)
<LI><a href="#[b7]">&gt;&gt;</a>&nbsp;&nbsp;&nbsp;gattServApp_ProcessReadByTypeReq (via Veneer)
<LI><a href="#[bb]">&gt;&gt;</a>&nbsp;&nbsp;&nbsp;gattServApp_ProcessReadByGrpTypeReq (via Veneer)
<LI><a href="#[bd]">&gt;&gt;</a>&nbsp;&nbsp;&nbsp;gattServApp_ProcessPrepareWriteReq (via Veneer)
<LI><a href="#[59]">&gt;&gt;</a>&nbsp;&nbsp;&nbsp;GAPRole_SetParameter (via Veneer)
<LI><a href="#[21]">&gt;&gt;</a>&nbsp;&nbsp;&nbsp;GAPRole_ProcessEvent (via Veneer)
<LI><a href="#[4a]">&gt;&gt;</a>&nbsp;&nbsp;&nbsp;GAPRole_GetParameter (via Veneer)
<LI><a href="#[ac]">&gt;&gt;</a>&nbsp;&nbsp;&nbsp;gapRole_ProcessGAPMsg (via Veneer)
<LI><a href="#[3d]">&gt;&gt;</a>&nbsp;&nbsp;&nbsp;osal_snv_read (via Veneer)
<LI><a href="#[73]">&gt;&gt;</a>&nbsp;&nbsp;&nbsp;GATTServApp_ReadAttr (via Veneer)
<LI><a href="#[3c]">&gt;&gt;</a>&nbsp;&nbsp;&nbsp;GAPBondMgr_ResolveAddr (via Veneer)
<LI><a href="#[49]">&gt;&gt;</a>&nbsp;&nbsp;&nbsp;gapBondMgrGetPublicAddr (via Veneer)
<LI><a href="#[84]">&gt;&gt;</a>&nbsp;&nbsp;&nbsp;GGS_SetParameter (via Veneer)
<LI><a href="#[19]">&gt;&gt;</a>&nbsp;&nbsp;&nbsp;ggs_WriteAttrCB (via Veneer)
<LI><a href="#[18]">&gt;&gt;</a>&nbsp;&nbsp;&nbsp;ggs_ReadAttrCB (via Veneer)
<LI><a href="#[39]">&gt;&gt;</a>&nbsp;&nbsp;&nbsp;DevInfo_SetParameter (via Veneer)
<LI><a href="#[17]">&gt;&gt;</a>&nbsp;&nbsp;&nbsp;devInfo_ReadAttrCB (via Veneer)
</UL>

<P><STRONG><a name="[3e]"></a>osal_memset</STRONG> (Thumb, 0 bytes, Stack size 0 bytes, rom1Sym.txt(ABSOLUTE))
<BR><BR>[Called By]<UL><LI><a href="#[26]">&gt;&gt;</a>&nbsp;&nbsp;&nbsp;osalInitTasks (via Veneer)
<LI><a href="#[69]">&gt;&gt;</a>&nbsp;&nbsp;&nbsp;gattServApp_SetNumPrepareWrites (via Veneer)
<LI><a href="#[b3]">&gt;&gt;</a>&nbsp;&nbsp;&nbsp;gattServApp_ProcessFindByTypeValueReq (via Veneer)
<LI><a href="#[b1]">&gt;&gt;</a>&nbsp;&nbsp;&nbsp;gattServApp_ProcessExecuteWriteReq (via Veneer)
<LI><a href="#[c]">&gt;&gt;</a>&nbsp;&nbsp;&nbsp;gattServApp_HandleConnStatusCB (via Veneer)
<LI><a href="#[59]">&gt;&gt;</a>&nbsp;&nbsp;&nbsp;GAPRole_SetParameter (via Veneer)
<LI><a href="#[4d]">&gt;&gt;</a>&nbsp;&nbsp;&nbsp;GAPRole_Init (via Veneer)
<LI><a href="#[ac]">&gt;&gt;</a>&nbsp;&nbsp;&nbsp;gapRole_ProcessGAPMsg (via Veneer)
<LI><a href="#[73]">&gt;&gt;</a>&nbsp;&nbsp;&nbsp;GATTServApp_ReadAttr (via Veneer)
<LI><a href="#[3b]">&gt;&gt;</a>&nbsp;&nbsp;&nbsp;GAPBondMgr_LinkEst (via Veneer)
<LI><a href="#[84]">&gt;&gt;</a>&nbsp;&nbsp;&nbsp;GGS_SetParameter (via Veneer)
</UL>

<P><STRONG><a name="[7f]"></a>osal_msg_allocate</STRONG> (Thumb, 0 bytes, Stack size 0 bytes, rom1Sym.txt(ABSOLUTE))
<BR><BR>[Called By]<UL><LI><a href="#[70]">&gt;&gt;</a>&nbsp;&nbsp;&nbsp;GATTServApp_SendCCCUpdatedEvent (via Veneer)
</UL>

<P><STRONG><a name="[51]"></a>osal_msg_deallocate</STRONG> (Thumb, 0 bytes, Stack size 0 bytes, rom1Sym.txt(ABSOLUTE))
<BR><BR>[Called By]<UL><LI><a href="#[23]">&gt;&gt;</a>&nbsp;&nbsp;&nbsp;SimpleBLEPeripheral_ProcessEvent (via Veneer)
<LI><a href="#[22]">&gt;&gt;</a>&nbsp;&nbsp;&nbsp;GATTServApp_ProcessEvent (via Veneer)
<LI><a href="#[21]">&gt;&gt;</a>&nbsp;&nbsp;&nbsp;GAPRole_ProcessEvent (via Veneer)
</UL>

<P><STRONG><a name="[4f]"></a>osal_msg_receive</STRONG> (Thumb, 0 bytes, Stack size 0 bytes, rom1Sym.txt(ABSOLUTE))
<BR><BR>[Called By]<UL><LI><a href="#[23]">&gt;&gt;</a>&nbsp;&nbsp;&nbsp;SimpleBLEPeripheral_ProcessEvent (via Veneer)
<LI><a href="#[22]">&gt;&gt;</a>&nbsp;&nbsp;&nbsp;GATTServApp_ProcessEvent (via Veneer)
<LI><a href="#[21]">&gt;&gt;</a>&nbsp;&nbsp;&nbsp;GAPRole_ProcessEvent (via Veneer)
</UL>

<P><STRONG><a name="[80]"></a>osal_msg_send</STRONG> (Thumb, 0 bytes, Stack size 0 bytes, rom1Sym.txt(ABSOLUTE))
<BR><BR>[Called By]<UL><LI><a href="#[70]">&gt;&gt;</a>&nbsp;&nbsp;&nbsp;GATTServApp_SendCCCUpdatedEvent (via Veneer)
</UL>

<P><STRONG><a name="[a1]"></a>osal_pwrmgr_device</STRONG> (Thumb, 0 bytes, Stack size 0 bytes, rom1Sym.txt(ABSOLUTE))
<BR><BR>[Called By]<UL><LI><a href="#[9f]">&gt;&gt;</a>&nbsp;&nbsp;&nbsp;app_main (via Veneer)
</UL>

<P><STRONG><a name="[5b]"></a>osal_set_event</STRONG> (Thumb, 0 bytes, Stack size 0 bytes, rom1Sym.txt(ABSOLUTE))
<BR><BR>[Called By]<UL><LI><a href="#[8c]">&gt;&gt;</a>&nbsp;&nbsp;&nbsp;SimpleBLEPeripheral_Init (via Veneer)
<LI><a href="#[59]">&gt;&gt;</a>&nbsp;&nbsp;&nbsp;GAPRole_SetParameter (via Veneer)
<LI><a href="#[ac]">&gt;&gt;</a>&nbsp;&nbsp;&nbsp;gapRole_ProcessGAPMsg (via Veneer)
<LI><a href="#[16]">&gt;&gt;</a>&nbsp;&nbsp;&nbsp;llSetupAdv1 (via Veneer)
<LI><a href="#[15]">&gt;&gt;</a>&nbsp;&nbsp;&nbsp;LL_SetScanControl1 (via Veneer)
</UL>

<P><STRONG><a name="[a2]"></a>osal_start_system</STRONG> (Thumb, 0 bytes, Stack size 0 bytes, rom1Sym.txt(ABSOLUTE))
<BR><BR>[Called By]<UL><LI><a href="#[9f]">&gt;&gt;</a>&nbsp;&nbsp;&nbsp;app_main (via Veneer)
</UL>

<P><STRONG><a name="[54]"></a>osal_start_timerEx</STRONG> (Thumb, 0 bytes, Stack size 0 bytes, rom1Sym.txt(ABSOLUTE))
<BR><BR>[Called By]<UL><LI><a href="#[132]">&gt;&gt;</a>&nbsp;&nbsp;&nbsp;updateAdvData (via Veneer)
<LI><a href="#[0]">&gt;&gt;</a>&nbsp;&nbsp;&nbsp;simpleProfileChangeCB (via Veneer)
<LI><a href="#[23]">&gt;&gt;</a>&nbsp;&nbsp;&nbsp;SimpleBLEPeripheral_ProcessEvent (via Veneer)
<LI><a href="#[59]">&gt;&gt;</a>&nbsp;&nbsp;&nbsp;GAPRole_SetParameter (via Veneer)
<LI><a href="#[21]">&gt;&gt;</a>&nbsp;&nbsp;&nbsp;GAPRole_ProcessEvent (via Veneer)
<LI><a href="#[55]">&gt;&gt;</a>&nbsp;&nbsp;&nbsp;gapRole_startConnUpdate (via Veneer)
<LI><a href="#[50]">&gt;&gt;</a>&nbsp;&nbsp;&nbsp;gapRole_ProcessOSALMsg (via Veneer)
<LI><a href="#[ac]">&gt;&gt;</a>&nbsp;&nbsp;&nbsp;gapRole_ProcessGAPMsg (via Veneer)
</UL>

<P><STRONG><a name="[58]"></a>osal_stop_timerEx</STRONG> (Thumb, 0 bytes, Stack size 0 bytes, rom1Sym.txt(ABSOLUTE))
<BR><BR>[Called By]<UL><LI><a href="#[0]">&gt;&gt;</a>&nbsp;&nbsp;&nbsp;simpleProfileChangeCB (via Veneer)
<LI><a href="#[1]">&gt;&gt;</a>&nbsp;&nbsp;&nbsp;peripheralStateNotificationCB (via Veneer)
<LI><a href="#[23]">&gt;&gt;</a>&nbsp;&nbsp;&nbsp;SimpleBLEPeripheral_ProcessEvent (via Veneer)
<LI><a href="#[59]">&gt;&gt;</a>&nbsp;&nbsp;&nbsp;GAPRole_SetParameter (via Veneer)
<LI><a href="#[56]">&gt;&gt;</a>&nbsp;&nbsp;&nbsp;GAPRole_SendUpdateParam (via Veneer)
<LI><a href="#[50]">&gt;&gt;</a>&nbsp;&nbsp;&nbsp;gapRole_ProcessOSALMsg (via Veneer)
<LI><a href="#[ac]">&gt;&gt;</a>&nbsp;&nbsp;&nbsp;gapRole_ProcessGAPMsg (via Veneer)
</UL>

<P><STRONG><a name="[7c]"></a>osal_strlen</STRONG> (Thumb, 0 bytes, Stack size 0 bytes, rom1Sym.txt(ABSOLUTE))
<BR><BR>[Called By]<UL><LI><a href="#[73]">&gt;&gt;</a>&nbsp;&nbsp;&nbsp;GATTServApp_ReadAttr (via Veneer)
<LI><a href="#[19]">&gt;&gt;</a>&nbsp;&nbsp;&nbsp;ggs_WriteAttrCB (via Veneer)
<LI><a href="#[18]">&gt;&gt;</a>&nbsp;&nbsp;&nbsp;ggs_ReadAttrCB (via Veneer)
</UL>

<P><STRONG><a name="[8b]"></a>read_current_fine_time</STRONG> (Thumb, 0 bytes, Stack size 0 bytes, rom1Sym.txt(ABSOLUTE))
<BR><BR>[Called By]<UL><LI><a href="#[15]">&gt;&gt;</a>&nbsp;&nbsp;&nbsp;LL_SetScanControl1 (via Veneer)
</UL>

<P><STRONG><a name="[f3]"></a>set_max_length</STRONG> (Thumb, 0 bytes, Stack size 0 bytes, rom1Sym.txt(ABSOLUTE))
<BR><BR>[Called By]<UL><LI><a href="#[13]">&gt;&gt;</a>&nbsp;&nbsp;&nbsp;ll_hw_go1 (via Veneer)
</UL>

<P><STRONG><a name="[e3]"></a>wakeup_init</STRONG> (Thumb, 0 bytes, Stack size 0 bytes, rom1Sym.txt(ABSOLUTE))
<BR><BR>[Called By]<UL><LI><a href="#[e0]">&gt;&gt;</a>&nbsp;&nbsp;&nbsp;hal_rom_code_ini (via Veneer)
</UL>

<P><STRONG><a name="[12c]"></a>zigbee_crc16_gen</STRONG> (Thumb, 0 bytes, Stack size 0 bytes, rom1Sym.txt(ABSOLUTE))
<BR><BR>[Called By]<UL><LI><a href="#[128]">&gt;&gt;</a>&nbsp;&nbsp;&nbsp;rf_phy_dtm_zigbee_pkt_gen (via Veneer)
</UL>

<P><STRONG><a name="[b]"></a>__main</STRONG> (Thumb, 0 bytes, Stack size 0 bytes, entry.o(.ARM.Collect$$$$00000000))
<BR>[Address Reference Count : 1]<UL><LI> startup_armcm0.o(.text)
</UL>
<P><STRONG><a name="[2d]"></a>_main_scatterload</STRONG> (Thumb, 0 bytes, Stack size 0 bytes, entry5.o(.ARM.Collect$$$$00000004))
<BR><BR>[Calls]<UL><LI><a href="#[2e]">&gt;&gt;</a>&nbsp;&nbsp;&nbsp;__scatterload
</UL>

<P><STRONG><a name="[36]"></a>__main_after_scatterload</STRONG> (Thumb, 0 bytes, Stack size 0 bytes, entry5.o(.ARM.Collect$$$$00000004))
<BR><BR>[Called By]<UL><LI><a href="#[2e]">&gt;&gt;</a>&nbsp;&nbsp;&nbsp;__scatterload
</UL>

<P><STRONG><a name="[3]"></a>Reset_Handler</STRONG> (Thumb, 8 bytes, Stack size 0 bytes, startup_armcm0.o(.text))
<BR>[Address Reference Count : 1]<UL><LI> startup_armcm0.o(RESET)
</UL>
<P><STRONG><a name="[4]"></a>NMI_Handler</STRONG> (Thumb, 2 bytes, Stack size 0 bytes, startup_armcm0.o(.text))
<BR><BR>[Calls]<UL><LI><a href="#[4]">&gt;&gt;</a>&nbsp;&nbsp;&nbsp;NMI_Handler
</UL>
<BR>[Called By]<UL><LI><a href="#[4]">&gt;&gt;</a>&nbsp;&nbsp;&nbsp;NMI_Handler
</UL>
<BR>[Address Reference Count : 1]<UL><LI> startup_armcm0.o(RESET)
</UL>
<P><STRONG><a name="[5]"></a>HardFault_Handler</STRONG> (Thumb, 2 bytes, Stack size 0 bytes, startup_armcm0.o(.text))
<BR><BR>[Calls]<UL><LI><a href="#[5]">&gt;&gt;</a>&nbsp;&nbsp;&nbsp;HardFault_Handler
</UL>
<BR>[Called By]<UL><LI><a href="#[5]">&gt;&gt;</a>&nbsp;&nbsp;&nbsp;HardFault_Handler
</UL>
<BR>[Address Reference Count : 1]<UL><LI> startup_armcm0.o(RESET)
</UL>
<P><STRONG><a name="[6]"></a>SVC_Handler</STRONG> (Thumb, 2 bytes, Stack size 0 bytes, startup_armcm0.o(.text))
<BR><BR>[Calls]<UL><LI><a href="#[6]">&gt;&gt;</a>&nbsp;&nbsp;&nbsp;SVC_Handler
</UL>
<BR>[Called By]<UL><LI><a href="#[6]">&gt;&gt;</a>&nbsp;&nbsp;&nbsp;SVC_Handler
</UL>
<BR>[Address Reference Count : 1]<UL><LI> startup_armcm0.o(RESET)
</UL>
<P><STRONG><a name="[7]"></a>PendSV_Handler</STRONG> (Thumb, 2 bytes, Stack size 0 bytes, startup_armcm0.o(.text))
<BR><BR>[Calls]<UL><LI><a href="#[7]">&gt;&gt;</a>&nbsp;&nbsp;&nbsp;PendSV_Handler
</UL>
<BR>[Called By]<UL><LI><a href="#[7]">&gt;&gt;</a>&nbsp;&nbsp;&nbsp;PendSV_Handler
</UL>
<BR>[Address Reference Count : 1]<UL><LI> startup_armcm0.o(RESET)
</UL>
<P><STRONG><a name="[8]"></a>SysTick_Handler</STRONG> (Thumb, 2 bytes, Stack size 0 bytes, startup_armcm0.o(.text))
<BR><BR>[Calls]<UL><LI><a href="#[8]">&gt;&gt;</a>&nbsp;&nbsp;&nbsp;SysTick_Handler
</UL>
<BR>[Called By]<UL><LI><a href="#[8]">&gt;&gt;</a>&nbsp;&nbsp;&nbsp;SysTick_Handler
</UL>
<BR>[Address Reference Count : 1]<UL><LI> startup_armcm0.o(RESET)
</UL>
<P><STRONG><a name="[2f]"></a>AACI_IRQHandler</STRONG> (Thumb, 0 bytes, Stack size 0 bytes, startup_armcm0.o(.text), UNUSED)
<BR><BR>[Calls]<UL><LI><a href="#[2f]">&gt;&gt;</a>&nbsp;&nbsp;&nbsp;AACI_IRQHandler
</UL>
<BR>[Called By]<UL><LI><a href="#[2f]">&gt;&gt;</a>&nbsp;&nbsp;&nbsp;AACI_IRQHandler
</UL>

<P><STRONG><a name="[85]"></a>__aeabi_memcpy</STRONG> (Thumb, 36 bytes, Stack size 0 bytes, memcpya.o(.text))
<BR><BR>[Called By]<UL><LI><a href="#[e7]">&gt;&gt;</a>&nbsp;&nbsp;&nbsp;txmit_buf_use_tx_buf
<LI><a href="#[84]">&gt;&gt;</a>&nbsp;&nbsp;&nbsp;GGS_SetParameter
</UL>

<P><STRONG><a name="[a4]"></a>__aeabi_memcpy4</STRONG> (Thumb, 0 bytes, Stack size 0 bytes, memcpya.o(.text))
<BR><BR>[Called By]<UL><LI><a href="#[a3]">&gt;&gt;</a>&nbsp;&nbsp;&nbsp;bdAddr2Str
</UL>

<P><STRONG><a name="[31]"></a>__aeabi_memset</STRONG> (Thumb, 14 bytes, Stack size 0 bytes, memseta.o(.text))
<BR><BR>[Called By]<UL><LI><a href="#[32]">&gt;&gt;</a>&nbsp;&nbsp;&nbsp;_memset$wrapper
<LI><a href="#[30]">&gt;&gt;</a>&nbsp;&nbsp;&nbsp;__aeabi_memclr
</UL>

<P><STRONG><a name="[30]"></a>__aeabi_memclr</STRONG> (Thumb, 4 bytes, Stack size 0 bytes, memseta.o(.text))
<BR><BR>[Calls]<UL><LI><a href="#[31]">&gt;&gt;</a>&nbsp;&nbsp;&nbsp;__aeabi_memset
</UL>
<BR>[Called By]<UL><LI><a href="#[ad]">&gt;&gt;</a>&nbsp;&nbsp;&nbsp;phy_printf
</UL>

<P><STRONG><a name="[d0]"></a>__aeabi_memclr4</STRONG> (Thumb, 0 bytes, Stack size 0 bytes, memseta.o(.text))
<BR><BR>[Called By]<UL><LI><a href="#[d9]">&gt;&gt;</a>&nbsp;&nbsp;&nbsp;hal_pwrmgr_init
<LI><a href="#[cf]">&gt;&gt;</a>&nbsp;&nbsp;&nbsp;hal_gpio_init
</UL>

<P><STRONG><a name="[32]"></a>_memset$wrapper</STRONG> (Thumb, 18 bytes, Stack size 0 bytes, memseta.o(.text), UNUSED)
<BR><BR>[Calls]<UL><LI><a href="#[31]">&gt;&gt;</a>&nbsp;&nbsp;&nbsp;__aeabi_memset
</UL>

<P><STRONG><a name="[33]"></a>__aeabi_uldivmod</STRONG> (Thumb, 96 bytes, Stack size 0 bytes, uldiv.o(.text), UNUSED)
<BR><BR>[Calls]<UL><LI><a href="#[34]">&gt;&gt;</a>&nbsp;&nbsp;&nbsp;__aeabi_llsr
<LI><a href="#[35]">&gt;&gt;</a>&nbsp;&nbsp;&nbsp;__aeabi_llsl
</UL>
<BR>[Called By]<UL><LI><a href="#[9c]">&gt;&gt;</a>&nbsp;&nbsp;&nbsp;_printf_core
</UL>

<P><STRONG><a name="[2e]"></a>__scatterload</STRONG> (Thumb, 28 bytes, Stack size 0 bytes, init.o(.text))
<BR><BR>[Calls]<UL><LI><a href="#[36]">&gt;&gt;</a>&nbsp;&nbsp;&nbsp;__main_after_scatterload
</UL>
<BR>[Called By]<UL><LI><a href="#[2d]">&gt;&gt;</a>&nbsp;&nbsp;&nbsp;_main_scatterload
</UL>

<P><STRONG><a name="[35]"></a>__aeabi_llsl</STRONG> (Thumb, 32 bytes, Stack size 0 bytes, llshl.o(.text), UNUSED)
<BR><BR>[Called By]<UL><LI><a href="#[33]">&gt;&gt;</a>&nbsp;&nbsp;&nbsp;__aeabi_uldivmod
</UL>

<P><STRONG><a name="[34]"></a>__aeabi_llsr</STRONG> (Thumb, 34 bytes, Stack size 0 bytes, llushr.o(.text), UNUSED)
<BR><BR>[Called By]<UL><LI><a href="#[33]">&gt;&gt;</a>&nbsp;&nbsp;&nbsp;__aeabi_uldivmod
</UL>

<P><STRONG><a name="[37]"></a>DevInfo_AddService</STRONG> (Thumb, 14 bytes, Stack size 0 bytes, devinfoservice.o(i.DevInfo_AddService))
<BR><BR>[Calls]<UL><LI><a href="#[38]">&gt;&gt;</a>&nbsp;&nbsp;&nbsp;GATTServApp_RegisterService
</UL>
<BR>[Called By]<UL><LI><a href="#[8c]">&gt;&gt;</a>&nbsp;&nbsp;&nbsp;SimpleBLEPeripheral_Init
</UL>

<P><STRONG><a name="[39]"></a>DevInfo_SetParameter</STRONG> (Thumb, 28 bytes, Stack size 0 bytes, devinfoservice.o(i.DevInfo_SetParameter))
<BR><BR>[Calls]<UL><LI><a href="#[3a]">&gt;&gt;</a>&nbsp;&nbsp;&nbsp;osal_memcpy (via Veneer)
</UL>
<BR>[Called By]<UL><LI><a href="#[1]">&gt;&gt;</a>&nbsp;&nbsp;&nbsp;peripheralStateNotificationCB
</UL>

<P><STRONG><a name="[3b]"></a>GAPBondMgr_LinkEst</STRONG> (Thumb, 316 bytes, Stack size 0 bytes, gapbondmgr.o(i.GAPBondMgr_LinkEst))
<BR><BR>[Calls]<UL><LI><a href="#[3d]">&gt;&gt;</a>&nbsp;&nbsp;&nbsp;osal_snv_read
<LI><a href="#[40]">&gt;&gt;</a>&nbsp;&nbsp;&nbsp;osal_isbufset (via Veneer)
<LI><a href="#[43]">&gt;&gt;</a>&nbsp;&nbsp;&nbsp;GATTServApp_UpdateCharCfg
<LI><a href="#[44]">&gt;&gt;</a>&nbsp;&nbsp;&nbsp;GATTServApp_SendServiceChangedInd
<LI><a href="#[41]">&gt;&gt;</a>&nbsp;&nbsp;&nbsp;GAP_Signable (via Veneer)
<LI><a href="#[45]">&gt;&gt;</a>&nbsp;&nbsp;&nbsp;GAP_SendSlaveSecurityRequest (via Veneer)
<LI><a href="#[3f]">&gt;&gt;</a>&nbsp;&nbsp;&nbsp;GAP_Bond (via Veneer)
<LI><a href="#[3c]">&gt;&gt;</a>&nbsp;&nbsp;&nbsp;GAPBondMgr_ResolveAddr
<LI><a href="#[42]">&gt;&gt;</a>&nbsp;&nbsp;&nbsp;gapBondMgrInvertCharCfgItem
<LI><a href="#[3e]">&gt;&gt;</a>&nbsp;&nbsp;&nbsp;osal_memset (via Veneer)
</UL>
<BR>[Called By]<UL><LI><a href="#[ac]">&gt;&gt;</a>&nbsp;&nbsp;&nbsp;gapRole_ProcessGAPMsg
</UL>

<P><STRONG><a name="[3c]"></a>GAPBondMgr_ResolveAddr</STRONG> (Thumb, 178 bytes, Stack size 0 bytes, gapbondmgr.o(i.GAPBondMgr_ResolveAddr))
<BR><BR>[Calls]<UL><LI><a href="#[3d]">&gt;&gt;</a>&nbsp;&nbsp;&nbsp;osal_snv_read
<LI><a href="#[47]">&gt;&gt;</a>&nbsp;&nbsp;&nbsp;osal_memcmp (via Veneer)
<LI><a href="#[40]">&gt;&gt;</a>&nbsp;&nbsp;&nbsp;osal_isbufset (via Veneer)
<LI><a href="#[48]">&gt;&gt;</a>&nbsp;&nbsp;&nbsp;GAP_ResolvePrivateAddr (via Veneer)
<LI><a href="#[49]">&gt;&gt;</a>&nbsp;&nbsp;&nbsp;gapBondMgrGetPublicAddr
<LI><a href="#[46]">&gt;&gt;</a>&nbsp;&nbsp;&nbsp;gapBondMgrFindAddr
<LI><a href="#[3a]">&gt;&gt;</a>&nbsp;&nbsp;&nbsp;osal_memcpy (via Veneer)
</UL>
<BR>[Called By]<UL><LI><a href="#[3b]">&gt;&gt;</a>&nbsp;&nbsp;&nbsp;GAPBondMgr_LinkEst
</UL>

<P><STRONG><a name="[4a]"></a>GAPRole_GetParameter</STRONG> (Thumb, 222 bytes, Stack size 0 bytes, peripheral.o(i.GAPRole_GetParameter))
<BR><BR>[Calls]<UL><LI><a href="#[4c]">&gt;&gt;</a>&nbsp;&nbsp;&nbsp;GAP_GetParamValue (via Veneer)
<LI><a href="#[3a]">&gt;&gt;</a>&nbsp;&nbsp;&nbsp;osal_memcpy (via Veneer)
<LI><a href="#[4b]">&gt;&gt;</a>&nbsp;&nbsp;&nbsp;__ARM_common_switch8 (via Veneer)
</UL>
<BR>[Called By]<UL><LI><a href="#[0]">&gt;&gt;</a>&nbsp;&nbsp;&nbsp;simpleProfileChangeCB
<LI><a href="#[1]">&gt;&gt;</a>&nbsp;&nbsp;&nbsp;peripheralStateNotificationCB
<LI><a href="#[23]">&gt;&gt;</a>&nbsp;&nbsp;&nbsp;SimpleBLEPeripheral_ProcessEvent
</UL>

<P><STRONG><a name="[4d]"></a>GAPRole_Init</STRONG> (Thumb, 58 bytes, Stack size 0 bytes, peripheral.o(i.GAPRole_Init))
<BR><BR>[Calls]<UL><LI><a href="#[4e]">&gt;&gt;</a>&nbsp;&nbsp;&nbsp;GAP_RegisterForHCIMsgs (via Veneer)
<LI><a href="#[3e]">&gt;&gt;</a>&nbsp;&nbsp;&nbsp;osal_memset (via Veneer)
</UL>
<BR>[Called By]<UL><LI><a href="#[26]">&gt;&gt;</a>&nbsp;&nbsp;&nbsp;osalInitTasks
</UL>

<P><STRONG><a name="[21]"></a>GAPRole_ProcessEvent</STRONG> (Thumb, 238 bytes, Stack size 0 bytes, peripheral.o(i.GAPRole_ProcessEvent))
<BR><BR>[Calls]<UL><LI><a href="#[54]">&gt;&gt;</a>&nbsp;&nbsp;&nbsp;osal_start_timerEx (via Veneer)
<LI><a href="#[53]">&gt;&gt;</a>&nbsp;&nbsp;&nbsp;HCI_ReadRssiCmd (via Veneer)
<LI><a href="#[52]">&gt;&gt;</a>&nbsp;&nbsp;&nbsp;GAP_MakeDiscoverable (via Veneer)
<LI><a href="#[57]">&gt;&gt;</a>&nbsp;&nbsp;&nbsp;GAPRole_TerminateConnection
<LI><a href="#[56]">&gt;&gt;</a>&nbsp;&nbsp;&nbsp;GAPRole_SendUpdateParam
<LI><a href="#[55]">&gt;&gt;</a>&nbsp;&nbsp;&nbsp;gapRole_startConnUpdate
<LI><a href="#[50]">&gt;&gt;</a>&nbsp;&nbsp;&nbsp;gapRole_ProcessOSALMsg
<LI><a href="#[4f]">&gt;&gt;</a>&nbsp;&nbsp;&nbsp;osal_msg_receive (via Veneer)
<LI><a href="#[51]">&gt;&gt;</a>&nbsp;&nbsp;&nbsp;osal_msg_deallocate (via Veneer)
<LI><a href="#[3a]">&gt;&gt;</a>&nbsp;&nbsp;&nbsp;osal_memcpy (via Veneer)
</UL>
<BR>[Address Reference Count : 1]<UL><LI> osal_simplebleperipheral.o(.constdata)
</UL>
<P><STRONG><a name="[56]"></a>GAPRole_SendUpdateParam</STRONG> (Thumb, 80 bytes, Stack size 0 bytes, peripheral.o(i.GAPRole_SendUpdateParam))
<BR><BR>[Calls]<UL><LI><a href="#[58]">&gt;&gt;</a>&nbsp;&nbsp;&nbsp;osal_stop_timerEx (via Veneer)
<LI><a href="#[55]">&gt;&gt;</a>&nbsp;&nbsp;&nbsp;gapRole_startConnUpdate
</UL>
<BR>[Called By]<UL><LI><a href="#[21]">&gt;&gt;</a>&nbsp;&nbsp;&nbsp;GAPRole_ProcessEvent
</UL>

<P><STRONG><a name="[59]"></a>GAPRole_SetParameter</STRONG> (Thumb, 518 bytes, Stack size 0 bytes, peripheral.o(i.GAPRole_SetParameter))
<BR><BR>[Calls]<UL><LI><a href="#[58]">&gt;&gt;</a>&nbsp;&nbsp;&nbsp;osal_stop_timerEx (via Veneer)
<LI><a href="#[54]">&gt;&gt;</a>&nbsp;&nbsp;&nbsp;osal_start_timerEx (via Veneer)
<LI><a href="#[5d]">&gt;&gt;</a>&nbsp;&nbsp;&nbsp;osal_get_timeoutEx (via Veneer)
<LI><a href="#[5c]">&gt;&gt;</a>&nbsp;&nbsp;&nbsp;GAP_UpdateAdvertisingData (via Veneer)
<LI><a href="#[5a]">&gt;&gt;</a>&nbsp;&nbsp;&nbsp;GAP_EndDiscoverable (via Veneer)
<LI><a href="#[55]">&gt;&gt;</a>&nbsp;&nbsp;&nbsp;gapRole_startConnUpdate
<LI><a href="#[5b]">&gt;&gt;</a>&nbsp;&nbsp;&nbsp;osal_set_event (via Veneer)
<LI><a href="#[5e]">&gt;&gt;</a>&nbsp;&nbsp;&nbsp;GAP_SetParamValue (via Veneer)
<LI><a href="#[3e]">&gt;&gt;</a>&nbsp;&nbsp;&nbsp;osal_memset (via Veneer)
<LI><a href="#[3a]">&gt;&gt;</a>&nbsp;&nbsp;&nbsp;osal_memcpy (via Veneer)
<LI><a href="#[4b]">&gt;&gt;</a>&nbsp;&nbsp;&nbsp;__ARM_common_switch8 (via Veneer)
</UL>
<BR>[Called By]<UL><LI><a href="#[132]">&gt;&gt;</a>&nbsp;&nbsp;&nbsp;updateAdvData
<LI><a href="#[0]">&gt;&gt;</a>&nbsp;&nbsp;&nbsp;simpleProfileChangeCB
<LI><a href="#[1]">&gt;&gt;</a>&nbsp;&nbsp;&nbsp;peripheralStateNotificationCB
<LI><a href="#[23]">&gt;&gt;</a>&nbsp;&nbsp;&nbsp;SimpleBLEPeripheral_ProcessEvent
<LI><a href="#[8c]">&gt;&gt;</a>&nbsp;&nbsp;&nbsp;SimpleBLEPeripheral_Init
</UL>

<P><STRONG><a name="[5f]"></a>GAPRole_StartDevice</STRONG> (Thumb, 48 bytes, Stack size 0 bytes, peripheral.o(i.GAPRole_StartDevice))
<BR><BR>[Calls]<UL><LI><a href="#[60]">&gt;&gt;</a>&nbsp;&nbsp;&nbsp;GAP_DeviceInit
</UL>
<BR>[Called By]<UL><LI><a href="#[23]">&gt;&gt;</a>&nbsp;&nbsp;&nbsp;SimpleBLEPeripheral_ProcessEvent
</UL>

<P><STRONG><a name="[57]"></a>GAPRole_TerminateConnection</STRONG> (Thumb, 26 bytes, Stack size 0 bytes, peripheral.o(i.GAPRole_TerminateConnection))
<BR><BR>[Calls]<UL><LI><a href="#[61]">&gt;&gt;</a>&nbsp;&nbsp;&nbsp;GAP_TerminateLinkReq (via Veneer)
</UL>
<BR>[Called By]<UL><LI><a href="#[132]">&gt;&gt;</a>&nbsp;&nbsp;&nbsp;updateAdvData
<LI><a href="#[21]">&gt;&gt;</a>&nbsp;&nbsp;&nbsp;GAPRole_ProcessEvent
<LI><a href="#[50]">&gt;&gt;</a>&nbsp;&nbsp;&nbsp;gapRole_ProcessOSALMsg
</UL>

<P><STRONG><a name="[60]"></a>GAP_DeviceInit</STRONG> (Thumb, 54 bytes, Stack size 0 bytes, gap.o(i.GAP_DeviceInit))
<BR><BR>[Calls]<UL><LI><a href="#[65]">&gt;&gt;</a>&nbsp;&nbsp;&nbsp;SM_ResponderInit (via Veneer)
<LI><a href="#[63]">&gt;&gt;</a>&nbsp;&nbsp;&nbsp;GAP_SecParamsInit (via Veneer)
<LI><a href="#[64]">&gt;&gt;</a>&nbsp;&nbsp;&nbsp;GAP_PeriDevMgrInit (via Veneer)
<LI><a href="#[62]">&gt;&gt;</a>&nbsp;&nbsp;&nbsp;GAP_ParamsInit (via Veneer)
<LI><a href="#[4b]">&gt;&gt;</a>&nbsp;&nbsp;&nbsp;__ARM_common_switch8 (via Veneer)
</UL>
<BR>[Called By]<UL><LI><a href="#[5f]">&gt;&gt;</a>&nbsp;&nbsp;&nbsp;GAPRole_StartDevice
</UL>

<P><STRONG><a name="[66]"></a>GATTServApp_AddService</STRONG> (Thumb, 22 bytes, Stack size 0 bytes, gattservapp.o(i.GATTServApp_AddService))
<BR><BR>[Calls]<UL><LI><a href="#[38]">&gt;&gt;</a>&nbsp;&nbsp;&nbsp;GATTServApp_RegisterService
</UL>
<BR>[Called By]<UL><LI><a href="#[8c]">&gt;&gt;</a>&nbsp;&nbsp;&nbsp;SimpleBLEPeripheral_Init
</UL>

<P><STRONG><a name="[72]"></a>GATTServApp_FindAttr</STRONG> (Thumb, 34 bytes, Stack size 0 bytes, gattservapp.o(i.GATTServApp_FindAttr))
<BR><BR>[Called By]<UL><LI><a href="#[71]">&gt;&gt;</a>&nbsp;&nbsp;&nbsp;GATTServApp_ProcessCharCfg
</UL>

<P><STRONG><a name="[67]"></a>GATTServApp_Init</STRONG> (Thumb, 62 bytes, Stack size 0 bytes, gattservapp.o(i.GATTServApp_Init))
<BR><BR>[Calls]<UL><LI><a href="#[6b]">&gt;&gt;</a>&nbsp;&nbsp;&nbsp;linkDB_Register (via Veneer)
<LI><a href="#[6a]">&gt;&gt;</a>&nbsp;&nbsp;&nbsp;GATT_RegisterForReq (via Veneer)
<LI><a href="#[68]">&gt;&gt;</a>&nbsp;&nbsp;&nbsp;GATTServApp_InitCharCfg
<LI><a href="#[69]">&gt;&gt;</a>&nbsp;&nbsp;&nbsp;gattServApp_SetNumPrepareWrites
</UL>
<BR>[Called By]<UL><LI><a href="#[26]">&gt;&gt;</a>&nbsp;&nbsp;&nbsp;osalInitTasks
</UL>

<P><STRONG><a name="[68]"></a>GATTServApp_InitCharCfg</STRONG> (Thumb, 44 bytes, Stack size 0 bytes, gattservapp.o(i.GATTServApp_InitCharCfg))
<BR><BR>[Calls]<UL><LI><a href="#[6c]">&gt;&gt;</a>&nbsp;&nbsp;&nbsp;gattServApp_FindCharCfgItem
</UL>
<BR>[Called By]<UL><LI><a href="#[e]">&gt;&gt;</a>&nbsp;&nbsp;&nbsp;simpleProfile_HandleConnStatusCB
<LI><a href="#[8f]">&gt;&gt;</a>&nbsp;&nbsp;&nbsp;SimpleProfile_AddService
<LI><a href="#[67]">&gt;&gt;</a>&nbsp;&nbsp;&nbsp;GATTServApp_Init
<LI><a href="#[c]">&gt;&gt;</a>&nbsp;&nbsp;&nbsp;gattServApp_HandleConnStatusCB
</UL>

<P><STRONG><a name="[6d]"></a>GATTServApp_ProcessCCCWriteReq</STRONG> (Thumb, 88 bytes, Stack size 0 bytes, gattservapp.o(i.GATTServApp_ProcessCCCWriteReq))
<BR><BR>[Calls]<UL><LI><a href="#[6f]">&gt;&gt;</a>&nbsp;&nbsp;&nbsp;GATTServApp_WriteCharCfg
<LI><a href="#[70]">&gt;&gt;</a>&nbsp;&nbsp;&nbsp;GATTServApp_SendCCCUpdatedEvent
<LI><a href="#[6e]">&gt;&gt;</a>&nbsp;&nbsp;&nbsp;GATTServApp_ReadCharCfg
</UL>
<BR>[Called By]<UL><LI><a href="#[25]">&gt;&gt;</a>&nbsp;&nbsp;&nbsp;simpleProfile_WriteAttrCB
<LI><a href="#[1a]">&gt;&gt;</a>&nbsp;&nbsp;&nbsp;gattServApp_WriteAttrCB
</UL>

<P><STRONG><a name="[71]"></a>GATTServApp_ProcessCharCfg</STRONG> (Thumb, 152 bytes, Stack size 0 bytes, gattservapp.o(i.GATTServApp_ProcessCharCfg))
<BR><BR>[Calls]<UL><LI><a href="#[74]">&gt;&gt;</a>&nbsp;&nbsp;&nbsp;GATT_Notification (via Veneer)
<LI><a href="#[75]">&gt;&gt;</a>&nbsp;&nbsp;&nbsp;GATT_Indication (via Veneer)
<LI><a href="#[72]">&gt;&gt;</a>&nbsp;&nbsp;&nbsp;GATTServApp_FindAttr
<LI><a href="#[73]">&gt;&gt;</a>&nbsp;&nbsp;&nbsp;GATTServApp_ReadAttr
</UL>
<BR>[Called By]<UL><LI><a href="#[93]">&gt;&gt;</a>&nbsp;&nbsp;&nbsp;simpleProfile_Notify
</UL>

<P><STRONG><a name="[22]"></a>GATTServApp_ProcessEvent</STRONG> (Thumb, 50 bytes, Stack size 0 bytes, gattservapp.o(i.GATTServApp_ProcessEvent))
<BR><BR>[Calls]<UL><LI><a href="#[76]">&gt;&gt;</a>&nbsp;&nbsp;&nbsp;gattServApp_ProcessMsg
<LI><a href="#[4f]">&gt;&gt;</a>&nbsp;&nbsp;&nbsp;osal_msg_receive (via Veneer)
<LI><a href="#[51]">&gt;&gt;</a>&nbsp;&nbsp;&nbsp;osal_msg_deallocate (via Veneer)
</UL>
<BR>[Address Reference Count : 1]<UL><LI> osal_simplebleperipheral.o(.constdata)
</UL>
<P><STRONG><a name="[73]"></a>GATTServApp_ReadAttr</STRONG> (Thumb, 534 bytes, Stack size 0 bytes, gattservapp.o(i.GATTServApp_ReadAttr))
<BR><BR>[Calls]<UL><LI><a href="#[79]">&gt;&gt;</a>&nbsp;&nbsp;&nbsp;GATT_FindHandle (via Veneer)
<LI><a href="#[7b]">&gt;&gt;</a>&nbsp;&nbsp;&nbsp;ATT_CompareUUID (via Veneer)
<LI><a href="#[6e]">&gt;&gt;</a>&nbsp;&nbsp;&nbsp;GATTServApp_ReadCharCfg
<LI><a href="#[78]">&gt;&gt;</a>&nbsp;&nbsp;&nbsp;gattServApp_FindServiceCBs
<LI><a href="#[77]">&gt;&gt;</a>&nbsp;&nbsp;&nbsp;gattServApp_FindAuthorizeAttrCB
<LI><a href="#[7a]">&gt;&gt;</a>&nbsp;&nbsp;&nbsp;GATT_FindNextAttr (via Veneer)
<LI><a href="#[7c]">&gt;&gt;</a>&nbsp;&nbsp;&nbsp;osal_strlen (via Veneer)
<LI><a href="#[3e]">&gt;&gt;</a>&nbsp;&nbsp;&nbsp;osal_memset (via Veneer)
<LI><a href="#[3a]">&gt;&gt;</a>&nbsp;&nbsp;&nbsp;osal_memcpy (via Veneer)
</UL>
<BR>[Called By]<UL><LI><a href="#[71]">&gt;&gt;</a>&nbsp;&nbsp;&nbsp;GATTServApp_ProcessCharCfg
<LI><a href="#[ba]">&gt;&gt;</a>&nbsp;&nbsp;&nbsp;gattServApp_ProcessReadMultiReq
<LI><a href="#[b7]">&gt;&gt;</a>&nbsp;&nbsp;&nbsp;gattServApp_ProcessReadByTypeReq
<LI><a href="#[bb]">&gt;&gt;</a>&nbsp;&nbsp;&nbsp;gattServApp_ProcessReadByGrpTypeReq
<LI><a href="#[76]">&gt;&gt;</a>&nbsp;&nbsp;&nbsp;gattServApp_ProcessMsg
<LI><a href="#[b3]">&gt;&gt;</a>&nbsp;&nbsp;&nbsp;gattServApp_ProcessFindByTypeValueReq
</UL>

<P><STRONG><a name="[6e]"></a>GATTServApp_ReadCharCfg</STRONG> (Thumb, 14 bytes, Stack size 0 bytes, gattservapp.o(i.GATTServApp_ReadCharCfg))
<BR><BR>[Calls]<UL><LI><a href="#[6c]">&gt;&gt;</a>&nbsp;&nbsp;&nbsp;gattServApp_FindCharCfgItem
</UL>
<BR>[Called By]<UL><LI><a href="#[93]">&gt;&gt;</a>&nbsp;&nbsp;&nbsp;simpleProfile_Notify
<LI><a href="#[6d]">&gt;&gt;</a>&nbsp;&nbsp;&nbsp;GATTServApp_ProcessCCCWriteReq
<LI><a href="#[44]">&gt;&gt;</a>&nbsp;&nbsp;&nbsp;GATTServApp_SendServiceChangedInd
<LI><a href="#[73]">&gt;&gt;</a>&nbsp;&nbsp;&nbsp;GATTServApp_ReadAttr
</UL>

<P><STRONG><a name="[38]"></a>GATTServApp_RegisterService</STRONG> (Thumb, 86 bytes, Stack size 0 bytes, gattservapp.o(i.GATTServApp_RegisterService))
<BR><BR>[Calls]<UL><LI><a href="#[7e]">&gt;&gt;</a>&nbsp;&nbsp;&nbsp;osal_mem_alloc (via Veneer)
<LI><a href="#[7d]">&gt;&gt;</a>&nbsp;&nbsp;&nbsp;GATT_RegisterService (via Veneer)
</UL>
<BR>[Called By]<UL><LI><a href="#[8f]">&gt;&gt;</a>&nbsp;&nbsp;&nbsp;SimpleProfile_AddService
<LI><a href="#[66]">&gt;&gt;</a>&nbsp;&nbsp;&nbsp;GATTServApp_AddService
<LI><a href="#[83]">&gt;&gt;</a>&nbsp;&nbsp;&nbsp;GGS_AddService
<LI><a href="#[37]">&gt;&gt;</a>&nbsp;&nbsp;&nbsp;DevInfo_AddService
</UL>

<P><STRONG><a name="[70]"></a>GATTServApp_SendCCCUpdatedEvent</STRONG> (Thumb, 50 bytes, Stack size 0 bytes, gattservapp.o(i.GATTServApp_SendCCCUpdatedEvent))
<BR><BR>[Calls]<UL><LI><a href="#[80]">&gt;&gt;</a>&nbsp;&nbsp;&nbsp;osal_msg_send (via Veneer)
<LI><a href="#[7f]">&gt;&gt;</a>&nbsp;&nbsp;&nbsp;osal_msg_allocate (via Veneer)
</UL>
<BR>[Called By]<UL><LI><a href="#[6d]">&gt;&gt;</a>&nbsp;&nbsp;&nbsp;GATTServApp_ProcessCCCWriteReq
</UL>

<P><STRONG><a name="[44]"></a>GATTServApp_SendServiceChangedInd</STRONG> (Thumb, 30 bytes, Stack size 0 bytes, gattservapp.o(i.GATTServApp_SendServiceChangedInd))
<BR><BR>[Calls]<UL><LI><a href="#[81]">&gt;&gt;</a>&nbsp;&nbsp;&nbsp;GATT_ServiceChangedInd (via Veneer)
<LI><a href="#[6e]">&gt;&gt;</a>&nbsp;&nbsp;&nbsp;GATTServApp_ReadCharCfg
</UL>
<BR>[Called By]<UL><LI><a href="#[3b]">&gt;&gt;</a>&nbsp;&nbsp;&nbsp;GAPBondMgr_LinkEst
</UL>

<P><STRONG><a name="[43]"></a>GATTServApp_UpdateCharCfg</STRONG> (Thumb, 24 bytes, Stack size 0 bytes, gattservapp.o(i.GATTServApp_UpdateCharCfg))
<BR><BR>[Calls]<UL><LI><a href="#[82]">&gt;&gt;</a>&nbsp;&nbsp;&nbsp;GATTServApp_WriteAttr
</UL>
<BR>[Called By]<UL><LI><a href="#[3b]">&gt;&gt;</a>&nbsp;&nbsp;&nbsp;GAPBondMgr_LinkEst
</UL>

<P><STRONG><a name="[82]"></a>GATTServApp_WriteAttr</STRONG> (Thumb, 62 bytes, Stack size 0 bytes, gattservapp.o(i.GATTServApp_WriteAttr))
<BR><BR>[Calls]<UL><LI><a href="#[79]">&gt;&gt;</a>&nbsp;&nbsp;&nbsp;GATT_FindHandle (via Veneer)
<LI><a href="#[78]">&gt;&gt;</a>&nbsp;&nbsp;&nbsp;gattServApp_FindServiceCBs
</UL>
<BR>[Called By]<UL><LI><a href="#[bc]">&gt;&gt;</a>&nbsp;&nbsp;&nbsp;gattServApp_ProcessWriteReq
<LI><a href="#[b1]">&gt;&gt;</a>&nbsp;&nbsp;&nbsp;gattServApp_ProcessExecuteWriteReq
<LI><a href="#[43]">&gt;&gt;</a>&nbsp;&nbsp;&nbsp;GATTServApp_UpdateCharCfg
</UL>

<P><STRONG><a name="[6f]"></a>GATTServApp_WriteCharCfg</STRONG> (Thumb, 40 bytes, Stack size 0 bytes, gattservapp.o(i.GATTServApp_WriteCharCfg))
<BR><BR>[Calls]<UL><LI><a href="#[6c]">&gt;&gt;</a>&nbsp;&nbsp;&nbsp;gattServApp_FindCharCfgItem
</UL>
<BR>[Called By]<UL><LI><a href="#[6d]">&gt;&gt;</a>&nbsp;&nbsp;&nbsp;GATTServApp_ProcessCCCWriteReq
</UL>

<P><STRONG><a name="[83]"></a>GGS_AddService</STRONG> (Thumb, 22 bytes, Stack size 0 bytes, gapgattserver.o(i.GGS_AddService))
<BR><BR>[Calls]<UL><LI><a href="#[38]">&gt;&gt;</a>&nbsp;&nbsp;&nbsp;GATTServApp_RegisterService
</UL>
<BR>[Called By]<UL><LI><a href="#[8c]">&gt;&gt;</a>&nbsp;&nbsp;&nbsp;SimpleBLEPeripheral_Init
</UL>

<P><STRONG><a name="[84]"></a>GGS_SetParameter</STRONG> (Thumb, 126 bytes, Stack size 0 bytes, gapgattserver.o(i.GGS_SetParameter))
<BR><BR>[Calls]<UL><LI><a href="#[3e]">&gt;&gt;</a>&nbsp;&nbsp;&nbsp;osal_memset (via Veneer)
<LI><a href="#[86]">&gt;&gt;</a>&nbsp;&nbsp;&nbsp;ggs_SetAttrWPermit
<LI><a href="#[3a]">&gt;&gt;</a>&nbsp;&nbsp;&nbsp;osal_memcpy (via Veneer)
<LI><a href="#[4b]">&gt;&gt;</a>&nbsp;&nbsp;&nbsp;__ARM_common_switch8 (via Veneer)
<LI><a href="#[85]">&gt;&gt;</a>&nbsp;&nbsp;&nbsp;__aeabi_memcpy
</UL>
<BR>[Called By]<UL><LI><a href="#[1]">&gt;&gt;</a>&nbsp;&nbsp;&nbsp;peripheralStateNotificationCB
<LI><a href="#[8c]">&gt;&gt;</a>&nbsp;&nbsp;&nbsp;SimpleBLEPeripheral_Init
</UL>

<P><STRONG><a name="[15]"></a>LL_SetScanControl1</STRONG> (Thumb, 278 bytes, Stack size 0 bytes, patch.o(i.LL_SetScanControl1))
<BR><BR>[Calls]<UL><LI><a href="#[5b]">&gt;&gt;</a>&nbsp;&nbsp;&nbsp;osal_set_event (via Veneer)
<LI><a href="#[8b]">&gt;&gt;</a>&nbsp;&nbsp;&nbsp;read_current_fine_time (via Veneer)
<LI><a href="#[8a]">&gt;&gt;</a>&nbsp;&nbsp;&nbsp;ll_hw_set_rx_timeout (via Veneer)
<LI><a href="#[89]">&gt;&gt;</a>&nbsp;&nbsp;&nbsp;ll_debug_output (via Veneer)
<LI><a href="#[87]">&gt;&gt;</a>&nbsp;&nbsp;&nbsp;LL_evt_schedule (via Veneer)
<LI><a href="#[88]">&gt;&gt;</a>&nbsp;&nbsp;&nbsp;__2printf
</UL>
<BR>[Address Reference Count : 1]<UL><LI> patch.o(i.init_config)
</UL>
<P><STRONG><a name="[8c]"></a>SimpleBLEPeripheral_Init</STRONG> (Thumb, 388 bytes, Stack size 0 bytes, simplebleperipheral.o(i.SimpleBLEPeripheral_Init))
<BR><BR>[Calls]<UL><LI><a href="#[8d]">&gt;&gt;</a>&nbsp;&nbsp;&nbsp;pplus_LoadMACFromChipMAddr
<LI><a href="#[90]">&gt;&gt;</a>&nbsp;&nbsp;&nbsp;SimpleProfile_SetParameter
<LI><a href="#[91]">&gt;&gt;</a>&nbsp;&nbsp;&nbsp;SimpleProfile_RegisterAppCBs
<LI><a href="#[8f]">&gt;&gt;</a>&nbsp;&nbsp;&nbsp;SimpleProfile_AddService
<LI><a href="#[8e]">&gt;&gt;</a>&nbsp;&nbsp;&nbsp;LL_PLUS_SetScanRequestFilterCB (via Veneer)
<LI><a href="#[66]">&gt;&gt;</a>&nbsp;&nbsp;&nbsp;GATTServApp_AddService
<LI><a href="#[59]">&gt;&gt;</a>&nbsp;&nbsp;&nbsp;GAPRole_SetParameter
<LI><a href="#[5b]">&gt;&gt;</a>&nbsp;&nbsp;&nbsp;osal_set_event (via Veneer)
<LI><a href="#[5e]">&gt;&gt;</a>&nbsp;&nbsp;&nbsp;GAP_SetParamValue (via Veneer)
<LI><a href="#[84]">&gt;&gt;</a>&nbsp;&nbsp;&nbsp;GGS_SetParameter
<LI><a href="#[83]">&gt;&gt;</a>&nbsp;&nbsp;&nbsp;GGS_AddService
<LI><a href="#[37]">&gt;&gt;</a>&nbsp;&nbsp;&nbsp;DevInfo_AddService
</UL>
<BR>[Called By]<UL><LI><a href="#[26]">&gt;&gt;</a>&nbsp;&nbsp;&nbsp;osalInitTasks
</UL>

<P><STRONG><a name="[23]"></a>SimpleBLEPeripheral_ProcessEvent</STRONG> (Thumb, 248 bytes, Stack size 0 bytes, simplebleperipheral.o(i.SimpleBLEPeripheral_ProcessEvent))
<BR><BR>[Calls]<UL><LI><a href="#[93]">&gt;&gt;</a>&nbsp;&nbsp;&nbsp;simpleProfile_Notify
<LI><a href="#[92]">&gt;&gt;</a>&nbsp;&nbsp;&nbsp;LL_ReadRssi (via Veneer)
<LI><a href="#[58]">&gt;&gt;</a>&nbsp;&nbsp;&nbsp;osal_stop_timerEx (via Veneer)
<LI><a href="#[54]">&gt;&gt;</a>&nbsp;&nbsp;&nbsp;osal_start_timerEx (via Veneer)
<LI><a href="#[5f]">&gt;&gt;</a>&nbsp;&nbsp;&nbsp;GAPRole_StartDevice
<LI><a href="#[59]">&gt;&gt;</a>&nbsp;&nbsp;&nbsp;GAPRole_SetParameter
<LI><a href="#[4a]">&gt;&gt;</a>&nbsp;&nbsp;&nbsp;GAPRole_GetParameter
<LI><a href="#[4f]">&gt;&gt;</a>&nbsp;&nbsp;&nbsp;osal_msg_receive (via Veneer)
<LI><a href="#[51]">&gt;&gt;</a>&nbsp;&nbsp;&nbsp;osal_msg_deallocate (via Veneer)
</UL>
<BR>[Address Reference Count : 1]<UL><LI> osal_simplebleperipheral.o(.constdata)
</UL>
<P><STRONG><a name="[8f]"></a>SimpleProfile_AddService</STRONG> (Thumb, 42 bytes, Stack size 0 bytes, simpleibeaconprofile_ota.o(i.SimpleProfile_AddService))
<BR><BR>[Calls]<UL><LI><a href="#[6b]">&gt;&gt;</a>&nbsp;&nbsp;&nbsp;linkDB_Register (via Veneer)
<LI><a href="#[68]">&gt;&gt;</a>&nbsp;&nbsp;&nbsp;GATTServApp_InitCharCfg
<LI><a href="#[38]">&gt;&gt;</a>&nbsp;&nbsp;&nbsp;GATTServApp_RegisterService
</UL>
<BR>[Called By]<UL><LI><a href="#[8c]">&gt;&gt;</a>&nbsp;&nbsp;&nbsp;SimpleBLEPeripheral_Init
</UL>

<P><STRONG><a name="[94]"></a>SimpleProfile_GetParameter</STRONG> (Thumb, 76 bytes, Stack size 0 bytes, simpleibeaconprofile_ota.o(i.SimpleProfile_GetParameter))
<BR><BR>[Calls]<UL><LI><a href="#[3a]">&gt;&gt;</a>&nbsp;&nbsp;&nbsp;osal_memcpy (via Veneer)
<LI><a href="#[4b]">&gt;&gt;</a>&nbsp;&nbsp;&nbsp;__ARM_common_switch8 (via Veneer)
</UL>
<BR>[Called By]<UL><LI><a href="#[132]">&gt;&gt;</a>&nbsp;&nbsp;&nbsp;updateAdvData
<LI><a href="#[0]">&gt;&gt;</a>&nbsp;&nbsp;&nbsp;simpleProfileChangeCB
</UL>

<P><STRONG><a name="[91]"></a>SimpleProfile_RegisterAppCBs</STRONG> (Thumb, 16 bytes, Stack size 0 bytes, simpleibeaconprofile_ota.o(i.SimpleProfile_RegisterAppCBs))
<BR><BR>[Called By]<UL><LI><a href="#[8c]">&gt;&gt;</a>&nbsp;&nbsp;&nbsp;SimpleBLEPeripheral_Init
</UL>

<P><STRONG><a name="[90]"></a>SimpleProfile_SetParameter</STRONG> (Thumb, 126 bytes, Stack size 0 bytes, simpleibeaconprofile_ota.o(i.SimpleProfile_SetParameter))
<BR><BR>[Calls]<UL><LI><a href="#[3a]">&gt;&gt;</a>&nbsp;&nbsp;&nbsp;osal_memcpy (via Veneer)
<LI><a href="#[4b]">&gt;&gt;</a>&nbsp;&nbsp;&nbsp;__ARM_common_switch8 (via Veneer)
</UL>
<BR>[Called By]<UL><LI><a href="#[8c]">&gt;&gt;</a>&nbsp;&nbsp;&nbsp;SimpleBLEPeripheral_Init
</UL>

<P><STRONG><a name="[a]"></a>SystemInit</STRONG> (Thumb, 8 bytes, Stack size 0 bytes, system_armcm0.o(i.SystemInit))
<BR>[Address Reference Count : 1]<UL><LI> startup_armcm0.o(.text)
</UL>
<P><STRONG><a name="[95]"></a>WaitMs</STRONG> (Thumb, 18 bytes, Stack size 0 bytes, common.o(i.WaitMs))
<BR><BR>[Calls]<UL><LI><a href="#[97]">&gt;&gt;</a>&nbsp;&nbsp;&nbsp;WaitRTCCount
<LI><a href="#[96]">&gt;&gt;</a>&nbsp;&nbsp;&nbsp;__aeabi_uidivmod (via Veneer)
</UL>
<BR>[Called By]<UL><LI><a href="#[134]">&gt;&gt;</a>&nbsp;&nbsp;&nbsp;simple_rfphy_dtm_ext_demo
</UL>

<P><STRONG><a name="[97]"></a>WaitRTCCount</STRONG> (Thumb, 38 bytes, Stack size 0 bytes, common.o(i.WaitRTCCount))
<BR><BR>[Calls]<UL><LI><a href="#[98]">&gt;&gt;</a>&nbsp;&nbsp;&nbsp;clock_time_rtc (via Veneer)
</UL>
<BR>[Called By]<UL><LI><a href="#[95]">&gt;&gt;</a>&nbsp;&nbsp;&nbsp;WaitMs
<LI><a href="#[107]">&gt;&gt;</a>&nbsp;&nbsp;&nbsp;rc32k_tracking_check
<LI><a href="#[105]">&gt;&gt;</a>&nbsp;&nbsp;&nbsp;rc32k_calibration
</UL>

<P><STRONG><a name="[99]"></a>WaitUs</STRONG> (Thumb, 34 bytes, Stack size 0 bytes, common.o(i.WaitUs))
<BR><BR>[Calls]<UL><LI><a href="#[9a]">&gt;&gt;</a>&nbsp;&nbsp;&nbsp;hal_read_current_time
</UL>
<BR>[Called By]<UL><LI><a href="#[134]">&gt;&gt;</a>&nbsp;&nbsp;&nbsp;simple_rfphy_dtm_ext_demo
</UL>

<P><STRONG><a name="[9b]"></a>__0printf$8</STRONG> (Thumb, 24 bytes, Stack size 0 bytes, printf8.o(i.__0printf$8), UNUSED)
<BR><BR>[Calls]<UL><LI><a href="#[9c]">&gt;&gt;</a>&nbsp;&nbsp;&nbsp;_printf_core
</UL>

<P><STRONG><a name="[88]"></a>__2printf</STRONG> (Thumb, 0 bytes, Stack size 0 bytes, printf8.o(i.__0printf$8))
<BR><BR>[Called By]<UL><LI><a href="#[15]">&gt;&gt;</a>&nbsp;&nbsp;&nbsp;LL_SetScanControl1
</UL>

<P><STRONG><a name="[9f]"></a>app_main</STRONG> (Thumb, 20 bytes, Stack size 0 bytes, simplebleperipheral_main.o(i.app_main))
<BR><BR>[Calls]<UL><LI><a href="#[a2]">&gt;&gt;</a>&nbsp;&nbsp;&nbsp;osal_start_system (via Veneer)
<LI><a href="#[a1]">&gt;&gt;</a>&nbsp;&nbsp;&nbsp;osal_pwrmgr_device (via Veneer)
<LI><a href="#[a0]">&gt;&gt;</a>&nbsp;&nbsp;&nbsp;osal_init_system (via Veneer)
</UL>
<BR>[Called By]<UL><LI><a href="#[9]">&gt;&gt;</a>&nbsp;&nbsp;&nbsp;main
</UL>

<P><STRONG><a name="[108]"></a>arry_sort</STRONG> (Thumb, 54 bytes, Stack size 0 bytes, patch.o(i.arry_sort))
<BR><BR>[Called By]<UL><LI><a href="#[107]">&gt;&gt;</a>&nbsp;&nbsp;&nbsp;rc32k_tracking_check
</UL>

<P><STRONG><a name="[a3]"></a>bdAddr2Str</STRONG> (Thumb, 72 bytes, Stack size 0 bytes, simplebleperipheral.o(i.bdAddr2Str))
<BR><BR>[Calls]<UL><LI><a href="#[a4]">&gt;&gt;</a>&nbsp;&nbsp;&nbsp;__aeabi_memcpy4
</UL>
<BR>[Called By]<UL><LI><a href="#[1]">&gt;&gt;</a>&nbsp;&nbsp;&nbsp;peripheralStateNotificationCB
</UL>

<P><STRONG><a name="[a5]"></a>check_PerStatsProcess</STRONG> (Thumb, 26 bytes, Stack size 0 bytes, patch.o(i.check_PerStatsProcess))
<BR><BR>[Calls]<UL><LI><a href="#[a7]">&gt;&gt;</a>&nbsp;&nbsp;&nbsp;LL_PLUS_PerStatsReset (via Veneer)
<LI><a href="#[a6]">&gt;&gt;</a>&nbsp;&nbsp;&nbsp;LL_PLUS_PerStasReadByChn (via Veneer)
</UL>
<BR>[Called By]<UL><LI><a href="#[0]">&gt;&gt;</a>&nbsp;&nbsp;&nbsp;simpleProfileChangeCB
</UL>

<P><STRONG><a name="[a8]"></a>check_chip_id</STRONG> (Thumb, 26 bytes, Stack size 0 bytes, flash_ext.o(i.check_chip_id))
<BR><BR>[Calls]<UL><LI><a href="#[a9]">&gt;&gt;</a>&nbsp;&nbsp;&nbsp;read_chip_id
</UL>
<BR>[Called By]<UL><LI><a href="#[e9]">&gt;&gt;</a>&nbsp;&nbsp;&nbsp;init_config
</UL>

<P><STRONG><a name="[aa]"></a>check_chip_mAddr</STRONG> (Thumb, 26 bytes, Stack size 0 bytes, flash_ext.o(i.check_chip_mAddr))
<BR><BR>[Calls]<UL><LI><a href="#[ab]">&gt;&gt;</a>&nbsp;&nbsp;&nbsp;read_chip_mAddr
</UL>
<BR>[Called By]<UL><LI><a href="#[e9]">&gt;&gt;</a>&nbsp;&nbsp;&nbsp;init_config
</UL>

<P><STRONG><a name="[f]"></a>fputc</STRONG> (Thumb, 18 bytes, Stack size 0 bytes, fputc.o(i.fputc))
<BR>[Address Reference Count : 1]<UL><LI> printf8.o(i.__0printf$8)
</UL>
<P><STRONG><a name="[d3]"></a>gpio_pin0to3_pin31to34_control</STRONG> (Thumb, 36 bytes, Stack size 0 bytes, gpio.o(i.gpio_pin0to3_pin31to34_control))
<BR><BR>[Called By]<UL><LI><a href="#[d2]">&gt;&gt;</a>&nbsp;&nbsp;&nbsp;hal_gpio_pin_init
</UL>

<P><STRONG><a name="[2c]"></a>hal_GPIO_IRQHandler</STRONG> (Thumb, 20 bytes, Stack size 0 bytes, gpio.o(i.hal_GPIO_IRQHandler))
<BR><BR>[Calls]<UL><LI><a href="#[cb]">&gt;&gt;</a>&nbsp;&nbsp;&nbsp;gpioin_event
</UL>
<BR>[Address Reference Count : 1]<UL><LI> jump_table.o(jump_table_mem_area)
</UL>
<P><STRONG><a name="[2b]"></a>hal_UART0_IRQHandler</STRONG> (Thumb, 58 bytes, Stack size 0 bytes, uart.o(i.hal_UART0_IRQHandler))
<BR><BR>[Calls]<UL><LI><a href="#[ce]">&gt;&gt;</a>&nbsp;&nbsp;&nbsp;irq_tx_empty_handler
<LI><a href="#[cd]">&gt;&gt;</a>&nbsp;&nbsp;&nbsp;irq_rx_handler
</UL>
<BR>[Address Reference Count : 1]<UL><LI> jump_table.o(jump_table_mem_area)
</UL>
<P><STRONG><a name="[d4]"></a>hal_gpio_fmux</STRONG> (Thumb, 34 bytes, Stack size 0 bytes, gpio.o(i.hal_gpio_fmux))
<BR><BR>[Called By]<UL><LI><a href="#[d2]">&gt;&gt;</a>&nbsp;&nbsp;&nbsp;hal_gpio_pin_init
</UL>

<P><STRONG><a name="[cf]"></a>hal_gpio_init</STRONG> (Thumb, 72 bytes, Stack size 0 bytes, gpio.o(i.hal_gpio_init))
<BR><BR>[Calls]<UL><LI><a href="#[c8]">&gt;&gt;</a>&nbsp;&nbsp;&nbsp;NVIC_SetPriority
<LI><a href="#[d1]">&gt;&gt;</a>&nbsp;&nbsp;&nbsp;hal_pwrmgr_register
<LI><a href="#[d0]">&gt;&gt;</a>&nbsp;&nbsp;&nbsp;__aeabi_memclr4
</UL>
<BR>[Called By]<UL><LI><a href="#[9]">&gt;&gt;</a>&nbsp;&nbsp;&nbsp;main
</UL>

<P><STRONG><a name="[d2]"></a>hal_gpio_pin_init</STRONG> (Thumb, 82 bytes, Stack size 0 bytes, gpio.o(i.hal_gpio_pin_init))
<BR><BR>[Calls]<UL><LI><a href="#[d4]">&gt;&gt;</a>&nbsp;&nbsp;&nbsp;hal_gpio_fmux
<LI><a href="#[d3]">&gt;&gt;</a>&nbsp;&nbsp;&nbsp;gpio_pin0to3_pin31to34_control
</UL>
<BR>[Called By]<UL><LI><a href="#[c9]">&gt;&gt;</a>&nbsp;&nbsp;&nbsp;hal_gpioin_enable
</UL>

<P><STRONG><a name="[d5]"></a>hal_gpio_pull_set</STRONG> (Thumb, 48 bytes, Stack size 0 bytes, gpio.o(i.hal_gpio_pull_set))
<BR><BR>[Calls]<UL><LI><a href="#[96]">&gt;&gt;</a>&nbsp;&nbsp;&nbsp;__aeabi_uidivmod (via Veneer)
</UL>
<BR>[Called By]<UL><LI><a href="#[e4]">&gt;&gt;</a>&nbsp;&nbsp;&nbsp;hal_rtc_clock_config
<LI><a href="#[f6]">&gt;&gt;</a>&nbsp;&nbsp;&nbsp;simple_demo_init
<LI><a href="#[df]">&gt;&gt;</a>&nbsp;&nbsp;&nbsp;hal_rfphy_init
</UL>

<P><STRONG><a name="[c6]"></a>hal_gpio_read</STRONG> (Thumb, 52 bytes, Stack size 0 bytes, gpio.o(i.hal_gpio_read))
<BR><BR>[Called By]<UL><LI><a href="#[c9]">&gt;&gt;</a>&nbsp;&nbsp;&nbsp;hal_gpioin_enable
<LI><a href="#[10]">&gt;&gt;</a>&nbsp;&nbsp;&nbsp;gpio_wakeup_handler
<LI><a href="#[11]">&gt;&gt;</a>&nbsp;&nbsp;&nbsp;gpio_sleep_handler
<LI><a href="#[134]">&gt;&gt;</a>&nbsp;&nbsp;&nbsp;simple_rfphy_dtm_ext_demo
<LI><a href="#[f6]">&gt;&gt;</a>&nbsp;&nbsp;&nbsp;simple_demo_init
</UL>

<P><STRONG><a name="[c7]"></a>hal_gpio_wakeup_set</STRONG> (Thumb, 76 bytes, Stack size 0 bytes, gpio.o(i.hal_gpio_wakeup_set))
<BR><BR>[Calls]<UL><LI><a href="#[96]">&gt;&gt;</a>&nbsp;&nbsp;&nbsp;__aeabi_uidivmod (via Veneer)
</UL>
<BR>[Called By]<UL><LI><a href="#[11]">&gt;&gt;</a>&nbsp;&nbsp;&nbsp;gpio_sleep_handler
<LI><a href="#[dd]">&gt;&gt;</a>&nbsp;&nbsp;&nbsp;hal_pwrmgr_poweroff
</UL>

<P><STRONG><a name="[c9]"></a>hal_gpioin_enable</STRONG> (Thumb, 104 bytes, Stack size 0 bytes, gpio.o(i.hal_gpioin_enable))
<BR><BR>[Calls]<UL><LI><a href="#[d2]">&gt;&gt;</a>&nbsp;&nbsp;&nbsp;hal_gpio_pin_init
<LI><a href="#[cc]">&gt;&gt;</a>&nbsp;&nbsp;&nbsp;gpio_interrupt_enable
<LI><a href="#[c6]">&gt;&gt;</a>&nbsp;&nbsp;&nbsp;hal_gpio_read
</UL>
<BR>[Called By]<UL><LI><a href="#[10]">&gt;&gt;</a>&nbsp;&nbsp;&nbsp;gpio_wakeup_handler
</UL>

<P><STRONG><a name="[d6]"></a>hal_ms_intv</STRONG> (Thumb, 32 bytes, Stack size 0 bytes, clock.o(i.hal_ms_intv))
<BR><BR>[Calls]<UL><LI><a href="#[96]">&gt;&gt;</a>&nbsp;&nbsp;&nbsp;__aeabi_uidivmod (via Veneer)
</UL>
<BR>[Called By]<UL><LI><a href="#[11e]">&gt;&gt;</a>&nbsp;&nbsp;&nbsp;rf_phy_dtm_ext_rx_demod_burst
</UL>

<P><STRONG><a name="[f5]"></a>hal_pwrmgr_RAM_retention</STRONG> (Thumb, 20 bytes, Stack size 0 bytes, pwrmgr.o(i.hal_pwrmgr_RAM_retention))
<BR><BR>[Called By]<UL><LI><a href="#[9]">&gt;&gt;</a>&nbsp;&nbsp;&nbsp;main
</UL>

<P><STRONG><a name="[d7]"></a>hal_pwrmgr_RAM_retention_set</STRONG> (Thumb, 20 bytes, Stack size 0 bytes, pwrmgr.o(i.hal_pwrmgr_RAM_retention_set))
<BR><BR>[Calls]<UL><LI><a href="#[d8]">&gt;&gt;</a>&nbsp;&nbsp;&nbsp;subWriteReg
</UL>
<BR>[Called By]<UL><LI><a href="#[27]">&gt;&gt;</a>&nbsp;&nbsp;&nbsp;hal_pwrmgr_sleep_process
</UL>

<P><STRONG><a name="[d9]"></a>hal_pwrmgr_init</STRONG> (Thumb, 44 bytes, Stack size 0 bytes, pwrmgr.o(i.hal_pwrmgr_init))
<BR><BR>[Calls]<UL><LI><a href="#[db]">&gt;&gt;</a>&nbsp;&nbsp;&nbsp;enableSleep (via Veneer)
<LI><a href="#[da]">&gt;&gt;</a>&nbsp;&nbsp;&nbsp;disableSleep (via Veneer)
<LI><a href="#[d0]">&gt;&gt;</a>&nbsp;&nbsp;&nbsp;__aeabi_memclr4
</UL>
<BR>[Called By]<UL><LI><a href="#[9]">&gt;&gt;</a>&nbsp;&nbsp;&nbsp;main
</UL>

[...]
</UL>
<BR>[Address Reference Count : 1]<UL><LI> gattservapp.o(i.GATTServApp_Init)
</UL>
<P><STRONG><a name="[b1]"></a>gattServApp_ProcessExecuteWriteReq</STRONG> (Thumb, 132 bytes, Stack size 0 bytes, gattservapp.o(i.gattServApp_ProcessExecuteWriteReq))
<BR><BR>[Calls]<UL><LI><a href="#[b2]">&gt;&gt;</a>&nbsp;&nbsp;&nbsp;ATT_ExecuteWriteRsp (via Veneer)
<LI><a href="#[82]">&gt;&gt;</a>&nbsp;&nbsp;&nbsp;GATTServApp_WriteAttr
<LI><a href="#[b0]">&gt;&gt;</a>&nbsp;&nbsp;&nbsp;gattServApp_FindPrepareWriteQ
<LI><a href="#[3e]">&gt;&gt;</a>&nbsp;&nbsp;&nbsp;osal_memset (via Veneer)
</UL>
<BR>[Called By]<UL><LI><a href="#[76]">&gt;&gt;</a>&nbsp;&nbsp;&nbsp;gattServApp_ProcessMsg
</UL>

<P><STRONG><a name="[b3]"></a>gattServApp_ProcessFindByTypeValueReq</STRONG> (Thumb, 224 bytes, Stack size 0 bytes, gattservapp.o(i.gattServApp_ProcessFindByTypeValueReq))
<BR><BR>[Calls]<UL><LI><a href="#[b5]">&gt;&gt;</a>&nbsp;&nbsp;&nbsp;ATT_FindByTypeValueRsp (via Veneer)
<LI><a href="#[47]">&gt;&gt;</a>&nbsp;&nbsp;&nbsp;osal_memcmp (via Veneer)
<LI><a href="#[7a]">&gt;&gt;</a>&nbsp;&nbsp;&nbsp;GATT_FindNextAttr (via Veneer)
<LI><a href="#[b4]">&gt;&gt;</a>&nbsp;&nbsp;&nbsp;GATT_FindHandleUUID (via Veneer)
<LI><a href="#[73]">&gt;&gt;</a>&nbsp;&nbsp;&nbsp;GATTServApp_ReadAttr
<LI><a href="#[3e]">&gt;&gt;</a>&nbsp;&nbsp;&nbsp;osal_memset (via Veneer)
</UL>
<BR>[Called By]<UL><LI><a href="#[76]">&gt;&gt;</a>&nbsp;&nbsp;&nbsp;gattServApp_ProcessMsg
</UL>

<P><STRONG><a name="[76]"></a>gattServApp_ProcessMsg</STRONG> (Thumb, 326 bytes, Stack size 0 bytes, gattservapp.o(i.gattServApp_ProcessMsg))
<BR><BR>[Calls]<UL><LI><a href="#[79]">&gt;&gt;</a>&nbsp;&nbsp;&nbsp;GATT_FindHandle (via Veneer)
<LI><a href="#[bf]">&gt;&gt;</a>&nbsp;&nbsp;&nbsp;GATT_AppCompletedMsg (via Veneer)
<LI><a href="#[b8]">&gt;&gt;</a>&nbsp;&nbsp;&nbsp;ATT_ReadRsp (via Veneer)
<LI><a href="#[b9]">&gt;&gt;</a>&nbsp;&nbsp;&nbsp;ATT_ReadBlobRsp (via Veneer)
<LI><a href="#[b6]">&gt;&gt;</a>&nbsp;&nbsp;&nbsp;ATT_ExchangeMTURsp (via Veneer)
<LI><a href="#[be]">&gt;&gt;</a>&nbsp;&nbsp;&nbsp;ATT_ErrorRsp (via Veneer)
<LI><a href="#[bc]">&gt;&gt;</a>&nbsp;&nbsp;&nbsp;gattServApp_ProcessWriteReq
<LI><a href="#[ba]">&gt;&gt;</a>&nbsp;&nbsp;&nbsp;gattServApp_ProcessReadMultiReq
<LI><a href="#[b7]">&gt;&gt;</a>&nbsp;&nbsp;&nbsp;gattServApp_ProcessReadByTypeReq
<LI><a href="#[bb]">&gt;&gt;</a>&nbsp;&nbsp;&nbsp;gattServApp_ProcessReadByGrpTypeReq
<LI><a href="#[bd]">&gt;&gt;</a>&nbsp;&nbsp;&nbsp;gattServApp_ProcessPrepareWriteReq
<LI><a href="#[b3]">&gt;&gt;</a>&nbsp;&nbsp;&nbsp;gattServApp_ProcessFindByTypeValueReq
<LI><a href="#[b1]">&gt;&gt;</a>&nbsp;&nbsp;&nbsp;gattServApp_ProcessExecuteWriteReq
<LI><a href="#[73]">&gt;&gt;</a>&nbsp;&nbsp;&nbsp;GATTServApp_ReadAttr
</UL>
<BR>[Called By]<UL><LI><a href="#[22]">&gt;&gt;</a>&nbsp;&nbsp;&nbsp;GATTServApp_ProcessEvent
</UL>

<P><STRONG><a name="[bd]"></a>gattServApp_ProcessPrepareWriteReq</STRONG> (Thumb, 150 bytes, Stack size 0 bytes, gattservapp.o(i.gattServApp_ProcessPrepareWriteReq))
<BR><BR>[Calls]<UL><LI><a href="#[79]">&gt;&gt;</a>&nbsp;&nbsp;&nbsp;GATT_FindHandle (via Veneer)
<LI><a href="#[c0]">&gt;&gt;</a>&nbsp;&nbsp;&nbsp;ATT_PrepareWriteRsp (via Veneer)
<LI><a href="#[b0]">&gt;&gt;</a>&nbsp;&nbsp;&nbsp;gattServApp_FindPrepareWriteQ
<LI><a href="#[77]">&gt;&gt;</a>&nbsp;&nbsp;&nbsp;gattServApp_FindAuthorizeAttrCB
<LI><a href="#[3a]">&gt;&gt;</a>&nbsp;&nbsp;&nbsp;osal_memcpy (via Veneer)
</UL>
<BR>[Called By]<UL><LI><a href="#[76]">&gt;&gt;</a>&nbsp;&nbsp;&nbsp;gattServApp_ProcessMsg
</UL>

<P><STRONG><a name="[bb]"></a>gattServApp_ProcessReadByGrpTypeReq</STRONG> (Thumb, 332 bytes, Stack size 0 bytes, gattservapp.o(i.gattServApp_ProcessReadByGrpTypeReq))
<BR><BR>[Calls]<UL><LI><a href="#[c1]">&gt;&gt;</a>&nbsp;&nbsp;&nbsp;GATT_VerifyReadPermissions (via Veneer)
<LI><a href="#[c2]">&gt;&gt;</a>&nbsp;&nbsp;&nbsp;ATT_ReadByGrpTypeRsp (via Veneer)
<LI><a href="#[96]">&gt;&gt;</a>&nbsp;&nbsp;&nbsp;__aeabi_uidivmod (via Veneer)
<LI><a href="#[7a]">&gt;&gt;</a>&nbsp;&nbsp;&nbsp;GATT_FindNextAttr (via Veneer)
<LI><a href="#[b4]">&gt;&gt;</a>&nbsp;&nbsp;&nbsp;GATT_FindHandleUUID (via Veneer)
<LI><a href="#[73]">&gt;&gt;</a>&nbsp;&nbsp;&nbsp;GATTServApp_ReadAttr
<LI><a href="#[3a]">&gt;&gt;</a>&nbsp;&nbsp;&nbsp;osal_memcpy (via Veneer)
</UL>
<BR>[Called By]<UL><LI><a href="#[76]">&gt;&gt;</a>&nbsp;&nbsp;&nbsp;gattServApp_ProcessMsg
</UL>

<P><STRONG><a name="[b7]"></a>gattServApp_ProcessReadByTypeReq</STRONG> (Thumb, 278 bytes, Stack size 0 bytes, gattservapp.o(i.gattServApp_ProcessReadByTypeReq))
<BR><BR>[Calls]<UL><LI><a href="#[c1]">&gt;&gt;</a>&nbsp;&nbsp;&nbsp;GATT_VerifyReadPermissions (via Veneer)
<LI><a href="#[c3]">&gt;&gt;</a>&nbsp;&nbsp;&nbsp;ATT_ReadByTypeRsp (via Veneer)
<LI><a href="#[96]">&gt;&gt;</a>&nbsp;&nbsp;&nbsp;__aeabi_uidivmod (via Veneer)
<LI><a href="#[b4]">&gt;&gt;</a>&nbsp;&nbsp;&nbsp;GATT_FindHandleUUID (via Veneer)
<LI><a href="#[73]">&gt;&gt;</a>&nbsp;&nbsp;&nbsp;GATTServApp_ReadAttr
<LI><a href="#[3a]">&gt;&gt;</a>&nbsp;&nbsp;&nbsp;osal_memcpy (via Veneer)
</UL>
<BR>[Called By]<UL><LI><a href="#[76]">&gt;&gt;</a>&nbsp;&nbsp;&nbsp;gattServApp_ProcessMsg
</UL>

<P><STRONG><a name="[ba]"></a>gattServApp_ProcessReadMultiReq</STRONG> (Thumb, 184 bytes, Stack size 0 bytes, gattservapp.o(i.gattServApp_ProcessReadMultiReq))
<BR><BR>[Calls]<UL><LI><a href="#[79]">&gt;&gt;</a>&nbsp;&nbsp;&nbsp;GATT_FindHandle (via Veneer)
<LI><a href="#[c4]">&gt;&gt;</a>&nbsp;&nbsp;&nbsp;ATT_ReadMultiRsp (via Veneer)
<LI><a href="#[73]">&gt;&gt;</a>&nbsp;&nbsp;&nbsp;GATTServApp_ReadAttr
<LI><a href="#[3a]">&gt;&gt;</a>&nbsp;&nbsp;&nbsp;osal_memcpy (via Veneer)
</UL>
<BR>[Called By]<UL><LI><a href="#[76]">&gt;&gt;</a>&nbsp;&nbsp;&nbsp;gattServApp_ProcessMsg
</UL>

<P><STRONG><a name="[bc]"></a>gattServApp_ProcessWriteReq</STRONG> (Thumb, 122 bytes, Stack size 0 bytes, gattservapp.o(i.gattServApp_ProcessWriteReq))
<BR><BR>[Calls]<UL><LI><a href="#[79]">&gt;&gt;</a>&nbsp;&nbsp;&nbsp;GATT_FindHandle (via Veneer)
<LI><a href="#[c5]">&gt;&gt;</a>&nbsp;&nbsp;&nbsp;ATT_WriteRsp (via Veneer)
<LI><a href="#[82]">&gt;&gt;</a>&nbsp;&nbsp;&nbsp;GATTServApp_WriteAttr
<LI><a href="#[77]">&gt;&gt;</a>&nbsp;&nbsp;&nbsp;gattServApp_FindAuthorizeAttrCB
</UL>
<BR>[Called By]<UL><LI><a href="#[76]">&gt;&gt;</a>&nbsp;&nbsp;&nbsp;gattServApp_ProcessMsg
</UL>

<P><STRONG><a name="[69]"></a>gattServApp_SetNumPrepareWrites</STRONG> (Thumb, 112 bytes, Stack size 0 bytes, gattservapp.o(i.gattServApp_SetNumPrepareWrites))
<BR><BR>[Calls]<UL><LI><a href="#[3e]">&gt;&gt;</a>&nbsp;&nbsp;&nbsp;osal_memset (via Veneer)
</UL>
<BR>[Called By]<UL><LI><a href="#[67]">&gt;&gt;</a>&nbsp;&nbsp;&nbsp;GATTServApp_Init
</UL>

<P><STRONG><a name="[1a]"></a>gattServApp_WriteAttrCB</STRONG> (Thumb, 44 bytes, Stack size 0 bytes, gattservapp.o(i.gattServApp_WriteAttrCB))
<BR><BR>[Calls]<UL><LI><a href="#[6d]">&gt;&gt;</a>&nbsp;&nbsp;&nbsp;GATTServApp_ProcessCCCWriteReq
</UL>
<BR>[Address Reference Count : 1]<UL><LI> gattservapp.o(.constdata)
</UL>
<P><STRONG><a name="[2a]"></a>hard_fault</STRONG> (Thumb, 30 bytes, Stack size 0 bytes, jump_table.o(i.hard_fault))
<BR><BR>[Calls]<UL><LI><a href="#[ad]">&gt;&gt;</a>&nbsp;&nbsp;&nbsp;phy_printf
</UL>
<BR>[Address Reference Count : 1]<UL><LI> jump_table.o(jump_table_mem_area)
</UL>
<P><STRONG><a name="[1]"></a>peripheralStateNotificationCB</STRONG> (Thumb, 262 bytes, Stack size 0 bytes, simplebleperipheral.o(i.peripheralStateNotificationCB))
<BR><BR>[Calls]<UL><LI><a href="#[a7]">&gt;&gt;</a>&nbsp;&nbsp;&nbsp;LL_PLUS_PerStatsReset (via Veneer)
<LI><a href="#[ff]">&gt;&gt;</a>&nbsp;&nbsp;&nbsp;HCI_PPLUS_ConnEventDoneNoticeCmd (via Veneer)
<LI><a href="#[a3]">&gt;&gt;</a>&nbsp;&nbsp;&nbsp;bdAddr2Str
<LI><a href="#[ad]">&gt;&gt;</a>&nbsp;&nbsp;&nbsp;phy_printf
<LI><a href="#[58]">&gt;&gt;</a>&nbsp;&nbsp;&nbsp;osal_stop_timerEx (via Veneer)
<LI><a href="#[59]">&gt;&gt;</a>&nbsp;&nbsp;&nbsp;GAPRole_SetParameter
<LI><a href="#[4a]">&gt;&gt;</a>&nbsp;&nbsp;&nbsp;GAPRole_GetParameter
<LI><a href="#[84]">&gt;&gt;</a>&nbsp;&nbsp;&nbsp;GGS_SetParameter
<LI><a href="#[3a]">&gt;&gt;</a>&nbsp;&nbsp;&nbsp;osal_memcpy (via Veneer)
<LI><a href="#[39]">&gt;&gt;</a>&nbsp;&nbsp;&nbsp;DevInfo_SetParameter
<LI><a href="#[4b]">&gt;&gt;</a>&nbsp;&nbsp;&nbsp;__ARM_common_switch8 (via Veneer)
</UL>
<BR>[Address Reference Count : 1]<UL><LI> simplebleperipheral.o(.data)
</UL>
<P><STRONG><a name="[2]"></a>peripheralStateReadRssiCB</STRONG> (Thumb, 2 bytes, Stack size 0 bytes, simplebleperipheral.o(i.peripheralStateReadRssiCB))
<BR>[Address Reference Count : 1]<UL><LI> simplebleperipheral.o(.data)
</UL>
<P><STRONG><a name="[d]"></a>simpleBLEPeripheral_ScanRequestFilterCBack</STRONG> (Thumb, 54 bytes, Stack size 0 bytes, simplebleperipheral.o(i.simpleBLEPeripheral_ScanRequestFilterCBack))
<BR><BR>[Calls]<UL><LI><a href="#[130]">&gt;&gt;</a>&nbsp;&nbsp;&nbsp;LL_PLUS_SetScanRsqDataByIndex (via Veneer)
<LI><a href="#[131]">&gt;&gt;</a>&nbsp;&nbsp;&nbsp;LL_PLUS_GetScanerAddr (via Veneer)
<LI><a href="#[12f]">&gt;&gt;</a>&nbsp;&nbsp;&nbsp;LL_PLUS_GetScanRequestExtendData (via Veneer)
</UL>
<BR>[Address Reference Count : 1]<UL><LI> simplebleperipheral.o(i.SimpleBLEPeripheral_Init)
</UL>
<P><STRONG><a name="[0]"></a>simpleProfileChangeCB</STRONG> (Thumb, 426 bytes, Stack size 0 bytes, simplebleperipheral.o(i.simpleProfileChangeCB))
<BR><BR>[Calls]<UL><LI><a href="#[a5]">&gt;&gt;</a>&nbsp;&nbsp;&nbsp;check_PerStatsProcess
<LI><a href="#[94]">&gt;&gt;</a>&nbsp;&nbsp;&nbsp;SimpleProfile_GetParameter
<LI><a href="#[133]">&gt;&gt;</a>&nbsp;&nbsp;&nbsp;HCI_PPLUS_ExtendTRXCmd (via Veneer)
<LI><a href="#[ff]">&gt;&gt;</a>&nbsp;&nbsp;&nbsp;HCI_PPLUS_ConnEventDoneNoticeCmd (via Veneer)
<LI><a href="#[132]">&gt;&gt;</a>&nbsp;&nbsp;&nbsp;updateAdvData
<LI><a href="#[ad]">&gt;&gt;</a>&nbsp;&nbsp;&nbsp;phy_printf
<LI><a href="#[58]">&gt;&gt;</a>&nbsp;&nbsp;&nbsp;osal_stop_timerEx (via Veneer)
<LI><a href="#[54]">&gt;&gt;</a>&nbsp;&nbsp;&nbsp;osal_start_timerEx (via Veneer)
<LI><a href="#[59]">&gt;&gt;</a>&nbsp;&nbsp;&nbsp;GAPRole_SetParameter
<LI><a href="#[4a]">&gt;&gt;</a>&nbsp;&nbsp;&nbsp;GAPRole_GetParameter
<LI><a href="#[96]">&gt;&gt;</a>&nbsp;&nbsp;&nbsp;__aeabi_uidivmod (via Veneer)
</UL>
<BR>[Address Reference Count : 1]<UL><LI> simplebleperipheral.o(.data)
</UL>
<P><STRONG><a name="[132]"></a>updateAdvData</STRONG> (Thumb, 196 bytes, Stack size 0 bytes, simplebleperipheral.o(i.updateAdvData))
<BR><BR>[Calls]<UL><LI><a href="#[127]">&gt;&gt;</a>&nbsp;&nbsp;&nbsp;rf_phy_set_txPower
<LI><a href="#[94]">&gt;&gt;</a>&nbsp;&nbsp;&nbsp;SimpleProfile_GetParameter
<LI><a href="#[54]">&gt;&gt;</a>&nbsp;&nbsp;&nbsp;osal_start_timerEx (via Veneer)
<LI><a href="#[57]">&gt;&gt;</a>&nbsp;&nbsp;&nbsp;GAPRole_TerminateConnection
<LI><a href="#[59]">&gt;&gt;</a>&nbsp;&nbsp;&nbsp;GAPRole_SetParameter
<LI><a href="#[5e]">&gt;&gt;</a>&nbsp;&nbsp;&nbsp;GAP_SetParamValue (via Veneer)
<LI><a href="#[3a]">&gt;&gt;</a>&nbsp;&nbsp;&nbsp;osal_memcpy (via Veneer)
</UL>
<BR>[Called By]<UL><LI><a href="#[0]">&gt;&gt;</a>&nbsp;&nbsp;&nbsp;simpleProfileChangeCB
</UL>

<P><STRONG><a name="[e]"></a>simpleProfile_HandleConnStatusCB</STRONG> (Thumb, 40 bytes, Stack size 0 bytes, simpleibeaconprofile_ota.o(i.simpleProfile_HandleConnStatusCB))
<BR><BR>[Calls]<UL><LI><a href="#[af]">&gt;&gt;</a>&nbsp;&nbsp;&nbsp;linkDB_State (via Veneer)
<LI><a href="#[68]">&gt;&gt;</a>&nbsp;&nbsp;&nbsp;GATTServApp_InitCharCfg
</UL>
<BR>[Address Reference Count : 1]<UL><LI> simpleibeaconprofile_ota.o(i.SimpleProfile_AddService)
</UL>
<P><STRONG><a name="[24]"></a>simpleProfile_ReadAttrCB</STRONG> (Thumb, 126 bytes, Stack size 0 bytes, simpleibeaconprofile_ota.o(i.simpleProfile_ReadAttrCB))
<BR><BR>[Calls]<UL><LI><a href="#[3a]">&gt;&gt;</a>&nbsp;&nbsp;&nbsp;osal_memcpy (via Veneer)
<LI><a href="#[4b]">&gt;&gt;</a>&nbsp;&nbsp;&nbsp;__ARM_common_switch8 (via Veneer)
</UL>
<BR>[Address Reference Count : 1]<UL><LI> simpleibeaconprofile_ota.o(.constdata)
</UL>
<P><STRONG><a name="[25]"></a>simpleProfile_WriteAttrCB</STRONG> (Thumb, 256 bytes, Stack size 0 bytes, simpleibeaconprofile_ota.o(i.simpleProfile_WriteAttrCB))
<BR><BR>[Calls]<UL><LI><a href="#[6d]">&gt;&gt;</a>&nbsp;&nbsp;&nbsp;GATTServApp_ProcessCCCWriteReq
<LI><a href="#[3a]">&gt;&gt;</a>&nbsp;&nbsp;&nbsp;osal_memcpy (via Veneer)
</UL>
<BR>[Address Reference Count : 1]<UL><LI> simpleibeaconprofile_ota.o(.constdata)
</UL>
<P><STRONG><a name="[c8]"></a>NVIC_SetPriority</STRONG> (Thumb, 60 bytes, Stack size 0 bytes, gpio.o(i.NVIC_SetPriority))
<BR><BR>[Called By]<UL><LI><a href="#[10]">&gt;&gt;</a>&nbsp;&nbsp;&nbsp;gpio_wakeup_handler
<LI><a href="#[cf]">&gt;&gt;</a>&nbsp;&nbsp;&nbsp;hal_gpio_init
</UL>

<P><STRONG><a name="[cc]"></a>gpio_interrupt_enable</STRONG> (Thumb, 58 bytes, Stack size 0 bytes, gpio.o(i.gpio_interrupt_enable))
<BR><BR>[Called By]<UL><LI><a href="#[c9]">&gt;&gt;</a>&nbsp;&nbsp;&nbsp;hal_gpioin_enable
<LI><a href="#[cb]">&gt;&gt;</a>&nbsp;&nbsp;&nbsp;gpioin_event
</UL>

<P><STRONG><a name="[11]"></a>gpio_sleep_handler</STRONG> (Thumb, 64 bytes, Stack size 0 bytes, gpio.o(i.gpio_sleep_handler))
<BR><BR>[Calls]<UL><LI><a href="#[c7]">&gt;&gt;</a>&nbsp;&nbsp;&nbsp;hal_gpio_wakeup_set
<LI><a href="#[c6]">&gt;&gt;</a>&nbsp;&nbsp;&nbsp;hal_gpio_read
</UL>
<BR>[Address Reference Count : 1]<UL><LI> gpio.o(i.hal_gpio_init)
</UL>
<P><STRONG><a name="[10]"></a>gpio_wakeup_handler</STRONG> (Thumb, 88 bytes, Stack size 0 bytes, gpio.o(i.gpio_wakeup_handler))
<BR><BR>[Calls]<UL><LI><a href="#[c9]">&gt;&gt;</a>&nbsp;&nbsp;&nbsp;hal_gpioin_enable
<LI><a href="#[ca]">&gt;&gt;</a>&nbsp;&nbsp;&nbsp;gpioin_event_pin
<LI><a href="#[c8]">&gt;&gt;</a>&nbsp;&nbsp;&nbsp;NVIC_SetPriority
<LI><a href="#[c6]">&gt;&gt;</a>&nbsp;&nbsp;&nbsp;hal_gpio_read
</UL>
<BR>[Address Reference Count : 1]<UL><LI> gpio.o(i.hal_gpio_init)
</UL>
<P><STRONG><a name="[cb]"></a>gpioin_event</STRONG> (Thumb, 104 bytes, Stack size 0 bytes, gpio.o(i.gpioin_event))
<BR><BR>[Calls]<UL><LI><a href="#[ca]">&gt;&gt;</a>&nbsp;&nbsp;&nbsp;gpioin_event_pin
<LI><a href="#[cc]">&gt;&gt;</a>&nbsp;&nbsp;&nbsp;gpio_interrupt_enable
</UL>
<BR>[Called By]<UL><LI><a href="#[2c]">&gt;&gt;</a>&nbsp;&nbsp;&nbsp;hal_GPIO_IRQHandler
</UL>

<P><STRONG><a name="[ca]"></a>gpioin_event_pin</STRONG> (Thumb, 32 bytes, Stack size 0 bytes, gpio.o(i.gpioin_event_pin))
<BR><BR>[Called By]<UL><LI><a href="#[cb]">&gt;&gt;</a>&nbsp;&nbsp;&nbsp;gpioin_event
<LI><a href="#[10]">&gt;&gt;</a>&nbsp;&nbsp;&nbsp;gpio_wakeup_handler
</UL>

<P><STRONG><a name="[cd]"></a>irq_rx_handler</STRONG> (Thumb, 68 bytes, Stack size 0 bytes, uart.o(i.irq_rx_handler))
<BR><BR>[Called By]<UL><LI><a href="#[2b]">&gt;&gt;</a>&nbsp;&nbsp;&nbsp;hal_UART0_IRQHandler
</UL>

<P><STRONG><a name="[ce]"></a>irq_tx_empty_handler</STRONG> (Thumb, 114 bytes, Stack size 0 bytes, uart.o(i.irq_tx_empty_handler))
<BR><BR>[Calls]<UL><LI><a href="#[de]">&gt;&gt;</a>&nbsp;&nbsp;&nbsp;hal_pwrmgr_unlock
</UL>
<BR>[Called By]<UL><LI><a href="#[2b]">&gt;&gt;</a>&nbsp;&nbsp;&nbsp;hal_UART0_IRQHandler
</UL>

<P><STRONG><a name="[e8]"></a>txmit_buf_polling</STRONG> (Thumb, 96 bytes, Stack size 0 bytes, uart.o(i.txmit_buf_polling))
<BR><BR>[Called By]<UL><LI><a href="#[e6]">&gt;&gt;</a>&nbsp;&nbsp;&nbsp;hal_uart_send_buff
</UL>

<P><STRONG><a name="[e7]"></a>txmit_buf_use_tx_buf</STRONG> (Thumb, 118 bytes, Stack size 0 bytes, uart.o(i.txmit_buf_use_tx_buf))
<BR><BR>[Calls]<UL><LI><a href="#[dc]">&gt;&gt;</a>&nbsp;&nbsp;&nbsp;hal_pwrmgr_lock
<LI><a href="#[85]">&gt;&gt;</a>&nbsp;&nbsp;&nbsp;__aeabi_memcpy
</UL>
<BR>[Called By]<UL><LI><a href="#[e6]">&gt;&gt;</a>&nbsp;&nbsp;&nbsp;hal_uart_send_buff
</UL>

<P><STRONG><a name="[fe]"></a>print_hex</STRONG> (Thumb, 40 bytes, Stack size 0 bytes, osal_snv.o(i.print_hex))
<BR><BR>[Calls]<UL><LI><a href="#[ad]">&gt;&gt;</a>&nbsp;&nbsp;&nbsp;phy_printf
</UL>
<BR>[Called By]<UL><LI><a href="#[3d]">&gt;&gt;</a>&nbsp;&nbsp;&nbsp;osal_snv_read
</UL>

<P><STRONG><a name="[fd]"></a>snv_calc_addr</STRONG> (Thumb, 30 bytes, Stack size 0 bytes, osal_snv.o(i.snv_calc_addr))
<BR><BR>[Called By]<UL><LI><a href="#[3d]">&gt;&gt;</a>&nbsp;&nbsp;&nbsp;osal_snv_read
</UL>

<P><STRONG><a name="[113]"></a>rf_phy_dtm_init</STRONG> (Thumb, 26 bytes, Stack size 0 bytes, rf_phy_driver.o(i.rf_phy_dtm_init))
<BR><BR>[Called By]<UL><LI><a href="#[123]">&gt;&gt;</a>&nbsp;&nbsp;&nbsp;rf_phy_dtm_ext_tx_singleTone
<LI><a href="#[122]">&gt;&gt;</a>&nbsp;&nbsp;&nbsp;rf_phy_dtm_ext_tx_modulation
<LI><a href="#[121]">&gt;&gt;</a>&nbsp;&nbsp;&nbsp;rf_phy_dtm_ext_tx_mod_burst
<LI><a href="#[11e]">&gt;&gt;</a>&nbsp;&nbsp;&nbsp;rf_phy_dtm_ext_rx_demod_burst
<LI><a href="#[110]">&gt;&gt;</a>&nbsp;&nbsp;&nbsp;rf_phy_direct_test
</UL>

<P><STRONG><a name="[120]"></a>rf_phy_dtm_stop</STRONG> (Thumb, 46 bytes, Stack size 0 bytes, rf_phy_driver.o(i.rf_phy_dtm_stop))
<BR><BR>[Calls]<UL><LI><a href="#[d8]">&gt;&gt;</a>&nbsp;&nbsp;&nbsp;subWriteReg
</UL>
<BR>[Called By]<UL><LI><a href="#[123]">&gt;&gt;</a>&nbsp;&nbsp;&nbsp;rf_phy_dtm_ext_tx_singleTone
<LI><a href="#[122]">&gt;&gt;</a>&nbsp;&nbsp;&nbsp;rf_phy_dtm_ext_tx_modulation
<LI><a href="#[121]">&gt;&gt;</a>&nbsp;&nbsp;&nbsp;rf_phy_dtm_ext_tx_mod_burst
<LI><a href="#[11e]">&gt;&gt;</a>&nbsp;&nbsp;&nbsp;rf_phy_dtm_ext_rx_demod_burst
</UL>

<P><STRONG><a name="[100]"></a>print</STRONG> (Thumb, 250 bytes, Stack size 0 bytes, my_printf.o(i.print))
<BR><BR>[Calls]<UL><LI><a href="#[102]">&gt;&gt;</a>&nbsp;&nbsp;&nbsp;prints
<LI><a href="#[103]">&gt;&gt;</a>&nbsp;&nbsp;&nbsp;printi
<LI><a href="#[104]">&gt;&gt;</a>&nbsp;&nbsp;&nbsp;printchar
</UL>
<BR>[Called By]<UL><LI><a href="#[ad]">&gt;&gt;</a>&nbsp;&nbsp;&nbsp;phy_printf
</UL>

<P><STRONG><a name="[104]"></a>printchar</STRONG> (Thumb, 36 bytes, Stack size 0 bytes, my_printf.o(i.printchar))
<BR><BR>[Called By]<UL><LI><a href="#[102]">&gt;&gt;</a>&nbsp;&nbsp;&nbsp;prints
<LI><a href="#[103]">&gt;&gt;</a>&nbsp;&nbsp;&nbsp;printi
<LI><a href="#[100]">&gt;&gt;</a>&nbsp;&nbsp;&nbsp;print
</UL>

<P><STRONG><a name="[103]"></a>printi</STRONG> (Thumb, 146 bytes, Stack size 0 bytes, my_printf.o(i.printi))
<BR><BR>[Calls]<UL><LI><a href="#[96]">&gt;&gt;</a>&nbsp;&nbsp;&nbsp;__aeabi_uidivmod (via Veneer)
<LI><a href="#[102]">&gt;&gt;</a>&nbsp;&nbsp;&nbsp;prints
<LI><a href="#[104]">&gt;&gt;</a>&nbsp;&nbsp;&nbsp;printchar
</UL>
<BR>[Called By]<UL><LI><a href="#[100]">&gt;&gt;</a>&nbsp;&nbsp;&nbsp;print
</UL>

<P><STRONG><a name="[102]"></a>prints</STRONG> (Thumb, 112 bytes, Stack size 0 bytes, my_printf.o(i.prints))
<BR><BR>[Calls]<UL><LI><a href="#[104]">&gt;&gt;</a>&nbsp;&nbsp;&nbsp;printchar
</UL>
<BR>[Called By]<UL><LI><a href="#[103]">&gt;&gt;</a>&nbsp;&nbsp;&nbsp;printi
<LI><a href="#[100]">&gt;&gt;</a>&nbsp;&nbsp;&nbsp;print
</UL>

<P><STRONG><a name="[109]"></a>chip_id_one_bit_hot_convter</STRONG> (Thumb, 108 bytes, Stack size 0 bytes, flash_ext.o(i.chip_id_one_bit_hot_convter))
<BR><BR>[Called By]<UL><LI><a href="#[ab]">&gt;&gt;</a>&nbsp;&nbsp;&nbsp;read_chip_mAddr
<LI><a href="#[a9]">&gt;&gt;</a>&nbsp;&nbsp;&nbsp;read_chip_id
</UL>

<P><STRONG><a name="[9c]"></a>_printf_core</STRONG> (Thumb, 1020 bytes, Stack size 0 bytes, printf8.o(i._printf_core), UNUSED)
<BR><BR>[Calls]<UL><LI><a href="#[33]">&gt;&gt;</a>&nbsp;&nbsp;&nbsp;__aeabi_uldivmod
<LI><a href="#[9d]">&gt;&gt;</a>&nbsp;&nbsp;&nbsp;_printf_pre_padding
<LI><a href="#[9e]">&gt;&gt;</a>&nbsp;&nbsp;&nbsp;_printf_post_padding
</UL>
<BR>[Called By]<UL><LI><a href="#[9b]">&gt;&gt;</a>&nbsp;&nbsp;&nbsp;__0printf$8
</UL>

<P><STRONG><a name="[9e]"></a>_printf_post_padding</STRONG> (Thumb, 32 bytes, Stack size 0 bytes, printf8.o(i._printf_post_padding), UNUSED)
<BR><BR>[Called By]<UL><LI><a href="#[9c]">&gt;&gt;</a>&nbsp;&nbsp;&nbsp;_printf_core
</UL>

<P><STRONG><a name="[9d]"></a>_printf_pre_padding</STRONG> (Thumb, 44 bytes, Stack size 0 bytes, printf8.o(i._printf_pre_padding), UNUSED)
<BR><BR>[Called By]<UL><LI><a href="#[9c]">&gt;&gt;</a>&nbsp;&nbsp;&nbsp;_printf_core
</UL>
<P>
<H3>
Undefined Global Symbols
</H3><HR></body></html>
