<html>
<body>
<pre>
<h1>礦ision Build Log</h1>
<h2>Tool Versions:</h2>
IDE-Version: μVision V5.14.0.0
Copyright (C) 2015 ARM Ltd and ARM Germany GmbH. All rights reserved.
License Information: a a, a, LIC=V8563-AMC87-047SQ-NSVRF-5LI2J-DIC6H
 
Tool Versions:
Toolchain:       MDK-ARM Professional  Version: 5.14.0.0
Toolchain Path:  D:\Johhn\kile5\ARM\ARMCC\Bin
C Compiler:      Armcc.exe V5.05 update 1 (build 106)
Assembler:       Armasm.exe V5.05 update 1 (build 106)
Linker/Locator:  ArmLink.exe V5.05 update 1 (build 106)
Library Manager: ArmAr.exe V5.05 update 1 (build 106)
Hex Converter:   FromElf.exe V5.05 update 1 (build 106)
CPU DLL:         SARMCM3.DLL V5.14.0.0
Dialog DLL:      DARMCM1.DLL V1.12.0.0
Target DLL:      UL2CM3.DLL V1.155.0.0
Dialog DLL:      TARMCM1.DLL V1.9.0.0
 
<h2>Project:</h2>
C:\Users\zifeng\Desktop\test\PHY6212开发资料_20190909\SDK1\PHY62XX_SDK_2.1.0\example\ble_mesh\mesh_switch\mesh_switch.uvprojx
Project File Date:  09/09/2019

<h2>Output:</h2>
Rebuild target 'Target 1'
compiling main.c...
compiling common.c...
compiling pwm.c...
compiling flash.c...
compiling clock.c...
compiling my_printf.c...
compiling gpio.c...
compiling uart.c...
compiling pwrmgr.c...
compiling dongleKey.c...
compiling kscan.c...
compiling devinfoservice.c...
compiling gattservapp.c...
compiling peripheral.c...
compiling gapgattserver.c...
compiling gap.c...
compiling observer.c...
compiling central.c...
compiling gapbondmgr.c...
compiling jump_table.c...
compiling osal_snv.c...
compiling bleMesh.c...
source\bleMesh\bleMesh.c(1116): warning:  #186-D: pointless comparison of unsigned integer with zero
      if (0 <= indx && 5 >  indx ) {
source\bleMesh\bleMesh.c(1127): warning:  #186-D: pointless comparison of unsigned integer with zero
      if (0 <= indx && 5 >  indx ) {
source\bleMesh\bleMesh.c: 2 warnings, 0 errors
compiling bleMesh_Main.c...
compiling OSAL_bleMesh.c...
compiling led_light.c...
compiling hal_keyboard_matrix.c...
compiling EM_platform.c...
compiling aes.c...
compiling aes-ccm.c...
compiling EM_debug.c...
compiling EM_os.c...
compiling EM_timer.c...
compiling blebrr_pl.c...
compiling cry.c...
compiling nvs.c...
compiling blebrr.c...
compiling blebrr_gatt.c...
compiling MS_common_pl.c...
compiling prov_pl.c...
compiling mesh_services.c...
compiling appl_prov.c...
compiling appl_proxy.c...
compiling mesh_clients.c...
compiling appl_sample_mesh_switch.c...
assembling P256-cortex-m0-ecdh-keil.s...
assembling startup_ARMCM0.s...
compiling system_ARMCM0.c...
linking...
Program Size: Code=97304 RO-data=6144 RW-data=3076 ZI-data=33020  
FromELF: creating hex file...
After Build - User command #1: fromelf.exe --bin -o  ./mesh_switch.bin  ./Objects/mesh_switch.axf
After Build - User command #2: fromelf -c -a -d -e -v -o mesh_switch.asm ./Objects/mesh_switch.axf
".\Objects\mesh_switch.axf" - 0 Error(s), 2 Warning(s).

<h2>Software Packages used:</h2>

Package Vendor: ARM
                http://www.keil.com/pack/ARM.CMSIS.4.2.0.pack
                ARM::CMSIS:CORE:3.40.0
                CMSIS (Cortex Microcontroller Software Interface Standard)
   * Component: CORE Version: 3.40.0
   * Component: Startup Version: 1.0.1

<h2>Collection of Component include folders:</h2>
  C:\Users\zifeng\Desktop\test\PHY6212开发资料_20190909\SDK1\PHY62XX_SDK_2.1.0\example\ble_mesh\mesh_switch\RTE
  D:\Johhn\kile5\ARM\PACK\ARM\CMSIS\4.2.0\CMSIS\Include
  D:\Johhn\kile5\ARM\PACK\ARM\CMSIS\4.2.0\Device\ARM\ARMCM0\Include

<h2>Collection of Component Files used:</h2>

   * Component: ARM::CMSIS:CORE:3.40.0
      Source file:   CMSIS\UserCodeTemplates\ARM\ITM_Retarget.c

   * Component: ARM::Device:Startup:1.0.1
      Source file:   Device\ARM\ARMCM0\Source\system_ARMCM0.c
      Source file:   Device\ARM\ARMCM0\Source\ARM\startup_ARMCM0.s
      Include file:  Device\ARM\ARMCM0\Include\ARMCM0.h
</pre>
</body>
</html>
