<!doctype html public "-//w3c//dtd html 4.0 transitional//en">
<html><head>
<title>Static Call Graph - [.\Objects\simpleBleCentral.axf]</title></head>
<body><HR>
<H1>Static Call Graph for image .\Objects\simpleBleCentral.axf</H1><HR>
<BR><P>#&#060CALLGRAPH&#062# ARM Linker, 5050106: Last Updated: Tue May 19 17:32:29 2020
<BR><P>
<H3>Maximum Stack Usage =        512 bytes + Unknown(Cycles, Untraceable Function Pointers)</H3><H3>
Call chain for Maximum Stack Depth:</H3>
SimpleBLECentral_ProcessEvent &rArr; centralTestVectorProcess &rArr; phy_printf &rArr; print &rArr; printi &rArr; prints
<P>
<H3>
Mutually Recursive functions
</H3> <LI><a href="#[1]">NMI_Handler</a>&nbsp;&nbsp;&nbsp;&rArr;&nbsp;&nbsp;&nbsp;<a href="#[1]">NMI_Handler</a><BR>
 <LI><a href="#[2]">HardFault_Handler</a>&nbsp;&nbsp;&nbsp;&rArr;&nbsp;&nbsp;&nbsp;<a href="#[2]">HardFault_Handler</a><BR>
 <LI><a href="#[3]">SVC_Handler</a>&nbsp;&nbsp;&nbsp;&rArr;&nbsp;&nbsp;&nbsp;<a href="#[3]">SVC_Handler</a><BR>
 <LI><a href="#[4]">PendSV_Handler</a>&nbsp;&nbsp;&nbsp;&rArr;&nbsp;&nbsp;&nbsp;<a href="#[4]">PendSV_Handler</a><BR>
 <LI><a href="#[5]">SysTick_Handler</a>&nbsp;&nbsp;&nbsp;&rArr;&nbsp;&nbsp;&nbsp;<a href="#[5]">SysTick_Handler</a><BR>
</UL>
<P>
<H3>
Function Pointers
</H3><UL>
 <LI><a href="#[2b]">AP_TIMER_IRQHandler</a> from ap_timer.o(i.AP_TIMER_IRQHandler) referenced from jump_table.o(jump_table_mem_area)
 <LI><a href="#[1f]">GAPBondMgr_ProcessEvent</a> from gapbondmgr.o(i.GAPBondMgr_ProcessEvent) referenced from osal_simpleblecentral.o(.constdata)
 <LI><a href="#[1e]">GAPCentralRole_ProcessEvent</a> from central.o(i.GAPCentralRole_ProcessEvent) referenced from osal_simpleblecentral.o(.constdata)
 <LI><a href="#[1b]">GAP_ProcessEvent</a> from rom1Sym.txt(ABSOLUTE) referenced from osal_simpleblecentral.o(.constdata)
 <LI><a href="#[20]">GATTServApp_ProcessEvent</a> from gattservapp.o(i.GATTServApp_ProcessEvent) referenced from osal_simpleblecentral.o(.constdata)
 <LI><a href="#[1c]">GATT_ProcessEvent</a> from rom1Sym.txt(ABSOLUTE) referenced from osal_simpleblecentral.o(.constdata)
 <LI><a href="#[19]">HCI_ProcessEvent</a> from rom1Sym.txt(ABSOLUTE) referenced from osal_simpleblecentral.o(.constdata)
 <LI><a href="#[2]">HardFault_Handler</a> from startup_armcm0.o(.text) referenced from startup_armcm0.o(RESET)
 <LI><a href="#[1a]">L2CAP_ProcessEvent</a> from rom1Sym.txt(ABSOLUTE) referenced from osal_simpleblecentral.o(.constdata)
 <LI><a href="#[18]">LL_ProcessEvent</a> from rom1Sym.txt(ABSOLUTE) referenced from osal_simpleblecentral.o(.constdata)
 <LI><a href="#[13]">LL_SetScanControl1</a> from patch.o(i.LL_SetScanControl1) referenced from patch.o(i.init_config)
 <LI><a href="#[1]">NMI_Handler</a> from startup_armcm0.o(.text) referenced from startup_armcm0.o(RESET)
 <LI><a href="#[4]">PendSV_Handler</a> from startup_armcm0.o(.text) referenced from startup_armcm0.o(RESET)
 <LI><a href="#[0]">Reset_Handler</a> from startup_armcm0.o(.text) referenced from startup_armcm0.o(RESET)
 <LI><a href="#[1d]">SM_ProcessEvent</a> from rom1Sym.txt(ABSOLUTE) referenced from osal_simpleblecentral.o(.constdata)
 <LI><a href="#[3]">SVC_Handler</a> from startup_armcm0.o(.text) referenced from startup_armcm0.o(RESET)
 <LI><a href="#[21]">SimpleBLECentral_ProcessEvent</a> from simpleblecentral.o(i.SimpleBLECentral_ProcessEvent) referenced from osal_simpleblecentral.o(.constdata)
 <LI><a href="#[5]">SysTick_Handler</a> from startup_armcm0.o(.text) referenced from startup_armcm0.o(RESET)
 <LI><a href="#[7]">SystemInit</a> from system_armcm0.o(i.SystemInit) referenced from startup_armcm0.o(.text)
 <LI><a href="#[8]">__main</a> from entry.o(.ARM.Collect$$$$00000000) referenced from startup_armcm0.o(.text)
 <LI><a href="#[b]">fputc</a> from fputc.o(i.fputc) referenced from printf8.o(i.__0printf$8)
 <LI><a href="#[9]">gapBondMgrSendServiceChange</a> from gapbondmgr.o(i.gapBondMgrSendServiceChange) referenced from gapbondmgr.o(i.GAPBondMgr_ServiceChangeInd)
 <LI><a href="#[c]">gapCentralRole_timerCB</a> from central.o(i.gapCentralRole_timerCB) referenced from central.o(i.gapCentralRole_ProcessOSALMsg)
 <LI><a href="#[a]">gattServApp_HandleConnStatusCB</a> from gattservapp.o(i.gattServApp_HandleConnStatusCB) referenced from gattservapp.o(i.GATTServApp_Init)
 <LI><a href="#[17]">gattServApp_WriteAttrCB</a> from gattservapp.o(i.gattServApp_WriteAttrCB) referenced from gattservapp.o(.constdata)
 <LI><a href="#[15]">ggs_ReadAttrCB</a> from gapgattserver.o(i.ggs_ReadAttrCB) referenced from gapgattserver.o(.constdata)
 <LI><a href="#[16]">ggs_WriteAttrCB</a> from gapgattserver.o(i.ggs_WriteAttrCB) referenced from gapgattserver.o(.constdata)
 <LI><a href="#[e]">gpio_sleep_handler</a> from gpio.o(i.gpio_sleep_handler) referenced from gpio.o(i.hal_gpio_init)
 <LI><a href="#[d]">gpio_wakeup_handler</a> from gpio.o(i.gpio_wakeup_handler) referenced from gpio.o(i.hal_gpio_init)
 <LI><a href="#[2f]">hal_GPIO_IRQHandler</a> from gpio.o(i.hal_GPIO_IRQHandler) referenced from jump_table.o(jump_table_mem_area)
 <LI><a href="#[2d]">hal_SPI0_IRQHandler</a> from spi.o(i.hal_SPI0_IRQHandler) referenced from jump_table.o(jump_table_mem_area)
 <LI><a href="#[2e]">hal_SPI1_IRQHandler</a> from spi.o(i.hal_SPI1_IRQHandler) referenced from jump_table.o(jump_table_mem_area)
 <LI><a href="#[2c]">hal_UART0_IRQHandler</a> from uart.o(i.hal_UART0_IRQHandler) referenced from jump_table.o(jump_table_mem_area)
 <LI><a href="#[27]">hal_pwrmgr_sleep_process</a> from pwrmgr.o(i.hal_pwrmgr_sleep_process) referenced from jump_table.o(jump_table_mem_area)
 <LI><a href="#[28]">hal_pwrmgr_wakeup_process</a> from pwrmgr.o(i.hal_pwrmgr_wakeup_process) referenced from jump_table.o(jump_table_mem_area)
 <LI><a href="#[2a]">hard_fault</a> from jump_table.o(i.hard_fault) referenced from jump_table.o(jump_table_mem_area)
 <LI><a href="#[14]">llSetupAdv1</a> from patch.o(i.llSetupAdv1) referenced from patch.o(i.init_config)
 <LI><a href="#[11]">ll_hw_go1</a> from patch.o(i.ll_hw_go1) referenced from patch.o(i.init_config)
 <LI><a href="#[6]">main</a> from main.o(i.main) referenced from entry9a.o(.ARM.Collect$$$$0000000B)
 <LI><a href="#[26]">osalInitTasks</a> from osal_simpleblecentral.o(i.osalInitTasks) referenced from jump_table.o(jump_table_mem_area)
 <LI><a href="#[12]">rf_calibrate1</a> from patch.o(i.rf_calibrate1) referenced from patch.o(i.init_config)
 <LI><a href="#[29]">rf_phy_ini</a> from rf_phy_driver.o(i.rf_phy_ini) referenced from jump_table.o(jump_table_mem_area)
 <LI><a href="#[f]">rf_wakeup_handler</a> from main.o(i.rf_wakeup_handler) referenced from main.o(i.hal_rfphy_init)
 <LI><a href="#[23]">simpleBLECentralEventCB</a> from simpleblecentral.o(i.simpleBLECentralEventCB) referenced from simpleblecentral.o(.constdata)
 <LI><a href="#[25]">simpleBLECentralPairStateCB</a> from simpleblecentral.o(i.simpleBLECentralPairStateCB) referenced from simpleblecentral.o(.constdata)
 <LI><a href="#[24]">simpleBLECentralPasscodeCB</a> from simpleblecentral.o(i.simpleBLECentralPasscodeCB) referenced from simpleblecentral.o(.constdata)
 <LI><a href="#[22]">simpleBLECentralRssiCB</a> from simpleblecentral.o(i.simpleBLECentralRssiCB) referenced from simpleblecentral.o(.constdata)
 <LI><a href="#[10]">uart_hw_config</a> from uart.o(i.uart_hw_config) referenced from uart.o(i.hal_uart_init)
</UL>
<P>
<H3>
Global Symbols
</H3>
<P><STRONG><a name="[b3]"></a>__aeabi_uidivmod</STRONG> (Thumb, 0 bytes, Stack size 0 bytes, rom1Sym.txt(ABSOLUTE))
<BR><BR>[Called By]<UL><LI><a href="#[118]">&gt;&gt;</a>&nbsp;&nbsp;&nbsp;hal_system_init (via Veneer)
<LI><a href="#[108]">&gt;&gt;</a>&nbsp;&nbsp;&nbsp;hal_gpio_pull_set (via Veneer)
<LI><a href="#[bd]">&gt;&gt;</a>&nbsp;&nbsp;&nbsp;WaitMs (via Veneer)
<LI><a href="#[21]">&gt;&gt;</a>&nbsp;&nbsp;&nbsp;SimpleBLECentral_ProcessEvent (via Veneer)
<LI><a href="#[e7]">&gt;&gt;</a>&nbsp;&nbsp;&nbsp;gattServApp_ProcessReadByTypeReq (via Veneer)
<LI><a href="#[eb]">&gt;&gt;</a>&nbsp;&nbsp;&nbsp;gattServApp_ProcessReadByGrpTypeReq (via Veneer)
<LI><a href="#[138]">&gt;&gt;</a>&nbsp;&nbsp;&nbsp;printi (via Veneer)
<LI><a href="#[10]">&gt;&gt;</a>&nbsp;&nbsp;&nbsp;uart_hw_config (via Veneer)
<LI><a href="#[f7]">&gt;&gt;</a>&nbsp;&nbsp;&nbsp;hal_gpio_wakeup_set (via Veneer)
<LI><a href="#[109]">&gt;&gt;</a>&nbsp;&nbsp;&nbsp;hal_ms_intv (via Veneer)
<LI><a href="#[13c]">&gt;&gt;</a>&nbsp;&nbsp;&nbsp;rc32k_tracking_check (via Veneer)
</UL>

<P><STRONG><a name="[159]"></a>__aeabi_idivmod</STRONG> (Thumb, 0 bytes, Stack size 0 bytes, rom1Sym.txt(ABSOLUTE))
<BR><BR>[Called By]<UL><LI><a href="#[14b]">&gt;&gt;</a>&nbsp;&nbsp;&nbsp;rf_phy_dtm_trigged (via Veneer)
</UL>

<P><STRONG><a name="[135]"></a>strlen</STRONG> (Thumb, 0 bytes, Stack size 0 bytes, rom1Sym.txt(ABSOLUTE))
<BR><BR>[Called By]<UL><LI><a href="#[ab]">&gt;&gt;</a>&nbsp;&nbsp;&nbsp;phy_printf (via Veneer)
</UL>

<P><STRONG><a name="[93]"></a>ATT_CompareUUID</STRONG> (Thumb, 0 bytes, Stack size 0 bytes, rom1Sym.txt(ABSOLUTE))
<BR><BR>[Called By]<UL><LI><a href="#[8e]">&gt;&gt;</a>&nbsp;&nbsp;&nbsp;GATTServApp_ReadAttr (via Veneer)
</UL>

<P><STRONG><a name="[ee]"></a>ATT_ErrorRsp</STRONG> (Thumb, 0 bytes, Stack size 0 bytes, rom1Sym.txt(ABSOLUTE))
<BR><BR>[Called By]<UL><LI><a href="#[8d]">&gt;&gt;</a>&nbsp;&nbsp;&nbsp;gattServApp_ProcessMsg (via Veneer)
</UL>

<P><STRONG><a name="[e6]"></a>ATT_ExchangeMTURsp</STRONG> (Thumb, 0 bytes, Stack size 0 bytes, rom1Sym.txt(ABSOLUTE))
<BR><BR>[Called By]<UL><LI><a href="#[8d]">&gt;&gt;</a>&nbsp;&nbsp;&nbsp;gattServApp_ProcessMsg (via Veneer)
</UL>

<P><STRONG><a name="[e3]"></a>ATT_ExecuteWriteRsp</STRONG> (Thumb, 0 bytes, Stack size 0 bytes, rom1Sym.txt(ABSOLUTE))
<BR><BR>[Called By]<UL><LI><a href="#[e2]">&gt;&gt;</a>&nbsp;&nbsp;&nbsp;gattServApp_ProcessExecuteWriteReq (via Veneer)
</UL>

<P><STRONG><a name="[e5]"></a>ATT_FindByTypeValueRsp</STRONG> (Thumb, 0 bytes, Stack size 0 bytes, rom1Sym.txt(ABSOLUTE))
<BR><BR>[Called By]<UL><LI><a href="#[e4]">&gt;&gt;</a>&nbsp;&nbsp;&nbsp;gattServApp_ProcessFindByTypeValueReq (via Veneer)
</UL>

<P><STRONG><a name="[ba]"></a>ATT_GetCurrentMTUSize</STRONG> (Thumb, 0 bytes, Stack size 0 bytes, rom1Sym.txt(ABSOLUTE))
<BR><BR>[Called By]<UL><LI><a href="#[ae]">&gt;&gt;</a>&nbsp;&nbsp;&nbsp;simpleBLECentralProcessGATTMsg (via Veneer)
<LI><a href="#[21]">&gt;&gt;</a>&nbsp;&nbsp;&nbsp;SimpleBLECentral_ProcessEvent (via Veneer)
</UL>

<P><STRONG><a name="[f0]"></a>ATT_PrepareWriteRsp</STRONG> (Thumb, 0 bytes, Stack size 0 bytes, rom1Sym.txt(ABSOLUTE))
<BR><BR>[Called By]<UL><LI><a href="#[ed]">&gt;&gt;</a>&nbsp;&nbsp;&nbsp;gattServApp_ProcessPrepareWriteReq (via Veneer)
</UL>

<P><STRONG><a name="[e9]"></a>ATT_ReadBlobRsp</STRONG> (Thumb, 0 bytes, Stack size 0 bytes, rom1Sym.txt(ABSOLUTE))
<BR><BR>[Called By]<UL><LI><a href="#[8d]">&gt;&gt;</a>&nbsp;&nbsp;&nbsp;gattServApp_ProcessMsg (via Veneer)
</UL>

<P><STRONG><a name="[f2]"></a>ATT_ReadByGrpTypeRsp</STRONG> (Thumb, 0 bytes, Stack size 0 bytes, rom1Sym.txt(ABSOLUTE))
<BR><BR>[Called By]<UL><LI><a href="#[eb]">&gt;&gt;</a>&nbsp;&nbsp;&nbsp;gattServApp_ProcessReadByGrpTypeReq (via Veneer)
</UL>

<P><STRONG><a name="[f3]"></a>ATT_ReadByTypeRsp</STRONG> (Thumb, 0 bytes, Stack size 0 bytes, rom1Sym.txt(ABSOLUTE))
<BR><BR>[Called By]<UL><LI><a href="#[e7]">&gt;&gt;</a>&nbsp;&nbsp;&nbsp;gattServApp_ProcessReadByTypeReq (via Veneer)
</UL>

<P><STRONG><a name="[f4]"></a>ATT_ReadMultiRsp</STRONG> (Thumb, 0 bytes, Stack size 0 bytes, rom1Sym.txt(ABSOLUTE))
<BR><BR>[Called By]<UL><LI><a href="#[ea]">&gt;&gt;</a>&nbsp;&nbsp;&nbsp;gattServApp_ProcessReadMultiReq (via Veneer)
</UL>

<P><STRONG><a name="[e8]"></a>ATT_ReadRsp</STRONG> (Thumb, 0 bytes, Stack size 0 bytes, rom1Sym.txt(ABSOLUTE))
<BR><BR>[Called By]<UL><LI><a href="#[8d]">&gt;&gt;</a>&nbsp;&nbsp;&nbsp;gattServApp_ProcessMsg (via Veneer)
</UL>

<P><STRONG><a name="[166]"></a>ATT_SetMTUSizeMax</STRONG> (Thumb, 0 bytes, Stack size 0 bytes, rom1Sym.txt(ABSOLUTE))
<BR><BR>[Called By]<UL><LI><a href="#[23]">&gt;&gt;</a>&nbsp;&nbsp;&nbsp;simpleBLECentralEventCB (via Veneer)
</UL>

<P><STRONG><a name="[f5]"></a>ATT_WriteRsp</STRONG> (Thumb, 0 bytes, Stack size 0 bytes, rom1Sym.txt(ABSOLUTE))
<BR><BR>[Called By]<UL><LI><a href="#[ec]">&gt;&gt;</a>&nbsp;&nbsp;&nbsp;gattServApp_ProcessWriteReq (via Veneer)
</UL>

<P><STRONG><a name="[d6]"></a>GAP_Authenticate</STRONG> (Thumb, 0 bytes, Stack size 0 bytes, rom1Sym.txt(ABSOLUTE))
<BR><BR>[Called By]<UL><LI><a href="#[48]">&gt;&gt;</a>&nbsp;&nbsp;&nbsp;gapBondMgrAuthenticate (via Veneer)
</UL>

<P><STRONG><a name="[d7]"></a>GAP_Bond</STRONG> (Thumb, 0 bytes, Stack size 0 bytes, rom1Sym.txt(ABSOLUTE))
<BR><BR>[Called By]<UL><LI><a href="#[40]">&gt;&gt;</a>&nbsp;&nbsp;&nbsp;gapBondMgrBondReq (via Veneer)
</UL>

<P><STRONG><a name="[7d]"></a>GAP_CentConnRegister</STRONG> (Thumb, 0 bytes, Stack size 0 bytes, rom1Sym.txt(ABSOLUTE))
<BR><BR>[Called By]<UL><LI><a href="#[74]">&gt;&gt;</a>&nbsp;&nbsp;&nbsp;GAP_DeviceInit (via Veneer)
</UL>

<P><STRONG><a name="[7c]"></a>GAP_CentDevMgrInit</STRONG> (Thumb, 0 bytes, Stack size 0 bytes, rom1Sym.txt(ABSOLUTE))
<BR><BR>[Called By]<UL><LI><a href="#[74]">&gt;&gt;</a>&nbsp;&nbsp;&nbsp;GAP_DeviceInit (via Veneer)
</UL>

<P><STRONG><a name="[76]"></a>GAP_DeviceDiscoveryRequest</STRONG> (Thumb, 0 bytes, Stack size 0 bytes, rom1Sym.txt(ABSOLUTE))
<BR><BR>[Called By]<UL><LI><a href="#[75]">&gt;&gt;</a>&nbsp;&nbsp;&nbsp;GAPCentralRole_StartDiscovery (via Veneer)
</UL>

<P><STRONG><a name="[6e]"></a>GAP_EstablishLinkReq</STRONG> (Thumb, 0 bytes, Stack size 0 bytes, rom1Sym.txt(ABSOLUTE))
<BR><BR>[Called By]<UL><LI><a href="#[6d]">&gt;&gt;</a>&nbsp;&nbsp;&nbsp;GAPCentralRole_EstablishLink (via Veneer)
</UL>

<P><STRONG><a name="[12e]"></a>GAP_Init</STRONG> (Thumb, 0 bytes, Stack size 0 bytes, rom1Sym.txt(ABSOLUTE))
<BR><BR>[Called By]<UL><LI><a href="#[26]">&gt;&gt;</a>&nbsp;&nbsp;&nbsp;osalInitTasks (via Veneer)
</UL>

<P><STRONG><a name="[5b]"></a>GAP_NumActiveConnections</STRONG> (Thumb, 0 bytes, Stack size 0 bytes, rom1Sym.txt(ABSOLUTE))
<BR><BR>[Called By]<UL><LI><a href="#[58]">&gt;&gt;</a>&nbsp;&nbsp;&nbsp;GAPBondMgr_SetParameter (via Veneer)
<LI><a href="#[4b]">&gt;&gt;</a>&nbsp;&nbsp;&nbsp;GAPBondMgr_ProcessGAPMsg (via Veneer)
</UL>

<P><STRONG><a name="[7a]"></a>GAP_ParamsInit</STRONG> (Thumb, 0 bytes, Stack size 0 bytes, rom1Sym.txt(ABSOLUTE))
<BR><BR>[Called By]<UL><LI><a href="#[74]">&gt;&gt;</a>&nbsp;&nbsp;&nbsp;GAP_DeviceInit (via Veneer)
</UL>

<P><STRONG><a name="[54]"></a>GAP_PasscodeUpdate</STRONG> (Thumb, 0 bytes, Stack size 0 bytes, rom1Sym.txt(ABSOLUTE))
<BR><BR>[Called By]<UL><LI><a href="#[4b]">&gt;&gt;</a>&nbsp;&nbsp;&nbsp;GAPBondMgr_ProcessGAPMsg (via Veneer)
</UL>

<P><STRONG><a name="[7f]"></a>GAP_PeriDevMgrInit</STRONG> (Thumb, 0 bytes, Stack size 0 bytes, rom1Sym.txt(ABSOLUTE))
<BR><BR>[Called By]<UL><LI><a href="#[74]">&gt;&gt;</a>&nbsp;&nbsp;&nbsp;GAP_DeviceInit (via Veneer)
</UL>

<P><STRONG><a name="[1b]"></a>GAP_ProcessEvent</STRONG> (Thumb, 0 bytes, Stack size 0 bytes, rom1Sym.txt(ABSOLUTE), UNUSED)
<BR>[Address Reference Count : 1]<UL><LI> osal_simpleblecentral.o(.constdata)
</UL>
<P><STRONG><a name="[70]"></a>GAP_RegisterForHCIMsgs</STRONG> (Thumb, 0 bytes, Stack size 0 bytes, rom1Sym.txt(ABSOLUTE))
<BR><BR>[Called By]<UL><LI><a href="#[6f]">&gt;&gt;</a>&nbsp;&nbsp;&nbsp;GAPCentralRole_Init (via Veneer)
</UL>

<P><STRONG><a name="[64]"></a>GAP_ResolvePrivateAddr</STRONG> (Thumb, 0 bytes, Stack size 0 bytes, rom1Sym.txt(ABSOLUTE))
<BR><BR>[Called By]<UL><LI><a href="#[3e]">&gt;&gt;</a>&nbsp;&nbsp;&nbsp;GAPBondMgr_ResolveAddr (via Veneer)
</UL>

<P><STRONG><a name="[7b]"></a>GAP_SecParamsInit</STRONG> (Thumb, 0 bytes, Stack size 0 bytes, rom1Sym.txt(ABSOLUTE))
<BR><BR>[Called By]<UL><LI><a href="#[74]">&gt;&gt;</a>&nbsp;&nbsp;&nbsp;GAP_DeviceInit (via Veneer)
</UL>

<P><STRONG><a name="[49]"></a>GAP_SendSlaveSecurityRequest</STRONG> (Thumb, 0 bytes, Stack size 0 bytes, rom1Sym.txt(ABSOLUTE))
<BR><BR>[Called By]<UL><LI><a href="#[3d]">&gt;&gt;</a>&nbsp;&nbsp;&nbsp;GAPBondMgr_LinkEst (via Veneer)
</UL>

<P><STRONG><a name="[60]"></a>GAP_SetParamValue</STRONG> (Thumb, 0 bytes, Stack size 0 bytes, rom1Sym.txt(ABSOLUTE))
<BR><BR>[Called By]<UL><LI><a href="#[58]">&gt;&gt;</a>&nbsp;&nbsp;&nbsp;GAPBondMgr_SetParameter (via Veneer)
<LI><a href="#[5f]">&gt;&gt;</a>&nbsp;&nbsp;&nbsp;GAPBondMgr_Register (via Veneer)
<LI><a href="#[a8]">&gt;&gt;</a>&nbsp;&nbsp;&nbsp;SimpleBLECentral_Init (via Veneer)
</UL>

<P><STRONG><a name="[44]"></a>GAP_Signable</STRONG> (Thumb, 0 bytes, Stack size 0 bytes, rom1Sym.txt(ABSOLUTE))
<BR><BR>[Called By]<UL><LI><a href="#[3d]">&gt;&gt;</a>&nbsp;&nbsp;&nbsp;GAPBondMgr_LinkEst (via Veneer)
</UL>

<P><STRONG><a name="[5a]"></a>GAP_TerminateAuth</STRONG> (Thumb, 0 bytes, Stack size 0 bytes, rom1Sym.txt(ABSOLUTE))
<BR><BR>[Called By]<UL><LI><a href="#[4b]">&gt;&gt;</a>&nbsp;&nbsp;&nbsp;GAPBondMgr_ProcessGAPMsg (via Veneer)
</UL>

<P><STRONG><a name="[57]"></a>GAP_TerminateLinkReq</STRONG> (Thumb, 0 bytes, Stack size 0 bytes, rom1Sym.txt(ABSOLUTE))
<BR><BR>[Called By]<UL><LI><a href="#[4b]">&gt;&gt;</a>&nbsp;&nbsp;&nbsp;GAPBondMgr_ProcessGAPMsg (via Veneer)
<LI><a href="#[77]">&gt;&gt;</a>&nbsp;&nbsp;&nbsp;GAPCentralRole_TerminateLink (via Veneer)
</UL>

<P><STRONG><a name="[ef]"></a>GATT_AppCompletedMsg</STRONG> (Thumb, 0 bytes, Stack size 0 bytes, rom1Sym.txt(ABSOLUTE))
<BR><BR>[Called By]<UL><LI><a href="#[8d]">&gt;&gt;</a>&nbsp;&nbsp;&nbsp;gattServApp_ProcessMsg (via Veneer)
</UL>

<P><STRONG><a name="[170]"></a>GATT_DiscAllChars</STRONG> (Thumb, 0 bytes, Stack size 0 bytes, rom1Sym.txt(ABSOLUTE))
<BR><BR>[Called By]<UL><LI><a href="#[16d]">&gt;&gt;</a>&nbsp;&nbsp;&nbsp;simpleBLEGATTDiscoveryEvent (via Veneer)
</UL>

<P><STRONG><a name="[b0]"></a>GATT_DiscAllPrimaryServices</STRONG> (Thumb, 0 bytes, Stack size 0 bytes, rom1Sym.txt(ABSOLUTE))
<BR><BR>[Called By]<UL><LI><a href="#[21]">&gt;&gt;</a>&nbsp;&nbsp;&nbsp;SimpleBLECentral_ProcessEvent (via Veneer)
</UL>

<P><STRONG><a name="[167]"></a>GATT_ExchangeMTU</STRONG> (Thumb, 0 bytes, Stack size 0 bytes, rom1Sym.txt(ABSOLUTE))
<BR><BR>[Called By]<UL><LI><a href="#[23]">&gt;&gt;</a>&nbsp;&nbsp;&nbsp;simpleBLECentralEventCB (via Veneer)
</UL>

<P><STRONG><a name="[91]"></a>GATT_FindHandle</STRONG> (Thumb, 0 bytes, Stack size 0 bytes, rom1Sym.txt(ABSOLUTE))
<BR><BR>[Called By]<UL><LI><a href="#[8e]">&gt;&gt;</a>&nbsp;&nbsp;&nbsp;GATTServApp_ReadAttr (via Veneer)
<LI><a href="#[9a]">&gt;&gt;</a>&nbsp;&nbsp;&nbsp;GATTServApp_WriteAttr (via Veneer)
<LI><a href="#[ec]">&gt;&gt;</a>&nbsp;&nbsp;&nbsp;gattServApp_ProcessWriteReq (via Veneer)
<LI><a href="#[ea]">&gt;&gt;</a>&nbsp;&nbsp;&nbsp;gattServApp_ProcessReadMultiReq (via Veneer)
<LI><a href="#[ed]">&gt;&gt;</a>&nbsp;&nbsp;&nbsp;gattServApp_ProcessPrepareWriteReq (via Veneer)
<LI><a href="#[8d]">&gt;&gt;</a>&nbsp;&nbsp;&nbsp;gattServApp_ProcessMsg (via Veneer)
</UL>

<P><STRONG><a name="[db]"></a>GATT_FindHandleUUID</STRONG> (Thumb, 0 bytes, Stack size 0 bytes, rom1Sym.txt(ABSOLUTE))
<BR><BR>[Called By]<UL><LI><a href="#[51]">&gt;&gt;</a>&nbsp;&nbsp;&nbsp;gapBondMgr_SyncCharCfg (via Veneer)
<LI><a href="#[e7]">&gt;&gt;</a>&nbsp;&nbsp;&nbsp;gattServApp_ProcessReadByTypeReq (via Veneer)
<LI><a href="#[eb]">&gt;&gt;</a>&nbsp;&nbsp;&nbsp;gattServApp_ProcessReadByGrpTypeReq (via Veneer)
<LI><a href="#[e4]">&gt;&gt;</a>&nbsp;&nbsp;&nbsp;gattServApp_ProcessFindByTypeValueReq (via Veneer)
</UL>

<P><STRONG><a name="[92]"></a>GATT_FindNextAttr</STRONG> (Thumb, 0 bytes, Stack size 0 bytes, rom1Sym.txt(ABSOLUTE))
<BR><BR>[Called By]<UL><LI><a href="#[8e]">&gt;&gt;</a>&nbsp;&nbsp;&nbsp;GATTServApp_ReadAttr (via Veneer)
<LI><a href="#[51]">&gt;&gt;</a>&nbsp;&nbsp;&nbsp;gapBondMgr_SyncCharCfg (via Veneer)
<LI><a href="#[eb]">&gt;&gt;</a>&nbsp;&nbsp;&nbsp;gattServApp_ProcessReadByGrpTypeReq (via Veneer)
<LI><a href="#[e4]">&gt;&gt;</a>&nbsp;&nbsp;&nbsp;gattServApp_ProcessFindByTypeValueReq (via Veneer)
</UL>

<P><STRONG><a name="[12f]"></a>GATT_Init</STRONG> (Thumb, 0 bytes, Stack size 0 bytes, rom1Sym.txt(ABSOLUTE))
<BR><BR>[Called By]<UL><LI><a href="#[26]">&gt;&gt;</a>&nbsp;&nbsp;&nbsp;osalInitTasks (via Veneer)
</UL>

<P><STRONG><a name="[a9]"></a>GATT_InitClient</STRONG> (Thumb, 0 bytes, Stack size 0 bytes, rom1Sym.txt(ABSOLUTE))
<BR><BR>[Called By]<UL><LI><a href="#[a8]">&gt;&gt;</a>&nbsp;&nbsp;&nbsp;SimpleBLECentral_Init (via Veneer)
</UL>

<P><STRONG><a name="[1c]"></a>GATT_ProcessEvent</STRONG> (Thumb, 0 bytes, Stack size 0 bytes, rom1Sym.txt(ABSOLUTE), UNUSED)
<BR>[Address Reference Count : 1]<UL><LI> osal_simpleblecentral.o(.constdata)
</UL>
<P><STRONG><a name="[16e]"></a>GATT_ReadCharValue</STRONG> (Thumb, 0 bytes, Stack size 0 bytes, rom1Sym.txt(ABSOLUTE))
<BR><BR>[Called By]<UL><LI><a href="#[b6]">&gt;&gt;</a>&nbsp;&nbsp;&nbsp;simpleBLECentral_ReadWriteNotifyTest (via Veneer)
<LI><a href="#[b1]">&gt;&gt;</a>&nbsp;&nbsp;&nbsp;simpleBLECentral_CharacteristicTest (via Veneer)
</UL>

<P><STRONG><a name="[aa]"></a>GATT_RegisterForInd</STRONG> (Thumb, 0 bytes, Stack size 0 bytes, rom1Sym.txt(ABSOLUTE))
<BR><BR>[Called By]<UL><LI><a href="#[a8]">&gt;&gt;</a>&nbsp;&nbsp;&nbsp;SimpleBLECentral_Init (via Veneer)
</UL>

<P><STRONG><a name="[86]"></a>GATT_RegisterForReq</STRONG> (Thumb, 0 bytes, Stack size 0 bytes, rom1Sym.txt(ABSOLUTE))
<BR><BR>[Called By]<UL><LI><a href="#[83]">&gt;&gt;</a>&nbsp;&nbsp;&nbsp;GATTServApp_Init (via Veneer)
</UL>

<P><STRONG><a name="[95]"></a>GATT_RegisterService</STRONG> (Thumb, 0 bytes, Stack size 0 bytes, rom1Sym.txt(ABSOLUTE))
<BR><BR>[Called By]<UL><LI><a href="#[82]">&gt;&gt;</a>&nbsp;&nbsp;&nbsp;GATTServApp_RegisterService (via Veneer)
</UL>

<P><STRONG><a name="[99]"></a>GATT_ServiceChangedInd</STRONG> (Thumb, 0 bytes, Stack size 0 bytes, rom1Sym.txt(ABSOLUTE))
<BR><BR>[Called By]<UL><LI><a href="#[47]">&gt;&gt;</a>&nbsp;&nbsp;&nbsp;GATTServApp_SendServiceChangedInd (via Veneer)
</UL>

<P><STRONG><a name="[f1]"></a>GATT_VerifyReadPermissions</STRONG> (Thumb, 0 bytes, Stack size 0 bytes, rom1Sym.txt(ABSOLUTE))
<BR><BR>[Called By]<UL><LI><a href="#[e7]">&gt;&gt;</a>&nbsp;&nbsp;&nbsp;gattServApp_ProcessReadByTypeReq (via Veneer)
<LI><a href="#[eb]">&gt;&gt;</a>&nbsp;&nbsp;&nbsp;gattServApp_ProcessReadByGrpTypeReq (via Veneer)
</UL>

<P><STRONG><a name="[16f]"></a>GATT_WriteCharValue</STRONG> (Thumb, 0 bytes, Stack size 0 bytes, rom1Sym.txt(ABSOLUTE))
<BR><BR>[Called By]<UL><LI><a href="#[b1]">&gt;&gt;</a>&nbsp;&nbsp;&nbsp;simpleBLECentral_CharacteristicTest (via Veneer)
</UL>

<P><STRONG><a name="[b7]"></a>GATT_WriteNoRsp</STRONG> (Thumb, 0 bytes, Stack size 0 bytes, rom1Sym.txt(ABSOLUTE))
<BR><BR>[Called By]<UL><LI><a href="#[b6]">&gt;&gt;</a>&nbsp;&nbsp;&nbsp;simpleBLECentral_ReadWriteNotifyTest (via Veneer)
<LI><a href="#[21]">&gt;&gt;</a>&nbsp;&nbsp;&nbsp;SimpleBLECentral_ProcessEvent (via Veneer)
</UL>

<P><STRONG><a name="[12c]"></a>HCI_Init</STRONG> (Thumb, 0 bytes, Stack size 0 bytes, rom1Sym.txt(ABSOLUTE))
<BR><BR>[Called By]<UL><LI><a href="#[26]">&gt;&gt;</a>&nbsp;&nbsp;&nbsp;osalInitTasks (via Veneer)
</UL>

<P><STRONG><a name="[ad]"></a>HCI_LE_AddWhiteListCmd</STRONG> (Thumb, 0 bytes, Stack size 0 bytes, rom1Sym.txt(ABSOLUTE))
<BR><BR>[Called By]<UL><LI><a href="#[d4]">&gt;&gt;</a>&nbsp;&nbsp;&nbsp;gapBondMgr_SyncWhiteList (via Veneer)
<LI><a href="#[a8]">&gt;&gt;</a>&nbsp;&nbsp;&nbsp;SimpleBLECentral_Init (via Veneer)
</UL>

<P><STRONG><a name="[dc]"></a>HCI_LE_ClearWhiteListCmd</STRONG> (Thumb, 0 bytes, Stack size 0 bytes, rom1Sym.txt(ABSOLUTE))
<BR><BR>[Called By]<UL><LI><a href="#[d4]">&gt;&gt;</a>&nbsp;&nbsp;&nbsp;gapBondMgr_SyncWhiteList (via Veneer)
</UL>

<P><STRONG><a name="[79]"></a>HCI_LE_ConnUpdateCmd</STRONG> (Thumb, 0 bytes, Stack size 0 bytes, rom1Sym.txt(ABSOLUTE))
<BR><BR>[Called By]<UL><LI><a href="#[78]">&gt;&gt;</a>&nbsp;&nbsp;&nbsp;GAPCentralRole_UpdateLink (via Veneer)
</UL>

<P><STRONG><a name="[16b]"></a>HCI_LE_ReadRemoteUsedFeaturesCmd</STRONG> (Thumb, 0 bytes, Stack size 0 bytes, rom1Sym.txt(ABSOLUTE))
<BR><BR>[Called By]<UL><LI><a href="#[23]">&gt;&gt;</a>&nbsp;&nbsp;&nbsp;simpleBLECentralEventCB (via Veneer)
</UL>

<P><STRONG><a name="[b4]"></a>HCI_LE_SetDataLengthCmd</STRONG> (Thumb, 0 bytes, Stack size 0 bytes, rom1Sym.txt(ABSOLUTE))
<BR><BR>[Called By]<UL><LI><a href="#[21]">&gt;&gt;</a>&nbsp;&nbsp;&nbsp;SimpleBLECentral_ProcessEvent (via Veneer)
</UL>

<P><STRONG><a name="[169]"></a>HCI_LE_SetDefaultPhyMode</STRONG> (Thumb, 0 bytes, Stack size 0 bytes, rom1Sym.txt(ABSOLUTE))
<BR><BR>[Called By]<UL><LI><a href="#[23]">&gt;&gt;</a>&nbsp;&nbsp;&nbsp;simpleBLECentralEventCB (via Veneer)
</UL>

<P><STRONG><a name="[b2]"></a>HCI_LE_SetHostChanClassificationCmd</STRONG> (Thumb, 0 bytes, Stack size 0 bytes, rom1Sym.txt(ABSOLUTE))
<BR><BR>[Called By]<UL><LI><a href="#[21]">&gt;&gt;</a>&nbsp;&nbsp;&nbsp;SimpleBLECentral_ProcessEvent (via Veneer)
</UL>

<P><STRONG><a name="[b5]"></a>HCI_LE_SetPhyMode</STRONG> (Thumb, 0 bytes, Stack size 0 bytes, rom1Sym.txt(ABSOLUTE))
<BR><BR>[Called By]<UL><LI><a href="#[21]">&gt;&gt;</a>&nbsp;&nbsp;&nbsp;SimpleBLECentral_ProcessEvent (via Veneer)
</UL>

<P><STRONG><a name="[ca]"></a>HCI_PPLUS_ConnEventDoneNoticeCmd</STRONG> (Thumb, 0 bytes, Stack size 0 bytes, rom1Sym.txt(ABSOLUTE))
<BR><BR>[Called By]<UL><LI><a href="#[ae]">&gt;&gt;</a>&nbsp;&nbsp;&nbsp;simpleBLECentralProcessGATTMsg (via Veneer)
<LI><a href="#[23]">&gt;&gt;</a>&nbsp;&nbsp;&nbsp;simpleBLECentralEventCB (via Veneer)
<LI><a href="#[bb]">&gt;&gt;</a>&nbsp;&nbsp;&nbsp;centralTestVectorProcess (via Veneer)
</UL>

<P><STRONG><a name="[19]"></a>HCI_ProcessEvent</STRONG> (Thumb, 0 bytes, Stack size 0 bytes, rom1Sym.txt(ABSOLUTE), UNUSED)
<BR>[Address Reference Count : 1]<UL><LI> osal_simpleblecentral.o(.constdata)
</UL>
<P><STRONG><a name="[16c]"></a>HCI_ReadRemoteVersionInfoCmd</STRONG> (Thumb, 0 bytes, Stack size 0 bytes, rom1Sym.txt(ABSOLUTE))
<BR><BR>[Called By]<UL><LI><a href="#[23]">&gt;&gt;</a>&nbsp;&nbsp;&nbsp;simpleBLECentralEventCB (via Veneer)
</UL>

<P><STRONG><a name="[e0]"></a>HCI_ReadRssiCmd</STRONG> (Thumb, 0 bytes, Stack size 0 bytes, rom1Sym.txt(ABSOLUTE))
<BR><BR>[Called By]<UL><LI><a href="#[71]">&gt;&gt;</a>&nbsp;&nbsp;&nbsp;gapCentralRole_ProcessOSALMsg (via Veneer)
</UL>

<P><STRONG><a name="[12d]"></a>L2CAP_Init</STRONG> (Thumb, 0 bytes, Stack size 0 bytes, rom1Sym.txt(ABSOLUTE))
<BR><BR>[Called By]<UL><LI><a href="#[26]">&gt;&gt;</a>&nbsp;&nbsp;&nbsp;osalInitTasks (via Veneer)
</UL>

<P><STRONG><a name="[1a]"></a>L2CAP_ProcessEvent</STRONG> (Thumb, 0 bytes, Stack size 0 bytes, rom1Sym.txt(ABSOLUTE), UNUSED)
<BR>[Address Reference Count : 1]<UL><LI> osal_simpleblecentral.o(.constdata)
</UL>
<P><STRONG><a name="[12b]"></a>LL_Init</STRONG> (Thumb, 0 bytes, Stack size 0 bytes, rom1Sym.txt(ABSOLUTE))
<BR><BR>[Called By]<UL><LI><a href="#[26]">&gt;&gt;</a>&nbsp;&nbsp;&nbsp;osalInitTasks (via Veneer)
</UL>

<P><STRONG><a name="[cd]"></a>LL_PLUS_PerStasReadByChn</STRONG> (Thumb, 0 bytes, Stack size 0 bytes, rom1Sym.txt(ABSOLUTE))
<BR><BR>[Called By]<UL><LI><a href="#[cc]">&gt;&gt;</a>&nbsp;&nbsp;&nbsp;check_PerStatsProcess (via Veneer)
</UL>

<P><STRONG><a name="[ce]"></a>LL_PLUS_PerStatsReset</STRONG> (Thumb, 0 bytes, Stack size 0 bytes, rom1Sym.txt(ABSOLUTE))
<BR><BR>[Called By]<UL><LI><a href="#[cc]">&gt;&gt;</a>&nbsp;&nbsp;&nbsp;check_PerStatsProcess (via Veneer)
</UL>

<P><STRONG><a name="[18]"></a>LL_ProcessEvent</STRONG> (Thumb, 0 bytes, Stack size 0 bytes, rom1Sym.txt(ABSOLUTE), UNUSED)
<BR>[Address Reference Count : 1]<UL><LI> osal_simpleblecentral.o(.constdata)
</UL>
<P><STRONG><a name="[9f]"></a>LL_evt_schedule</STRONG> (Thumb, 0 bytes, Stack size 0 bytes, rom1Sym.txt(ABSOLUTE))
<BR><BR>[Called By]<UL><LI><a href="#[13]">&gt;&gt;</a>&nbsp;&nbsp;&nbsp;LL_SetScanControl1 (via Veneer)
</UL>

<P><STRONG><a name="[130]"></a>SM_Init</STRONG> (Thumb, 0 bytes, Stack size 0 bytes, rom1Sym.txt(ABSOLUTE))
<BR><BR>[Called By]<UL><LI><a href="#[26]">&gt;&gt;</a>&nbsp;&nbsp;&nbsp;osalInitTasks (via Veneer)
</UL>

<P><STRONG><a name="[7e]"></a>SM_InitiatorInit</STRONG> (Thumb, 0 bytes, Stack size 0 bytes, rom1Sym.txt(ABSOLUTE))
<BR><BR>[Called By]<UL><LI><a href="#[74]">&gt;&gt;</a>&nbsp;&nbsp;&nbsp;GAP_DeviceInit (via Veneer)
</UL>

<P><STRONG><a name="[1d]"></a>SM_ProcessEvent</STRONG> (Thumb, 0 bytes, Stack size 0 bytes, rom1Sym.txt(ABSOLUTE), UNUSED)
<BR>[Address Reference Count : 1]<UL><LI> osal_simpleblecentral.o(.constdata)
</UL>
<P><STRONG><a name="[80]"></a>SM_ResponderInit</STRONG> (Thumb, 0 bytes, Stack size 0 bytes, rom1Sym.txt(ABSOLUTE))
<BR><BR>[Called By]<UL><LI><a href="#[74]">&gt;&gt;</a>&nbsp;&nbsp;&nbsp;GAP_DeviceInit (via Veneer)
</UL>

<P><STRONG><a name="[53]"></a>__ARM_common_switch8</STRONG> (Thumb, 0 bytes, Stack size 0 bytes, rom1Sym.txt(ABSOLUTE))
<BR><BR>[Called By]<UL><LI><a href="#[15]">&gt;&gt;</a>&nbsp;&nbsp;&nbsp;ggs_ReadAttrCB (via Veneer)
<LI><a href="#[9c]">&gt;&gt;</a>&nbsp;&nbsp;&nbsp;GGS_SetParameter (via Veneer)
<LI><a href="#[58]">&gt;&gt;</a>&nbsp;&nbsp;&nbsp;GAPBondMgr_SetParameter (via Veneer)
<LI><a href="#[4b]">&gt;&gt;</a>&nbsp;&nbsp;&nbsp;GAPBondMgr_ProcessGAPMsg (via Veneer)
<LI><a href="#[74]">&gt;&gt;</a>&nbsp;&nbsp;&nbsp;GAP_DeviceInit (via Veneer)
<LI><a href="#[113]">&gt;&gt;</a>&nbsp;&nbsp;&nbsp;hal_rom_code_ini (via Veneer)
<LI><a href="#[165]">&gt;&gt;</a>&nbsp;&nbsp;&nbsp;simpleBLEAnalysisADVDATA (via Veneer)
<LI><a href="#[bb]">&gt;&gt;</a>&nbsp;&nbsp;&nbsp;centralTestVectorProcess (via Veneer)
<LI><a href="#[163]">&gt;&gt;</a>&nbsp;&nbsp;&nbsp;rf_tp_cal (via Veneer)
<LI><a href="#[143]">&gt;&gt;</a>&nbsp;&nbsp;&nbsp;rf_rxDcoc_cfg (via Veneer)
<LI><a href="#[14]">&gt;&gt;</a>&nbsp;&nbsp;&nbsp;llSetupAdv1 (via Veneer)
</UL>

<P><STRONG><a name="[115]"></a>boot_init</STRONG> (Thumb, 0 bytes, Stack size 0 bytes, rom1Sym.txt(ABSOLUTE))
<BR><BR>[Called By]<UL><LI><a href="#[113]">&gt;&gt;</a>&nbsp;&nbsp;&nbsp;hal_rom_code_ini (via Veneer)
</UL>

<P><STRONG><a name="[3a]"></a>clearTimerInt</STRONG> (Thumb, 0 bytes, Stack size 0 bytes, rom1Sym.txt(ABSOLUTE))
<BR><BR>[Called By]<UL><LI><a href="#[2b]">&gt;&gt;</a>&nbsp;&nbsp;&nbsp;AP_TIMER_IRQHandler (via Veneer)
</UL>

<P><STRONG><a name="[bf]"></a>clock_time_rtc</STRONG> (Thumb, 0 bytes, Stack size 0 bytes, rom1Sym.txt(ABSOLUTE))
<BR><BR>[Called By]<UL><LI><a href="#[be]">&gt;&gt;</a>&nbsp;&nbsp;&nbsp;WaitRTCCount (via Veneer)
</UL>

<P><STRONG><a name="[10d]"></a>disableSleep</STRONG> (Thumb, 0 bytes, Stack size 0 bytes, rom1Sym.txt(ABSOLUTE))
<BR><BR>[Called By]<UL><LI><a href="#[10c]">&gt;&gt;</a>&nbsp;&nbsp;&nbsp;hal_pwrmgr_init (via Veneer)
<LI><a href="#[111]">&gt;&gt;</a>&nbsp;&nbsp;&nbsp;hal_pwrmgr_unlock (via Veneer)
<LI><a href="#[10f]">&gt;&gt;</a>&nbsp;&nbsp;&nbsp;hal_pwrmgr_lock (via Veneer)
</UL>

<P><STRONG><a name="[10e]"></a>enableSleep</STRONG> (Thumb, 0 bytes, Stack size 0 bytes, rom1Sym.txt(ABSOLUTE))
<BR><BR>[Called By]<UL><LI><a href="#[10c]">&gt;&gt;</a>&nbsp;&nbsp;&nbsp;hal_pwrmgr_init (via Veneer)
<LI><a href="#[111]">&gt;&gt;</a>&nbsp;&nbsp;&nbsp;hal_pwrmgr_unlock (via Veneer)
</UL>

<P><STRONG><a name="[cb]"></a>getMcuPrecisionCount</STRONG> (Thumb, 0 bytes, Stack size 0 bytes, rom1Sym.txt(ABSOLUTE))
<BR><BR>[Called By]<UL><LI><a href="#[23]">&gt;&gt;</a>&nbsp;&nbsp;&nbsp;simpleBLECentralEventCB (via Veneer)
<LI><a href="#[bb]">&gt;&gt;</a>&nbsp;&nbsp;&nbsp;centralTestVectorProcess (via Veneer)
</UL>

<P><STRONG><a name="[140]"></a>get_timer3_count</STRONG> (Thumb, 0 bytes, Stack size 0 bytes, rom1Sym.txt(ABSOLUTE))
<BR><BR>[Called By]<UL><LI><a href="#[13f]">&gt;&gt;</a>&nbsp;&nbsp;&nbsp;read_current_time (via Veneer)
</UL>

<P><STRONG><a name="[146]"></a>rom_hal_uart_init</STRONG> (Thumb, 0 bytes, Stack size 0 bytes, rom1Sym.txt(ABSOLUTE))
<BR><BR>[Called By]<UL><LI><a href="#[145]">&gt;&gt;</a>&nbsp;&nbsp;&nbsp;rf_phy_direct_test (via Veneer)
</UL>

<P><STRONG><a name="[152]"></a>rom_hal_uart_send_byte</STRONG> (Thumb, 0 bytes, Stack size 0 bytes, rom1Sym.txt(ABSOLUTE))
<BR><BR>[Called By]<UL><LI><a href="#[14a]">&gt;&gt;</a>&nbsp;&nbsp;&nbsp;rf_phy_dtm_evt_send (via Veneer)
</UL>

<P><STRONG><a name="[147]"></a>rom_hal_uart_tx</STRONG> (Thumb, 0 bytes, Stack size 0 bytes, rom1Sym.txt(ABSOLUTE))
<BR><BR>[Called By]<UL><LI><a href="#[145]">&gt;&gt;</a>&nbsp;&nbsp;&nbsp;rf_phy_direct_test (via Veneer)
</UL>

<P><STRONG><a name="[55]"></a>linkDB_Find</STRONG> (Thumb, 0 bytes, Stack size 0 bytes, rom1Sym.txt(ABSOLUTE))
<BR><BR>[Called By]<UL><LI><a href="#[4d]">&gt;&gt;</a>&nbsp;&nbsp;&nbsp;GAPBondMgr_UpdateCharCfg (via Veneer)
<LI><a href="#[4c]">&gt;&gt;</a>&nbsp;&nbsp;&nbsp;GAPBondMgr_ServiceChangeInd (via Veneer)
<LI><a href="#[4b]">&gt;&gt;</a>&nbsp;&nbsp;&nbsp;GAPBondMgr_ProcessGAPMsg (via Veneer)
</UL>

<P><STRONG><a name="[67]"></a>linkDB_PerformFunc</STRONG> (Thumb, 0 bytes, Stack size 0 bytes, rom1Sym.txt(ABSOLUTE))
<BR><BR>[Called By]<UL><LI><a href="#[4c]">&gt;&gt;</a>&nbsp;&nbsp;&nbsp;GAPBondMgr_ServiceChangeInd (via Veneer)
</UL>

<P><STRONG><a name="[87]"></a>linkDB_Register</STRONG> (Thumb, 0 bytes, Stack size 0 bytes, rom1Sym.txt(ABSOLUTE))
<BR><BR>[Called By]<UL><LI><a href="#[83]">&gt;&gt;</a>&nbsp;&nbsp;&nbsp;GATTServApp_Init (via Veneer)
</UL>

<P><STRONG><a name="[de]"></a>linkDB_State</STRONG> (Thumb, 0 bytes, Stack size 0 bytes, rom1Sym.txt(ABSOLUTE))
<BR><BR>[Called By]<UL><LI><a href="#[71]">&gt;&gt;</a>&nbsp;&nbsp;&nbsp;gapCentralRole_ProcessOSALMsg (via Veneer)
<LI><a href="#[a]">&gt;&gt;</a>&nbsp;&nbsp;&nbsp;gattServApp_HandleConnStatusCB (via Veneer)
</UL>

<P><STRONG><a name="[16a]"></a>llInitFeatureSet2MPHY</STRONG> (Thumb, 0 bytes, Stack size 0 bytes, rom1Sym.txt(ABSOLUTE))
<BR><BR>[Called By]<UL><LI><a href="#[23]">&gt;&gt;</a>&nbsp;&nbsp;&nbsp;simpleBLECentralEventCB (via Veneer)
</UL>

<P><STRONG><a name="[168]"></a>llInitFeatureSetDLE</STRONG> (Thumb, 0 bytes, Stack size 0 bytes, rom1Sym.txt(ABSOLUTE))
<BR><BR>[Called By]<UL><LI><a href="#[23]">&gt;&gt;</a>&nbsp;&nbsp;&nbsp;simpleBLECentralEventCB (via Veneer)
</UL>

<P><STRONG><a name="[122]"></a>llSetupDirectedAdvEvt</STRONG> (Thumb, 0 bytes, Stack size 0 bytes, rom1Sym.txt(ABSOLUTE))
<BR><BR>[Called By]<UL><LI><a href="#[14]">&gt;&gt;</a>&nbsp;&nbsp;&nbsp;llSetupAdv1 (via Veneer)
</UL>

<P><STRONG><a name="[124]"></a>llSetupNonConnectableAdvEvt</STRONG> (Thumb, 0 bytes, Stack size 0 bytes, rom1Sym.txt(ABSOLUTE))
<BR><BR>[Called By]<UL><LI><a href="#[14]">&gt;&gt;</a>&nbsp;&nbsp;&nbsp;llSetupAdv1 (via Veneer)
</UL>

<P><STRONG><a name="[125]"></a>llSetupScannableAdvEvt</STRONG> (Thumb, 0 bytes, Stack size 0 bytes, rom1Sym.txt(ABSOLUTE))
<BR><BR>[Called By]<UL><LI><a href="#[14]">&gt;&gt;</a>&nbsp;&nbsp;&nbsp;llSetupAdv1 (via Veneer)
</UL>

<P><STRONG><a name="[123]"></a>llSetupUndirectedAdvEvt</STRONG> (Thumb, 0 bytes, Stack size 0 bytes, rom1Sym.txt(ABSOLUTE))
<BR><BR>[Called By]<UL><LI><a href="#[14]">&gt;&gt;</a>&nbsp;&nbsp;&nbsp;llSetupAdv1 (via Veneer)
</UL>

<P><STRONG><a name="[a1]"></a>ll_debug_output</STRONG> (Thumb, 0 bytes, Stack size 0 bytes, rom1Sym.txt(ABSOLUTE))
<BR><BR>[Called By]<UL><LI><a href="#[13]">&gt;&gt;</a>&nbsp;&nbsp;&nbsp;LL_SetScanControl1 (via Veneer)
</UL>

<P><STRONG><a name="[14e]"></a>ll_hw_clr_irq</STRONG> (Thumb, 0 bytes, Stack size 0 bytes, rom1Sym.txt(ABSOLUTE))
<BR><BR>[Called By]<UL><LI><a href="#[153]">&gt;&gt;</a>&nbsp;&nbsp;&nbsp;rf_phy_dtm_ext_rx_demod_burst (via Veneer)
<LI><a href="#[145]">&gt;&gt;</a>&nbsp;&nbsp;&nbsp;rf_phy_direct_test (via Veneer)
<LI><a href="#[14b]">&gt;&gt;</a>&nbsp;&nbsp;&nbsp;rf_phy_dtm_trigged (via Veneer)
</UL>

<P><STRONG><a name="[14d]"></a>ll_hw_get_irq_status</STRONG> (Thumb, 0 bytes, Stack size 0 bytes, rom1Sym.txt(ABSOLUTE))
<BR><BR>[Called By]<UL><LI><a href="#[153]">&gt;&gt;</a>&nbsp;&nbsp;&nbsp;rf_phy_dtm_ext_rx_demod_burst (via Veneer)
<LI><a href="#[145]">&gt;&gt;</a>&nbsp;&nbsp;&nbsp;rf_phy_direct_test (via Veneer)
</UL>

<P><STRONG><a name="[126]"></a>ll_hw_get_tr_mode</STRONG> (Thumb, 0 bytes, Stack size 0 bytes, rom1Sym.txt(ABSOLUTE))
<BR><BR>[Called By]<UL><LI><a href="#[11]">&gt;&gt;</a>&nbsp;&nbsp;&nbsp;ll_hw_go1 (via Veneer)
</UL>

<P><STRONG><a name="[11f]"></a>ll_hw_ign_rfifo</STRONG> (Thumb, 0 bytes, Stack size 0 bytes, rom1Sym.txt(ABSOLUTE))
<BR><BR>[Called By]<UL><LI><a href="#[14]">&gt;&gt;</a>&nbsp;&nbsp;&nbsp;llSetupAdv1 (via Veneer)
</UL>

<P><STRONG><a name="[120]"></a>ll_hw_rst_rfifo</STRONG> (Thumb, 0 bytes, Stack size 0 bytes, rom1Sym.txt(ABSOLUTE))
<BR><BR>[Called By]<UL><LI><a href="#[14]">&gt;&gt;</a>&nbsp;&nbsp;&nbsp;llSetupAdv1 (via Veneer)
</UL>

<P><STRONG><a name="[121]"></a>ll_hw_rst_tfifo</STRONG> (Thumb, 0 bytes, Stack size 0 bytes, rom1Sym.txt(ABSOLUTE))
<BR><BR>[Called By]<UL><LI><a href="#[14b]">&gt;&gt;</a>&nbsp;&nbsp;&nbsp;rf_phy_dtm_trigged (via Veneer)
<LI><a href="#[14]">&gt;&gt;</a>&nbsp;&nbsp;&nbsp;llSetupAdv1 (via Veneer)
</UL>

<P><STRONG><a name="[15e]"></a>ll_hw_set_irq</STRONG> (Thumb, 0 bytes, Stack size 0 bytes, rom1Sym.txt(ABSOLUTE))
<BR><BR>[Called By]<UL><LI><a href="#[14b]">&gt;&gt;</a>&nbsp;&nbsp;&nbsp;rf_phy_dtm_trigged (via Veneer)
</UL>

<P><STRONG><a name="[a2]"></a>ll_hw_set_rx_timeout</STRONG> (Thumb, 0 bytes, Stack size 0 bytes, rom1Sym.txt(ABSOLUTE))
<BR><BR>[Called By]<UL><LI><a href="#[13]">&gt;&gt;</a>&nbsp;&nbsp;&nbsp;LL_SetScanControl1 (via Veneer)
</UL>

<P><STRONG><a name="[160]"></a>ll_hw_set_srx</STRONG> (Thumb, 0 bytes, Stack size 0 bytes, rom1Sym.txt(ABSOLUTE))
<BR><BR>[Called By]<UL><LI><a href="#[14b]">&gt;&gt;</a>&nbsp;&nbsp;&nbsp;rf_phy_dtm_trigged (via Veneer)
</UL>

<P><STRONG><a name="[15f]"></a>ll_hw_set_stx</STRONG> (Thumb, 0 bytes, Stack size 0 bytes, rom1Sym.txt(ABSOLUTE))
<BR><BR>[Called By]<UL><LI><a href="#[14b]">&gt;&gt;</a>&nbsp;&nbsp;&nbsp;rf_phy_dtm_trigged (via Veneer)
</UL>

<P><STRONG><a name="[15a]"></a>ll_hw_set_timing</STRONG> (Thumb, 0 bytes, Stack size 0 bytes, rom1Sym.txt(ABSOLUTE))
<BR><BR>[Called By]<UL><LI><a href="#[14b]">&gt;&gt;</a>&nbsp;&nbsp;&nbsp;rf_phy_dtm_trigged (via Veneer)
</UL>

<P><STRONG><a name="[14c]"></a>ll_hw_set_trx_settle</STRONG> (Thumb, 0 bytes, Stack size 0 bytes, rom1Sym.txt(ABSOLUTE))
<BR><BR>[Called By]<UL><LI><a href="#[156]">&gt;&gt;</a>&nbsp;&nbsp;&nbsp;rf_phy_dtm_ext_tx_mod_burst (via Veneer)
<LI><a href="#[145]">&gt;&gt;</a>&nbsp;&nbsp;&nbsp;rf_phy_direct_test (via Veneer)
</UL>

<P><STRONG><a name="[14f]"></a>ll_hw_trigger</STRONG> (Thumb, 0 bytes, Stack size 0 bytes, rom1Sym.txt(ABSOLUTE))
<BR><BR>[Called By]<UL><LI><a href="#[156]">&gt;&gt;</a>&nbsp;&nbsp;&nbsp;rf_phy_dtm_ext_tx_mod_burst (via Veneer)
<LI><a href="#[153]">&gt;&gt;</a>&nbsp;&nbsp;&nbsp;rf_phy_dtm_ext_rx_demod_burst (via Veneer)
<LI><a href="#[145]">&gt;&gt;</a>&nbsp;&nbsp;&nbsp;rf_phy_direct_test (via Veneer)
<LI><a href="#[14b]">&gt;&gt;</a>&nbsp;&nbsp;&nbsp;rf_phy_dtm_trigged (via Veneer)
</UL>

<P><STRONG><a name="[162]"></a>ll_hw_write_tfifo</STRONG> (Thumb, 0 bytes, Stack size 0 bytes, rom1Sym.txt(ABSOLUTE))
<BR><BR>[Called By]<UL><LI><a href="#[15d]">&gt;&gt;</a>&nbsp;&nbsp;&nbsp;rf_phy_dtm_zigbee_pkt_gen (via Veneer)
</UL>

<P><STRONG><a name="[df]"></a>osal_CbTimerStart</STRONG> (Thumb, 0 bytes, Stack size 0 bytes, rom1Sym.txt(ABSOLUTE))
<BR><BR>[Called By]<UL><LI><a href="#[71]">&gt;&gt;</a>&nbsp;&nbsp;&nbsp;gapCentralRole_ProcessOSALMsg (via Veneer)
</UL>

<P><STRONG><a name="[6c]"></a>osal_CbTimerStop</STRONG> (Thumb, 0 bytes, Stack size 0 bytes, rom1Sym.txt(ABSOLUTE))
<BR><BR>[Called By]<UL><LI><a href="#[6a]">&gt;&gt;</a>&nbsp;&nbsp;&nbsp;GAPCentralRole_CancelRssi (via Veneer)
</UL>

<P><STRONG><a name="[d9]"></a>osal_clear_event</STRONG> (Thumb, 0 bytes, Stack size 0 bytes, rom1Sym.txt(ABSOLUTE))
<BR><BR>[Called By]<UL><LI><a href="#[5d]">&gt;&gt;</a>&nbsp;&nbsp;&nbsp;gapBondMgrEraseBonding (via Veneer)
</UL>

<P><STRONG><a name="[c7]"></a>osal_init_system</STRONG> (Thumb, 0 bytes, Stack size 0 bytes, rom1Sym.txt(ABSOLUTE))
<BR><BR>[Called By]<UL><LI><a href="#[c6]">&gt;&gt;</a>&nbsp;&nbsp;&nbsp;app_main (via Veneer)
</UL>

<P><STRONG><a name="[43]"></a>osal_isbufset</STRONG> (Thumb, 0 bytes, Stack size 0 bytes, rom1Sym.txt(ABSOLUTE))
<BR><BR>[Called By]<UL><LI><a href="#[3e]">&gt;&gt;</a>&nbsp;&nbsp;&nbsp;GAPBondMgr_ResolveAddr (via Veneer)
<LI><a href="#[3d]">&gt;&gt;</a>&nbsp;&nbsp;&nbsp;GAPBondMgr_LinkEst (via Veneer)
<LI><a href="#[d4]">&gt;&gt;</a>&nbsp;&nbsp;&nbsp;gapBondMgr_SyncWhiteList (via Veneer)
<LI><a href="#[69]">&gt;&gt;</a>&nbsp;&nbsp;&nbsp;gapBondMgrUpdateCharCfg (via Veneer)
<LI><a href="#[5d]">&gt;&gt;</a>&nbsp;&nbsp;&nbsp;gapBondMgrEraseBonding (via Veneer)
<LI><a href="#[66]">&gt;&gt;</a>&nbsp;&nbsp;&nbsp;gapBondMgrChangeState (via Veneer)
<LI><a href="#[d8]">&gt;&gt;</a>&nbsp;&nbsp;&nbsp;gapBondMgrBondTotal (via Veneer)
<LI><a href="#[4f]">&gt;&gt;</a>&nbsp;&nbsp;&nbsp;gapBondMgrAddBond (via Veneer)
</UL>

<P><STRONG><a name="[96]"></a>osal_mem_alloc</STRONG> (Thumb, 0 bytes, Stack size 0 bytes, rom1Sym.txt(ABSOLUTE))
<BR><BR>[Called By]<UL><LI><a href="#[82]">&gt;&gt;</a>&nbsp;&nbsp;&nbsp;GATTServApp_RegisterService (via Veneer)
<LI><a href="#[b6]">&gt;&gt;</a>&nbsp;&nbsp;&nbsp;simpleBLECentral_ReadWriteNotifyTest (via Veneer)
<LI><a href="#[b1]">&gt;&gt;</a>&nbsp;&nbsp;&nbsp;simpleBLECentral_CharacteristicTest (via Veneer)
<LI><a href="#[21]">&gt;&gt;</a>&nbsp;&nbsp;&nbsp;SimpleBLECentral_ProcessEvent (via Veneer)
<LI><a href="#[26]">&gt;&gt;</a>&nbsp;&nbsp;&nbsp;osalInitTasks (via Veneer)
</UL>

<P><STRONG><a name="[b8]"></a>osal_mem_free</STRONG> (Thumb, 0 bytes, Stack size 0 bytes, rom1Sym.txt(ABSOLUTE))
<BR><BR>[Called By]<UL><LI><a href="#[b6]">&gt;&gt;</a>&nbsp;&nbsp;&nbsp;simpleBLECentral_ReadWriteNotifyTest (via Veneer)
<LI><a href="#[b1]">&gt;&gt;</a>&nbsp;&nbsp;&nbsp;simpleBLECentral_CharacteristicTest (via Veneer)
<LI><a href="#[21]">&gt;&gt;</a>&nbsp;&nbsp;&nbsp;SimpleBLECentral_ProcessEvent (via Veneer)
</UL>

<P><STRONG><a name="[128]"></a>osal_mem_set_heap</STRONG> (Thumb, 0 bytes, Stack size 0 bytes, rom1Sym.txt(ABSOLUTE))
<BR><BR>[Called By]<UL><LI><a href="#[6]">&gt;&gt;</a>&nbsp;&nbsp;&nbsp;main (via Veneer)
</UL>

<P><STRONG><a name="[63]"></a>osal_memcmp</STRONG> (Thumb, 0 bytes, Stack size 0 bytes, rom1Sym.txt(ABSOLUTE))
<BR><BR>[Called By]<UL><LI><a href="#[3e]">&gt;&gt;</a>&nbsp;&nbsp;&nbsp;GAPBondMgr_ResolveAddr (via Veneer)
<LI><a href="#[62]">&gt;&gt;</a>&nbsp;&nbsp;&nbsp;gapBondMgrFindAddr (via Veneer)
<LI><a href="#[af]">&gt;&gt;</a>&nbsp;&nbsp;&nbsp;simpleBLECentral_LinkDevice (via Veneer)
<LI><a href="#[164]">&gt;&gt;</a>&nbsp;&nbsp;&nbsp;simpleBLEAddDeviceInfo (via Veneer)
<LI><a href="#[e4]">&gt;&gt;</a>&nbsp;&nbsp;&nbsp;gattServApp_ProcessFindByTypeValueReq (via Veneer)
</UL>

<P><STRONG><a name="[56]"></a>osal_memcpy</STRONG> (Thumb, 0 bytes, Stack size 0 bytes, rom1Sym.txt(ABSOLUTE))
<BR><BR>[Called By]<UL><LI><a href="#[16]">&gt;&gt;</a>&nbsp;&nbsp;&nbsp;ggs_WriteAttrCB (via Veneer)
<LI><a href="#[15]">&gt;&gt;</a>&nbsp;&nbsp;&nbsp;ggs_ReadAttrCB (via Veneer)
<LI><a href="#[59]">&gt;&gt;</a>&nbsp;&nbsp;&nbsp;osal_snv_write (via Veneer)
<LI><a href="#[42]">&gt;&gt;</a>&nbsp;&nbsp;&nbsp;osal_snv_read (via Veneer)
<LI><a href="#[9c]">&gt;&gt;</a>&nbsp;&nbsp;&nbsp;GGS_SetParameter (via Veneer)
<LI><a href="#[8e]">&gt;&gt;</a>&nbsp;&nbsp;&nbsp;GATTServApp_ReadAttr (via Veneer)
<LI><a href="#[58]">&gt;&gt;</a>&nbsp;&nbsp;&nbsp;GAPBondMgr_SetParameter (via Veneer)
<LI><a href="#[3e]">&gt;&gt;</a>&nbsp;&nbsp;&nbsp;GAPBondMgr_ResolveAddr (via Veneer)
<LI><a href="#[4b]">&gt;&gt;</a>&nbsp;&nbsp;&nbsp;GAPBondMgr_ProcessGAPMsg (via Veneer)
<LI><a href="#[65]">&gt;&gt;</a>&nbsp;&nbsp;&nbsp;gapBondMgrGetPublicAddr (via Veneer)
<LI><a href="#[48]">&gt;&gt;</a>&nbsp;&nbsp;&nbsp;gapBondMgrAuthenticate (via Veneer)
<LI><a href="#[4f]">&gt;&gt;</a>&nbsp;&nbsp;&nbsp;gapBondMgrAddBond (via Veneer)
<LI><a href="#[16d]">&gt;&gt;</a>&nbsp;&nbsp;&nbsp;simpleBLEGATTDiscoveryEvent (via Veneer)
<LI><a href="#[b6]">&gt;&gt;</a>&nbsp;&nbsp;&nbsp;simpleBLECentral_ReadWriteNotifyTest (via Veneer)
<LI><a href="#[b1]">&gt;&gt;</a>&nbsp;&nbsp;&nbsp;simpleBLECentral_CharacteristicTest (via Veneer)
<LI><a href="#[23]">&gt;&gt;</a>&nbsp;&nbsp;&nbsp;simpleBLECentralEventCB (via Veneer)
<LI><a href="#[165]">&gt;&gt;</a>&nbsp;&nbsp;&nbsp;simpleBLEAnalysisADVDATA (via Veneer)
<LI><a href="#[164]">&gt;&gt;</a>&nbsp;&nbsp;&nbsp;simpleBLEAddDeviceInfo (via Veneer)
<LI><a href="#[21]">&gt;&gt;</a>&nbsp;&nbsp;&nbsp;SimpleBLECentral_ProcessEvent (via Veneer)
<LI><a href="#[72]">&gt;&gt;</a>&nbsp;&nbsp;&nbsp;GAPCentralRole_SetParameter (via Veneer)
<LI><a href="#[6d]">&gt;&gt;</a>&nbsp;&nbsp;&nbsp;GAPCentralRole_EstablishLink (via Veneer)
<LI><a href="#[dd]">&gt;&gt;</a>&nbsp;&nbsp;&nbsp;gapCentralRole_ProcessGAPMsg (via Veneer)
<LI><a href="#[ea]">&gt;&gt;</a>&nbsp;&nbsp;&nbsp;gattServApp_ProcessReadMultiReq (via Veneer)
<LI><a href="#[e7]">&gt;&gt;</a>&nbsp;&nbsp;&nbsp;gattServApp_ProcessReadByTypeReq (via Veneer)
<LI><a href="#[eb]">&gt;&gt;</a>&nbsp;&nbsp;&nbsp;gattServApp_ProcessReadByGrpTypeReq (via Veneer)
<LI><a href="#[ed]">&gt;&gt;</a>&nbsp;&nbsp;&nbsp;gattServApp_ProcessPrepareWriteReq (via Veneer)
</UL>

<P><STRONG><a name="[41]"></a>osal_memset</STRONG> (Thumb, 0 bytes, Stack size 0 bytes, rom1Sym.txt(ABSOLUTE))
<BR><BR>[Called By]<UL><LI><a href="#[59]">&gt;&gt;</a>&nbsp;&nbsp;&nbsp;osal_snv_write (via Veneer)
<LI><a href="#[9c]">&gt;&gt;</a>&nbsp;&nbsp;&nbsp;GGS_SetParameter (via Veneer)
<LI><a href="#[8e]">&gt;&gt;</a>&nbsp;&nbsp;&nbsp;GATTServApp_ReadAttr (via Veneer)
<LI><a href="#[4b]">&gt;&gt;</a>&nbsp;&nbsp;&nbsp;GAPBondMgr_ProcessGAPMsg (via Veneer)
<LI><a href="#[3d]">&gt;&gt;</a>&nbsp;&nbsp;&nbsp;GAPBondMgr_LinkEst (via Veneer)
<LI><a href="#[69]">&gt;&gt;</a>&nbsp;&nbsp;&nbsp;gapBondMgrUpdateCharCfg (via Veneer)
<LI><a href="#[3c]">&gt;&gt;</a>&nbsp;&nbsp;&nbsp;gapBondMgrReadBonds (via Veneer)
<LI><a href="#[5d]">&gt;&gt;</a>&nbsp;&nbsp;&nbsp;gapBondMgrEraseBonding (via Veneer)
<LI><a href="#[40]">&gt;&gt;</a>&nbsp;&nbsp;&nbsp;gapBondMgrBondReq (via Veneer)
<LI><a href="#[48]">&gt;&gt;</a>&nbsp;&nbsp;&nbsp;gapBondMgrAuthenticate (via Veneer)
<LI><a href="#[4f]">&gt;&gt;</a>&nbsp;&nbsp;&nbsp;gapBondMgrAddBond (via Veneer)
<LI><a href="#[23]">&gt;&gt;</a>&nbsp;&nbsp;&nbsp;simpleBLECentralEventCB (via Veneer)
<LI><a href="#[bb]">&gt;&gt;</a>&nbsp;&nbsp;&nbsp;centralTestVectorProcess (via Veneer)
<LI><a href="#[21]">&gt;&gt;</a>&nbsp;&nbsp;&nbsp;SimpleBLECentral_ProcessEvent (via Veneer)
<LI><a href="#[26]">&gt;&gt;</a>&nbsp;&nbsp;&nbsp;osalInitTasks (via Veneer)
<LI><a href="#[85]">&gt;&gt;</a>&nbsp;&nbsp;&nbsp;gattServApp_SetNumPrepareWrites (via Veneer)
<LI><a href="#[e4]">&gt;&gt;</a>&nbsp;&nbsp;&nbsp;gattServApp_ProcessFindByTypeValueReq (via Veneer)
<LI><a href="#[e2]">&gt;&gt;</a>&nbsp;&nbsp;&nbsp;gattServApp_ProcessExecuteWriteReq (via Veneer)
<LI><a href="#[a]">&gt;&gt;</a>&nbsp;&nbsp;&nbsp;gattServApp_HandleConnStatusCB (via Veneer)
</UL>

<P><STRONG><a name="[97]"></a>osal_msg_allocate</STRONG> (Thumb, 0 bytes, Stack size 0 bytes, rom1Sym.txt(ABSOLUTE))
<BR><BR>[Called By]<UL><LI><a href="#[c]">&gt;&gt;</a>&nbsp;&nbsp;&nbsp;gapCentralRole_timerCB (via Veneer)
<LI><a href="#[8c]">&gt;&gt;</a>&nbsp;&nbsp;&nbsp;GATTServApp_SendCCCUpdatedEvent (via Veneer)
</UL>

<P><STRONG><a name="[4e]"></a>osal_msg_deallocate</STRONG> (Thumb, 0 bytes, Stack size 0 bytes, rom1Sym.txt(ABSOLUTE))
<BR><BR>[Called By]<UL><LI><a href="#[1f]">&gt;&gt;</a>&nbsp;&nbsp;&nbsp;GAPBondMgr_ProcessEvent (via Veneer)
<LI><a href="#[52]">&gt;&gt;</a>&nbsp;&nbsp;&nbsp;gapBondFreeAuthEvt (via Veneer)
<LI><a href="#[21]">&gt;&gt;</a>&nbsp;&nbsp;&nbsp;SimpleBLECentral_ProcessEvent (via Veneer)
<LI><a href="#[1e]">&gt;&gt;</a>&nbsp;&nbsp;&nbsp;GAPCentralRole_ProcessEvent (via Veneer)
<LI><a href="#[20]">&gt;&gt;</a>&nbsp;&nbsp;&nbsp;GATTServApp_ProcessEvent (via Veneer)
</UL>

<P><STRONG><a name="[4a]"></a>osal_msg_receive</STRONG> (Thumb, 0 bytes, Stack size 0 bytes, rom1Sym.txt(ABSOLUTE))
<BR><BR>[Called By]<UL><LI><a href="#[1f]">&gt;&gt;</a>&nbsp;&nbsp;&nbsp;GAPBondMgr_ProcessEvent (via Veneer)
<LI><a href="#[21]">&gt;&gt;</a>&nbsp;&nbsp;&nbsp;SimpleBLECentral_ProcessEvent (via Veneer)
<LI><a href="#[1e]">&gt;&gt;</a>&nbsp;&nbsp;&nbsp;GAPCentralRole_ProcessEvent (via Veneer)
<LI><a href="#[20]">&gt;&gt;</a>&nbsp;&nbsp;&nbsp;GATTServApp_ProcessEvent (via Veneer)
</UL>

<P><STRONG><a name="[98]"></a>osal_msg_send</STRONG> (Thumb, 0 bytes, Stack size 0 bytes, rom1Sym.txt(ABSOLUTE))
<BR><BR>[Called By]<UL><LI><a href="#[c]">&gt;&gt;</a>&nbsp;&nbsp;&nbsp;gapCentralRole_timerCB (via Veneer)
<LI><a href="#[8c]">&gt;&gt;</a>&nbsp;&nbsp;&nbsp;GATTServApp_SendCCCUpdatedEvent (via Veneer)
</UL>

<P><STRONG><a name="[c8]"></a>osal_pwrmgr_device</STRONG> (Thumb, 0 bytes, Stack size 0 bytes, rom1Sym.txt(ABSOLUTE))
<BR><BR>[Called By]<UL><LI><a href="#[c6]">&gt;&gt;</a>&nbsp;&nbsp;&nbsp;app_main (via Veneer)
</UL>

<P><STRONG><a name="[68]"></a>osal_revmemcpy</STRONG> (Thumb, 0 bytes, Stack size 0 bytes, rom1Sym.txt(ABSOLUTE))
<BR><BR>[Called By]<UL><LI><a href="#[58]">&gt;&gt;</a>&nbsp;&nbsp;&nbsp;GAPBondMgr_SetParameter (via Veneer)
</UL>

<P><STRONG><a name="[50]"></a>osal_set_event</STRONG> (Thumb, 0 bytes, Stack size 0 bytes, rom1Sym.txt(ABSOLUTE))
<BR><BR>[Called By]<UL><LI><a href="#[4b]">&gt;&gt;</a>&nbsp;&nbsp;&nbsp;GAPBondMgr_ProcessGAPMsg (via Veneer)
<LI><a href="#[1f]">&gt;&gt;</a>&nbsp;&nbsp;&nbsp;GAPBondMgr_ProcessEvent (via Veneer)
<LI><a href="#[23]">&gt;&gt;</a>&nbsp;&nbsp;&nbsp;simpleBLECentralEventCB (via Veneer)
<LI><a href="#[bb]">&gt;&gt;</a>&nbsp;&nbsp;&nbsp;centralTestVectorProcess (via Veneer)
<LI><a href="#[a8]">&gt;&gt;</a>&nbsp;&nbsp;&nbsp;SimpleBLECentral_Init (via Veneer)
<LI><a href="#[14]">&gt;&gt;</a>&nbsp;&nbsp;&nbsp;llSetupAdv1 (via Veneer)
<LI><a href="#[13]">&gt;&gt;</a>&nbsp;&nbsp;&nbsp;LL_SetScanControl1 (via Veneer)
</UL>

<P><STRONG><a name="[c9]"></a>osal_start_system</STRONG> (Thumb, 0 bytes, Stack size 0 bytes, rom1Sym.txt(ABSOLUTE))
<BR><BR>[Called By]<UL><LI><a href="#[c6]">&gt;&gt;</a>&nbsp;&nbsp;&nbsp;app_main (via Veneer)
</UL>

<P><STRONG><a name="[b9]"></a>osal_start_timerEx</STRONG> (Thumb, 0 bytes, Stack size 0 bytes, rom1Sym.txt(ABSOLUTE))
<BR><BR>[Called By]<UL><LI><a href="#[16d]">&gt;&gt;</a>&nbsp;&nbsp;&nbsp;simpleBLEGATTDiscoveryEvent (via Veneer)
<LI><a href="#[b6]">&gt;&gt;</a>&nbsp;&nbsp;&nbsp;simpleBLECentral_ReadWriteNotifyTest (via Veneer)
<LI><a href="#[af]">&gt;&gt;</a>&nbsp;&nbsp;&nbsp;simpleBLECentral_LinkDevice (via Veneer)
<LI><a href="#[b1]">&gt;&gt;</a>&nbsp;&nbsp;&nbsp;simpleBLECentral_CharacteristicTest (via Veneer)
<LI><a href="#[ae]">&gt;&gt;</a>&nbsp;&nbsp;&nbsp;simpleBLECentralProcessGATTMsg (via Veneer)
<LI><a href="#[23]">&gt;&gt;</a>&nbsp;&nbsp;&nbsp;simpleBLECentralEventCB (via Veneer)
<LI><a href="#[21]">&gt;&gt;</a>&nbsp;&nbsp;&nbsp;SimpleBLECentral_ProcessEvent (via Veneer)
</UL>

<P><STRONG><a name="[bc]"></a>osal_stop_timerEx</STRONG> (Thumb, 0 bytes, Stack size 0 bytes, rom1Sym.txt(ABSOLUTE))
<BR><BR>[Called By]<UL><LI><a href="#[21]">&gt;&gt;</a>&nbsp;&nbsp;&nbsp;SimpleBLECentral_ProcessEvent (via Veneer)
</UL>

<P><STRONG><a name="[94]"></a>osal_strlen</STRONG> (Thumb, 0 bytes, Stack size 0 bytes, rom1Sym.txt(ABSOLUTE))
<BR><BR>[Called By]<UL><LI><a href="#[16]">&gt;&gt;</a>&nbsp;&nbsp;&nbsp;ggs_WriteAttrCB (via Veneer)
<LI><a href="#[15]">&gt;&gt;</a>&nbsp;&nbsp;&nbsp;ggs_ReadAttrCB (via Veneer)
<LI><a href="#[8e]">&gt;&gt;</a>&nbsp;&nbsp;&nbsp;GATTServApp_ReadAttr (via Veneer)
</UL>

<P><STRONG><a name="[a3]"></a>read_current_fine_time</STRONG> (Thumb, 0 bytes, Stack size 0 bytes, rom1Sym.txt(ABSOLUTE))
<BR><BR>[Called By]<UL><LI><a href="#[21]">&gt;&gt;</a>&nbsp;&nbsp;&nbsp;SimpleBLECentral_ProcessEvent (via Veneer)
<LI><a href="#[13]">&gt;&gt;</a>&nbsp;&nbsp;&nbsp;LL_SetScanControl1 (via Veneer)
</UL>

<P><STRONG><a name="[127]"></a>set_max_length</STRONG> (Thumb, 0 bytes, Stack size 0 bytes, rom1Sym.txt(ABSOLUTE))
<BR><BR>[Called By]<UL><LI><a href="#[11]">&gt;&gt;</a>&nbsp;&nbsp;&nbsp;ll_hw_go1 (via Veneer)
</UL>

<P><STRONG><a name="[116]"></a>wakeup_init</STRONG> (Thumb, 0 bytes, Stack size 0 bytes, rom1Sym.txt(ABSOLUTE))
<BR><BR>[Called By]<UL><LI><a href="#[113]">&gt;&gt;</a>&nbsp;&nbsp;&nbsp;hal_rom_code_ini (via Veneer)
</UL>

<P><STRONG><a name="[161]"></a>zigbee_crc16_gen</STRONG> (Thumb, 0 bytes, Stack size 0 bytes, rom1Sym.txt(ABSOLUTE))
<BR><BR>[Called By]<UL><LI><a href="#[15d]">&gt;&gt;</a>&nbsp;&nbsp;&nbsp;rf_phy_dtm_zigbee_pkt_gen (via Veneer)
</UL>

<P><STRONG><a name="[8]"></a>__main</STRONG> (Thumb, 0 bytes, Stack size unknown bytes, entry.o(.ARM.Collect$$$$00000000))
<BR>[Address Reference Count : 1]<UL><LI> startup_armcm0.o(.text)
</UL>
<P><STRONG><a name="[179]"></a>_main_stk</STRONG> (Thumb, 0 bytes, Stack size unknown bytes, entry2.o(.ARM.Collect$$$$00000001))

<P><STRONG><a name="[30]"></a>_main_scatterload</STRONG> (Thumb, 0 bytes, Stack size unknown bytes, entry5.o(.ARM.Collect$$$$00000004))
<BR><BR>[Calls]<UL><LI><a href="#[31]">&gt;&gt;</a>&nbsp;&nbsp;&nbsp;__scatterload
</UL>

<P><STRONG><a name="[39]"></a>__main_after_scatterload</STRONG> (Thumb, 0 bytes, Stack size unknown bytes, entry5.o(.ARM.Collect$$$$00000004))
<BR><BR>[Called By]<UL><LI><a href="#[31]">&gt;&gt;</a>&nbsp;&nbsp;&nbsp;__scatterload
</UL>

<P><STRONG><a name="[17a]"></a>_main_clock</STRONG> (Thumb, 0 bytes, Stack size unknown bytes, entry7b.o(.ARM.Collect$$$$00000008))

<P><STRONG><a name="[17b]"></a>_main_cpp_init</STRONG> (Thumb, 0 bytes, Stack size unknown bytes, entry8b.o(.ARM.Collect$$$$0000000A))

<P><STRONG><a name="[17c]"></a>_main_init</STRONG> (Thumb, 0 bytes, Stack size unknown bytes, entry9a.o(.ARM.Collect$$$$0000000B))

<P><STRONG><a name="[17d]"></a>__rt_final_cpp</STRONG> (Thumb, 0 bytes, Stack size unknown bytes, entry10a.o(.ARM.Collect$$$$0000000D))

<P><STRONG><a name="[17e]"></a>__rt_final_exit</STRONG> (Thumb, 0 bytes, Stack size unknown bytes, entry11a.o(.ARM.Collect$$$$0000000F))

<P><STRONG><a name="[0]"></a>Reset_Handler</STRONG> (Thumb, 8 bytes, Stack size 0 bytes, startup_armcm0.o(.text))
<BR>[Address Reference Count : 1]<UL><LI> startup_armcm0.o(RESET)
</UL>
<P><STRONG><a name="[1]"></a>NMI_Handler</STRONG> (Thumb, 2 bytes, Stack size 0 bytes, startup_armcm0.o(.text))
<BR><BR>[Calls]<UL><LI><a href="#[1]">&gt;&gt;</a>&nbsp;&nbsp;&nbsp;NMI_Handler
</UL>
<BR>[Called By]<UL><LI><a href="#[1]">&gt;&gt;</a>&nbsp;&nbsp;&nbsp;NMI_Handler
</UL>
<BR>[Address Reference Count : 1]<UL><LI> startup_armcm0.o(RESET)
</UL>
<P><STRONG><a name="[2]"></a>HardFault_Handler</STRONG> (Thumb, 2 bytes, Stack size 0 bytes, startup_armcm0.o(.text))
<BR><BR>[Calls]<UL><LI><a href="#[2]">&gt;&gt;</a>&nbsp;&nbsp;&nbsp;HardFault_Handler
</UL>
<BR>[Called By]<UL><LI><a href="#[2]">&gt;&gt;</a>&nbsp;&nbsp;&nbsp;HardFault_Handler
</UL>
<BR>[Address Reference Count : 1]<UL><LI> startup_armcm0.o(RESET)
</UL>
<P><STRONG><a name="[3]"></a>SVC_Handler</STRONG> (Thumb, 2 bytes, Stack size 0 bytes, startup_armcm0.o(.text))
<BR><BR>[Calls]<UL><LI><a href="#[3]">&gt;&gt;</a>&nbsp;&nbsp;&nbsp;SVC_Handler
</UL>
<BR>[Called By]<UL><LI><a href="#[3]">&gt;&gt;</a>&nbsp;&nbsp;&nbsp;SVC_Handler
</UL>
<BR>[Address Reference Count : 1]<UL><LI> startup_armcm0.o(RESET)
</UL>
<P><STRONG><a name="[4]"></a>PendSV_Handler</STRONG> (Thumb, 2 bytes, Stack size 0 bytes, startup_armcm0.o(.text))
<BR><BR>[Calls]<UL><LI><a href="#[4]">&gt;&gt;</a>&nbsp;&nbsp;&nbsp;PendSV_Handler
</UL>
<BR>[Called By]<UL><LI><a href="#[4]">&gt;&gt;</a>&nbsp;&nbsp;&nbsp;PendSV_Handler
</UL>
<BR>[Address Reference Count : 1]<UL><LI> startup_armcm0.o(RESET)
</UL>
<P><STRONG><a name="[5]"></a>SysTick_Handler</STRONG> (Thumb, 2 bytes, Stack size 0 bytes, startup_armcm0.o(.text))
<BR><BR>[Calls]<UL><LI><a href="#[5]">&gt;&gt;</a>&nbsp;&nbsp;&nbsp;SysTick_Handler
</UL>
<BR>[Called By]<UL><LI><a href="#[5]">&gt;&gt;</a>&nbsp;&nbsp;&nbsp;SysTick_Handler
</UL>
<BR>[Address Reference Count : 1]<UL><LI> startup_armcm0.o(RESET)
</UL>
<P><STRONG><a name="[32]"></a>AACI_IRQHandler</STRONG> (Thumb, 0 bytes, Stack size 0 bytes, startup_armcm0.o(.text), UNUSED)
<BR><BR>[Calls]<UL><LI><a href="#[32]">&gt;&gt;</a>&nbsp;&nbsp;&nbsp;AACI_IRQHandler
</UL>
<BR>[Called By]<UL><LI><a href="#[32]">&gt;&gt;</a>&nbsp;&nbsp;&nbsp;AACI_IRQHandler
</UL>

<P><STRONG><a name="[17f]"></a>CAN_IRQHandler</STRONG> (Thumb, 0 bytes, Stack size 0 bytes, startup_armcm0.o(.text), UNUSED)

<P><STRONG><a name="[180]"></a>CHLCD_IRQHandler</STRONG> (Thumb, 0 bytes, Stack size 0 bytes, startup_armcm0.o(.text), UNUSED)

<P><STRONG><a name="[181]"></a>CLCD_IRQHandler</STRONG> (Thumb, 0 bytes, Stack size 0 bytes, startup_armcm0.o(.text), UNUSED)

<P><STRONG><a name="[182]"></a>CPU_CLCD_IRQHandler</STRONG> (Thumb, 0 bytes, Stack size 0 bytes, startup_armcm0.o(.text), UNUSED)

<P><STRONG><a name="[183]"></a>ENET_IRQHandler</STRONG> (Thumb, 0 bytes, Stack size 0 bytes, startup_armcm0.o(.text), UNUSED)

<P><STRONG><a name="[184]"></a>FLEXRAY_IRQHandler</STRONG> (Thumb, 0 bytes, Stack size 0 bytes, startup_armcm0.o(.text), UNUSED)

<P><STRONG><a name="[185]"></a>I2C_IRQHandler</STRONG> (Thumb, 0 bytes, Stack size 0 bytes, startup_armcm0.o(.text), UNUSED)

<P><STRONG><a name="[186]"></a>LIN_IRQHandler</STRONG> (Thumb, 0 bytes, Stack size 0 bytes, startup_armcm0.o(.text), UNUSED)

<P><STRONG><a name="[187]"></a>MCIA_IRQHandler</STRONG> (Thumb, 0 bytes, Stack size 0 bytes, startup_armcm0.o(.text), UNUSED)

<P><STRONG><a name="[188]"></a>MCIB_IRQHandler</STRONG> (Thumb, 0 bytes, Stack size 0 bytes, startup_armcm0.o(.text), UNUSED)

<P><STRONG><a name="[189]"></a>RTC_IRQHandler</STRONG> (Thumb, 0 bytes, Stack size 0 bytes, startup_armcm0.o(.text), UNUSED)

<P><STRONG><a name="[18a]"></a>SPI_IRQHandler</STRONG> (Thumb, 0 bytes, Stack size 0 bytes, startup_armcm0.o(.text), UNUSED)

<P><STRONG><a name="[18b]"></a>TIM0_IRQHandler</STRONG> (Thumb, 0 bytes, Stack size 0 bytes, startup_armcm0.o(.text), UNUSED)

<P><STRONG><a name="[18c]"></a>TIM2_IRQHandler</STRONG> (Thumb, 0 bytes, Stack size 0 bytes, startup_armcm0.o(.text), UNUSED)

<P><STRONG><a name="[18d]"></a>UART0_IRQHandler</STRONG> (Thumb, 0 bytes, Stack size 0 bytes, startup_armcm0.o(.text), UNUSED)

<P><STRONG><a name="[18e]"></a>UART1_IRQHandler</STRONG> (Thumb, 0 bytes, Stack size 0 bytes, startup_armcm0.o(.text), UNUSED)

<P><STRONG><a name="[18f]"></a>UART2_IRQHandler</STRONG> (Thumb, 0 bytes, Stack size 0 bytes, startup_armcm0.o(.text), UNUSED)

<P><STRONG><a name="[190]"></a>UART3_IRQHandler</STRONG> (Thumb, 0 bytes, Stack size 0 bytes, startup_armcm0.o(.text), UNUSED)

<P><STRONG><a name="[191]"></a>UART4_IRQHandler</STRONG> (Thumb, 0 bytes, Stack size 0 bytes, startup_armcm0.o(.text), UNUSED)

<P><STRONG><a name="[192]"></a>USBDC_IRQHandler</STRONG> (Thumb, 0 bytes, Stack size 0 bytes, startup_armcm0.o(.text), UNUSED)

<P><STRONG><a name="[193]"></a>USBHC_IRQHandler</STRONG> (Thumb, 0 bytes, Stack size 0 bytes, startup_armcm0.o(.text), UNUSED)

<P><STRONG><a name="[194]"></a>WDT_IRQHandler</STRONG> (Thumb, 0 bytes, Stack size 0 bytes, startup_armcm0.o(.text), UNUSED)

<P><STRONG><a name="[9d]"></a>__aeabi_memcpy</STRONG> (Thumb, 36 bytes, Stack size 0 bytes, memcpya.o(.text))
<BR><BR>[Called By]<UL><LI><a href="#[9c]">&gt;&gt;</a>&nbsp;&nbsp;&nbsp;GGS_SetParameter
<LI><a href="#[11b]">&gt;&gt;</a>&nbsp;&nbsp;&nbsp;txmit_buf_use_tx_buf
</UL>

<P><STRONG><a name="[195]"></a>__aeabi_memcpy4</STRONG> (Thumb, 0 bytes, Stack size 0 bytes, memcpya.o(.text), UNUSED)

<P><STRONG><a name="[196]"></a>__aeabi_memcpy8</STRONG> (Thumb, 0 bytes, Stack size 0 bytes, memcpya.o(.text), UNUSED)

<P><STRONG><a name="[34]"></a>__aeabi_memset</STRONG> (Thumb, 14 bytes, Stack size 0 bytes, memseta.o(.text))
<BR><BR>[Called By]<UL><LI><a href="#[35]">&gt;&gt;</a>&nbsp;&nbsp;&nbsp;_memset$wrapper
<LI><a href="#[33]">&gt;&gt;</a>&nbsp;&nbsp;&nbsp;__aeabi_memclr
</UL>

<P><STRONG><a name="[197]"></a>__aeabi_memset4</STRONG> (Thumb, 0 bytes, Stack size 0 bytes, memseta.o(.text), UNUSED)

<P><STRONG><a name="[198]"></a>__aeabi_memset8</STRONG> (Thumb, 0 bytes, Stack size 0 bytes, memseta.o(.text), UNUSED)

<P><STRONG><a name="[33]"></a>__aeabi_memclr</STRONG> (Thumb, 4 bytes, Stack size 0 bytes, memseta.o(.text))
<BR><BR>[Calls]<UL><LI><a href="#[34]">&gt;&gt;</a>&nbsp;&nbsp;&nbsp;__aeabi_memset
</UL>
<BR>[Called By]<UL><LI><a href="#[ab]">&gt;&gt;</a>&nbsp;&nbsp;&nbsp;phy_printf
</UL>

<P><STRONG><a name="[104]"></a>__aeabi_memclr4</STRONG> (Thumb, 0 bytes, Stack size 0 bytes, memseta.o(.text))
<BR><BR>[Called By]<UL><LI><a href="#[10c]">&gt;&gt;</a>&nbsp;&nbsp;&nbsp;hal_pwrmgr_init
<LI><a href="#[103]">&gt;&gt;</a>&nbsp;&nbsp;&nbsp;hal_gpio_init
<LI><a href="#[119]">&gt;&gt;</a>&nbsp;&nbsp;&nbsp;hal_uart_init
</UL>

<P><STRONG><a name="[199]"></a>__aeabi_memclr8</STRONG> (Thumb, 0 bytes, Stack size 0 bytes, memseta.o(.text), UNUSED)

<P><STRONG><a name="[35]"></a>_memset$wrapper</STRONG> (Thumb, 18 bytes, Stack size 8 bytes, memseta.o(.text), UNUSED)
<BR><BR>[Calls]<UL><LI><a href="#[34]">&gt;&gt;</a>&nbsp;&nbsp;&nbsp;__aeabi_memset
</UL>

<P><STRONG><a name="[36]"></a>__aeabi_uldivmod</STRONG> (Thumb, 96 bytes, Stack size 48 bytes, uldiv.o(.text), UNUSED)
<BR><BR>[Calls]<UL><LI><a href="#[37]">&gt;&gt;</a>&nbsp;&nbsp;&nbsp;__aeabi_llsr
<LI><a href="#[38]">&gt;&gt;</a>&nbsp;&nbsp;&nbsp;__aeabi_llsl
</UL>
<BR>[Called By]<UL><LI><a href="#[c3]">&gt;&gt;</a>&nbsp;&nbsp;&nbsp;_printf_core
</UL>

<P><STRONG><a name="[31]"></a>__scatterload</STRONG> (Thumb, 28 bytes, Stack size 0 bytes, init.o(.text))
<BR><BR>[Calls]<UL><LI><a href="#[39]">&gt;&gt;</a>&nbsp;&nbsp;&nbsp;__main_after_scatterload
</UL>
<BR>[Called By]<UL><LI><a href="#[30]">&gt;&gt;</a>&nbsp;&nbsp;&nbsp;_main_scatterload
</UL>

<P><STRONG><a name="[19a]"></a>__scatterload_rt2</STRONG> (Thumb, 0 bytes, Stack size 0 bytes, init.o(.text), UNUSED)

<P><STRONG><a name="[38]"></a>__aeabi_llsl</STRONG> (Thumb, 32 bytes, Stack size 8 bytes, llshl.o(.text), UNUSED)
<BR><BR>[Called By]<UL><LI><a href="#[36]">&gt;&gt;</a>&nbsp;&nbsp;&nbsp;__aeabi_uldivmod
</UL>

<P><STRONG><a name="[19b]"></a>__semihosting_library_function</STRONG> (Thumb, 0 bytes, Stack size 8 bytes, semi.o(.text), UNUSED)

<P><STRONG><a name="[19c]"></a>_ll_shift_l</STRONG> (Thumb, 0 bytes, Stack size 8 bytes, llshl.o(.text), UNUSED)

<P><STRONG><a name="[37]"></a>__aeabi_llsr</STRONG> (Thumb, 34 bytes, Stack size 8 bytes, llushr.o(.text), UNUSED)
<BR><BR>[Called By]<UL><LI><a href="#[36]">&gt;&gt;</a>&nbsp;&nbsp;&nbsp;__aeabi_uldivmod
</UL>

<P><STRONG><a name="[19d]"></a>_ll_ushift_r</STRONG> (Thumb, 0 bytes, Stack size 8 bytes, llushr.o(.text), UNUSED)

<P><STRONG><a name="[19e]"></a>__I$use$semihosting$fputc</STRONG> (Thumb, 0 bytes, Stack size unknown bytes, iusesemip.o(.text), UNUSED)

<P><STRONG><a name="[19f]"></a>__decompress</STRONG> (Thumb, 0 bytes, Stack size unknown bytes, __dczerorl2.o(.text), UNUSED)

<P><STRONG><a name="[1a0]"></a>__decompress1</STRONG> (Thumb, 86 bytes, Stack size unknown bytes, __dczerorl2.o(.text), UNUSED)

<P><STRONG><a name="[2b]"></a>AP_TIMER_IRQHandler</STRONG> (Thumb, 106 bytes, Stack size 16 bytes, ap_timer.o(i.AP_TIMER_IRQHandler))
<BR><BR>[Stack]<UL><LI>Max Depth = 16<LI>Call Chain = AP_TIMER_IRQHandler
</UL>
<BR>[Calls]<UL><LI><a href="#[3a]">&gt;&gt;</a>&nbsp;&nbsp;&nbsp;clearTimerInt (via Veneer)
</UL>
<BR>[Address Reference Count : 1]<UL><LI> jump_table.o(jump_table_mem_area)
</UL>
<P><STRONG><a name="[3b]"></a>GAPBondMgr_Init</STRONG> (Thumb, 12 bytes, Stack size 8 bytes, gapbondmgr.o(i.GAPBondMgr_Init))
<BR><BR>[Stack]<UL><LI>Max Depth = 56<LI>Call Chain = GAPBondMgr_Init &rArr; gapBondMgrReadBonds &rArr; gapBondSetupPrivFlag &rArr; GGS_SetParameter &rArr; ggs_SetAttrWPermit
</UL>
<BR>[Calls]<UL><LI><a href="#[3c]">&gt;&gt;</a>&nbsp;&nbsp;&nbsp;gapBondMgrReadBonds
</UL>
<BR>[Called By]<UL><LI><a href="#[26]">&gt;&gt;</a>&nbsp;&nbsp;&nbsp;osalInitTasks
</UL>

<P><STRONG><a name="[3d]"></a>GAPBondMgr_LinkEst</STRONG> (Thumb, 292 bytes, Stack size 88 bytes, gapbondmgr.o(i.GAPBondMgr_LinkEst))
<BR><BR>[Stack]<UL><LI>Max Depth = 176<LI>Call Chain = GAPBondMgr_LinkEst &rArr; GAPBondMgr_ResolveAddr &rArr; gapBondMgrGetPublicAddr &rArr; osal_snv_read
</UL>
<BR>[Calls]<UL><LI><a href="#[42]">&gt;&gt;</a>&nbsp;&nbsp;&nbsp;osal_snv_read
<LI><a href="#[41]">&gt;&gt;</a>&nbsp;&nbsp;&nbsp;osal_memset (via Veneer)
<LI><a href="#[43]">&gt;&gt;</a>&nbsp;&nbsp;&nbsp;osal_isbufset (via Veneer)
<LI><a href="#[46]">&gt;&gt;</a>&nbsp;&nbsp;&nbsp;GATTServApp_UpdateCharCfg
<LI><a href="#[47]">&gt;&gt;</a>&nbsp;&nbsp;&nbsp;GATTServApp_SendServiceChangedInd
<LI><a href="#[44]">&gt;&gt;</a>&nbsp;&nbsp;&nbsp;GAP_Signable (via Veneer)
<LI><a href="#[49]">&gt;&gt;</a>&nbsp;&nbsp;&nbsp;GAP_SendSlaveSecurityRequest (via Veneer)
<LI><a href="#[3e]">&gt;&gt;</a>&nbsp;&nbsp;&nbsp;GAPBondMgr_ResolveAddr
<LI><a href="#[45]">&gt;&gt;</a>&nbsp;&nbsp;&nbsp;gapBondMgrInvertCharCfgItem
<LI><a href="#[3f]">&gt;&gt;</a>&nbsp;&nbsp;&nbsp;gapBondMgrGetStateFlags
<LI><a href="#[40]">&gt;&gt;</a>&nbsp;&nbsp;&nbsp;gapBondMgrBondReq
<LI><a href="#[48]">&gt;&gt;</a>&nbsp;&nbsp;&nbsp;gapBondMgrAuthenticate
</UL>
<BR>[Called By]<UL><LI><a href="#[dd]">&gt;&gt;</a>&nbsp;&nbsp;&nbsp;gapCentralRole_ProcessGAPMsg
</UL>

<P><STRONG><a name="[1f]"></a>GAPBondMgr_ProcessEvent</STRONG> (Thumb, 172 bytes, Stack size 16 bytes, gapbondmgr.o(i.GAPBondMgr_ProcessEvent))
<BR><BR>[Stack]<UL><LI>Max Depth = 312<LI>Call Chain = GAPBondMgr_ProcessEvent &rArr; GAPBondMgr_ProcessGAPMsg &rArr; GAPBondMgr_SetParameter &rArr; gapBondMgrEraseAllBondings &rArr; gapBondMgrEraseBonding &rArr; osal_snv_write &rArr; snvwr &rArr; ProgramWord
</UL>
<BR>[Calls]<UL><LI><a href="#[50]">&gt;&gt;</a>&nbsp;&nbsp;&nbsp;osal_set_event (via Veneer)
<LI><a href="#[4a]">&gt;&gt;</a>&nbsp;&nbsp;&nbsp;osal_msg_receive (via Veneer)
<LI><a href="#[4e]">&gt;&gt;</a>&nbsp;&nbsp;&nbsp;osal_msg_deallocate (via Veneer)
<LI><a href="#[4d]">&gt;&gt;</a>&nbsp;&nbsp;&nbsp;GAPBondMgr_UpdateCharCfg
<LI><a href="#[4c]">&gt;&gt;</a>&nbsp;&nbsp;&nbsp;GAPBondMgr_ServiceChangeInd
<LI><a href="#[4b]">&gt;&gt;</a>&nbsp;&nbsp;&nbsp;GAPBondMgr_ProcessGAPMsg
<LI><a href="#[51]">&gt;&gt;</a>&nbsp;&nbsp;&nbsp;gapBondMgr_SyncCharCfg
<LI><a href="#[4f]">&gt;&gt;</a>&nbsp;&nbsp;&nbsp;gapBondMgrAddBond
<LI><a href="#[52]">&gt;&gt;</a>&nbsp;&nbsp;&nbsp;gapBondFreeAuthEvt
</UL>
<BR>[Address Reference Count : 1]<UL><LI> osal_simpleblecentral.o(.constdata)
</UL>
<P><STRONG><a name="[4b]"></a>GAPBondMgr_ProcessGAPMsg</STRONG> (Thumb, 592 bytes, Stack size 40 bytes, gapbondmgr.o(i.GAPBondMgr_ProcessGAPMsg))
<BR><BR>[Stack]<UL><LI>Max Depth = 296<LI>Call Chain = GAPBondMgr_ProcessGAPMsg &rArr; GAPBondMgr_SetParameter &rArr; gapBondMgrEraseAllBondings &rArr; gapBondMgrEraseBonding &rArr; osal_snv_write &rArr; snvwr &rArr; ProgramWord
</UL>
<BR>[Calls]<UL><LI><a href="#[59]">&gt;&gt;</a>&nbsp;&nbsp;&nbsp;osal_snv_write
<LI><a href="#[5e]">&gt;&gt;</a>&nbsp;&nbsp;&nbsp;osal_snv_compact
<LI><a href="#[50]">&gt;&gt;</a>&nbsp;&nbsp;&nbsp;osal_set_event (via Veneer)
<LI><a href="#[41]">&gt;&gt;</a>&nbsp;&nbsp;&nbsp;osal_memset (via Veneer)
<LI><a href="#[55]">&gt;&gt;</a>&nbsp;&nbsp;&nbsp;linkDB_Find (via Veneer)
<LI><a href="#[57]">&gt;&gt;</a>&nbsp;&nbsp;&nbsp;GAP_TerminateLinkReq (via Veneer)
<LI><a href="#[5a]">&gt;&gt;</a>&nbsp;&nbsp;&nbsp;GAP_TerminateAuth (via Veneer)
<LI><a href="#[54]">&gt;&gt;</a>&nbsp;&nbsp;&nbsp;GAP_PasscodeUpdate (via Veneer)
<LI><a href="#[5b]">&gt;&gt;</a>&nbsp;&nbsp;&nbsp;GAP_NumActiveConnections (via Veneer)
<LI><a href="#[58]">&gt;&gt;</a>&nbsp;&nbsp;&nbsp;GAPBondMgr_SetParameter
<LI><a href="#[3e]">&gt;&gt;</a>&nbsp;&nbsp;&nbsp;GAPBondMgr_ResolveAddr
<LI><a href="#[3c]">&gt;&gt;</a>&nbsp;&nbsp;&nbsp;gapBondMgrReadBonds
<LI><a href="#[3f]">&gt;&gt;</a>&nbsp;&nbsp;&nbsp;gapBondMgrGetStateFlags
<LI><a href="#[5d]">&gt;&gt;</a>&nbsp;&nbsp;&nbsp;gapBondMgrEraseBonding
<LI><a href="#[5c]">&gt;&gt;</a>&nbsp;&nbsp;&nbsp;gapBondMgrEraseAllBondings
<LI><a href="#[40]">&gt;&gt;</a>&nbsp;&nbsp;&nbsp;gapBondMgrBondReq
<LI><a href="#[48]">&gt;&gt;</a>&nbsp;&nbsp;&nbsp;gapBondMgrAuthenticate
<LI><a href="#[4f]">&gt;&gt;</a>&nbsp;&nbsp;&nbsp;gapBondMgrAddBond
<LI><a href="#[56]">&gt;&gt;</a>&nbsp;&nbsp;&nbsp;osal_memcpy (via Veneer)
<LI><a href="#[53]">&gt;&gt;</a>&nbsp;&nbsp;&nbsp;__ARM_common_switch8 (via Veneer)
</UL>
<BR>[Called By]<UL><LI><a href="#[1f]">&gt;&gt;</a>&nbsp;&nbsp;&nbsp;GAPBondMgr_ProcessEvent
<LI><a href="#[dd]">&gt;&gt;</a>&nbsp;&nbsp;&nbsp;gapCentralRole_ProcessGAPMsg
</UL>

<P><STRONG><a name="[5f]"></a>GAPBondMgr_Register</STRONG> (Thumb, 22 bytes, Stack size 8 bytes, gapbondmgr.o(i.GAPBondMgr_Register))
<BR><BR>[Stack]<UL><LI>Max Depth = 8<LI>Call Chain = GAPBondMgr_Register
</UL>
<BR>[Calls]<UL><LI><a href="#[61]">&gt;&gt;</a>&nbsp;&nbsp;&nbsp;GATTServApp_RegisterForMsg
<LI><a href="#[60]">&gt;&gt;</a>&nbsp;&nbsp;&nbsp;GAP_SetParamValue (via Veneer)
</UL>
<BR>[Called By]<UL><LI><a href="#[21]">&gt;&gt;</a>&nbsp;&nbsp;&nbsp;SimpleBLECentral_ProcessEvent
</UL>

<P><STRONG><a name="[3e]"></a>GAPBondMgr_ResolveAddr</STRONG> (Thumb, 178 bytes, Stack size 40 bytes, gapbondmgr.o(i.GAPBondMgr_ResolveAddr))
<BR><BR>[Stack]<UL><LI>Max Depth = 88<LI>Call Chain = GAPBondMgr_ResolveAddr &rArr; gapBondMgrGetPublicAddr &rArr; osal_snv_read
</UL>
<BR>[Calls]<UL><LI><a href="#[42]">&gt;&gt;</a>&nbsp;&nbsp;&nbsp;osal_snv_read
<LI><a href="#[63]">&gt;&gt;</a>&nbsp;&nbsp;&nbsp;osal_memcmp (via Veneer)
<LI><a href="#[43]">&gt;&gt;</a>&nbsp;&nbsp;&nbsp;osal_isbufset (via Veneer)
<LI><a href="#[64]">&gt;&gt;</a>&nbsp;&nbsp;&nbsp;GAP_ResolvePrivateAddr (via Veneer)
<LI><a href="#[65]">&gt;&gt;</a>&nbsp;&nbsp;&nbsp;gapBondMgrGetPublicAddr
<LI><a href="#[62]">&gt;&gt;</a>&nbsp;&nbsp;&nbsp;gapBondMgrFindAddr
<LI><a href="#[56]">&gt;&gt;</a>&nbsp;&nbsp;&nbsp;osal_memcpy (via Veneer)
</UL>
<BR>[Called By]<UL><LI><a href="#[4d]">&gt;&gt;</a>&nbsp;&nbsp;&nbsp;GAPBondMgr_UpdateCharCfg
<LI><a href="#[58]">&gt;&gt;</a>&nbsp;&nbsp;&nbsp;GAPBondMgr_SetParameter
<LI><a href="#[4c]">&gt;&gt;</a>&nbsp;&nbsp;&nbsp;GAPBondMgr_ServiceChangeInd
<LI><a href="#[4b]">&gt;&gt;</a>&nbsp;&nbsp;&nbsp;GAPBondMgr_ProcessGAPMsg
<LI><a href="#[3d]">&gt;&gt;</a>&nbsp;&nbsp;&nbsp;GAPBondMgr_LinkEst
</UL>

<P><STRONG><a name="[4c]"></a>GAPBondMgr_ServiceChangeInd</STRONG> (Thumb, 100 bytes, Stack size 16 bytes, gapbondmgr.o(i.GAPBondMgr_ServiceChangeInd))
<BR><BR>[Stack]<UL><LI>Max Depth = 184<LI>Call Chain = GAPBondMgr_ServiceChangeInd &rArr; gapBondMgrChangeState &rArr; osal_snv_write &rArr; snvwr &rArr; ProgramWord
</UL>
<BR>[Calls]<UL><LI><a href="#[67]">&gt;&gt;</a>&nbsp;&nbsp;&nbsp;linkDB_PerformFunc (via Veneer)
<LI><a href="#[55]">&gt;&gt;</a>&nbsp;&nbsp;&nbsp;linkDB_Find (via Veneer)
<LI><a href="#[3e]">&gt;&gt;</a>&nbsp;&nbsp;&nbsp;GAPBondMgr_ResolveAddr
<LI><a href="#[9]">&gt;&gt;</a>&nbsp;&nbsp;&nbsp;gapBondMgrSendServiceChange
<LI><a href="#[66]">&gt;&gt;</a>&nbsp;&nbsp;&nbsp;gapBondMgrChangeState
</UL>
<BR>[Called By]<UL><LI><a href="#[1f]">&gt;&gt;</a>&nbsp;&nbsp;&nbsp;GAPBondMgr_ProcessEvent
</UL>

<P><STRONG><a name="[58]"></a>GAPBondMgr_SetParameter</STRONG> (Thumb, 358 bytes, Stack size 32 bytes, gapbondmgr.o(i.GAPBondMgr_SetParameter))
<BR><BR>[Stack]<UL><LI>Max Depth = 256<LI>Call Chain = GAPBondMgr_SetParameter &rArr; gapBondMgrEraseAllBondings &rArr; gapBondMgrEraseBonding &rArr; osal_snv_write &rArr; snvwr &rArr; ProgramWord
</UL>
<BR>[Calls]<UL><LI><a href="#[5e]">&gt;&gt;</a>&nbsp;&nbsp;&nbsp;osal_snv_compact
<LI><a href="#[68]">&gt;&gt;</a>&nbsp;&nbsp;&nbsp;osal_revmemcpy (via Veneer)
<LI><a href="#[60]">&gt;&gt;</a>&nbsp;&nbsp;&nbsp;GAP_SetParamValue (via Veneer)
<LI><a href="#[5b]">&gt;&gt;</a>&nbsp;&nbsp;&nbsp;GAP_NumActiveConnections (via Veneer)
<LI><a href="#[3e]">&gt;&gt;</a>&nbsp;&nbsp;&nbsp;GAPBondMgr_ResolveAddr
<LI><a href="#[3c]">&gt;&gt;</a>&nbsp;&nbsp;&nbsp;gapBondMgrReadBonds
<LI><a href="#[5d]">&gt;&gt;</a>&nbsp;&nbsp;&nbsp;gapBondMgrEraseBonding
<LI><a href="#[5c]">&gt;&gt;</a>&nbsp;&nbsp;&nbsp;gapBondMgrEraseAllBondings
<LI><a href="#[56]">&gt;&gt;</a>&nbsp;&nbsp;&nbsp;osal_memcpy (via Veneer)
<LI><a href="#[53]">&gt;&gt;</a>&nbsp;&nbsp;&nbsp;__ARM_common_switch8 (via Veneer)
</UL>
<BR>[Called By]<UL><LI><a href="#[4b]">&gt;&gt;</a>&nbsp;&nbsp;&nbsp;GAPBondMgr_ProcessGAPMsg
<LI><a href="#[a8]">&gt;&gt;</a>&nbsp;&nbsp;&nbsp;SimpleBLECentral_Init
</UL>

<P><STRONG><a name="[4d]"></a>GAPBondMgr_UpdateCharCfg</STRONG> (Thumb, 84 bytes, Stack size 24 bytes, gapbondmgr.o(i.GAPBondMgr_UpdateCharCfg))
<BR><BR>[Stack]<UL><LI>Max Depth = 208<LI>Call Chain = GAPBondMgr_UpdateCharCfg &rArr; gapBondMgrUpdateCharCfg &rArr; osal_snv_write &rArr; snvwr &rArr; ProgramWord
</UL>
<BR>[Calls]<UL><LI><a href="#[55]">&gt;&gt;</a>&nbsp;&nbsp;&nbsp;linkDB_Find (via Veneer)
<LI><a href="#[3e]">&gt;&gt;</a>&nbsp;&nbsp;&nbsp;GAPBondMgr_ResolveAddr
<LI><a href="#[69]">&gt;&gt;</a>&nbsp;&nbsp;&nbsp;gapBondMgrUpdateCharCfg
</UL>
<BR>[Called By]<UL><LI><a href="#[1f]">&gt;&gt;</a>&nbsp;&nbsp;&nbsp;GAPBondMgr_ProcessEvent
<LI><a href="#[51]">&gt;&gt;</a>&nbsp;&nbsp;&nbsp;gapBondMgr_SyncCharCfg
</UL>

<P><STRONG><a name="[6a]"></a>GAPCentralRole_CancelRssi</STRONG> (Thumb, 64 bytes, Stack size 8 bytes, central.o(i.GAPCentralRole_CancelRssi))
<BR><BR>[Stack]<UL><LI>Max Depth = 8<LI>Call Chain = GAPCentralRole_CancelRssi
</UL>
<BR>[Calls]<UL><LI><a href="#[6c]">&gt;&gt;</a>&nbsp;&nbsp;&nbsp;osal_CbTimerStop (via Veneer)
<LI><a href="#[6b]">&gt;&gt;</a>&nbsp;&nbsp;&nbsp;gapCentralRole_RssiFind
</UL>
<BR>[Called By]<UL><LI><a href="#[dd]">&gt;&gt;</a>&nbsp;&nbsp;&nbsp;gapCentralRole_ProcessGAPMsg
</UL>

<P><STRONG><a name="[6d]"></a>GAPCentralRole_EstablishLink</STRONG> (Thumb, 34 bytes, Stack size 24 bytes, central.o(i.GAPCentralRole_EstablishLink))
<BR><BR>[Stack]<UL><LI>Max Depth = 24<LI>Call Chain = GAPCentralRole_EstablishLink
</UL>
<BR>[Calls]<UL><LI><a href="#[56]">&gt;&gt;</a>&nbsp;&nbsp;&nbsp;osal_memcpy (via Veneer)
<LI><a href="#[6e]">&gt;&gt;</a>&nbsp;&nbsp;&nbsp;GAP_EstablishLinkReq (via Veneer)
</UL>
<BR>[Called By]<UL><LI><a href="#[af]">&gt;&gt;</a>&nbsp;&nbsp;&nbsp;simpleBLECentral_LinkDevice
<LI><a href="#[23]">&gt;&gt;</a>&nbsp;&nbsp;&nbsp;simpleBLECentralEventCB
</UL>

<P><STRONG><a name="[6f]"></a>GAPCentralRole_Init</STRONG> (Thumb, 38 bytes, Stack size 16 bytes, central.o(i.GAPCentralRole_Init))
<BR><BR>[Stack]<UL><LI>Max Depth = 16<LI>Call Chain = GAPCentralRole_Init
</UL>
<BR>[Calls]<UL><LI><a href="#[70]">&gt;&gt;</a>&nbsp;&nbsp;&nbsp;GAP_RegisterForHCIMsgs (via Veneer)
</UL>
<BR>[Called By]<UL><LI><a href="#[26]">&gt;&gt;</a>&nbsp;&nbsp;&nbsp;osalInitTasks
</UL>

<P><STRONG><a name="[1e]"></a>GAPCentralRole_ProcessEvent</STRONG> (Thumb, 54 bytes, Stack size 16 bytes, central.o(i.GAPCentralRole_ProcessEvent))
<BR><BR>[Stack]<UL><LI>Max Depth = 336<LI>Call Chain = GAPCentralRole_ProcessEvent &rArr; gapCentralRole_ProcessOSALMsg &rArr; gapCentralRole_ProcessGAPMsg &rArr; GAPBondMgr_ProcessGAPMsg &rArr; GAPBondMgr_SetParameter &rArr; gapBondMgrEraseAllBondings &rArr; gapBondMgrEraseBonding &rArr; osal_snv_write &rArr; snvwr &rArr; ProgramWord
</UL>
<BR>[Calls]<UL><LI><a href="#[4a]">&gt;&gt;</a>&nbsp;&nbsp;&nbsp;osal_msg_receive (via Veneer)
<LI><a href="#[4e]">&gt;&gt;</a>&nbsp;&nbsp;&nbsp;osal_msg_deallocate (via Veneer)
<LI><a href="#[71]">&gt;&gt;</a>&nbsp;&nbsp;&nbsp;gapCentralRole_ProcessOSALMsg
</UL>
<BR>[Address Reference Count : 1]<UL><LI> osal_simpleblecentral.o(.constdata)
</UL>
<P><STRONG><a name="[72]"></a>GAPCentralRole_SetParameter</STRONG> (Thumb, 88 bytes, Stack size 8 bytes, central.o(i.GAPCentralRole_SetParameter))
<BR><BR>[Stack]<UL><LI>Max Depth = 8<LI>Call Chain = GAPCentralRole_SetParameter
</UL>
<BR>[Calls]<UL><LI><a href="#[56]">&gt;&gt;</a>&nbsp;&nbsp;&nbsp;osal_memcpy (via Veneer)
</UL>
<BR>[Called By]<UL><LI><a href="#[a8]">&gt;&gt;</a>&nbsp;&nbsp;&nbsp;SimpleBLECentral_Init
</UL>

<P><STRONG><a name="[73]"></a>GAPCentralRole_StartDevice</STRONG> (Thumb, 36 bytes, Stack size 16 bytes, central.o(i.GAPCentralRole_StartDevice))
<BR><BR>[Stack]<UL><LI>Max Depth = 40<LI>Call Chain = GAPCentralRole_StartDevice &rArr; GAP_DeviceInit
</UL>
<BR>[Calls]<UL><LI><a href="#[74]">&gt;&gt;</a>&nbsp;&nbsp;&nbsp;GAP_DeviceInit
</UL>
<BR>[Called By]<UL><LI><a href="#[21]">&gt;&gt;</a>&nbsp;&nbsp;&nbsp;SimpleBLECentral_ProcessEvent
</UL>

<P><STRONG><a name="[75]"></a>GAPCentralRole_StartDiscovery</STRONG> (Thumb, 24 bytes, Stack size 16 bytes, central.o(i.GAPCentralRole_StartDiscovery))
<BR><BR>[Stack]<UL><LI>Max Depth = 16<LI>Call Chain = GAPCentralRole_StartDiscovery
</UL>
<BR>[Calls]<UL><LI><a href="#[76]">&gt;&gt;</a>&nbsp;&nbsp;&nbsp;GAP_DeviceDiscoveryRequest (via Veneer)
</UL>
<BR>[Called By]<UL><LI><a href="#[21]">&gt;&gt;</a>&nbsp;&nbsp;&nbsp;SimpleBLECentral_ProcessEvent
</UL>

<P><STRONG><a name="[77]"></a>GAPCentralRole_TerminateLink</STRONG> (Thumb, 16 bytes, Stack size 8 bytes, central.o(i.GAPCentralRole_TerminateLink))
<BR><BR>[Stack]<UL><LI>Max Depth = 8<LI>Call Chain = GAPCentralRole_TerminateLink
</UL>
<BR>[Calls]<UL><LI><a href="#[57]">&gt;&gt;</a>&nbsp;&nbsp;&nbsp;GAP_TerminateLinkReq (via Veneer)
</UL>
<BR>[Called By]<UL><LI><a href="#[bb]">&gt;&gt;</a>&nbsp;&nbsp;&nbsp;centralTestVectorProcess
<LI><a href="#[21]">&gt;&gt;</a>&nbsp;&nbsp;&nbsp;SimpleBLECentral_ProcessEvent
</UL>

<P><STRONG><a name="[78]"></a>GAPCentralRole_UpdateLink</STRONG> (Thumb, 18 bytes, Stack size 24 bytes, central.o(i.GAPCentralRole_UpdateLink))
<BR><BR>[Stack]<UL><LI>Max Depth = 24<LI>Call Chain = GAPCentralRole_UpdateLink
</UL>
<BR>[Calls]<UL><LI><a href="#[79]">&gt;&gt;</a>&nbsp;&nbsp;&nbsp;HCI_LE_ConnUpdateCmd (via Veneer)
</UL>
<BR>[Called By]<UL><LI><a href="#[21]">&gt;&gt;</a>&nbsp;&nbsp;&nbsp;SimpleBLECentral_ProcessEvent
</UL>

<P><STRONG><a name="[74]"></a>GAP_DeviceInit</STRONG> (Thumb, 72 bytes, Stack size 24 bytes, gap.o(i.GAP_DeviceInit))
<BR><BR>[Stack]<UL><LI>Max Depth = 24<LI>Call Chain = GAP_DeviceInit
</UL>
<BR>[Calls]<UL><LI><a href="#[80]">&gt;&gt;</a>&nbsp;&nbsp;&nbsp;SM_ResponderInit (via Veneer)
<LI><a href="#[7e]">&gt;&gt;</a>&nbsp;&nbsp;&nbsp;SM_InitiatorInit (via Veneer)
<LI><a href="#[7b]">&gt;&gt;</a>&nbsp;&nbsp;&nbsp;GAP_SecParamsInit (via Veneer)
<LI><a href="#[7f]">&gt;&gt;</a>&nbsp;&nbsp;&nbsp;GAP_PeriDevMgrInit (via Veneer)
<LI><a href="#[7a]">&gt;&gt;</a>&nbsp;&nbsp;&nbsp;GAP_ParamsInit (via Veneer)
<LI><a href="#[7c]">&gt;&gt;</a>&nbsp;&nbsp;&nbsp;GAP_CentDevMgrInit (via Veneer)
<LI><a href="#[7d]">&gt;&gt;</a>&nbsp;&nbsp;&nbsp;GAP_CentConnRegister (via Veneer)
<LI><a href="#[53]">&gt;&gt;</a>&nbsp;&nbsp;&nbsp;__ARM_common_switch8 (via Veneer)
</UL>
<BR>[Called By]<UL><LI><a href="#[73]">&gt;&gt;</a>&nbsp;&nbsp;&nbsp;GAPCentralRole_StartDevice
</UL>

<P><STRONG><a name="[81]"></a>GATTServApp_AddService</STRONG> (Thumb, 22 bytes, Stack size 8 bytes, gattservapp.o(i.GATTServApp_AddService))
<BR><BR>[Stack]<UL><LI>Max Depth = 32<LI>Call Chain = GATTServApp_AddService &rArr; GATTServApp_RegisterService
</UL>
<BR>[Calls]<UL><LI><a href="#[82]">&gt;&gt;</a>&nbsp;&nbsp;&nbsp;GATTServApp_RegisterService
</UL>
<BR>[Called By]<UL><LI><a href="#[a8]">&gt;&gt;</a>&nbsp;&nbsp;&nbsp;SimpleBLECentral_Init
</UL>

<P><STRONG><a name="[83]"></a>GATTServApp_Init</STRONG> (Thumb, 62 bytes, Stack size 16 bytes, gattservapp.o(i.GATTServApp_Init))
<BR><BR>[Stack]<UL><LI>Max Depth = 40<LI>Call Chain = GATTServApp_Init &rArr; gattServApp_SetNumPrepareWrites
</UL>
<BR>[Calls]<UL><LI><a href="#[86]">&gt;&gt;</a>&nbsp;&nbsp;&nbsp;GATT_RegisterForReq (via Veneer)
<LI><a href="#[85]">&gt;&gt;</a>&nbsp;&nbsp;&nbsp;gattServApp_SetNumPrepareWrites
<LI><a href="#[87]">&gt;&gt;</a>&nbsp;&nbsp;&nbsp;linkDB_Register (via Veneer)
<LI><a href="#[84]">&gt;&gt;</a>&nbsp;&nbsp;&nbsp;GATTServApp_InitCharCfg
</UL>
<BR>[Called By]<UL><LI><a href="#[26]">&gt;&gt;</a>&nbsp;&nbsp;&nbsp;osalInitTasks
</UL>

<P><STRONG><a name="[84]"></a>GATTServApp_InitCharCfg</STRONG> (Thumb, 44 bytes, Stack size 16 bytes, gattservapp.o(i.GATTServApp_InitCharCfg))
<BR><BR>[Stack]<UL><LI>Max Depth = 16<LI>Call Chain = GATTServApp_InitCharCfg
</UL>
[...]
</UL>
<BR>[Address Reference Count : 1]<UL><LI> central.o(i.gapCentralRole_ProcessOSALMsg)
</UL>
<P><STRONG><a name="[2a]"></a>hard_fault</STRONG> (Thumb, 10 bytes, Stack size 0 bytes, jump_table.o(i.hard_fault))
<BR>[Address Reference Count : 1]<UL><LI> jump_table.o(jump_table_mem_area)
</UL>
<P><STRONG><a name="[bb]"></a>centralTestVectorProcess</STRONG> (Thumb, 350 bytes, Stack size 56 bytes, simpleblecentral.o(i.centralTestVectorProcess))
<BR><BR>[Stack]<UL><LI>Max Depth = 216<LI>Call Chain = centralTestVectorProcess &rArr; phy_printf &rArr; print &rArr; printi &rArr; prints
</UL>
<BR>[Calls]<UL><LI><a href="#[50]">&gt;&gt;</a>&nbsp;&nbsp;&nbsp;osal_set_event (via Veneer)
<LI><a href="#[41]">&gt;&gt;</a>&nbsp;&nbsp;&nbsp;osal_memset (via Veneer)
<LI><a href="#[ab]">&gt;&gt;</a>&nbsp;&nbsp;&nbsp;phy_printf
<LI><a href="#[cb]">&gt;&gt;</a>&nbsp;&nbsp;&nbsp;getMcuPrecisionCount (via Veneer)
<LI><a href="#[ca]">&gt;&gt;</a>&nbsp;&nbsp;&nbsp;HCI_PPLUS_ConnEventDoneNoticeCmd (via Veneer)
<LI><a href="#[77]">&gt;&gt;</a>&nbsp;&nbsp;&nbsp;GAPCentralRole_TerminateLink
<LI><a href="#[53]">&gt;&gt;</a>&nbsp;&nbsp;&nbsp;__ARM_common_switch8 (via Veneer)
</UL>
<BR>[Called By]<UL><LI><a href="#[21]">&gt;&gt;</a>&nbsp;&nbsp;&nbsp;SimpleBLECentral_ProcessEvent
</UL>

<P><STRONG><a name="[164]"></a>simpleBLEAddDeviceInfo</STRONG> (Thumb, 178 bytes, Stack size 32 bytes, simpleblecentral.o(i.simpleBLEAddDeviceInfo))
<BR><BR>[Stack]<UL><LI>Max Depth = 232<LI>Call Chain = simpleBLEAddDeviceInfo &rArr; simpleBLEAnalysisADVDATA &rArr; phy_printf &rArr; print &rArr; printi &rArr; prints
</UL>
<BR>[Calls]<UL><LI><a href="#[63]">&gt;&gt;</a>&nbsp;&nbsp;&nbsp;osal_memcmp (via Veneer)
<LI><a href="#[56]">&gt;&gt;</a>&nbsp;&nbsp;&nbsp;osal_memcpy (via Veneer)
<LI><a href="#[165]">&gt;&gt;</a>&nbsp;&nbsp;&nbsp;simpleBLEAnalysisADVDATA
</UL>
<BR>[Called By]<UL><LI><a href="#[23]">&gt;&gt;</a>&nbsp;&nbsp;&nbsp;simpleBLECentralEventCB
</UL>

<P><STRONG><a name="[165]"></a>simpleBLEAnalysisADVDATA</STRONG> (Thumb, 362 bytes, Stack size 40 bytes, simpleblecentral.o(i.simpleBLEAnalysisADVDATA))
<BR><BR>[Stack]<UL><LI>Max Depth = 200<LI>Call Chain = simpleBLEAnalysisADVDATA &rArr; phy_printf &rArr; print &rArr; printi &rArr; prints
</UL>
<BR>[Calls]<UL><LI><a href="#[56]">&gt;&gt;</a>&nbsp;&nbsp;&nbsp;osal_memcpy (via Veneer)
<LI><a href="#[ab]">&gt;&gt;</a>&nbsp;&nbsp;&nbsp;phy_printf
<LI><a href="#[53]">&gt;&gt;</a>&nbsp;&nbsp;&nbsp;__ARM_common_switch8 (via Veneer)
</UL>
<BR>[Called By]<UL><LI><a href="#[164]">&gt;&gt;</a>&nbsp;&nbsp;&nbsp;simpleBLEAddDeviceInfo
</UL>

<P><STRONG><a name="[23]"></a>simpleBLECentralEventCB</STRONG> (Thumb, 672 bytes, Stack size 56 bytes, simpleblecentral.o(i.simpleBLECentralEventCB))
<BR><BR>[Stack]<UL><LI>Max Depth = 288<LI>Call Chain = simpleBLECentralEventCB &rArr; simpleBLEAddDeviceInfo &rArr; simpleBLEAnalysisADVDATA &rArr; phy_printf &rArr; print &rArr; printi &rArr; prints
</UL>
<BR>[Calls]<UL><LI><a href="#[50]">&gt;&gt;</a>&nbsp;&nbsp;&nbsp;osal_set_event (via Veneer)
<LI><a href="#[41]">&gt;&gt;</a>&nbsp;&nbsp;&nbsp;osal_memset (via Veneer)
<LI><a href="#[56]">&gt;&gt;</a>&nbsp;&nbsp;&nbsp;osal_memcpy (via Veneer)
<LI><a href="#[ab]">&gt;&gt;</a>&nbsp;&nbsp;&nbsp;phy_printf
<LI><a href="#[168]">&gt;&gt;</a>&nbsp;&nbsp;&nbsp;llInitFeatureSetDLE (via Veneer)
<LI><a href="#[16a]">&gt;&gt;</a>&nbsp;&nbsp;&nbsp;llInitFeatureSet2MPHY (via Veneer)
<LI><a href="#[cb]">&gt;&gt;</a>&nbsp;&nbsp;&nbsp;getMcuPrecisionCount (via Veneer)
<LI><a href="#[cc]">&gt;&gt;</a>&nbsp;&nbsp;&nbsp;check_PerStatsProcess
<LI><a href="#[16c]">&gt;&gt;</a>&nbsp;&nbsp;&nbsp;HCI_ReadRemoteVersionInfoCmd (via Veneer)
<LI><a href="#[ca]">&gt;&gt;</a>&nbsp;&nbsp;&nbsp;HCI_PPLUS_ConnEventDoneNoticeCmd (via Veneer)
<LI><a href="#[169]">&gt;&gt;</a>&nbsp;&nbsp;&nbsp;HCI_LE_SetDefaultPhyMode (via Veneer)
<LI><a href="#[16b]">&gt;&gt;</a>&nbsp;&nbsp;&nbsp;HCI_LE_ReadRemoteUsedFeaturesCmd (via Veneer)
<LI><a href="#[167]">&gt;&gt;</a>&nbsp;&nbsp;&nbsp;GATT_ExchangeMTU (via Veneer)
<LI><a href="#[166]">&gt;&gt;</a>&nbsp;&nbsp;&nbsp;ATT_SetMTUSizeMax (via Veneer)
<LI><a href="#[164]">&gt;&gt;</a>&nbsp;&nbsp;&nbsp;simpleBLEAddDeviceInfo
<LI><a href="#[6d]">&gt;&gt;</a>&nbsp;&nbsp;&nbsp;GAPCentralRole_EstablishLink
<LI><a href="#[b9]">&gt;&gt;</a>&nbsp;&nbsp;&nbsp;osal_start_timerEx (via Veneer)
</UL>
<BR>[Address Reference Count : 1]<UL><LI> simpleblecentral.o(.constdata)
</UL>
<P><STRONG><a name="[25]"></a>simpleBLECentralPairStateCB</STRONG> (Thumb, 2 bytes, Stack size 0 bytes, simpleblecentral.o(i.simpleBLECentralPairStateCB))
<BR>[Address Reference Count : 1]<UL><LI> simpleblecentral.o(.constdata)
</UL>
<P><STRONG><a name="[24]"></a>simpleBLECentralPasscodeCB</STRONG> (Thumb, 2 bytes, Stack size 0 bytes, simpleblecentral.o(i.simpleBLECentralPasscodeCB))
<BR>[Address Reference Count : 1]<UL><LI> simpleblecentral.o(.constdata)
</UL>
<P><STRONG><a name="[ae]"></a>simpleBLECentralProcessGATTMsg</STRONG> (Thumb, 256 bytes, Stack size 24 bytes, simpleblecentral.o(i.simpleBLECentralProcessGATTMsg))
<BR><BR>[Stack]<UL><LI>Max Depth = 184<LI>Call Chain = simpleBLECentralProcessGATTMsg &rArr; phy_printf &rArr; print &rArr; printi &rArr; prints
</UL>
<BR>[Calls]<UL><LI><a href="#[ab]">&gt;&gt;</a>&nbsp;&nbsp;&nbsp;phy_printf
<LI><a href="#[ca]">&gt;&gt;</a>&nbsp;&nbsp;&nbsp;HCI_PPLUS_ConnEventDoneNoticeCmd (via Veneer)
<LI><a href="#[ba]">&gt;&gt;</a>&nbsp;&nbsp;&nbsp;ATT_GetCurrentMTUSize (via Veneer)
<LI><a href="#[16d]">&gt;&gt;</a>&nbsp;&nbsp;&nbsp;simpleBLEGATTDiscoveryEvent
<LI><a href="#[b9]">&gt;&gt;</a>&nbsp;&nbsp;&nbsp;osal_start_timerEx (via Veneer)
</UL>
<BR>[Called By]<UL><LI><a href="#[21]">&gt;&gt;</a>&nbsp;&nbsp;&nbsp;SimpleBLECentral_ProcessEvent
</UL>

<P><STRONG><a name="[22]"></a>simpleBLECentralRssiCB</STRONG> (Thumb, 2 bytes, Stack size 0 bytes, simpleblecentral.o(i.simpleBLECentralRssiCB))
<BR>[Address Reference Count : 1]<UL><LI> simpleblecentral.o(.constdata)
</UL>
<P><STRONG><a name="[b1]"></a>simpleBLECentral_CharacteristicTest</STRONG> (Thumb, 360 bytes, Stack size 40 bytes, simpleblecentral.o(i.simpleBLECentral_CharacteristicTest))
<BR><BR>[Stack]<UL><LI>Max Depth = 40<LI>Call Chain = simpleBLECentral_CharacteristicTest
</UL>
<BR>[Calls]<UL><LI><a href="#[56]">&gt;&gt;</a>&nbsp;&nbsp;&nbsp;osal_memcpy (via Veneer)
<LI><a href="#[16f]">&gt;&gt;</a>&nbsp;&nbsp;&nbsp;GATT_WriteCharValue (via Veneer)
<LI><a href="#[16e]">&gt;&gt;</a>&nbsp;&nbsp;&nbsp;GATT_ReadCharValue (via Veneer)
<LI><a href="#[b8]">&gt;&gt;</a>&nbsp;&nbsp;&nbsp;osal_mem_free (via Veneer)
<LI><a href="#[96]">&gt;&gt;</a>&nbsp;&nbsp;&nbsp;osal_mem_alloc (via Veneer)
<LI><a href="#[b9]">&gt;&gt;</a>&nbsp;&nbsp;&nbsp;osal_start_timerEx (via Veneer)
</UL>
<BR>[Called By]<UL><LI><a href="#[21]">&gt;&gt;</a>&nbsp;&nbsp;&nbsp;SimpleBLECentral_ProcessEvent
</UL>

<P><STRONG><a name="[af]"></a>simpleBLECentral_LinkDevice</STRONG> (Thumb, 120 bytes, Stack size 24 bytes, simpleblecentral.o(i.simpleBLECentral_LinkDevice))
<BR><BR>[Stack]<UL><LI>Max Depth = 184<LI>Call Chain = simpleBLECentral_LinkDevice &rArr; phy_printf &rArr; print &rArr; printi &rArr; prints
</UL>
<BR>[Calls]<UL><LI><a href="#[63]">&gt;&gt;</a>&nbsp;&nbsp;&nbsp;osal_memcmp (via Veneer)
<LI><a href="#[ab]">&gt;&gt;</a>&nbsp;&nbsp;&nbsp;phy_printf
<LI><a href="#[6d]">&gt;&gt;</a>&nbsp;&nbsp;&nbsp;GAPCentralRole_EstablishLink
<LI><a href="#[b9]">&gt;&gt;</a>&nbsp;&nbsp;&nbsp;osal_start_timerEx (via Veneer)
</UL>
<BR>[Called By]<UL><LI><a href="#[21]">&gt;&gt;</a>&nbsp;&nbsp;&nbsp;SimpleBLECentral_ProcessEvent
</UL>

<P><STRONG><a name="[b6]"></a>simpleBLECentral_ReadWriteNotifyTest</STRONG> (Thumb, 230 bytes, Stack size 24 bytes, simpleblecentral.o(i.simpleBLECentral_ReadWriteNotifyTest))
<BR><BR>[Stack]<UL><LI>Max Depth = 24<LI>Call Chain = simpleBLECentral_ReadWriteNotifyTest
</UL>
<BR>[Calls]<UL><LI><a href="#[56]">&gt;&gt;</a>&nbsp;&nbsp;&nbsp;osal_memcpy (via Veneer)
<LI><a href="#[b7]">&gt;&gt;</a>&nbsp;&nbsp;&nbsp;GATT_WriteNoRsp (via Veneer)
<LI><a href="#[16e]">&gt;&gt;</a>&nbsp;&nbsp;&nbsp;GATT_ReadCharValue (via Veneer)
<LI><a href="#[b8]">&gt;&gt;</a>&nbsp;&nbsp;&nbsp;osal_mem_free (via Veneer)
<LI><a href="#[96]">&gt;&gt;</a>&nbsp;&nbsp;&nbsp;osal_mem_alloc (via Veneer)
<LI><a href="#[b9]">&gt;&gt;</a>&nbsp;&nbsp;&nbsp;osal_start_timerEx (via Veneer)
</UL>
<BR>[Called By]<UL><LI><a href="#[21]">&gt;&gt;</a>&nbsp;&nbsp;&nbsp;SimpleBLECentral_ProcessEvent
</UL>

<P><STRONG><a name="[16d]"></a>simpleBLEGATTDiscoveryEvent</STRONG> (Thumb, 444 bytes, Stack size 32 bytes, simpleblecentral.o(i.simpleBLEGATTDiscoveryEvent))
<BR><BR>[Stack]<UL><LI>Max Depth = 32<LI>Call Chain = simpleBLEGATTDiscoveryEvent
</UL>
<BR>[Calls]<UL><LI><a href="#[56]">&gt;&gt;</a>&nbsp;&nbsp;&nbsp;osal_memcpy (via Veneer)
<LI><a href="#[170]">&gt;&gt;</a>&nbsp;&nbsp;&nbsp;GATT_DiscAllChars (via Veneer)
<LI><a href="#[b9]">&gt;&gt;</a>&nbsp;&nbsp;&nbsp;osal_start_timerEx (via Veneer)
</UL>
<BR>[Called By]<UL><LI><a href="#[ae]">&gt;&gt;</a>&nbsp;&nbsp;&nbsp;simpleBLECentralProcessGATTMsg
</UL>

<P><STRONG><a name="[f8]"></a>NVIC_SetPriority</STRONG> (Thumb, 60 bytes, Stack size 0 bytes, gpio.o(i.NVIC_SetPriority))
<BR><BR>[Called By]<UL><LI><a href="#[103]">&gt;&gt;</a>&nbsp;&nbsp;&nbsp;hal_gpio_init
<LI><a href="#[d]">&gt;&gt;</a>&nbsp;&nbsp;&nbsp;gpio_wakeup_handler
</UL>

<P><STRONG><a name="[fc]"></a>gpio_interrupt_enable</STRONG> (Thumb, 58 bytes, Stack size 8 bytes, gpio.o(i.gpio_interrupt_enable))
<BR><BR>[Stack]<UL><LI>Max Depth = 8<LI>Call Chain = gpio_interrupt_enable
</UL>
<BR>[Called By]<UL><LI><a href="#[f9]">&gt;&gt;</a>&nbsp;&nbsp;&nbsp;hal_gpioin_enable
<LI><a href="#[fb]">&gt;&gt;</a>&nbsp;&nbsp;&nbsp;gpioin_event
</UL>

<P><STRONG><a name="[e]"></a>gpio_sleep_handler</STRONG> (Thumb, 64 bytes, Stack size 16 bytes, gpio.o(i.gpio_sleep_handler))
<BR><BR>[Stack]<UL><LI>Max Depth = 40<LI>Call Chain = gpio_sleep_handler &rArr; hal_gpio_wakeup_set
</UL>
<BR>[Calls]<UL><LI><a href="#[f6]">&gt;&gt;</a>&nbsp;&nbsp;&nbsp;hal_gpio_read
<LI><a href="#[f7]">&gt;&gt;</a>&nbsp;&nbsp;&nbsp;hal_gpio_wakeup_set
</UL>
<BR>[Address Reference Count : 1]<UL><LI> gpio.o(i.hal_gpio_init)
</UL>
<P><STRONG><a name="[d]"></a>gpio_wakeup_handler</STRONG> (Thumb, 88 bytes, Stack size 16 bytes, gpio.o(i.gpio_wakeup_handler))
<BR><BR>[Stack]<UL><LI>Max Depth = 44<LI>Call Chain = gpio_wakeup_handler &rArr; hal_gpioin_enable &rArr; hal_gpio_pin_init
</UL>
<BR>[Calls]<UL><LI><a href="#[f6]">&gt;&gt;</a>&nbsp;&nbsp;&nbsp;hal_gpio_read
<LI><a href="#[f9]">&gt;&gt;</a>&nbsp;&nbsp;&nbsp;hal_gpioin_enable
<LI><a href="#[fa]">&gt;&gt;</a>&nbsp;&nbsp;&nbsp;gpioin_event_pin
<LI><a href="#[f8]">&gt;&gt;</a>&nbsp;&nbsp;&nbsp;NVIC_SetPriority
</UL>
<BR>[Address Reference Count : 1]<UL><LI> gpio.o(i.hal_gpio_init)
</UL>
<P><STRONG><a name="[fb]"></a>gpioin_event</STRONG> (Thumb, 104 bytes, Stack size 32 bytes, gpio.o(i.gpioin_event))
<BR><BR>[Stack]<UL><LI>Max Depth = 40<LI>Call Chain = gpioin_event &rArr; gpio_interrupt_enable
</UL>
<BR>[Calls]<UL><LI><a href="#[fa]">&gt;&gt;</a>&nbsp;&nbsp;&nbsp;gpioin_event_pin
<LI><a href="#[fc]">&gt;&gt;</a>&nbsp;&nbsp;&nbsp;gpio_interrupt_enable
</UL>
<BR>[Called By]<UL><LI><a href="#[2f]">&gt;&gt;</a>&nbsp;&nbsp;&nbsp;hal_GPIO_IRQHandler
</UL>

<P><STRONG><a name="[fa]"></a>gpioin_event_pin</STRONG> (Thumb, 32 bytes, Stack size 0 bytes, gpio.o(i.gpioin_event_pin))
<BR><BR>[Called By]<UL><LI><a href="#[fb]">&gt;&gt;</a>&nbsp;&nbsp;&nbsp;gpioin_event
<LI><a href="#[d]">&gt;&gt;</a>&nbsp;&nbsp;&nbsp;gpio_wakeup_handler
</UL>

<P><STRONG><a name="[ff]"></a>irq_rx_handler</STRONG> (Thumb, 68 bytes, Stack size 56 bytes, uart.o(i.irq_rx_handler))
<BR><BR>[Stack]<UL><LI>Max Depth = 56<LI>Call Chain = irq_rx_handler
</UL>
<BR>[Called By]<UL><LI><a href="#[2c]">&gt;&gt;</a>&nbsp;&nbsp;&nbsp;hal_UART0_IRQHandler
</UL>

<P><STRONG><a name="[100]"></a>irq_tx_empty_handler</STRONG> (Thumb, 114 bytes, Stack size 24 bytes, uart.o(i.irq_tx_empty_handler))
<BR><BR>[Stack]<UL><LI>Max Depth = 40<LI>Call Chain = irq_tx_empty_handler &rArr; hal_pwrmgr_unlock
</UL>
<BR>[Calls]<UL><LI><a href="#[111]">&gt;&gt;</a>&nbsp;&nbsp;&nbsp;hal_pwrmgr_unlock
</UL>
<BR>[Called By]<UL><LI><a href="#[2c]">&gt;&gt;</a>&nbsp;&nbsp;&nbsp;hal_UART0_IRQHandler
</UL>

<P><STRONG><a name="[11c]"></a>txmit_buf_polling</STRONG> (Thumb, 96 bytes, Stack size 24 bytes, uart.o(i.txmit_buf_polling))
<BR><BR>[Stack]<UL><LI>Max Depth = 24<LI>Call Chain = txmit_buf_polling
</UL>
<BR>[Called By]<UL><LI><a href="#[11a]">&gt;&gt;</a>&nbsp;&nbsp;&nbsp;hal_uart_send_buff
</UL>

<P><STRONG><a name="[11b]"></a>txmit_buf_use_tx_buf</STRONG> (Thumb, 118 bytes, Stack size 16 bytes, uart.o(i.txmit_buf_use_tx_buf))
<BR><BR>[Stack]<UL><LI>Max Depth = 24<LI>Call Chain = txmit_buf_use_tx_buf &rArr; hal_pwrmgr_lock
</UL>
<BR>[Calls]<UL><LI><a href="#[10f]">&gt;&gt;</a>&nbsp;&nbsp;&nbsp;hal_pwrmgr_lock
<LI><a href="#[9d]">&gt;&gt;</a>&nbsp;&nbsp;&nbsp;__aeabi_memcpy
</UL>
<BR>[Called By]<UL><LI><a href="#[11a]">&gt;&gt;</a>&nbsp;&nbsp;&nbsp;hal_uart_send_buff
</UL>

<P><STRONG><a name="[10]"></a>uart_hw_config</STRONG> (Thumb, 172 bytes, Stack size 24 bytes, uart.o(i.uart_hw_config))
<BR><BR>[Stack]<UL><LI>Max Depth = 36<LI>Call Chain = uart_hw_config &rArr; hal_gpio_fmux_set
</UL>
<BR>[Calls]<UL><LI><a href="#[b3]">&gt;&gt;</a>&nbsp;&nbsp;&nbsp;__aeabi_uidivmod (via Veneer)
<LI><a href="#[101]">&gt;&gt;</a>&nbsp;&nbsp;&nbsp;hal_gpio_fmux_set
<LI><a href="#[102]">&gt;&gt;</a>&nbsp;&nbsp;&nbsp;hal_gpio_fmux
<LI><a href="#[178]">&gt;&gt;</a>&nbsp;&nbsp;&nbsp;clk_reset
<LI><a href="#[176]">&gt;&gt;</a>&nbsp;&nbsp;&nbsp;clk_pclk
<LI><a href="#[177]">&gt;&gt;</a>&nbsp;&nbsp;&nbsp;clk_gate_enable
</UL>
<BR>[Called By]<UL><LI><a href="#[119]">&gt;&gt;</a>&nbsp;&nbsp;&nbsp;hal_uart_init
</UL>
<BR>[Address Reference Count : 1]<UL><LI> uart.o(i.hal_uart_init)
</UL>
<P><STRONG><a name="[134]"></a>print</STRONG> (Thumb, 250 bytes, Stack size 48 bytes, my_printf.o(i.print))
<BR><BR>[Stack]<UL><LI>Max Depth = 136<LI>Call Chain = print &rArr; printi &rArr; prints
</UL>
<BR>[Calls]<UL><LI><a href="#[137]">&gt;&gt;</a>&nbsp;&nbsp;&nbsp;prints
<LI><a href="#[138]">&gt;&gt;</a>&nbsp;&nbsp;&nbsp;printi
<LI><a href="#[139]">&gt;&gt;</a>&nbsp;&nbsp;&nbsp;printchar
</UL>
<BR>[Called By]<UL><LI><a href="#[ab]">&gt;&gt;</a>&nbsp;&nbsp;&nbsp;phy_printf
</UL>

<P><STRONG><a name="[139]"></a>printchar</STRONG> (Thumb, 36 bytes, Stack size 0 bytes, my_printf.o(i.printchar))
<BR><BR>[Called By]<UL><LI><a href="#[137]">&gt;&gt;</a>&nbsp;&nbsp;&nbsp;prints
<LI><a href="#[138]">&gt;&gt;</a>&nbsp;&nbsp;&nbsp;printi
<LI><a href="#[134]">&gt;&gt;</a>&nbsp;&nbsp;&nbsp;print
</UL>

<P><STRONG><a name="[138]"></a>printi</STRONG> (Thumb, 146 bytes, Stack size 48 bytes, my_printf.o(i.printi))
<BR><BR>[Stack]<UL><LI>Max Depth = 88<LI>Call Chain = printi &rArr; prints
</UL>
<BR>[Calls]<UL><LI><a href="#[b3]">&gt;&gt;</a>&nbsp;&nbsp;&nbsp;__aeabi_uidivmod (via Veneer)
<LI><a href="#[137]">&gt;&gt;</a>&nbsp;&nbsp;&nbsp;prints
<LI><a href="#[139]">&gt;&gt;</a>&nbsp;&nbsp;&nbsp;printchar
</UL>
<BR>[Called By]<UL><LI><a href="#[134]">&gt;&gt;</a>&nbsp;&nbsp;&nbsp;print
</UL>

<P><STRONG><a name="[137]"></a>prints</STRONG> (Thumb, 112 bytes, Stack size 40 bytes, my_printf.o(i.prints))
<BR><BR>[Stack]<UL><LI>Max Depth = 40<LI>Call Chain = prints
</UL>
<BR>[Calls]<UL><LI><a href="#[139]">&gt;&gt;</a>&nbsp;&nbsp;&nbsp;printchar
</UL>
<BR>[Called By]<UL><LI><a href="#[138]">&gt;&gt;</a>&nbsp;&nbsp;&nbsp;printi
<LI><a href="#[134]">&gt;&gt;</a>&nbsp;&nbsp;&nbsp;print
</UL>

<P><STRONG><a name="[fe]"></a>spi_int_handle</STRONG> (Thumb, 226 bytes, Stack size 48 bytes, spi.o(i.spi_int_handle))
<BR><BR>[Stack]<UL><LI>Max Depth = 64<LI>Call Chain = spi_int_handle &rArr; hal_pwrmgr_unlock
</UL>
<BR>[Calls]<UL><LI><a href="#[102]">&gt;&gt;</a>&nbsp;&nbsp;&nbsp;hal_gpio_fmux
<LI><a href="#[111]">&gt;&gt;</a>&nbsp;&nbsp;&nbsp;hal_pwrmgr_unlock
</UL>
<BR>[Called By]<UL><LI><a href="#[2e]">&gt;&gt;</a>&nbsp;&nbsp;&nbsp;hal_SPI1_IRQHandler
<LI><a href="#[2d]">&gt;&gt;</a>&nbsp;&nbsp;&nbsp;hal_SPI0_IRQHandler
</UL>

<P><STRONG><a name="[fd]"></a>spis_int_handle</STRONG> (Thumb, 92 bytes, Stack size 48 bytes, spi.o(i.spis_int_handle))
<BR><BR>[Stack]<UL><LI>Max Depth = 48<LI>Call Chain = spis_int_handle
</UL>
<BR>[Called By]<UL><LI><a href="#[2e]">&gt;&gt;</a>&nbsp;&nbsp;&nbsp;hal_SPI1_IRQHandler
<LI><a href="#[2d]">&gt;&gt;</a>&nbsp;&nbsp;&nbsp;hal_SPI0_IRQHandler
</UL>

<P><STRONG><a name="[132]"></a>print_hex</STRONG> (Thumb, 16 bytes, Stack size 0 bytes, osal_snv.o(i.print_hex))
<BR><BR>[Called By]<UL><LI><a href="#[59]">&gt;&gt;</a>&nbsp;&nbsp;&nbsp;osal_snv_write
<LI><a href="#[42]">&gt;&gt;</a>&nbsp;&nbsp;&nbsp;osal_snv_read
</UL>

<P><STRONG><a name="[131]"></a>snv_calc_addr</STRONG> (Thumb, 30 bytes, Stack size 0 bytes, osal_snv.o(i.snv_calc_addr))
<BR><BR>[Called By]<UL><LI><a href="#[59]">&gt;&gt;</a>&nbsp;&nbsp;&nbsp;osal_snv_write
<LI><a href="#[42]">&gt;&gt;</a>&nbsp;&nbsp;&nbsp;osal_snv_read
</UL>

<P><STRONG><a name="[133]"></a>snvwr</STRONG> (Thumb, 60 bytes, Stack size 24 bytes, osal_snv.o(i.snvwr))
<BR><BR>[Stack]<UL><LI>Max Depth = 48<LI>Call Chain = snvwr &rArr; ProgramWord
</UL>
<BR>[Calls]<UL><LI><a href="#[a4]">&gt;&gt;</a>&nbsp;&nbsp;&nbsp;ProgramWord
</UL>
<BR>[Called By]<UL><LI><a href="#[59]">&gt;&gt;</a>&nbsp;&nbsp;&nbsp;osal_snv_write
</UL>

<P><STRONG><a name="[148]"></a>rf_phy_dtm_init</STRONG> (Thumb, 26 bytes, Stack size 0 bytes, rf_phy_driver.o(i.rf_phy_dtm_init))
<BR><BR>[Called By]<UL><LI><a href="#[158]">&gt;&gt;</a>&nbsp;&nbsp;&nbsp;rf_phy_dtm_ext_tx_singleTone
<LI><a href="#[157]">&gt;&gt;</a>&nbsp;&nbsp;&nbsp;rf_phy_dtm_ext_tx_modulation
<LI><a href="#[156]">&gt;&gt;</a>&nbsp;&nbsp;&nbsp;rf_phy_dtm_ext_tx_mod_burst
<LI><a href="#[153]">&gt;&gt;</a>&nbsp;&nbsp;&nbsp;rf_phy_dtm_ext_rx_demod_burst
<LI><a href="#[145]">&gt;&gt;</a>&nbsp;&nbsp;&nbsp;rf_phy_direct_test
</UL>

<P><STRONG><a name="[155]"></a>rf_phy_dtm_stop</STRONG> (Thumb, 46 bytes, Stack size 8 bytes, rf_phy_driver.o(i.rf_phy_dtm_stop))
<BR><BR>[Stack]<UL><LI>Max Depth = 28<LI>Call Chain = rf_phy_dtm_stop &rArr; subWriteReg
</UL>
<BR>[Calls]<UL><LI><a href="#[10b]">&gt;&gt;</a>&nbsp;&nbsp;&nbsp;subWriteReg
</UL>
<BR>[Called By]<UL><LI><a href="#[158]">&gt;&gt;</a>&nbsp;&nbsp;&nbsp;rf_phy_dtm_ext_tx_singleTone
<LI><a href="#[157]">&gt;&gt;</a>&nbsp;&nbsp;&nbsp;rf_phy_dtm_ext_tx_modulation
<LI><a href="#[156]">&gt;&gt;</a>&nbsp;&nbsp;&nbsp;rf_phy_dtm_ext_tx_mod_burst
<LI><a href="#[153]">&gt;&gt;</a>&nbsp;&nbsp;&nbsp;rf_phy_dtm_ext_rx_demod_burst
</UL>

<P><STRONG><a name="[13e]"></a>chip_id_one_bit_hot_convter</STRONG> (Thumb, 108 bytes, Stack size 20 bytes, flash_ext.o(i.chip_id_one_bit_hot_convter))
<BR><BR>[Stack]<UL><LI>Max Depth = 20<LI>Call Chain = chip_id_one_bit_hot_convter
</UL>
<BR>[Called By]<UL><LI><a href="#[d2]">&gt;&gt;</a>&nbsp;&nbsp;&nbsp;read_chip_mAddr
<LI><a href="#[d0]">&gt;&gt;</a>&nbsp;&nbsp;&nbsp;read_chip_id
</UL>

<P><STRONG><a name="[c3]"></a>_printf_core</STRONG> (Thumb, 1020 bytes, Stack size 104 bytes, printf8.o(i._printf_core), UNUSED)
<BR><BR>[Calls]<UL><LI><a href="#[36]">&gt;&gt;</a>&nbsp;&nbsp;&nbsp;__aeabi_uldivmod
<LI><a href="#[c4]">&gt;&gt;</a>&nbsp;&nbsp;&nbsp;_printf_pre_padding
<LI><a href="#[c5]">&gt;&gt;</a>&nbsp;&nbsp;&nbsp;_printf_post_padding
</UL>
<BR>[Called By]<UL><LI><a href="#[c2]">&gt;&gt;</a>&nbsp;&nbsp;&nbsp;__0printf$8
</UL>

<P><STRONG><a name="[c5]"></a>_printf_post_padding</STRONG> (Thumb, 32 bytes, Stack size 24 bytes, printf8.o(i._printf_post_padding), UNUSED)
<BR><BR>[Called By]<UL><LI><a href="#[c3]">&gt;&gt;</a>&nbsp;&nbsp;&nbsp;_printf_core
</UL>

<P><STRONG><a name="[c4]"></a>_printf_pre_padding</STRONG> (Thumb, 44 bytes, Stack size 40 bytes, printf8.o(i._printf_pre_padding), UNUSED)
<BR><BR>[Called By]<UL><LI><a href="#[c3]">&gt;&gt;</a>&nbsp;&nbsp;&nbsp;_printf_core
</UL>
<P>
<H3>
Undefined Global Symbols
</H3><HR></body></html>
