Component: ARM Compiler 5.06 update 4 (build 422) Tool: armlink [4d35d2]

==============================================================================

Section Cross References

    main.o(i.hal_init) refers to common.o(i.hal_system_init) for hal_system_init
    main.o(i.hal_init) refers to pwrmgr.o(i.hal_pwrmgr_RAM_retention) for hal_pwrmgr_RAM_retention
    main.o(i.hal_init) refers to clock.o(i.hal_rtc_clock_config) for hal_rtc_clock_config
    main.o(i.hal_init) refers to my_printf.o(i.phy_printf_init) for phy_printf_init
    main.o(i.hal_init) refers to gpio.o(i.hal_gpio_init) for hal_gpio_init
    main.o(i.hal_init) refers to my_printf.o(i.phy_printf) for phy_printf
    main.o(i.hal_rfphy_init) refers to patch.o(i.hal_rom_code_ini) for hal_rom_code_ini
    main.o(i.hal_rfphy_init) refers to gpio.o(i.hal_gpio_pull_set) for hal_gpio_pull_set
    main.o(i.hal_rfphy_init) refers to common.o(i.subWriteReg) for subWriteReg
    main.o(i.hal_rfphy_init) refers to main.o(i.NVIC_SetPriority) for NVIC_SetPriority
    main.o(i.hal_rfphy_init) refers to pwrmgr.o(i.hal_pwrmgr_register) for hal_pwrmgr_register
    main.o(i.hal_rfphy_init) refers to rf_phy_driver.o(.data) for g_rfPhyTxPower
    main.o(i.hal_rfphy_init) refers to main.o(i.rf_wakeup_handler) for rf_wakeup_handler
    main.o(i.main) refers to patch.o(i.init_config) for init_config
    main.o(i.main) refers to pwrmgr.o(i.hal_pwrmgr_init) for hal_pwrmgr_init
    main.o(i.main) refers to main.o(i.hal_rfphy_init) for hal_rfphy_init
    main.o(i.main) refers to main.o(i.hal_init) for hal_init
    main.o(i.main) refers to my_printf.o(i.phy_printf) for phy_printf
    main.o(i.main) refers to voice_main.o(i.app_main) for app_main
    main.o(i.rf_wakeup_handler) refers to main.o(i.NVIC_SetPriority) for NVIC_SetPriority
    jump_table.o(i.hard_fault) refers to my_printf.o(i.phy_printf) for phy_printf
    jump_table.o(i.hard_fault) refers to jump_table.o(.data) for .data
    jump_table.o(jump_table_mem_area) refers to osal_voice.o(i.osalInitTasks) for osalInitTasks
    jump_table.o(jump_table_mem_area) refers to osal_voice.o(.constdata) for tasksArr
    jump_table.o(jump_table_mem_area) refers to osal_voice.o(.constdata) for tasksCnt
    jump_table.o(jump_table_mem_area) refers to osal_voice.o(.data) for tasksEvents
    jump_table.o(jump_table_mem_area) refers (Weak) to pwrmgr.o(i.hal_pwrmgr_sleep_process) for hal_pwrmgr_sleep_process
    jump_table.o(jump_table_mem_area) refers (Weak) to pwrmgr.o(i.hal_pwrmgr_wakeup_process) for hal_pwrmgr_wakeup_process
    jump_table.o(jump_table_mem_area) refers to rf_phy_driver.o(i.rf_phy_ini) for rf_phy_ini
    jump_table.o(jump_table_mem_area) refers to jump_table.o(i.hard_fault) for hard_fault
    jump_table.o(jump_table_mem_area) refers (Weak) to patch.o(i.TIM0_IRQHandler1) for TIM0_IRQHandler1
    jump_table.o(jump_table_mem_area) refers (Weak) to uart.o(i.hal_UART0_IRQHandler) for hal_UART0_IRQHandler
    jump_table.o(jump_table_mem_area) refers (Weak) to gpio.o(i.hal_GPIO_IRQHandler) for hal_GPIO_IRQHandler
    jump_table.o(jump_table_mem_area) refers (Weak) to adc.o(i.hal_ADC_IRQHandler) for hal_ADC_IRQHandler
    voice_demo.o(i.voiceCaptureTask) refers to voice.o(i.hal_voice_init) for hal_voice_init
    voice_demo.o(i.voiceCaptureTask) refers to uart.o(i.hal_uart_init) for hal_uart_init
    voice_demo.o(i.voiceCaptureTask) refers to my_printf.o(i.phy_printf) for phy_printf
    voice_demo.o(i.voiceCaptureTask) refers to voice.o(i.hal_voice_start) for hal_voice_start
    voice_demo.o(i.voiceCaptureTask) refers to voice_demo.o(i.voice_evt_handler) for voice_evt_handler
    voice_demo.o(i.voiceCaptureTask) refers to voice_demo.o(.data) for .data
    voice_demo.o(i.voice_Init) refers to voice_demo.o(i.voiceCaptureTask) for voiceCaptureTask
    voice_demo.o(i.voice_Init) refers to voice_demo.o(.data) for .data
    voice_demo.o(i.voice_ProcessEvent) refers to my_printf.o(i.phy_printf) for phy_printf
    voice_demo.o(i.voice_ProcessEvent) refers to voice.o(i.hal_voice_stop) for hal_voice_stop
    voice_demo.o(i.voice_ProcessEvent) refers to voice_demo.o(.data) for .data
    voice_demo.o(i.voice_evt_handler) refers to uart.o(i.hal_uart_get_tx_ready) for hal_uart_get_tx_ready
    voice_demo.o(i.voice_evt_handler) refers to uart.o(i.hal_uart_send_buff) for hal_uart_send_buff
    voice_demo.o(i.voice_evt_handler) refers to my_printf.o(i.phy_printf) for phy_printf
    osal_voice.o(i.osalInitTasks) refers to voice_demo.o(i.voice_Init) for voice_Init
    osal_voice.o(i.osalInitTasks) refers to osal_voice.o(.data) for .data
    osal_voice.o(.constdata) refers to voice_demo.o(i.voice_ProcessEvent) for voice_ProcessEvent
    adc.o(i.clear_adcc_cfg) refers to memseta.o(.text) for __aeabi_memclr4
    adc.o(i.clear_adcc_cfg) refers to adc.o(.bss) for .bss
    adc.o(i.hal_ADC_IRQHandler) refers to adc.o(i.hal_adc_stop) for hal_adc_stop
    adc.o(i.hal_ADC_IRQHandler) refers to adc.o(.bss) for .bss
[...]
    ll_hw_set_timing                         0x0000e43d   Thumb Code     0  rom1Sym.txt ABSOLUTE
    ll_hw_set_trlp                           0x0000e509   Thumb Code     0  rom1Sym.txt ABSOLUTE
    ll_hw_set_trx                            0x0000e555   Thumb Code     0  rom1Sym.txt ABSOLUTE
    ll_hw_set_trx_settle                     0x0000e569   Thumb Code     0  rom1Sym.txt ABSOLUTE
    ll_hw_set_tx_rx_interval                 0x0000e57d   Thumb Code     0  rom1Sym.txt ABSOLUTE
    ll_hw_set_tx_rx_release                  0x0000e591   Thumb Code     0  rom1Sym.txt ABSOLUTE
    ll_hw_trigger                            0x0000e5ad   Thumb Code     0  rom1Sym.txt ABSOLUTE
    ll_hw_update                             0x0000e5d1   Thumb Code     0  rom1Sym.txt ABSOLUTE
    ll_hw_update_rtlp_mode                   0x0000e635   Thumb Code     0  rom1Sym.txt ABSOLUTE
    ll_hw_update_trlp_mode                   0x0000e67d   Thumb Code     0  rom1Sym.txt ABSOLUTE
    ll_hw_write_tfifo                        0x0000e6cd   Thumb Code     0  rom1Sym.txt ABSOLUTE
    ll_read_rxfifo                           0x0000e749   Thumb Code     0  rom1Sym.txt ABSOLUTE
    ll_schedule_next_event                   0x0000e7e1   Thumb Code     0  rom1Sym.txt ABSOLUTE
    mask_timer_int                           0x0000e8b5   Thumb Code     0  rom1Sym.txt ABSOLUTE
    move_read_idx                            0x0000e8e9   Thumb Code     0  rom1Sym.txt ABSOLUTE
    move_to_slave_function                   0x0000e909   Thumb Code     0  rom1Sym.txt ABSOLUTE
    osalAddTimer                             0x0000eb2d   Thumb Code     0  rom1Sym.txt ABSOLUTE
    osalDeleteTimer                          0x0000eba5   Thumb Code     0  rom1Sym.txt ABSOLUTE
    osalFindTimer                            0x0000ebb1   Thumb Code     0  rom1Sym.txt ABSOLUTE
    osalTimeUpdate                           0x0000ebd1   Thumb Code     0  rom1Sym.txt ABSOLUTE
    osalTimeUpdate1                          0x0000ec35   Thumb Code     0  rom1Sym.txt ABSOLUTE
    osalTimerInit                            0x0000ec71   Thumb Code     0  rom1Sym.txt ABSOLUTE
    osalTimerUpdate                          0x0000ec7d   Thumb Code     0  rom1Sym.txt ABSOLUTE
    osal_CbTimerInit                         0x0000ed35   Thumb Code     0  rom1Sym.txt ABSOLUTE
    osal_CbTimerProcessEvent                 0x0000ed55   Thumb Code     0  rom1Sym.txt ABSOLUTE
    osal_CbTimerStart                        0x0000edb5   Thumb Code     0  rom1Sym.txt ABSOLUTE
    osal_CbTimerStop                         0x0000ee1d   Thumb Code     0  rom1Sym.txt ABSOLUTE
    osal_CbTimerUpdate                       0x0000ee5d   Thumb Code     0  rom1Sym.txt ABSOLUTE
    osal_ConvertUTCSecs                      0x0000eead   Thumb Code     0  rom1Sym.txt ABSOLUTE
    osal_ConvertUTCTime                      0x0000ef51   Thumb Code     0  rom1Sym.txt ABSOLUTE
    osal_GetSystemClock                      0x0000f055   Thumb Code     0  rom1Sym.txt ABSOLUTE
    osal_bm_adjust_header                    0x0000f061   Thumb Code     0  rom1Sym.txt ABSOLUTE
    osal_bm_adjust_tail                      0x0000f08b   Thumb Code     0  rom1Sym.txt ABSOLUTE
    osal_bm_alloc                            0x0000f0b9   Thumb Code     0  rom1Sym.txt ABSOLUTE
    osal_bm_free                             0x0000f0f1   Thumb Code     0  rom1Sym.txt ABSOLUTE
    osal_buffer_uint24                       0x0000f141   Thumb Code     0  rom1Sym.txt ABSOLUTE
    osal_buffer_uint32                       0x0000f14f   Thumb Code     0  rom1Sym.txt ABSOLUTE
    osal_build_uint16                        0x0000f161   Thumb Code     0  rom1Sym.txt ABSOLUTE
    osal_build_uint32                        0x0000f16d   Thumb Code     0  rom1Sym.txt ABSOLUTE
    osal_clear_event                         0x0000f1a9   Thumb Code     0  rom1Sym.txt ABSOLUTE
    osal_getClock                            0x0000f1e5   Thumb Code     0  rom1Sym.txt ABSOLUTE
    osal_get_timeoutEx                       0x0000f1f1   Thumb Code     0  rom1Sym.txt ABSOLUTE
    osal_init_system                         0x0000f215   Thumb Code     0  rom1Sym.txt ABSOLUTE
    osal_int_disable                         0x0000f245   Thumb Code     0  rom1Sym.txt ABSOLUTE
    osal_int_enable                          0x0000f253   Thumb Code     0  rom1Sym.txt ABSOLUTE
    osal_isbufset                            0x0000f261   Thumb Code     0  rom1Sym.txt ABSOLUTE
    osal_isr_register                        0x0000f285   Thumb Code     0  rom1Sym.txt ABSOLUTE
    osal_mem_alloc                           0x0000f289   Thumb Code     0  rom1Sym.txt ABSOLUTE
    osal_mem_free                            0x0000f359   Thumb Code     0  rom1Sym.txt ABSOLUTE
    osal_mem_init                            0x0000f389   Thumb Code     0  rom1Sym.txt ABSOLUTE
    osal_mem_kick                            0x0000f3c1   Thumb Code     0  rom1Sym.txt ABSOLUTE
    osal_memcmp                              0x0000f3f1   Thumb Code     0  rom1Sym.txt ABSOLUTE
    osal_memcpy                              0x0000f40f   Thumb Code     0  rom1Sym.txt ABSOLUTE
    osal_memdup                              0x0000f421   Thumb Code     0  rom1Sym.txt ABSOLUTE
    osal_memset                              0x0000f441   Thumb Code     0  rom1Sym.txt ABSOLUTE
    osal_msg_allocate                        0x0000f449   Thumb Code     0  rom1Sym.txt ABSOLUTE
    osal_msg_deallocate                      0x0000f475   Thumb Code     0  rom1Sym.txt ABSOLUTE
    osal_msg_dequeue                         0x0000f499   Thumb Code     0  rom1Sym.txt ABSOLUTE
    osal_msg_enqueue                         0x0000f4cd   Thumb Code     0  rom1Sym.txt ABSOLUTE
    osal_msg_enqueue_max                     0x0000f505   Thumb Code     0  rom1Sym.txt ABSOLUTE
    osal_msg_extract                         0x0000f5bd   Thumb Code     0  rom1Sym.txt ABSOLUTE
    osal_msg_find                            0x0000f5f5   Thumb Code     0  rom1Sym.txt ABSOLUTE
    osal_msg_push                            0x0000f631   Thumb Code     0  rom1Sym.txt ABSOLUTE
    osal_msg_push_front                      0x0000f651   Thumb Code     0  rom1Sym.txt ABSOLUTE
    osal_msg_receive                         0x0000f65d   Thumb Code     0  rom1Sym.txt ABSOLUTE
    osal_msg_send                            0x0000f6c9   Thumb Code     0  rom1Sym.txt ABSOLUTE
    osal_next_timeout                        0x0000f6d5   Thumb Code     0  rom1Sym.txt ABSOLUTE
    osal_pwrmgr_device                       0x0000f6fd   Thumb Code     0  rom1Sym.txt ABSOLUTE
    osal_pwrmgr_init                         0x0000f709   Thumb Code     0  rom1Sym.txt ABSOLUTE
    osal_pwrmgr_powerconserve                0x0000f719   Thumb Code     0  rom1Sym.txt ABSOLUTE
    osal_pwrmgr_task_state                   0x0000f839   Thumb Code     0  rom1Sym.txt ABSOLUTE
    osal_rand                                0x0000f869   Thumb Code     0  rom1Sym.txt ABSOLUTE
    osal_revmemcpy                           0x0000f885   Thumb Code     0  rom1Sym.txt ABSOLUTE
    osal_run_system                          0x0000f89d   Thumb Code     0  rom1Sym.txt ABSOLUTE
    osal_self                                0x0000f941   Thumb Code     0  rom1Sym.txt ABSOLUTE
    osal_setClock                            0x0000f94d   Thumb Code     0  rom1Sym.txt ABSOLUTE
    osal_set_event                           0x0000f959   Thumb Code     0  rom1Sym.txt ABSOLUTE
    osal_start_reload_timer                  0x0000f995   Thumb Code     0  rom1Sym.txt ABSOLUTE
    osal_start_system                        0x0000f9c5   Thumb Code     0  rom1Sym.txt ABSOLUTE
    osal_start_timerEx                       0x0000f9cd   Thumb Code     0  rom1Sym.txt ABSOLUTE
    osal_stop_timerEx                        0x0000f9f1   Thumb Code     0  rom1Sym.txt ABSOLUTE
    osal_strlen                              0x0000fa21   Thumb Code     0  rom1Sym.txt ABSOLUTE
    osal_timer_num_active                    0x0000fa29   Thumb Code     0  rom1Sym.txt ABSOLUTE
    pad_ds_control                           0x0000fa55   Thumb Code     0  rom1Sym.txt ABSOLUTE
    pad_pe_control                           0x0000fa7d   Thumb Code     0  rom1Sym.txt ABSOLUTE
    pinmap                                   0x0000facb   Thumb Code     0  rom1Sym.txt ABSOLUTE
    program_bin                              0x0000fadd   Thumb Code     0  rom1Sym.txt ABSOLUTE
    program_flags                            0x0000fb71   Thumb Code     0  rom1Sym.txt ABSOLUTE
    read_LL_remainder_time                   0x0000fbdd   Thumb Code     0  rom1Sym.txt ABSOLUTE
    read_current_fine_time                   0x0000fbe9   Thumb Code     0  rom1Sym.txt ABSOLUTE
    rom_read_deviceID                        0x0000fc11   Thumb Code     0  rom1Sym.txt ABSOLUTE
    rom_read_status_register                 0x0000fc45   Thumb Code     0  rom1Sym.txt ABSOLUTE
    receive_cmd_params                       0x0000fc6d   Thumb Code     0  rom1Sym.txt ABSOLUTE
    receive_cmd_params_dec                   0x0000fd39   Thumb Code     0  rom1Sym.txt ABSOLUTE
    receive_command                          0x0000fe05   Thumb Code     0  rom1Sym.txt ABSOLUTE
    receive_image_data                       0x0000fed9   Thumb Code     0  rom1Sym.txt ABSOLUTE
    rom_release_flash_deep_sleep             0x0000ff6d   Thumb Code     0  rom1Sym.txt ABSOLUTE
    reset_CmdandParam                        0x0000ffb5   Thumb Code     0  rom1Sym.txt ABSOLUTE
    reset_Param                              0x0000ffc1   Thumb Code     0  rom1Sym.txt ABSOLUTE
    reset_burn_buf                           0x0000ffdd   Thumb Code     0  rom1Sym.txt ABSOLUTE
    reset_cmd                                0x0000fff9   Thumb Code     0  rom1Sym.txt ABSOLUTE
    reset_conn_buf                           0x00010015   Thumb Code     0  rom1Sym.txt ABSOLUTE
    rf_init                                  0x000100d1   Thumb Code     0  rom1Sym.txt ABSOLUTE
    rom_board_init                           0x00010979   Thumb Code     0  rom1Sym.txt ABSOLUTE
    sendEstLinkEvent                         0x00010ab5   Thumb Code     0  rom1Sym.txt ABSOLUTE
    setSleepMode                             0x00010b3d   Thumb Code     0  rom1Sym.txt ABSOLUTE
    set_WDT_rpl                              0x00010b49   Thumb Code     0  rom1Sym.txt ABSOLUTE
    set_access_address                       0x00010b5d   Thumb Code     0  rom1Sym.txt ABSOLUTE
    set_channel                              0x00010b69   Thumb Code     0  rom1Sym.txt ABSOLUTE
    set_crc_seed                             0x00010ba9   Thumb Code     0  rom1Sym.txt ABSOLUTE
    rom_set_flash_deep_sleep                 0x00010bc1   Thumb Code     0  rom1Sym.txt ABSOLUTE
    set_fullmux_pin_function                 0x00010be1   Thumb Code     0  rom1Sym.txt ABSOLUTE
    set_gpio_pull_down_ate                   0x00010cdd   Thumb Code     0  rom1Sym.txt ABSOLUTE
    set_gpio_pull_up_ate                     0x00010cf9   Thumb Code     0  rom1Sym.txt ABSOLUTE
    set_int                                  0x00010d15   Thumb Code     0  rom1Sym.txt ABSOLUTE
    set_loadtimer                            0x00010d21   Thumb Code     0  rom1Sym.txt ABSOLUTE
    set_max_length                           0x00010d3d   Thumb Code     0  rom1Sym.txt ABSOLUTE
    rom_hal_gpio_pull_set                    0x00010d51   Thumb Code     0  rom1Sym.txt ABSOLUTE
    set_sleep_flag                           0x00010d89   Thumb Code     0  rom1Sym.txt ABSOLUTE
    set_timer                                0x00010db9   Thumb Code     0  rom1Sym.txt ABSOLUTE
    set_timer1                               0x00010df5   Thumb Code     0  rom1Sym.txt ABSOLUTE
    set_timer2                               0x00010e05   Thumb Code     0  rom1Sym.txt ABSOLUTE
    set_timer3                               0x00010e15   Thumb Code     0  rom1Sym.txt ABSOLUTE
    set_whiten_seed                          0x00010e25   Thumb Code     0  rom1Sym.txt ABSOLUTE
    smAuthReqToUint8                         0x00010e91   Thumb Code     0  rom1Sym.txt ABSOLUTE
    smDetermineKeySize                       0x00010ed5   Thumb Code     0  rom1Sym.txt ABSOLUTE
    smEncLTK                                 0x00010efd   Thumb Code     0  rom1Sym.txt ABSOLUTE
    smEndPairing                             0x00010f51   Thumb Code     0  rom1Sym.txt ABSOLUTE
    smGenerateConfirm                        0x00010fd9   Thumb Code     0  rom1Sym.txt ABSOLUTE
    smGeneratePairingReqRsp                  0x00011005   Thumb Code     0  rom1Sym.txt ABSOLUTE
    smGenerateRandBuf                        0x0001104d   Thumb Code     0  rom1Sym.txt ABSOLUTE
    smGenerateRandMsg                        0x00011075   Thumb Code     0  rom1Sym.txt ABSOLUTE
    smInProcess                              0x000110a1   Thumb Code     0  rom1Sym.txt ABSOLUTE
    smLinkCheck                              0x0001127d   Thumb Code     0  rom1Sym.txt ABSOLUTE
    smNextPairingState                       0x0001129d   Thumb Code     0  rom1Sym.txt ABSOLUTE
    smPairingSendEncInfo                     0x000112e1   Thumb Code     0  rom1Sym.txt ABSOLUTE
    smPairingSendIdentityAddrInfo            0x000112f5   Thumb Code     0  rom1Sym.txt ABSOLUTE
    smPairingSendIdentityInfo                0x0001131d   Thumb Code     0  rom1Sym.txt ABSOLUTE
    smPairingSendMasterID                    0x00011331   Thumb Code     0  rom1Sym.txt ABSOLUTE
    smPairingSendSingingInfo                 0x0001135d   Thumb Code     0  rom1Sym.txt ABSOLUTE
    smProcessDataMsg                         0x00011371   Thumb Code     0  rom1Sym.txt ABSOLUTE
    smProcessEncryptChange                   0x0001141d   Thumb Code     0  rom1Sym.txt ABSOLUTE
    smProcessPairingReq                      0x00011595   Thumb Code     0  rom1Sym.txt ABSOLUTE
    smProcessRandComplete                    0x000115e9   Thumb Code     0  rom1Sym.txt ABSOLUTE
    smRegisterInitiator                      0x00011645   Thumb Code     0  rom1Sym.txt ABSOLUTE
    smRegisterResponder                      0x00011651   Thumb Code     0  rom1Sym.txt ABSOLUTE
    smSavePairInfo                           0x000119c5   Thumb Code     0  rom1Sym.txt ABSOLUTE
    smSendFailAndEnd                         0x00011b11   Thumb Code     0  rom1Sym.txt ABSOLUTE
    smSendSMMsg                              0x00011b75   Thumb Code     0  rom1Sym.txt ABSOLUTE
    smStartEncryption                        0x00011bfd   Thumb Code     0  rom1Sym.txt ABSOLUTE
    smStartRspTimer                          0x00011c1d   Thumb Code     0  rom1Sym.txt ABSOLUTE
    smStopRspTimer                           0x00011c3d   Thumb Code     0  rom1Sym.txt ABSOLUTE
    smTimedOut                               0x00011c51   Thumb Code     0  rom1Sym.txt ABSOLUTE
    smUint8ToAuthReq                         0x00011c5b   Thumb Code     0  rom1Sym.txt ABSOLUTE
    sm_ah                                    0x00011db5   Thumb Code     0  rom1Sym.txt ABSOLUTE
    sm_c1                                    0x00011df9   Thumb Code     0  rom1Sym.txt ABSOLUTE
    sm_c1new                                 0x00011e91   Thumb Code     0  rom1Sym.txt ABSOLUTE
    sm_d1                                    0x00011f55   Thumb Code     0  rom1Sym.txt ABSOLUTE
    sm_dm                                    0x00011f93   Thumb Code     0  rom1Sym.txt ABSOLUTE
    sm_s1                                    0x00011fd1   Thumb Code     0  rom1Sym.txt ABSOLUTE
    smpBuildEncInfo                          0x0001202b   Thumb Code     0  rom1Sym.txt ABSOLUTE
    smpBuildIdentityAddrInfo                 0x0001204d   Thumb Code     0  rom1Sym.txt ABSOLUTE
    smpBuildIdentityInfo                     0x00012075   Thumb Code     0  rom1Sym.txt ABSOLUTE
    smpBuildMasterID                         0x00012097   Thumb Code     0  rom1Sym.txt ABSOLUTE
    smpBuildPairingConfirm                   0x000120c5   Thumb Code     0  rom1Sym.txt ABSOLUTE
    smpBuildPairingFailed                    0x000120e7   Thumb Code     0  rom1Sym.txt ABSOLUTE
    smpBuildPairingRandom                    0x000120ff   Thumb Code     0  rom1Sym.txt ABSOLUTE
    smpBuildPairingReq                       0x00012121   Thumb Code     0  rom1Sym.txt ABSOLUTE
    smpBuildPairingReqRsp                    0x0001212f   Thumb Code     0  rom1Sym.txt ABSOLUTE
    smpBuildPairingRsp                       0x0001219b   Thumb Code     0  rom1Sym.txt ABSOLUTE
    smpBuildSecurityReq                      0x000121a9   Thumb Code     0  rom1Sym.txt ABSOLUTE
    smpBuildSigningInfo                      0x000121c7   Thumb Code     0  rom1Sym.txt ABSOLUTE
    smpParseEncInfo                          0x00012581   Thumb Code     0  rom1Sym.txt ABSOLUTE
    smpParseIdentityAddrInfo                 0x0001259f   Thumb Code     0  rom1Sym.txt ABSOLUTE
    smpParseIdentityInfo                     0x000125c3   Thumb Code     0  rom1Sym.txt ABSOLUTE
    smpParseMasterID                         0x000125e1   Thumb Code     0  rom1Sym.txt ABSOLUTE
    smpParsePairingConfirm                   0x0001260b   Thumb Code     0  rom1Sym.txt ABSOLUTE
    smpParsePairingFailed                    0x00012629   Thumb Code     0  rom1Sym.txt ABSOLUTE
    smpParsePairingRandom                    0x00012649   Thumb Code     0  rom1Sym.txt ABSOLUTE
    smpParsePairingReq                       0x00012667   Thumb Code     0  rom1Sym.txt ABSOLUTE
    smpParseSecurityReq                      0x00012721   Thumb Code     0  rom1Sym.txt ABSOLUTE
    smpParseSigningInfo                      0x0001273d   Thumb Code     0  rom1Sym.txt ABSOLUTE
    smpResponderProcessPairingReq            0x00012a2d   Thumb Code     0  rom1Sym.txt ABSOLUTE
    sram_ret_patch                           0x00012b25   Thumb Code     0  rom1Sym.txt ABSOLUTE
    update_rx_read_ptr                       0x00012b55   Thumb Code     0  rom1Sym.txt ABSOLUTE
    update_rx_write_ptr                      0x00012b7d   Thumb Code     0  rom1Sym.txt ABSOLUTE
    update_tx_read_ptr                       0x00012b99   Thumb Code     0  rom1Sym.txt ABSOLUTE
    update_tx_write_ptr                      0x00012bc1   Thumb Code     0  rom1Sym.txt ABSOLUTE
    wakeupProcess                            0x00012c05   Thumb Code     0  rom1Sym.txt ABSOLUTE
    wakeup_init                              0x00012ce5   Thumb Code     0  rom1Sym.txt ABSOLUTE
    write_image_to_flash                     0x00012df9   Thumb Code     0  rom1Sym.txt ABSOLUTE
    rom_write_status_register                0x00012e85   Thumb Code     0  rom1Sym.txt ABSOLUTE
    zigbee_crc16_gen                         0x00012ebf   Thumb Code     0  rom1Sym.txt ABSOLUTE
    btBaseUUID                               0x00012f64   Data           0  rom1Sym.txt ABSOLUTE
    gapServiceUUID                           0x00012fd4   Data           0  rom1Sym.txt ABSOLUTE
    gattServiceUUID                          0x00012fd6   Data           0  rom1Sym.txt ABSOLUTE
    primaryServiceUUID                       0x00012fd8   Data           0  rom1Sym.txt ABSOLUTE
    secondaryServiceUUID                     0x00012fda   Data           0  rom1Sym.txt ABSOLUTE
    includeUUID                              0x00012fdc   Data           0  rom1Sym.txt ABSOLUTE
    characterUUID                            0x00012fde   Data           0  rom1Sym.txt ABSOLUTE
    charExtPropsUUID                         0x00012fe0   Data           0  rom1Sym.txt ABSOLUTE
    charUserDescUUID                         0x00012fe2   Data           0  rom1Sym.txt ABSOLUTE
    clientCharCfgUUID                        0x00012fe4   Data           0  rom1Sym.txt ABSOLUTE
    servCharCfgUUID                          0x00012fe6   Data           0  rom1Sym.txt ABSOLUTE
    charFormatUUID                           0x00012fe8   Data           0  rom1Sym.txt ABSOLUTE
    charAggFormatUUID                        0x00012fea   Data           0  rom1Sym.txt ABSOLUTE
    deviceNameUUID                           0x00012fec   Data           0  rom1Sym.txt ABSOLUTE
    appearanceUUID                           0x00012fee   Data           0  rom1Sym.txt ABSOLUTE
    periPrivacyFlagUUID                      0x00012ff0   Data           0  rom1Sym.txt ABSOLUTE
    reconnectAddrUUID                        0x00012ff2   Data           0  rom1Sym.txt ABSOLUTE
    periConnParamUUID                        0x00012ff4   Data           0  rom1Sym.txt ABSOLUTE
    serviceChangedUUID                       0x00012ff6   Data           0  rom1Sym.txt ABSOLUTE
    validRangeUUID                           0x00012ff8   Data           0  rom1Sym.txt ABSOLUTE
    extReportRefUUID                         0x00012ffa   Data           0  rom1Sym.txt ABSOLUTE
    reportRefUUID                            0x00012ffc   Data           0  rom1Sym.txt ABSOLUTE
    supportedCmdsTable                       0x00013027   Data           0  rom1Sym.txt ABSOLUTE
    hciCmdTable                              0x00013068   Data           0  rom1Sym.txt ABSOLUTE
    SCA                                      0x00013070   Data           0  rom1Sym.txt ABSOLUTE
    zeroBlock                                0x00013080   Data           0  rom1Sym.txt ABSOLUTE
    jump_table_base                          0x1fff0800   Data        1024  jump_table.o(jump_table_mem_area)
    global_config                            0x1fff0c00   Data        1024  jump_table.o(global_config_area)
    hclk                                     0x1fff1010   Data           0  rom1Sym.txt ABSOLUTE
    pclk                                     0x1fff1014   Data           0  rom1Sym.txt ABSOLUTE
    hclk_per_us                              0x1fff1020   Data           0  rom1Sym.txt ABSOLUTE
    hclk_per_us_shift                        0x1fff1024   Data           0  rom1Sym.txt ABSOLUTE
    current_base_time                        0x1fff102c   Data           0  rom1Sym.txt ABSOLUTE
    osal_sys_tick                            0x1fff1030   Data           0  rom1Sym.txt ABSOLUTE
    current_fine_time                        0x1fff1034   Data           0  rom1Sym.txt ABSOLUTE
    rom_MID                                  0x1fff104c   Data           0  rom1Sym.txt ABSOLUTE
    rom_JID8                                 0x1fff104d   Data           0  rom1Sym.txt ABSOLUTE
    rom_JID0                                 0x1fff104e   Data           0  rom1Sym.txt ABSOLUTE
    Uart_status                              0x1fff1050   Data           0  rom1Sym.txt ABSOLUTE
    rx_overrun_flag                          0x1fff1051   Data           0  rom1Sym.txt ABSOLUTE
    uart_rx_wIdx                             0x1fff1054   Data           0  rom1Sym.txt ABSOLUTE
    uart_rx_rIdx                             0x1fff1058   Data           0  rom1Sym.txt ABSOLUTE
    uart_tx_wIdx                             0x1fff105c   Data           0  rom1Sym.txt ABSOLUTE
    uart_tx_rIdx                             0x1fff1060   Data           0  rom1Sym.txt ABSOLUTE
    g_uart_baud                              0x1fff1064   Data           0  rom1Sym.txt ABSOLUTE
    cmdValid                                 0x1fff1068   Data           0  rom1Sym.txt ABSOLUTE
    cmdParamValid                            0x1fff1069   Data           0  rom1Sym.txt ABSOLUTE
    receive_timeout_flag                     0x1fff106a   Data           0  rom1Sym.txt ABSOLUTE
    r_idx                                    0x1fff1074   Data           0  rom1Sym.txt ABSOLUTE
    ImageCount                               0x1fff1078   Data           0  rom1Sym.txt ABSOLUTE
    flash_addr                               0x1fff107c   Data           0  rom1Sym.txt ABSOLUTE
    image_size                               0x1fff1080   Data           0  rom1Sym.txt ABSOLUTE
    run_addr                                 0x1fff1084   Data           0  rom1Sym.txt ABSOLUTE
    time_begin                               0x1fff1088   Data           0  rom1Sym.txt ABSOLUTE
    time_end                                 0x1fff108c   Data           0  rom1Sym.txt ABSOLUTE
    adc_wIdx                                 0x1fff1090   Data           0  rom1Sym.txt ABSOLUTE
    adc_int_source                           0x1fff1092   Data           0  rom1Sym.txt ABSOLUTE
    baseTaskID                               0x1fff1098   Data           0  rom1Sym.txt ABSOLUTE
    OSAL_timeSeconds                         0x1fff10a4   Data           0  rom1Sym.txt ABSOLUTE
    ll_remain_time                           0x1fff10b0   Data           0  rom1Sym.txt ABSOLUTE
    pwrmgr_attribute                         0x1fff10b4   Data           0  rom1Sym.txt ABSOLUTE
    timerHead                                0x1fff10bc   Data           0  rom1Sym.txt ABSOLUTE
    osal_qHead                               0x1fff10c8   Data           0  rom1Sym.txt ABSOLUTE
    gapAppTaskID                             0x1fff10e4   Data           0  rom1Sym.txt ABSOLUTE
    gapProfileRole                           0x1fff10e5   Data           0  rom1Sym.txt ABSOLUTE
    gapDeviceAddrMode                        0x1fff10e6   Data           0  rom1Sym.txt ABSOLUTE
    gapAutoAdvPrivateAddrChange              0x1fff10e7   Data           0  rom1Sym.txt ABSOLUTE
    gapPrivateAddrChangeTimeout              0x1fff10e8   Data           0  rom1Sym.txt ABSOLUTE
    pGapDiscReq                              0x1fff1140   Data           0  rom1Sym.txt ABSOLUTE
    pGapAdvertState                          0x1fff1144   Data           0  rom1Sym.txt ABSOLUTE
    pEstLink                                 0x1fff114c   Data           0  rom1Sym.txt ABSOLUTE
    pAuthLink                                0x1fff1150   Data           0  rom1Sym.txt ABSOLUTE
    pfnCentralConnCBs                        0x1fff1154   Data           0  rom1Sym.txt ABSOLUTE
    gapUnwantedTaskID                        0x1fff1174   Data           0  rom1Sym.txt ABSOLUTE
    gapTaskID                                0x1fff1175   Data           0  rom1Sym.txt ABSOLUTE
    pfnPeripheralCBs                         0x1fff1178   Data           0  rom1Sym.txt ABSOLUTE
    indTaskId                                0x1fff1180   Data           0  rom1Sym.txt ABSOLUTE
    reqTaskId                                0x1fff1184   Data           0  rom1Sym.txt ABSOLUTE
    serverInfoTbl                            0x1fff118c   Data           0  rom1Sym.txt ABSOLUTE
    gattTaskID                               0x1fff1194   Data           0  rom1Sym.txt ABSOLUTE
    l2capTaskID                              0x1fff11a1   Data           0  rom1Sym.txt ABSOLUTE
    pPairingParams                           0x1fff11b4   Data           0  rom1Sym.txt ABSOLUTE
    pfnResponderCBs                          0x1fff11b8   Data           0  rom1Sym.txt ABSOLUTE
    smTaskID                                 0x1fff11cc   Data           0  rom1Sym.txt ABSOLUTE
    hciPTMenabled                            0x1fff11ce   Data           0  rom1Sym.txt ABSOLUTE
    ctrlToHostEnable                         0x1fff11cf   Data           0  rom1Sym.txt ABSOLUTE
    numHostBufs                              0x1fff11d0   Data           0  rom1Sym.txt ABSOLUTE
    hciCtrlCmdToken                          0x1fff11d2   Data           0  rom1Sym.txt ABSOLUTE
    bleEvtMask                               0x1fff11d3   Data           0  rom1Sym.txt ABSOLUTE
    pHciEvtMask                              0x1fff11d4   Data           0  rom1Sym.txt ABSOLUTE
    hciTaskID                                0x1fff11dc   Data           0  rom1Sym.txt ABSOLUTE
    hciTestTaskID                            0x1fff11dd   Data           0  rom1Sym.txt ABSOLUTE
    hciGapTaskID                             0x1fff11de   Data           0  rom1Sym.txt ABSOLUTE
    hciL2capTaskID                           0x1fff11df   Data           0  rom1Sym.txt ABSOLUTE
    hciSmpTaskID                             0x1fff11e0   Data           0  rom1Sym.txt ABSOLUTE
    hciExtTaskID                             0x1fff11e1   Data           0  rom1Sym.txt ABSOLUTE
    LL_TaskID                                0x1fff11e4   Data           0  rom1Sym.txt ABSOLUTE
    llState                                  0x1fff11e5   Data           0  rom1Sym.txt ABSOLUTE
    numTxDataBufs                            0x1fff11e6   Data           0  rom1Sym.txt ABSOLUTE
    numComplPkts                             0x1fff11e7   Data           0  rom1Sym.txt ABSOLUTE
    numComplPktsLimit                        0x1fff11e8   Data           0  rom1Sym.txt ABSOLUTE
    fastTxRespTime                           0x1fff11e9   Data           0  rom1Sym.txt ABSOLUTE
    g_llWlDeviceNum                          0x1fff11ea   Data           0  rom1Sym.txt ABSOLUTE
    rxFifoFlowCtrl                           0x1fff11eb   Data           0  rom1Sym.txt ABSOLUTE
    g_llHdcDirAdvTime                        0x1fff11f0   Data           0  rom1Sym.txt ABSOLUTE
    chanMapUpdate                            0x1fff11f4   Data           0  rom1Sym.txt ABSOLUTE
    verInfo                                  0x1fff1206   Data           0  rom1Sym.txt ABSOLUTE
    peerInfo                                 0x1fff120c   Data           0  rom1Sym.txt ABSOLUTE
    ctrlDataIsProcess                        0x1fff1213   Data           0  rom1Sym.txt ABSOLUTE
    ctrlDataIsPending                        0x1fff1214   Data           0  rom1Sym.txt ABSOLUTE
    connId                                   0x1fff1215   Data           0  rom1Sym.txt ABSOLUTE
    onePktPerEvt                             0x1fff1216   Data           0  rom1Sym.txt ABSOLUTE
    llWaitingIrq                             0x1fff1218   Data           0  rom1Sym.txt ABSOLUTE
    ISR_entry_time                           0x1fff121c   Data           0  rom1Sym.txt ABSOLUTE
    slave_conn_event_recv_delay              0x1fff1220   Data           0  rom1Sym.txt ABSOLUTE
    sleep_flag                               0x1fff1228   Data           0  rom1Sym.txt ABSOLUTE
    counter_tracking                         0x1fff1234   Data           0  rom1Sym.txt ABSOLUTE
    rd_idx                                   0x1fff1238   Data           0  rom1Sym.txt ABSOLUTE
    rom_urx_buf                              0x1fff1278   Data           0  rom1Sym.txt ABSOLUTE
    rom_utx_buf                              0x1fff1378   Data           0  rom1Sym.txt ABSOLUTE
    burn_buf                                 0x1fff1478   Data           0  rom1Sym.txt ABSOLUTE
    adc_buf                                  0x1fff14d0   Data           0  rom1Sym.txt ABSOLUTE
    cbTimers                                 0x1fff18d0   Data           0  rom1Sym.txt ABSOLUTE
    clientInfoTbl                            0x1fff2964   Data           0  rom1Sym.txt ABSOLUTE
    l2capFixedChannels                       0x1fff29bc   Data           0  rom1Sym.txt ABSOLUTE
    l2capChannels                            0x1fff29cc   Data           0  rom1Sym.txt ABSOLUTE
    adv_param                                0x1fff2a44   Data           0  rom1Sym.txt ABSOLUTE
    conn_param                               0x1fff2a5c   Data           0  rom1Sym.txt ABSOLUTE
    deviceFeatureSet                         0x1fff2b80   Data           0  rom1Sym.txt ABSOLUTE
    g_llWhitelist                            0x1fff2b89   Data           0  rom1Sym.txt ABSOLUTE
    ll_buf                                   0x1fff2bc4   Data           0  rom1Sym.txt ABSOLUTE
    g_pmCounters                             0x1fff310c   Data           0  rom1Sym.txt ABSOLUTE
    rfCounters                               0x1fff3180   Data           0  rom1Sym.txt ABSOLUTE
    whiten_seed                              0x1fff31b8   Data           0  rom1Sym.txt ABSOLUTE
    cachedTRNGdata                           0x1fff3200   Data           0  rom1Sym.txt ABSOLUTE
    __Vectors                                0x1fff4000   Data           4  startup_armcm0.o(RESET)
    __Vectors_End                            0x1fff40c0   Data           0  startup_armcm0.o(RESET)
    __main                                   0x1fff40c1   Thumb Code     0  entry.o(.ARM.Collect$$$$00000000)
    _main_stk                                0x1fff40c1   Thumb Code     0  entry2.o(.ARM.Collect$$$$00000001)
    _main_scatterload                        0x1fff40c5   Thumb Code     0  entry5.o(.ARM.Collect$$$$00000004)
    __main_after_scatterload                 0x1fff40c9   Thumb Code     0  entry5.o(.ARM.Collect$$$$00000004)
    _main_clock                              0x1fff40c9   Thumb Code     0  entry7b.o(.ARM.Collect$$$$00000008)
    _main_cpp_init                           0x1fff40c9   Thumb Code     0  entry8b.o(.ARM.Collect$$$$0000000A)
    _main_init                               0x1fff40c9   Thumb Code     0  entry9a.o(.ARM.Collect$$$$0000000B)
    __rt_final_cpp                           0x1fff40d1   Thumb Code     0  entry10a.o(.ARM.Collect$$$$0000000D)
    __rt_final_exit                          0x1fff40d1   Thumb Code     0  entry11a.o(.ARM.Collect$$$$0000000F)
    Reset_Handler                            0x1fff40d5   Thumb Code     8  startup_armcm0.o(.text)
    NMI_Handler                              0x1fff40dd   Thumb Code     2  startup_armcm0.o(.text)
    HardFault_Handler                        0x1fff40df   Thumb Code     2  startup_armcm0.o(.text)
    SVC_Handler                              0x1fff40e1   Thumb Code     2  startup_armcm0.o(.text)
    PendSV_Handler                           0x1fff40e3   Thumb Code     2  startup_armcm0.o(.text)
    SysTick_Handler                          0x1fff40e5   Thumb Code     2  startup_armcm0.o(.text)
    AACI_IRQHandler                          0x1fff40e7   Thumb Code     0  startup_armcm0.o(.text)
    CAN_IRQHandler                           0x1fff40e7   Thumb Code     0  startup_armcm0.o(.text)
    CHLCD_IRQHandler                         0x1fff40e7   Thumb Code     0  startup_armcm0.o(.text)
    CLCD_IRQHandler                          0x1fff40e7   Thumb Code     0  startup_armcm0.o(.text)
    CPU_CLCD_IRQHandler                      0x1fff40e7   Thumb Code     0  startup_armcm0.o(.text)
    ENET_IRQHandler                          0x1fff40e7   Thumb Code     0  startup_armcm0.o(.text)
    FLEXRAY_IRQHandler                       0x1fff40e7   Thumb Code     0  startup_armcm0.o(.text)
    I2C_IRQHandler                           0x1fff40e7   Thumb Code     0  startup_armcm0.o(.text)
    LIN_IRQHandler                           0x1fff40e7   Thumb Code     0  startup_armcm0.o(.text)
    MCIA_IRQHandler                          0x1fff40e7   Thumb Code     0  startup_armcm0.o(.text)
    MCIB_IRQHandler                          0x1fff40e7   Thumb Code     0  startup_armcm0.o(.text)
    RTC_IRQHandler                           0x1fff40e7   Thumb Code     0  startup_armcm0.o(.text)
    SPI_IRQHandler                           0x1fff40e7   Thumb Code     0  startup_armcm0.o(.text)
    TIM0_IRQHandler                          0x1fff40e7   Thumb Code     0  startup_armcm0.o(.text)
    TIM2_IRQHandler                          0x1fff40e7   Thumb Code     0  startup_armcm0.o(.text)
    UART0_IRQHandler                         0x1fff40e7   Thumb Code     0  startup_armcm0.o(.text)
    UART1_IRQHandler                         0x1fff40e7   Thumb Code     0  startup_armcm0.o(.text)
    UART2_IRQHandler                         0x1fff40e7   Thumb Code     0  startup_armcm0.o(.text)
    UART3_IRQHandler                         0x1fff40e7   Thumb Code     0  startup_armcm0.o(.text)
    UART4_IRQHandler                         0x1fff40e7   Thumb Code     0  startup_armcm0.o(.text)
    USBDC_IRQHandler                         0x1fff40e7   Thumb Code     0  startup_armcm0.o(.text)
    USBHC_IRQHandler                         0x1fff40e7   Thumb Code     0  startup_armcm0.o(.text)
    WDT_IRQHandler                           0x1fff40e7   Thumb Code     0  startup_armcm0.o(.text)
    __aeabi_memcpy                           0x1fff40f1   Thumb Code    36  memcpya.o(.text)
    __aeabi_memcpy4                          0x1fff40f1   Thumb Code     0  memcpya.o(.text)
    __aeabi_memcpy8                          0x1fff40f1   Thumb Code     0  memcpya.o(.text)
    __aeabi_memset                           0x1fff4115   Thumb Code    14  memseta.o(.text)
    __aeabi_memset4                          0x1fff4115   Thumb Code     0  memseta.o(.text)
    __aeabi_memset8                          0x1fff4115   Thumb Code     0  memseta.o(.text)
    __aeabi_memclr                           0x1fff4123   Thumb Code     4  memseta.o(.text)
    __aeabi_memclr4                          0x1fff4123   Thumb Code     0  memseta.o(.text)
    __aeabi_memclr8                          0x1fff4123   Thumb Code     0  memseta.o(.text)
    _memset$wrapper                          0x1fff4127   Thumb Code    18  memseta.o(.text)
    __aeabi_uread4                           0x1fff4139   Thumb Code    20  uread4.o(.text)
    __rt_uread4                              0x1fff4139   Thumb Code     0  uread4.o(.text)
    _uread4                                  0x1fff4139   Thumb Code     0  uread4.o(.text)
    __scatterload                            0x1fff414d   Thumb Code    28  init.o(.text)
    __scatterload_rt2                        0x1fff414d   Thumb Code     0  init.o(.text)
    __decompress                             0x1fff4171   Thumb Code     0  __dczerorl.o(.text)
    __decompress0                            0x1fff4171   Thumb Code    58  __dczerorl.o(.text)
    Long Thumb to Thumb Veneer to LL_ENC_LoadKey 0x1fff41ad   Thumb Code    12  anon$$obj.o(Veneer$$Code)
    Long Thumb to Thumb Veneer to LL_ENC_GenerateNonce 0x1fff41b9   Thumb Code    12  anon$$obj.o(Veneer$$Code)
    Long Thumb to Thumb Veneer to read_current_fine_time 0x1fff41c5   Thumb Code    12  anon$$obj.o(Veneer$$Code)
    Long Thumb to Thumb Veneer to ll_debug_output 0x1fff41d1   Thumb Code    12  anon$$obj.o(Veneer$$Code)
    Long Thumb to Thumb Veneer to ll_hw_get_irq_status 0x1fff41dd   Thumb Code    12  anon$$obj.o(Veneer$$Code)
    Long Thumb to Thumb Veneer to ll_hw_get_tr_mode 0x1fff41e9   Thumb Code    12  anon$$obj.o(Veneer$$Code)
    Long Thumb to Thumb Veneer to ll_hw_clr_irq 0x1fff41f5   Thumb Code    12  anon$$obj.o(Veneer$$Code)
    Long Thumb to Thumb Veneer to ll_hw_read_rfifo 0x1fff4201   Thumb Code    12  anon$$obj.o(Veneer$$Code)
    Long Thumb to Thumb Veneer to ll_hw_set_stx 0x1fff420d   Thumb Code    12  anon$$obj.o(Veneer$$Code)
    Long Thumb to Thumb Veneer to ll_hw_set_trx_settle 0x1fff4219   Thumb Code    12  anon$$obj.o(Veneer$$Code)
    Long Thumb to Thumb Veneer to ll_hw_go   0x1fff4225   Thumb Code    12  anon$$obj.o(Veneer$$Code)
    Long Thumb to Thumb Veneer to ll_hw_rst_rfifo 0x1fff4231   Thumb Code    12  anon$$obj.o(Veneer$$Code)
    Long Thumb to Thumb Veneer to ll_hw_rst_tfifo 0x1fff423d   Thumb Code    12  anon$$obj.o(Veneer$$Code)
    Long Thumb to Thumb Veneer to ll_hw_write_tfifo 0x1fff4249   Thumb Code    12  anon$$obj.o(Veneer$$Code)
    Long Thumb to Thumb Veneer to osal_memcpy 0x1fff4255   Thumb Code    12  anon$$obj.o(Veneer$$Code)
    Long Thumb to Thumb Veneer to move_to_slave_function 0x1fff4261   Thumb Code    12  anon$$obj.o(Veneer$$Code)
    Long Thumb to Thumb Veneer to ll_hw_get_loop_cycle 0x1fff426d   Thumb Code    12  anon$$obj.o(Veneer$$Code)
    Long Thumb to Thumb Veneer to __aeabi_uidivmod 0x1fff4279   Thumb Code    12  anon$$obj.o(Veneer$$Code)
    Long Thumb to Thumb Veneer to ll_hw_get_anchor 0x1fff4285   Thumb Code    12  anon$$obj.o(Veneer$$Code)
    Long Thumb to Thumb Veneer to ll_hw_get_txAck 0x1fff4291   Thumb Code    12  anon$$obj.o(Veneer$$Code)
    Long Thumb to Thumb Veneer to ll_hw_update 0x1fff429d   Thumb Code    12  anon$$obj.o(Veneer$$Code)
    Long Thumb to Thumb Veneer to ll_hw_process_RTO 0x1fff42a9   Thumb Code    12  anon$$obj.o(Veneer$$Code)
    Long Thumb to Thumb Veneer to ll_hw_read_tfifo_rtlp 0x1fff42b5   Thumb Code    12  anon$$obj.o(Veneer$$Code)
    Long Thumb to Thumb Veneer to ll_read_rxfifo 0x1fff42c1   Thumb Code    12  anon$$obj.o(Veneer$$Code)
    Long Thumb to Thumb Veneer to llSlaveEvt_TaskEndOk 0x1fff42cd   Thumb Code    12  anon$$obj.o(Veneer$$Code)
    Long Thumb to Thumb Veneer to __ARM_common_switch8 0x1fff42d9   Thumb Code    12  anon$$obj.o(Veneer$$Code)
    Long Thumb to Thumb Veneer to llResetRfCounters 0x1fff42e5   Thumb Code    12  anon$$obj.o(Veneer$$Code)
    Long Thumb to Thumb Veneer to set_crc_seed 0x1fff42f1   Thumb Code    12  anon$$obj.o(Veneer$$Code)
    Long Thumb to Thumb Veneer to set_access_address 0x1fff42fd   Thumb Code    12  anon$$obj.o(Veneer$$Code)
    Long Thumb to Thumb Veneer to set_channel 0x1fff4309   Thumb Code    12  anon$$obj.o(Veneer$$Code)
    Long Thumb to Thumb Veneer to set_whiten_seed 0x1fff4315   Thumb Code    12  anon$$obj.o(Veneer$$Code)
    Long Thumb to Thumb Veneer to ll_hw_set_rx_timeout_1st 0x1fff4321   Thumb Code    12  anon$$obj.o(Veneer$$Code)
    Long Thumb to Thumb Veneer to ll_hw_set_loop_timeout 0x1fff432d   Thumb Code    12  anon$$obj.o(Veneer$$Code)
    Long Thumb to Thumb Veneer to ll_hw_set_loop_nack_num 0x1fff4339   Thumb Code    12  anon$$obj.o(Veneer$$Code)
    Long Thumb to Thumb Veneer to ll_hw_ign_rfifo 0x1fff4345   Thumb Code    12  anon$$obj.o(Veneer$$Code)
    Long Thumb to Thumb Veneer to ll_generateTxBuffer 0x1fff4351   Thumb Code    12  anon$$obj.o(Veneer$$Code)
    Long Thumb to Thumb Veneer to ll_hw_config 0x1fff435d   Thumb Code    12  anon$$obj.o(Veneer$$Code)
    Long Thumb to Thumb Veneer to clearTimerInt 0x1fff4369   Thumb Code    12  anon$$obj.o(Veneer$$Code)
    Long Thumb to Thumb Veneer to clear_timer 0x1fff4375   Thumb Code    12  anon$$obj.o(Veneer$$Code)
    Long Thumb to Thumb Veneer to LL_evt_schedule 0x1fff4381   Thumb Code    12  anon$$obj.o(Veneer$$Code)
    Long Thumb to Thumb Veneer to osal_init_system 0x1fff438d   Thumb Code    12  anon$$obj.o(Veneer$$Code)
    Long Thumb to Thumb Veneer to osal_pwrmgr_device 0x1fff4399   Thumb Code    12  anon$$obj.o(Veneer$$Code)
    Long Thumb to Thumb Veneer to osal_start_system 0x1fff43a5   Thumb Code    12  anon$$obj.o(Veneer$$Code)
    Long Thumb to Thumb Veneer to config_RTC 0x1fff43b1   Thumb Code    12  anon$$obj.o(Veneer$$Code)
    Long Thumb to Thumb Veneer to set_sleep_flag 0x1fff43bd   Thumb Code    12  anon$$obj.o(Veneer$$Code)
    Long Thumb to Thumb Veneer to enter_sleep_off_mode 0x1fff43c9   Thumb Code    12  anon$$obj.o(Veneer$$Code)
    Long Thumb to Thumb Veneer to disableSleep 0x1fff43d5   Thumb Code    12  anon$$obj.o(Veneer$$Code)
    Long Thumb to Thumb Veneer to enableSleep 0x1fff43e1   Thumb Code    12  anon$$obj.o(Veneer$$Code)
    Long Thumb to Thumb Veneer to boot_init  0x1fff43ed   Thumb Code    12  anon$$obj.o(Veneer$$Code)
    Long Thumb to Thumb Veneer to wakeup_init 0x1fff43f9   Thumb Code    12  anon$$obj.o(Veneer$$Code)
    Long Thumb to Thumb Veneer to getRxBufferSize 0x1fff4405   Thumb Code    12  anon$$obj.o(Veneer$$Code)
    Long Thumb to Thumb Veneer to get_rx_read_ptr 0x1fff4411   Thumb Code    12  anon$$obj.o(Veneer$$Code)
    Long Thumb to Thumb Veneer to LL_RX_bm_alloc 0x1fff441d   Thumb Code    12  anon$$obj.o(Veneer$$Code)
    Long Thumb to Thumb Veneer to LL_ENC_Decrypt 0x1fff4429   Thumb Code    12  anon$$obj.o(Veneer$$Code)
    Long Thumb to Thumb Veneer to LL_RxDataCompleteCback 0x1fff4435   Thumb Code    12  anon$$obj.o(Veneer$$Code)
    Long Thumb to Thumb Veneer to update_rx_read_ptr 0x1fff4441   Thumb Code    12  anon$$obj.o(Veneer$$Code)
    Long Thumb to Thumb Veneer to llConnTerminate 0x1fff444d   Thumb Code    12  anon$$obj.o(Veneer$$Code)
    Long Thumb to Thumb Veneer to osal_bm_free 0x1fff4459   Thumb Code    12  anon$$obj.o(Veneer$$Code)
    Long Thumb to Thumb Veneer to llProcessSlaveControlPacket 0x1fff4465   Thumb Code    12  anon$$obj.o(Veneer$$Code)
    Long Thumb to Thumb Veneer to llProcessMasterControlPacket 0x1fff4471   Thumb Code    12  anon$$obj.o(Veneer$$Code)
    Long Thumb to Thumb Veneer to llSetupTermInd 0x1fff447d   Thumb Code    12  anon$$obj.o(Veneer$$Code)
    Long Thumb to Thumb Veneer to llDequeueCtrlPkt 0x1fff4489   Thumb Code    12  anon$$obj.o(Veneer$$Code)
    Long Thumb to Thumb Veneer to LL_EncLtkReqCback 0x1fff4495   Thumb Code    12  anon$$obj.o(Veneer$$Code)
    Long Thumb to Thumb Veneer to LL_ENC_AES128_Encrypt 0x1fff44a1   Thumb Code    12  anon$$obj.o(Veneer$$Code)
    Long Thumb to Thumb Veneer to llReplaceCtrlPkt 0x1fff44ad   Thumb Code    12  anon$$obj.o(Veneer$$Code)
    Long Thumb to Thumb Veneer to llSetupStartEncReq 0x1fff44b9   Thumb Code    12  anon$$obj.o(Veneer$$Code)
    Long Thumb to Thumb Veneer to llSetupStartEncRsp 0x1fff44c5   Thumb Code    12  anon$$obj.o(Veneer$$Code)
    Long Thumb to Thumb Veneer to LL_EncChangeCback 0x1fff44d1   Thumb Code    12  anon$$obj.o(Veneer$$Code)
    Long Thumb to Thumb Veneer to LL_EncKeyRefreshCback 0x1fff44dd   Thumb Code    12  anon$$obj.o(Veneer$$Code)
    Long Thumb to Thumb Veneer to llSetupPauseEncRsp 0x1fff44e9   Thumb Code    12  anon$$obj.o(Veneer$$Code)
    Long Thumb to Thumb Veneer to llSetupFeatureSetReq 0x1fff44f5   Thumb Code    12  anon$$obj.o(Veneer$$Code)
    Long Thumb to Thumb Veneer to LL_ReadRemoteUsedFeaturesCompleteCback 0x1fff4501   Thumb Code    12  anon$$obj.o(Veneer$$Code)
    Long Thumb to Thumb Veneer to llSetupFeatureSetRsp 0x1fff450d   Thumb Code    12  anon$$obj.o(Veneer$$Code)
    Long Thumb to Thumb Veneer to llSetupVersionIndReq 0x1fff4519   Thumb Code    12  anon$$obj.o(Veneer$$Code)
    Long Thumb to Thumb Veneer to LL_ReadRemoteVersionInfoCback 0x1fff4525   Thumb Code    12  anon$$obj.o(Veneer$$Code)
    Long Thumb to Thumb Veneer to llSetupUnknownRsp 0x1fff4531   Thumb Code    12  anon$$obj.o(Veneer$$Code)
    Long Thumb to Thumb Veneer to osal_memset 0x1fff453d   Thumb Code    12  anon$$obj.o(Veneer$$Code)
    Long Thumb to Thumb Veneer to llGetNextAdvChn 0x1fff4549   Thumb Code    12  anon$$obj.o(Veneer$$Code)
    Long Thumb to Thumb Veneer to LL_Reset   0x1fff4555   Thumb Code    12  anon$$obj.o(Veneer$$Code)
    Long Thumb to Thumb Veneer to osal_set_event 0x1fff4561   Thumb Code    12  anon$$obj.o(Veneer$$Code)
    Long Thumb to Thumb Veneer to ll_schedule_next_event 0x1fff456d   Thumb Code    12  anon$$obj.o(Veneer$$Code)
    Long Thumb to Thumb Veneer to set_max_length 0x1fff4579   Thumb Code    12  anon$$obj.o(Veneer$$Code)
    Long Thumb to Thumb Veneer to ll_hw_set_trx 0x1fff4585   Thumb Code    12  anon$$obj.o(Veneer$$Code)
    Long Thumb to Thumb Veneer to getTxBufferSize 0x1fff4591   Thumb Code    12  anon$$obj.o(Veneer$$Code)
    Long Thumb to Thumb Veneer to llMemCopyDst 0x1fff459d   Thumb Code    12  anon$$obj.o(Veneer$$Code)
    Long Thumb to Thumb Veneer to LL_ENC_ReverseBytes 0x1fff45a9   Thumb Code    12  anon$$obj.o(Veneer$$Code)
    Long Thumb to Thumb Veneer to get_timer3_count 0x1fff45b5   Thumb Code    12  anon$$obj.o(Veneer$$Code)
    Long Thumb to Thumb Veneer to LL_set_default_conn_params 0x1fff45c1   Thumb Code    12  anon$$obj.o(Veneer$$Code)
    Long Thumb to Thumb Veneer to reset_conn_buf 0x1fff45cd   Thumb Code    12  anon$$obj.o(Veneer$$Code)
    Long Thumb to Thumb Veneer to llMemCopySrc 0x1fff45d9   Thumb Code    12  anon$$obj.o(Veneer$$Code)
    Long Thumb to Thumb Veneer to llConvertLstoToEvent 0x1fff45e5   Thumb Code    12  anon$$obj.o(Veneer$$Code)
    Long Thumb to Thumb Veneer to llConvertCtrlProcTimeoutToEvent 0x1fff45f1   Thumb Code    12  anon$$obj.o(Veneer$$Code)
    Long Thumb to Thumb Veneer to llProcessChanMap 0x1fff45fd   Thumb Code    12  anon$$obj.o(Veneer$$Code)
    Long Thumb to Thumb Veneer to llGetNextDataChan 0x1fff4609   Thumb Code    12  anon$$obj.o(Veneer$$Code)
    Long Thumb to Thumb Veneer to llCalcTimerDrift 0x1fff4615   Thumb Code    12  anon$$obj.o(Veneer$$Code)
    Long Thumb to Thumb Veneer to osal_mem_alloc 0x1fff4621   Thumb Code    12  anon$$obj.o(Veneer$$Code)
    Long Thumb to Thumb Veneer to LL_Init    0x1fff462d   Thumb Code    12  anon$$obj.o(Veneer$$Code)
    Long Thumb to Thumb Veneer to isSleepAllow 0x1fff4639   Thumb Code    12  anon$$obj.o(Veneer$$Code)
    Long Thumb to Thumb Veneer to osal_next_timeout 0x1fff4645   Thumb Code    12  anon$$obj.o(Veneer$$Code)
    Long Thumb to Thumb Veneer to read_LL_remainder_time 0x1fff4651   Thumb Code    12  anon$$obj.o(Veneer$$Code)
    Long Thumb to Thumb Veneer to getSleepMode 0x1fff465d   Thumb Code    12  anon$$obj.o(Veneer$$Code)
    Long Thumb to Thumb Veneer to enterSleepProcess 0x1fff4669   Thumb Code    12  anon$$obj.o(Veneer$$Code)
    Long Thumb to Thumb Veneer to strlen     0x1fff4675   Thumb Code    12  anon$$obj.o(Veneer$$Code)
    Long Thumb to Thumb Veneer to osal_start_timerEx 0x1fff4681   Thumb Code    12  anon$$obj.o(Veneer$$Code)
    Long Thumb to Thumb Veneer to osal_msg_receive 0x1fff468d   Thumb Code    12  anon$$obj.o(Veneer$$Code)
    Long Thumb to Thumb Veneer to osal_msg_deallocate 0x1fff4699   Thumb Code    12  anon$$obj.o(Veneer$$Code)
    Long Thumb to Thumb Veneer to ll_hw_set_rx_tx_interval 0x1fff46a5   Thumb Code    12  anon$$obj.o(Veneer$$Code)
    Long Thumb to Thumb Veneer to ll_hw_set_tx_rx_interval 0x1fff46b1   Thumb Code    12  anon$$obj.o(Veneer$$Code)
    Long Thumb to Thumb Veneer to rf_init    0x1fff46bd   Thumb Code    12  anon$$obj.o(Veneer$$Code)
    Long Thumb to Thumb Veneer to osalTimeUpdate 0x1fff46c9   Thumb Code    12  anon$$obj.o(Veneer$$Code)
    Long Thumb to Thumb Veneer to set_timer1 0x1fff46d5   Thumb Code    12  anon$$obj.o(Veneer$$Code)
    Long Thumb to Thumb Veneer to app_wakeup_process 0x1fff46e1   Thumb Code    12  anon$$obj.o(Veneer$$Code)
    Long Thumb to Thumb Veneer to set_timer  0x1fff46ed   Thumb Code    12  anon$$obj.o(Veneer$$Code)
    Long Thumb to Thumb Veneer to ll_hw_set_empty_head 0x1fff46f9   Thumb Code    12  anon$$obj.o(Veneer$$Code)
    Long Thumb to Thumb Veneer to ll_hw_set_rx_timeout 0x1fff4705   Thumb Code    12  anon$$obj.o(Veneer$$Code)
    Long Thumb to Thumb Veneer to ll_hw_set_timing 0x1fff4711   Thumb Code    12  anon$$obj.o(Veneer$$Code)
    LL_ENC_Decrypt0                          0x1fff471d   Thumb Code   318  patch.o(i.LL_ENC_Decrypt0)
    LL_ENC_Encrypt0                          0x1fff486d   Thumb Code   316  patch.o(i.LL_ENC_Encrypt0)
    LL_IRQHandler1                           0x1fff49b5   Thumb Code  1170  patch.o(i.LL_IRQHandler1)
    LL_SetAdvParam1                          0x1fff4e49   Thumb Code   570  patch.o(i.LL_SetAdvParam1)
    LL_set_default_conn_params1              0x1fff509d   Thumb Code    58  patch.o(i.LL_set_default_conn_params1)
    LL_slave_conn_event1                     0x1fff50e1   Thumb Code   316  patch.o(i.LL_slave_conn_event1)
    SystemInit                               0x1fff52d5   Thumb Code     8  system_armcm0.o(i.SystemInit)
    TIM0_IRQHandler1                         0x1fff52e5   Thumb Code    96  patch.o(i.TIM0_IRQHandler1)
    WaitRTCCount                             0x1fff5351   Thumb Code    32  common.o(i.WaitRTCCount)
    __scatterload_copy                       0x1fff5379   Thumb Code    14  handlers.o(i.__scatterload_copy)
    __scatterload_null                       0x1fff5387   Thumb Code     2  handlers.o(i.__scatterload_null)
    __scatterload_zeroinit                   0x1fff5389   Thumb Code    14  handlers.o(i.__scatterload_zeroinit)
    app_main                                 0x1fff5397   Thumb Code    20  voice_main.o(i.app_main)
    clk_gate_disable                         0x1fff53bd   Thumb Code    20  clock.o(i.clk_gate_disable)
    clk_gate_enable                          0x1fff53d1   Thumb Code    20  clock.o(i.clk_gate_enable)
    clk_pclk                                 0x1fff53e5   Thumb Code     6  clock.o(i.clk_pclk)
    enterSleepProcess1                       0x1fff53f1   Thumb Code   228  patch.o(i.enterSleepProcess1)
    getPN23RandNumber                        0x1fff54e9   Thumb Code    36  patch.o(i.getPN23RandNumber)
    hal_ADC_IRQHandler                       0x1fff5681   Thumb Code   136  adc.o(i.hal_ADC_IRQHandler)
    hal_GPIO_IRQHandler                      0x1fff5719   Thumb Code    20  gpio.o(i.hal_GPIO_IRQHandler)
    hal_UART0_IRQHandler                     0x1fff5731   Thumb Code    58  uart.o(i.hal_UART0_IRQHandler)
    hal_VOICE_IRQHandler                     0x1fff5771   Thumb Code   110  voice.o(i.hal_VOICE_IRQHandler)
    hal_adc_clock_config                     0x1fff57ed   Thumb Code    18  adc.o(i.hal_adc_clock_config)
    hal_adc_stop                             0x1fff5805   Thumb Code   108  adc.o(i.hal_adc_stop)
    hal_cpyMem                               0x1fff5889   Thumb Code    16  common.o(i.hal_cpyMem)
    hal_gpio_cfg_analog_io                   0x1fff5899   Thumb Code    58  gpio.o(i.hal_gpio_cfg_analog_io)
    hal_gpio_fmux                            0x1fff58d9   Thumb Code    34  gpio.o(i.hal_gpio_fmux)
    hal_gpio_fmux_set                        0x1fff5901   Thumb Code    42  gpio.o(i.hal_gpio_fmux_set)
    hal_gpio_init                            0x1fff5931   Thumb Code    70  gpio.o(i.hal_gpio_init)
    hal_gpio_pin_init                        0x1fff598d   Thumb Code    92  gpio.o(i.hal_gpio_pin_init)
    hal_gpio_pull_set                        0x1fff59f1   Thumb Code    52  gpio.o(i.hal_gpio_pull_set)
    hal_gpio_read                            0x1fff5a29   Thumb Code    52  gpio.o(i.hal_gpio_read)
    hal_gpio_wakeup_set                      0x1fff5a61   Thumb Code    76  gpio.o(i.hal_gpio_wakeup_set)
    hal_gpioin_enable                        0x1fff5ab1   Thumb Code   112  gpio.o(i.hal_gpioin_enable)
    hal_init                                 0x1fff5b25   Thumb Code    36  main.o(i.hal_init)
    hal_pwrmgr_RAM_retention                 0x1fff5b61   Thumb Code    20  pwrmgr.o(i.hal_pwrmgr_RAM_retention)
    hal_pwrmgr_RAM_retention_clr             0x1fff5b79   Thumb Code    18  pwrmgr.o(i.hal_pwrmgr_RAM_retention_clr)
    hal_pwrmgr_RAM_retention_set             0x1fff5b91   Thumb Code    20  pwrmgr.o(i.hal_pwrmgr_RAM_retention_set)
    hal_pwrmgr_init                          0x1fff5bad   Thumb Code    44  pwrmgr.o(i.hal_pwrmgr_init)
    hal_pwrmgr_lock                          0x1fff5be1   Thumb Code    74  pwrmgr.o(i.hal_pwrmgr_lock)
    hal_pwrmgr_register                      0x1fff5c35   Thumb Code    62  pwrmgr.o(i.hal_pwrmgr_register)
    hal_pwrmgr_sleep_process                 0x1fff5c79   Thumb Code    42  pwrmgr.o(i.hal_pwrmgr_sleep_process)
    hal_pwrmgr_unlock                        0x1fff5ca9   Thumb Code    86  pwrmgr.o(i.hal_pwrmgr_unlock)
    hal_pwrmgr_wakeup_process                0x1fff5d09   Thumb Code    42  pwrmgr.o(i.hal_pwrmgr_wakeup_process)
    hal_rom_code_ini                         0x1fff5da9   Thumb Code    86  patch.o(i.hal_rom_code_ini)
    hal_rtc_clock_config                     0x1fff5e0d   Thumb Code   126  clock.o(i.hal_rtc_clock_config)
    hal_system_init                          0x1fff5e99   Thumb Code   176  common.o(i.hal_system_init)
    hal_uart_get_tx_ready                    0x1fff5f69   Thumb Code    22  uart.o(i.hal_uart_get_tx_ready)
    hal_uart_init                            0x1fff5f85   Thumb Code    76  uart.o(i.hal_uart_init)
    hal_uart_send_buff                       0x1fff5fd9   Thumb Code    22  uart.o(i.hal_uart_send_buff)
    hal_voice_amic_gain                      0x1fff5ff5   Thumb Code    62  voice.o(i.hal_voice_amic_gain)
    hal_voice_amic_mode                      0x1fff6039   Thumb Code    62  voice.o(i.hal_voice_amic_mode)
    hal_voice_amute_off                      0x1fff6081   Thumb Code    16  voice.o(i.hal_voice_amute_off)
    hal_voice_amute_on                       0x1fff6095   Thumb Code    16  voice.o(i.hal_voice_amute_on)
    hal_voice_dmic_mode                      0x1fff60a9   Thumb Code    16  voice.o(i.hal_voice_dmic_mode)
    hal_voice_dmic_open                      0x1fff60bd   Thumb Code    20  voice.o(i.hal_voice_dmic_open)
    hal_voice_encode                         0x1fff60d1   Thumb Code    16  voice.o(i.hal_voice_encode)
    hal_voice_gain                           0x1fff60e5   Thumb Code    16  voice.o(i.hal_voice_gain)
    hal_voice_init                           0x1fff60f9   Thumb Code   270  voice.o(i.hal_voice_init)
    hal_voice_rate                           0x1fff6215   Thumb Code    16  voice.o(i.hal_voice_rate)
    hal_voice_start                          0x1fff6229   Thumb Code    68  voice.o(i.hal_voice_start)
    hal_voice_stop                           0x1fff627d   Thumb Code    46  voice.o(i.hal_voice_stop)
    hard_fault                               0x1fff62b9   Thumb Code    24  jump_table.o(i.hard_fault)
    init_config                              0x1fff62dd   Thumb Code   254  patch.o(i.init_config)
    llProcessRxData1                         0x1fff6521   Thumb Code   330  patch.o(i.llProcessRxData1)
    llProcessSlaveControlProcedures0         0x1fff6681   Thumb Code   638  patch.o(i.llProcessSlaveControlProcedures0)
    llSetupDirectedAdvEvt1                   0x1fff6905   Thumb Code   350  patch.o(i.llSetupDirectedAdvEvt1)
    llSetupEncRsp0                           0x1fff6a99   Thumb Code   120  patch.o(i.llSetupEncRsp0)
    llSetupRejectInd1                        0x1fff6b21   Thumb Code    38  patch.o(i.llSetupRejectInd1)
    llSetupUndirectedAdvEvt1                 0x1fff6b59   Thumb Code   210  patch.o(i.llSetupUndirectedAdvEvt1)
    ll_adptive_smart_window                  0x1fff6c51   Thumb Code   156  patch.o(i.ll_adptive_smart_window)
    ll_hw_go1                                0x1fff6cfd   Thumb Code   112  patch.o(i.ll_hw_go1)
    main                                     0x1fff6d8d   Thumb Code    36  main.o(i.main)
    move_to_slave_function1                  0x1fff6db5   Thumb Code   500  patch.o(i.move_to_slave_function1)
    osalInitTasks                            0x1fff6fd9   Thumb Code    38  osal_voice.o(i.osalInitTasks)
    osal_pwrmgr_powerconserve1               0x1fff7005   Thumb Code   258  patch.o(i.osal_pwrmgr_powerconserve1)
    phy_printf                               0x1fff7135   Thumb Code    50  my_printf.o(i.phy_printf)
    phy_printf_init                          0x1fff7171   Thumb Code    12  my_printf.o(i.phy_printf_init)
    rf_calibrate1                            0x1fff73a1   Thumb Code    88  patch.o(i.rf_calibrate1)
    rf_phy_ana_cfg                           0x1fff7401   Thumb Code   122  rf_phy_driver.o(i.rf_phy_ana_cfg)
    rf_phy_bb_cfg                            0x1fff74a1   Thumb Code   180  rf_phy_driver.o(i.rf_phy_bb_cfg)
    rf_phy_ini                               0x1fff75b1   Thumb Code    22  rf_phy_driver.o(i.rf_phy_ini)
    rf_phy_set_txPower                       0x1fff75cd   Thumb Code    42  rf_phy_driver.o(i.rf_phy_set_txPower)
    rf_rxDcoc_cfg                            0x1fff7601   Thumb Code   216  rf_phy_driver.o(i.rf_rxDcoc_cfg)
    rf_tpCal_gen_cap_arrary                  0x1fff7709   Thumb Code   146  rf_phy_driver.o(i.rf_tpCal_gen_cap_arrary)
    rf_tp_cal                                0x1fff77a5   Thumb Code   110  rf_phy_driver.o(i.rf_tp_cal)
    subWriteReg                              0x1fff78dd   Thumb Code    36  common.o(i.subWriteReg)
    voice_Init                               0x1fff7b65   Thumb Code    12  voice_demo.o(i.voice_Init)
    voice_ProcessEvent                       0x1fff7b75   Thumb Code    92  voice_demo.o(i.voice_ProcessEvent)
    wakeupProcess1                           0x1fff7c75   Thumb Code   270  patch.o(i.wakeupProcess1)
    wakeup_init1                             0x1fff7db1   Thumb Code   144  patch.o(i.wakeup_init1)
    tasksArr                                 0x1fff7e74   Data           8  osal_voice.o(.constdata)
    tasksCnt                                 0x1fff7e7c   Data           1  osal_voice.o(.constdata)
    Region$$Table$$Base                      0x1fff7ea4   Number         0  anon$$obj.o(Region$$Table)
    Region$$Table$$Limit                     0x1fff7ee4   Number         0  anon$$obj.o(Region$$Table)
    tasksEvents                              0x20010008   Data           4  osal_voice.o(.data)
    put_char_size                            0x2001000c   Data           2  my_printf.o(.data)
    SystemCoreClock                          0x20010018   Data           4  system_armcm0.o(.data)
    g_same_rf_channel_flag                   0x2001001c   Data           1  patch.o(.data)
    pGlobal_config                           0x20010020   Data           4  patch.o(.data)
    g_smartWindowLater                       0x20010024   Data           4  patch.o(.data)
    g_smartWindowSize                        0x20010028   Data           4  patch.o(.data)
    g_smartWindowActiveCnt                   0x2001002c   Data           4  patch.o(.data)
    g_smartWindowPreAnchPoint                0x20010030   Data           4  patch.o(.data)
    g_counter_traking_avg                    0x20010034   Data           4  patch.o(.data)
    g_getPn23_cnt                            0x20010038   Data           4  patch.o(.data)
    g_getPn23_seed                           0x2001003c   Data           4  patch.o(.data)
    pCtrlData                                0x20010040   Data           4  patch.o(.data)
    g_rfPhyXtalCap                           0x20010044   Data           1  rf_phy_driver.o(.data)
    g_rfPhyTpCal0                            0x20010045   Data           1  rf_phy_driver.o(.data)
    g_rfPhyTpCal1                            0x20010046   Data           1  rf_phy_driver.o(.data)
    g_rfPhyTxPower                           0x20010047   Data           1  rf_phy_driver.o(.data)
    g_rfPhyPktFmt                            0x20010048   Data           1  rf_phy_driver.o(.data)
    g_rfPhyFreqOffSet                        0x20010049   Data           1  rf_phy_driver.o(.data)
    g_system_clk                             0x2001004a   Data           1  rf_phy_driver.o(.data)
    g_dtmModeType                            0x2001004b   Data           1  rf_phy_driver.o(.data)
    g_dtmCmd                                 0x2001004c   Data           1  rf_phy_driver.o(.data)
    g_dtmFreq                                0x2001004d   Data           1  rf_phy_driver.o(.data)
    g_dtmLength                              0x2001004e   Data           1  rf_phy_driver.o(.data)
    g_dtmExtLen                              0x2001004f   Data           1  rf_phy_driver.o(.data)
    g_dtmPKT                                 0x20010050   Data           1  rf_phy_driver.o(.data)
    g_dtmCtrl                                0x20010051   Data           1  rf_phy_driver.o(.data)
    g_dtmPara                                0x20010052   Data           1  rf_phy_driver.o(.data)
    g_dtmEvt                                 0x20010053   Data           1  rf_phy_driver.o(.data)
    g_dtmStatus                              0x20010054   Data           1  rf_phy_driver.o(.data)
    g_dtmTxPower                             0x20010055   Data           1  rf_phy_driver.o(.data)
    g_dtmRssi                                0x20010056   Data           1  rf_phy_driver.o(.data)
    g_dtmCarrSens                            0x20010057   Data           1  rf_phy_driver.o(.data)
    g_dtmTpCalEnable                         0x20010058   Data           1  rf_phy_driver.o(.data)
    g_rfPhyDtmCmd                            0x20010059   Data           2  rf_phy_driver.o(.data)
    g_rfPhyDtmEvt                            0x2001005b   Data           2  rf_phy_driver.o(.data)
    g_dtmPktIntv                             0x2001005e   Data           2  rf_phy_driver.o(.data)
    g_dtmPktCount                            0x20010060   Data           2  rf_phy_driver.o(.data)
    g_dtmRxCrcNum                            0x20010062   Data           2  rf_phy_driver.o(.data)
    g_dtmRxTONum                             0x20010064   Data           2  rf_phy_driver.o(.data)
    g_dtmRsp                                 0x20010066   Data           2  rf_phy_driver.o(.data)
    g_dtmFoff                                0x20010068   Data           2  rf_phy_driver.o(.data)
    g_rfPhyRxDcIQ                            0x2001006c   Data           4  rf_phy_driver.o(.data)
    g_dtmTick                                0x20010070   Data           4  rf_phy_driver.o(.data)
    g_dtmPerAutoIntv                         0x20010074   Data           4  rf_phy_driver.o(.data)
    put_char                                 0x20010268   Data         120  my_printf.o(.bss)
    m_uartCtx                                0x200102e0   Data          32  uart.o(.bss)
    g_rfPhyTpCalCapArry                      0x20010388   Data          40  rf_phy_driver.o(.bss)
    __initial_sp                             0x200105b0   Data           0  startup_armcm0.o(STACK)



==============================================================================

Memory Map of the image

  Image Entry point : 0x1fff40c1

  Load Region LR_IROM1 (Base: 0x1fff4000, Size: 0x00003f5c, Max: 0x00010000, ABSOLUTE)

    Execution Region ER_IROM1 (Base: 0x1fff4000, Size: 0x00003ee4, Max: 0x00010000, ABSOLUTE)

    Base Addr    Size         Type   Attr      Idx    E Section Name        Object

    0x1fff4000   0x000000c0   Data   RO         1048    RESET               startup_armcm0.o
    0x1fff40c0   0x00000000   Code   RO         1184  * .ARM.Collect$$$$00000000  mc_p.l(entry.o)
    0x1fff40c0   0x00000004   Code   RO         1211    .ARM.Collect$$$$00000001  mc_p.l(entry2.o)
    0x1fff40c4   0x00000004   Code   RO         1214    .ARM.Collect$$$$00000004  mc_p.l(entry5.o)
    0x1fff40c8   0x00000000   Code   RO         1216    .ARM.Collect$$$$00000008  mc_p.l(entry7b.o)
    0x1fff40c8   0x00000000   Code   RO         1218    .ARM.Collect$$$$0000000A  mc_p.l(entry8b.o)
    0x1fff40c8   0x00000008   Code   RO         1219    .ARM.Collect$$$$0000000B  mc_p.l(entry9a.o)
    0x1fff40d0   0x00000000   Code   RO         1221    .ARM.Collect$$$$0000000D  mc_p.l(entry10a.o)
    0x1fff40d0   0x00000000   Code   RO         1223    .ARM.Collect$$$$0000000F  mc_p.l(entry11a.o)
    0x1fff40d0   0x00000004   Code   RO         1212    .ARM.Collect$$$$00002712  mc_p.l(entry2.o)
    0x1fff40d4   0x0000001c   Code   RO         1049    .text               startup_armcm0.o
    0x1fff40f0   0x00000024   Code   RO         1187    .text               mc_p.l(memcpya.o)
    0x1fff4114   0x00000024   Code   RO         1189    .text               mc_p.l(memseta.o)
    0x1fff4138   0x00000014   Code   RO         1193    .text               mc_p.l(uread4.o)
    0x1fff414c   0x00000024   Code   RO         1232    .text               mc_p.l(init.o)
    0x1fff4170   0x0000003a   Code   RO         1246    .text               mc_p.l(__dczerorl.o)
    0x1fff41aa   0x00000002   PAD
    0x1fff41ac   0x0000000c   Ven    RO         1248    Veneer$$Code        anon$$obj.o
    0x1fff41b8   0x0000000c   Ven    RO         1249    Veneer$$Code        anon$$obj.o
    0x1fff41c4   0x0000000c   Ven    RO         1250    Veneer$$Code        anon$$obj.o
    0x1fff41d0   0x0000000c   Ven    RO         1251    Veneer$$Code        anon$$obj.o
    0x1fff41dc   0x0000000c   Ven    RO         1252    Veneer$$Code        anon$$obj.o
    0x1fff41e8   0x0000000c   Ven    RO         1253    Veneer$$Code        anon$$obj.o
    0x1fff41f4   0x0000000c   Ven    RO         1254    Veneer$$Code        anon$$obj.o
    0x1fff4200   0x0000000c   Ven    RO         1255    Veneer$$Code        anon$$obj.o
    0x1fff420c   0x0000000c   Ven    RO         1256    Veneer$$Code        anon$$obj.o
    0x1fff4218   0x0000000c   Ven    RO         1257    Veneer$$Code        anon$$obj.o
    0x1fff4224   0x0000000c   Ven    RO         1258    Veneer$$Code        anon$$obj.o
    0x1fff4230   0x0000000c   Ven    RO         1259    Veneer$$Code        anon$$obj.o
    0x1fff423c   0x0000000c   Ven    RO         1260    Veneer$$Code        anon$$obj.o
    0x1fff4248   0x0000000c   Ven    RO         1261    Veneer$$Code        anon$$obj.o
    0x1fff4254   0x0000000c   Ven    RO         1262    Veneer$$Code        anon$$obj.o
    0x1fff4260   0x0000000c   Ven    RO         1263    Veneer$$Code        anon$$obj.o
    0x1fff426c   0x0000000c   Ven    RO         1264    Veneer$$Code        anon$$obj.o
    0x1fff4278   0x0000000c   Ven    RO         1265    Veneer$$Code        anon$$obj.o
    0x1fff4284   0x0000000c   Ven    RO         1266    Veneer$$Code        anon$$obj.o
    0x1fff4290   0x0000000c   Ven    RO         1267    Veneer$$Code        anon$$obj.o
    0x1fff429c   0x0000000c   Ven    RO         1268    Veneer$$Code        anon$$obj.o
    0x1fff42a8   0x0000000c   Ven    RO         1269    Veneer$$Code        anon$$obj.o
    0x1fff42b4   0x0000000c   Ven    RO         1270    Veneer$$Code        anon$$obj.o
    0x1fff42c0   0x0000000c   Ven    RO         1271    Veneer$$Code        anon$$obj.o
    0x1fff42cc   0x0000000c   Ven    RO         1272    Veneer$$Code        anon$$obj.o
    0x1fff42d8   0x0000000c   Ven    RO         1273    Veneer$$Code        anon$$obj.o
    0x1fff42e4   0x0000000c   Ven    RO         1274    Veneer$$Code        anon$$obj.o
    0x1fff42f0   0x0000000c   Ven    RO         1275    Veneer$$Code        anon$$obj.o
    0x1fff42fc   0x0000000c   Ven    RO         1276    Veneer$$Code        anon$$obj.o
    0x1fff4308   0x0000000c   Ven    RO         1277    Veneer$$Code        anon$$obj.o
    0x1fff4314   0x0000000c   Ven    RO         1278    Veneer$$Code        anon$$obj.o
    0x1fff4320   0x0000000c   Ven    RO         1279    Veneer$$Code        anon$$obj.o
    0x1fff432c   0x0000000c   Ven    RO         1280    Veneer$$Code        anon$$obj.o
    0x1fff4338   0x0000000c   Ven    RO         1281    Veneer$$Code        anon$$obj.o
    0x1fff4344   0x0000000c   Ven    RO         1282    Veneer$$Code        anon$$obj.o
    0x1fff4350   0x0000000c   Ven    RO         1283    Veneer$$Code        anon$$obj.o
    0x1fff435c   0x0000000c   Ven    RO         1284    Veneer$$Code        anon$$obj.o
    0x1fff4368   0x0000000c   Ven    RO         1285    Veneer$$Code        anon$$obj.o
    0x1fff4374   0x0000000c   Ven    RO         1286    Veneer$$Code        anon$$obj.o
    0x1fff4380   0x0000000c   Ven    RO         1287    Veneer$$Code        anon$$obj.o
    0x1fff438c   0x0000000c   Ven    RO         1288    Veneer$$Code        anon$$obj.o
    0x1fff4398   0x0000000c   Ven    RO         1289    Veneer$$Code        anon$$obj.o
    0x1fff43a4   0x0000000c   Ven    RO         1290    Veneer$$Code        anon$$obj.o
    0x1fff43b0   0x0000000c   Ven    RO         1291    Veneer$$Code        anon$$obj.o
    0x1fff43bc   0x0000000c   Ven    RO         1292    Veneer$$Code        anon$$obj.o
    0x1fff43c8   0x0000000c   Ven    RO         1293    Veneer$$Code        anon$$obj.o
    0x1fff43d4   0x0000000c   Ven    RO         1294    Veneer$$Code        anon$$obj.o
    0x1fff43e0   0x0000000c   Ven    RO         1295    Veneer$$Code        anon$$obj.o
    0x1fff43ec   0x0000000c   Ven    RO         1296    Veneer$$Code        anon$$obj.o
    0x1fff43f8   0x0000000c   Ven    RO         1297    Veneer$$Code        anon$$obj.o
    0x1fff4404   0x0000000c   Ven    RO         1298    Veneer$$Code        anon$$obj.o
    0x1fff4410   0x0000000c   Ven    RO         1299    Veneer$$Code        anon$$obj.o
    0x1fff441c   0x0000000c   Ven    RO         1300    Veneer$$Code        anon$$obj.o
    0x1fff4428   0x0000000c   Ven    RO         1301    Veneer$$Code        anon$$obj.o
    0x1fff4434   0x0000000c   Ven    RO         1302    Veneer$$Code        anon$$obj.o
    0x1fff4440   0x0000000c   Ven    RO         1303    Veneer$$Code        anon$$obj.o
    0x1fff444c   0x0000000c   Ven    RO         1304    Veneer$$Code        anon$$obj.o
    0x1fff4458   0x0000000c   Ven    RO         1305    Veneer$$Code        anon$$obj.o
    0x1fff4464   0x0000000c   Ven    RO         1306    Veneer$$Code        anon$$obj.o
    0x1fff4470   0x0000000c   Ven    RO         1307    Veneer$$Code        anon$$obj.o
    0x1fff447c   0x0000000c   Ven    RO         1308    Veneer$$Code        anon$$obj.o
    0x1fff4488   0x0000000c   Ven    RO         1309    Veneer$$Code        anon$$obj.o
    0x1fff4494   0x0000000c   Ven    RO         1310    Veneer$$Code        anon$$obj.o
    0x1fff44a0   0x0000000c   Ven    RO         1311    Veneer$$Code        anon$$obj.o
    0x1fff44ac   0x0000000c   Ven    RO         1312    Veneer$$Code        anon$$obj.o
    0x1fff44b8   0x0000000c   Ven    RO         1313    Veneer$$Code        anon$$obj.o
    0x1fff44c4   0x0000000c   Ven    RO         1314    Veneer$$Code        anon$$obj.o
    0x1fff44d0   0x0000000c   Ven    RO         1315    Veneer$$Code        anon$$obj.o
    0x1fff44dc   0x0000000c   Ven    RO         1316    Veneer$$Code        anon$$obj.o
    0x1fff44e8   0x0000000c   Ven    RO         1317    Veneer$$Code        anon$$obj.o
    0x1fff44f4   0x0000000c   Ven    RO         1318    Veneer$$Code        anon$$obj.o
    0x1fff4500   0x0000000c   Ven    RO         1319    Veneer$$Code        anon$$obj.o
    0x1fff450c   0x0000000c   Ven    RO         1320    Veneer$$Code        anon$$obj.o
    0x1fff4518   0x0000000c   Ven    RO         1321    Veneer$$Code        anon$$obj.o
    0x1fff4524   0x0000000c   Ven    RO         1322    Veneer$$Code        anon$$obj.o
    0x1fff4530   0x0000000c   Ven    RO         1323    Veneer$$Code        anon$$obj.o
    0x1fff453c   0x0000000c   Ven    RO         1324    Veneer$$Code        anon$$obj.o
    0x1fff4548   0x0000000c   Ven    RO         1325    Veneer$$Code        anon$$obj.o
    0x1fff4554   0x0000000c   Ven    RO         1326    Veneer$$Code        anon$$obj.o
    0x1fff4560   0x0000000c   Ven    RO         1327    Veneer$$Code        anon$$obj.o
    0x1fff456c   0x0000000c   Ven    RO         1328    Veneer$$Code        anon$$obj.o
    0x1fff4578   0x0000000c   Ven    RO         1329    Veneer$$Code        anon$$obj.o
    0x1fff4584   0x0000000c   Ven    RO         1330    Veneer$$Code        anon$$obj.o
    0x1fff4590   0x0000000c   Ven    RO         1331    Veneer$$Code        anon$$obj.o
    0x1fff459c   0x0000000c   Ven    RO         1332    Veneer$$Code        anon$$obj.o
    0x1fff45a8   0x0000000c   Ven    RO         1333    Veneer$$Code        anon$$obj.o
    0x1fff45b4   0x0000000c   Ven    RO         1334    Veneer$$Code        anon$$obj.o
    0x1fff45c0   0x0000000c   Ven    RO         1335    Veneer$$Code        anon$$obj.o
    0x1fff45cc   0x0000000c   Ven    RO         1336    Veneer$$Code        anon$$obj.o
    0x1fff45d8   0x0000000c   Ven    RO         1337    Veneer$$Code        anon$$obj.o
    0x1fff45e4   0x0000000c   Ven    RO         1338    Veneer$$Code        anon$$obj.o
    0x1fff45f0   0x0000000c   Ven    RO         1339    Veneer$$Code        anon$$obj.o
    0x1fff45fc   0x0000000c   Ven    RO         1340    Veneer$$Code        anon$$obj.o
    0x1fff4608   0x0000000c   Ven    RO         1341    Veneer$$Code        anon$$obj.o
    0x1fff4614   0x0000000c   Ven    RO         1342    Veneer$$Code        anon$$obj.o
    0x1fff4620   0x0000000c   Ven    RO         1343    Veneer$$Code        anon$$obj.o
    0x1fff462c   0x0000000c   Ven    RO         1344    Veneer$$Code        anon$$obj.o
    0x1fff4638   0x0000000c   Ven    RO         1345    Veneer$$Code        anon$$obj.o
    0x1fff4644   0x0000000c   Ven    RO         1346    Veneer$$Code        anon$$obj.o
    0x1fff4650   0x0000000c   Ven    RO         1347    Veneer$$Code        anon$$obj.o
    0x1fff465c   0x0000000c   Ven    RO         1348    Veneer$$Code        anon$$obj.o
    0x1fff4668   0x0000000c   Ven    RO         1349    Veneer$$Code        anon$$obj.o
    0x1fff4674   0x0000000c   Ven    RO         1350    Veneer$$Code        anon$$obj.o
    0x1fff4680   0x0000000c   Ven    RO         1351    Veneer$$Code        anon$$obj.o
    0x1fff468c   0x0000000c   Ven    RO         1352    Veneer$$Code        anon$$obj.o
    0x1fff4698   0x0000000c   Ven    RO         1353    Veneer$$Code        anon$$obj.o
    0x1fff46a4   0x0000000c   Ven    RO         1354    Veneer$$Code        anon$$obj.o
    0x1fff46b0   0x0000000c   Ven    RO         1355    Veneer$$Code        anon$$obj.o
    0x1fff46bc   0x0000000c   Ven    RO         1356    Veneer$$Code        anon$$obj.o
    0x1fff46c8   0x0000000c   Ven    RO         1357    Veneer$$Code        anon$$obj.o
    0x1fff46d4   0x0000000c   Ven    RO         1358    Veneer$$Code        anon$$obj.o
    0x1fff46e0   0x0000000c   Ven    RO         1359    Veneer$$Code        anon$$obj.o
    0x1fff46ec   0x0000000c   Ven    RO         1360    Veneer$$Code        anon$$obj.o
    0x1fff46f8   0x0000000c   Ven    RO         1361    Veneer$$Code        anon$$obj.o
    0x1fff4704   0x0000000c   Ven    RO         1362    Veneer$$Code        anon$$obj.o
    0x1fff4710   0x0000000c   Ven    RO         1363    Veneer$$Code        anon$$obj.o
    0x1fff471c   0x00000150   Code   RO         1087    i.LL_ENC_Decrypt0   rf.lib(patch.o)
    0x1fff486c   0x00000148   Code   RO         1088    i.LL_ENC_Encrypt0   rf.lib(patch.o)
    0x1fff49b4   0x00000492   Code   RO         1089    i.LL_IRQHandler1    rf.lib(patch.o)
    0x1fff4e46   0x00000002   PAD
    0x1fff4e48   0x00000254   Code   RO         1090    i.LL_SetAdvParam1   rf.lib(patch.o)
    0x1fff509c   0x00000044   Code   RO         1091    i.LL_set_default_conn_params1  rf.lib(patch.o)
    0x1fff50e0   0x00000154   Code   RO         1092    i.LL_slave_conn_event1  rf.lib(patch.o)
    0x1fff5234   0x00000018   Code   RO          382    i.NVIC_EnableIRQ    gpio.o
    0x1fff524c   0x00000044   Code   RO            3    i.NVIC_SetPriority  main.o
    0x1fff5290   0x00000044   Code   RO          383    i.NVIC_SetPriority  gpio.o
    0x1fff52d4   0x00000010   Code   RO         1056    i.SystemInit        system_armcm0.o
    0x1fff52e4   0x0000006c   Code   RO         1093    i.TIM0_IRQHandler1  rf.lib(patch.o)
    0x1fff5350   0x00000028   Code   RO          830    i.WaitRTCCount      common.o
    0x1fff5378   0x0000000e   Code   RO         1240    i.__scatterload_copy  mc_p.l(handlers.o)
    0x1fff5386   0x00000002   Code   RO         1241    i.__scatterload_null  mc_p.l(handlers.o)
    0x1fff5388   0x0000000e   Code   RO         1242    i.__scatterload_zeroinit  mc_p.l(handlers.o)
    0x1fff5396   0x00000014   Code   RO          250    i.app_main          voice_main.o
    0x1fff53aa   0x00000002   PAD
    0x1fff53ac   0x00000010   Code   RO          294    i.clear_adcc_cfg    adc.o
    0x1fff53bc   0x00000014   Code   RO          766    i.clk_gate_disable  clock.o
    0x1fff53d0   0x00000014   Code   RO          767    i.clk_gate_enable   clock.o
    0x1fff53e4   0x0000000c   Code   RO          769    i.clk_pclk          clock.o
    0x1fff53f0   0x000000f8   Code   RO         1094    i.enterSleepProcess1  rf.lib(patch.o)
    0x1fff54e8   0x00000028   Code   RO         1095    i.getPN23RandNumber  rf.lib(patch.o)
    0x1fff5510   0x0000003c   Code   RO          384    i.gpio_interrupt_enable  gpio.o
    0x1fff554c   0x00000044   Code   RO          385    i.gpio_sleep_handler  gpio.o
    0x1fff5590   0x0000005c   Code   RO          386    i.gpio_wakeup_handler  gpio.o
    0x1fff55ec   0x00000068   Code   RO          387    i.gpioin_event      gpio.o
    0x1fff5654   0x0000002c   Code   RO          388    i.gpioin_event_pin  gpio.o
    0x1fff5680   0x00000098   Code   RO          295    i.hal_ADC_IRQHandler  adc.o
    0x1fff5718   0x00000018   Code   RO          389    i.hal_GPIO_IRQHandler  gpio.o
    0x1fff5730   0x00000040   Code   RO          577    i.hal_UART0_IRQHandler  uart.o
    0x1fff5770   0x0000007c   Code   RO          949    i.hal_VOICE_IRQHandler  voice.o
    0x1fff57ec   0x00000018   Code   RO          296    i.hal_adc_clock_config  adc.o
    0x1fff5804   0x00000084   Code   RO          300    i.hal_adc_stop      adc.o
    0x1fff5888   0x00000010   Code   RO          837    i.hal_cpyMem        common.o
    0x1fff5898   0x00000040   Code   RO          390    i.hal_gpio_cfg_analog_io  gpio.o
    0x1fff58d8   0x00000028   Code   RO          391    i.hal_gpio_fmux     gpio.o
    0x1fff5900   0x00000030   Code   RO          392    i.hal_gpio_fmux_set  gpio.o
    0x1fff5930   0x0000005c   Code   RO          393    i.hal_gpio_init     gpio.o
    0x1fff598c   0x00000064   Code   RO          394    i.hal_gpio_pin_init  gpio.o
    0x1fff59f0   0x00000038   Code   RO          395    i.hal_gpio_pull_set  gpio.o
    0x1fff5a28   0x00000038   Code   RO          396    i.hal_gpio_read     gpio.o
    0x1fff5a60   0x00000050   Code   RO          397    i.hal_gpio_wakeup_set  gpio.o
    0x1fff5ab0   0x00000074   Code   RO          400    i.hal_gpioin_enable  gpio.o
    0x1fff5b24   0x0000003c   Code   RO            4    i.hal_init          main.o
    0x1fff5b60   0x00000018   Code   RO          665    i.hal_pwrmgr_RAM_retention  pwrmgr.o
    0x1fff5b78   0x00000018   Code   RO          666    i.hal_pwrmgr_RAM_retention_clr  pwrmgr.o
    0x1fff5b90   0x0000001c   Code   RO          667    i.hal_pwrmgr_RAM_retention_set  pwrmgr.o
    0x1fff5bac   0x00000034   Code   RO          668    i.hal_pwrmgr_init   pwrmgr.o
    0x1fff5be0   0x00000054   Code   RO          670    i.hal_pwrmgr_lock   pwrmgr.o
    0x1fff5c34   0x00000044   Code   RO          672    i.hal_pwrmgr_register  pwrmgr.o
    0x1fff5c78   0x00000030   Code   RO          673    i.hal_pwrmgr_sleep_process  pwrmgr.o
    0x1fff5ca8   0x00000060   Code   RO          674    i.hal_pwrmgr_unlock  pwrmgr.o
    0x1fff5d08   0x00000030   Code   RO          676    i.hal_pwrmgr_wakeup_process  pwrmgr.o
    0x1fff5d38   0x00000070   Code   RO            5    i.hal_rfphy_init    main.o
    0x1fff5da8   0x00000064   Code   RO         1096    i.hal_rom_code_ini  rf.lib(patch.o)
    0x1fff5e0c   0x0000008c   Code   RO          772    i.hal_rtc_clock_config  clock.o
    0x1fff5e98   0x000000d0   Code   RO          845    i.hal_system_init   common.o
    0x1fff5f68   0x0000001c   Code   RO          578    i.hal_uart_get_tx_ready  uart.o
    0x1fff5f84   0x00000054   Code   RO          579    i.hal_uart_init     uart.o
    0x1fff5fd8   0x0000001c   Code   RO          580    i.hal_uart_send_buff  uart.o
    0x1fff5ff4   0x00000044   Code   RO          950    i.hal_voice_amic_gain  voice.o
    0x1fff6038   0x00000048   Code   RO          951    i.hal_voice_amic_mode  voice.o
    0x1fff6080   0x00000014   Code   RO          952    i.hal_voice_amute_off  voice.o
    0x1fff6094   0x00000014   Code   RO          953    i.hal_voice_amute_on  voice.o
    0x1fff60a8   0x00000014   Code   RO          955    i.hal_voice_dmic_mode  voice.o
    0x1fff60bc   0x00000014   Code   RO          956    i.hal_voice_dmic_open  voice.o
    0x1fff60d0   0x00000014   Code   RO          957    i.hal_voice_encode  voice.o
    0x1fff60e4   0x00000014   Code   RO          958    i.hal_voice_gain    voice.o
    0x1fff60f8   0x0000011c   Code   RO          959    i.hal_voice_init    voice.o
    0x1fff6214   0x00000014   Code   RO          960    i.hal_voice_rate    voice.o
    0x1fff6228   0x00000054   Code   RO          961    i.hal_voice_start   voice.o
    0x1fff627c   0x0000003c   Code   RO          962    i.hal_voice_stop    voice.o
    0x1fff62b8   0x00000024   Code   RO          165    i.hard_fault        jump_table.o
    0x1fff62dc   0x00000178   Code   RO         1097    i.init_config       rf.lib(patch.o)
    0x1fff6454   0x00000050   Code   RO          583    i.irq_rx_handler    uart.o
    0x1fff64a4   0x0000007c   Code   RO          584    i.irq_tx_empty_handler  uart.o
    0x1fff6520   0x00000160   Code   RO         1098    i.llProcessRxData1  rf.lib(patch.o)
    0x1fff6680   0x00000284   Code   RO         1099    i.llProcessSlaveControlProcedures0  rf.lib(patch.o)
    0x1fff6904   0x00000194   Code   RO         1100    i.llSetupDirectedAdvEvt1  rf.lib(patch.o)
    0x1fff6a98   0x00000088   Code   RO         1101    i.llSetupEncRsp0    rf.lib(patch.o)
    0x1fff6b20   0x00000038   Code   RO         1102    i.llSetupRejectInd1  rf.lib(patch.o)
    0x1fff6b58   0x000000f8   Code   RO         1103    i.llSetupUndirectedAdvEvt1  rf.lib(patch.o)
    0x1fff6c50   0x000000ac   Code   RO         1104    i.ll_adptive_smart_window  rf.lib(patch.o)
    0x1fff6cfc   0x00000090   Code   RO         1105    i.ll_hw_go1         rf.lib(patch.o)
    0x1fff6d8c   0x00000028   Code   RO            6    i.main              main.o
    0x1fff6db4   0x00000224   Code   RO         1106    i.move_to_slave_function1  rf.lib(patch.o)
    0x1fff6fd8   0x0000002c   Code   RO          272    i.osalInitTasks     osal_voice.o
    0x1fff7004   0x00000130   Code   RO         1107    i.osal_pwrmgr_powerconserve1  rf.lib(patch.o)
    0x1fff7134   0x0000003c   Code   RO          520    i.phy_printf        my_printf.o
    0x1fff7170   0x00000010   Code   RO          521    i.phy_printf_init   my_printf.o
    0x1fff7180   0x000000f0   Code   RO          522    i.print             my_printf.o
    0x1fff7270   0x0000002c   Code   RO          523    i.printchar         my_printf.o
    0x1fff729c   0x00000092   Code   RO          524    i.printi            my_printf.o
    0x1fff732e   0x00000070   Code   RO          525    i.prints            my_printf.o
    0x1fff739e   0x00000002   PAD
    0x1fff73a0   0x00000060   Code   RO         1108    i.rf_calibrate1     rf.lib(patch.o)
    0x1fff7400   0x000000a0   Code   RO         1145    i.rf_phy_ana_cfg    rf.lib(rf_phy_driver.o)
    0x1fff74a0   0x00000110   Code   RO         1146    i.rf_phy_bb_cfg     rf.lib(rf_phy_driver.o)
    0x1fff75b0   0x0000001c   Code   RO         1154    i.rf_phy_ini        rf.lib(rf_phy_driver.o)
    0x1fff75cc   0x00000034   Code   RO         1155    i.rf_phy_set_txPower  rf.lib(rf_phy_driver.o)
    0x1fff7600   0x00000108   Code   RO         1156    i.rf_rxDcoc_cfg     rf.lib(rf_phy_driver.o)
    0x1fff7708   0x0000009c   Code   RO         1159    i.rf_tpCal_gen_cap_arrary  rf.lib(rf_phy_driver.o)
    0x1fff77a4   0x00000094   Code   RO         1160    i.rf_tp_cal         rf.lib(rf_phy_driver.o)
    0x1fff7838   0x00000014   Code   RO            7    i.rf_wakeup_handler  main.o
    0x1fff784c   0x00000090   Code   RO          963    i.set_voice_amute_cfg  voice.o
    0x1fff78dc   0x00000024   Code   RO          846    i.subWriteReg       common.o
    0x1fff7900   0x00000068   Code   RO          585    i.txmit_buf_polling  uart.o
    0x1fff7968   0x00000080   Code   RO          586    i.txmit_buf_use_tx_buf  uart.o
    0x1fff79e8   0x00000098   Code   RO          587    i.uart_hw_config    uart.o
    0x1fff7a80   0x000000e4   Code   RO          200    i.voiceCaptureTask  voice_demo.o
    0x1fff7b64   0x00000010   Code   RO          201    i.voice_Init        voice_demo.o
    0x1fff7b74   0x000000ac   Code   RO          202    i.voice_ProcessEvent  voice_demo.o
    0x1fff7c20   0x00000054   Code   RO          203    i.voice_evt_handler  voice_demo.o
    0x1fff7c74   0x0000013c   Code   RO         1109    i.wakeupProcess1    rf.lib(patch.o)
    0x1fff7db0   0x000000c4   Code   RO         1110    i.wakeup_init1      rf.lib(patch.o)
    0x1fff7e74   0x00000008   Data   RO          273    .constdata          osal_voice.o
    0x1fff7e7c   0x00000001   Data   RO          274    .constdata          osal_voice.o
    0x1fff7e7d   0x00000009   Data   RO          307    .constdata          adc.o
    0x1fff7e86   0x00000002   PAD
    0x1fff7e88   0x00000010   Data   RO          527    .constdata          my_printf.o
    0x1fff7e98   0x0000000c   Data   RO          589    .constdata          uart.o
    0x1fff7ea4   0x00000040   Data   RO         1238    Region$$Table       anon$$obj.o


    Execution Region RW_IRAM1 (Base: 0x20010000, Size: 0x000005b0, Max: 0x00003000, ABSOLUTE)

    Base Addr    Size         Type   Attr      Idx    E Section Name        Object

    0x20010000   0x00000004   Data   RW          166    .data               jump_table.o
    0x20010004   0x00000001   Data   RW          204    .data               voice_demo.o
    0x20010005   0x00000003   PAD
    0x20010008   0x00000004   Data   RW          275    .data               osal_voice.o
    0x2001000c   0x00000002   Data   RW          528    .data               my_printf.o
    0x2001000e   0x00000002   PAD
    0x20010010   0x00000008   Data   RW          679    .data               pwrmgr.o
    0x20010018   0x00000004   Data   RW         1057    .data               system_armcm0.o
    0x2001001c   0x00000028   Data   RW         1111    .data               rf.lib(patch.o)
    0x20010044   0x00000034   Data   RW         1163    .data               rf.lib(rf_phy_driver.o)
    0x20010078   0x00000028   Zero   RW          306    .bss                adc.o
    0x200100a0   0x000001c8   Zero   RW          403    .bss                gpio.o
    0x20010268   0x00000078   Zero   RW          526    .bss                my_printf.o
    0x200102e0   0x00000020   Zero   RW          588    .bss                uart.o
    0x20010300   0x00000078   Zero   RW          678    .bss                pwrmgr.o
    0x20010378   0x00000010   Zero   RW          964    .bss                voice.o
    0x20010388   0x00000028   Zero   RW         1162    .bss                rf.lib(rf_phy_driver.o)
    0x200103b0   0x00000200   Zero   RW         1046    STACK               startup_armcm0.o



  Load Region LR_IROM2 (Base: 0x1fff0800, Size: 0x00000800, Max: 0x00000800, ABSOLUTE, COMPRESSED[0x0000040c])

    Execution Region JUMP_TABLE (Base: 0x1fff0800, Size: 0x00000400, Max: 0x00000400, ABSOLUTE)

    Base Addr    Size         Type   Attr      Idx    E Section Name        Object

    0x1fff0800   0x00000400   Data   RO          168    jump_table_mem_area  jump_table.o


    Execution Region GOLBAL_CONFIG (Base: 0x1fff0c00, Size: 0x00000400, Max: 0x00000400, ABSOLUTE, COMPRESSED[0x0000000c])

    Base Addr    Size         Type   Attr      Idx    E Section Name        Object

    0x1fff0c00   0x00000400   Data   RW          167    global_config_area  jump_table.o


==============================================================================

Image component sizes


      Code (inc. data)   RO Data    RW Data    ZI Data      Debug   Object Name

       324         50          9          0         40      10235   adc.o
       192         20          0          0          0       2111   clock.o
       300         40          0          0          0       3743   common.o
      1136        112          0          0        456      19253   gpio.o
        36         12       1024       1028          0       1493   jump_table.o
       300         62          0          0          0      25321   main.o
       618         30         16          2        120       6632   my_printf.o
        44          6          9          4          0       1632   osal_voice.o
       472         64          0          8        120       9442   pwrmgr.o
        28          8        192          0        512        628   startup_armcm0.o
        16          8          0          4          0        691   system_armcm0.o
       792         82         12          0         32      13796   uart.o
       976        102          0          0         16       9699   voice.o
       500        228          0          1          0       4098   voice_demo.o
        20          0          0          0          0        459   voice_main.o

    ----------------------------------------------------------------------
      7150       1288       1328       1052       1296     109233   Object Totals
      1392        464         64          0          0          0   (incl. Generated)
         4          0          2          5          0          0   (incl. Padding)

    ----------------------------------------------------------------------

      Code (inc. data)   RO Data    RW Data    ZI Data      Debug   Library Member Name

        58          0          0          0          0          0   __dczerorl.o
         0          0          0          0          0          0   entry.o
         0          0          0          0          0          0   entry10a.o
         0          0          0          0          0          0   entry11a.o
         8          4          0          0          0          0   entry2.o
         4          0          0          0          0          0   entry5.o
         0          0          0          0          0          0   entry7b.o
         0          0          0          0          0          0   entry8b.o
         8          4          0          0          0          0   entry9a.o
        30          0          0          0          0          0   handlers.o
        36          8          0          0          0         68   init.o
        36          0          0          0          0         60   memcpya.o
        36          0          0          0          0        100   memseta.o
        20          0          0          0          0         60   uread4.o
      7326        784          0         40          0       1776   patch.o
      1080        262          0         52         40        500   rf_phy_driver.o

    ----------------------------------------------------------------------
      8646       1062          0         92         40       2564   Library Totals
         4          0          0          0          0          0   (incl. Padding)

    ----------------------------------------------------------------------

      Code (inc. data)   RO Data    RW Data    ZI Data      Debug   Library Name

       236         16          0          0          0        288   mc_p.l
      8406       1046          0         92         40       2276   rf.lib

    ----------------------------------------------------------------------
      8646       1062          0         92         40       2564   Library Totals

    ----------------------------------------------------------------------

==============================================================================


      Code (inc. data)   RO Data    RW Data    ZI Data      Debug   

     15796       2350       1328       1144       1336     107225   Grand Totals
     15796       2350       1328        132       1336     107225   ELF Image Totals (compressed)
     15796       2350       1328        132          0          0   ROM Totals

==============================================================================

    Total RO  Size (Code + RO Data)                17124 (  16.72kB)
    Total RW  Size (RW Data + ZI Data)              2480 (   2.42kB)
    Total ROM Size (Code + RO Data + RW Data)      17256 (  16.85kB)

==============================================================================

