Component: ARM Compiler 5.06 update 4 (build 422) Tool: armlink [4d35d2]

==============================================================================

Section Cross References

    main.o(.text) refers to common.o(.text) for hal_system_init
    main.o(.text) refers to pwrmgr.o(.text) for hal_pwrmgr_RAM_retention
    main.o(.text) refers to clock.o(.text) for hal_rtc_clock_config
    main.o(.text) refers to my_printf.o(.text) for phy_printf_init
    main.o(.text) refers to gpio.o(.text) for hal_gpio_init
    main.o(.text) refers to voice.o(.text) for hal_voice_init
    main.o(.text) refers to patch.o(i.init_config) for init_config
    main.o(.text) refers to voice_main.o(.text) for app_main
    main.o(.text) refers to patch.o(i.hal_rom_code_ini) for hal_rom_code_ini
    main.o(.text) refers to main.o(.bss) for .bss
    jump_table.o(.text) refers to my_printf.o(.text) for phy_printf
    jump_table.o(jump_table_mem_area) refers to osal_voice.o(.text) for osalInitTasks
    jump_table.o(jump_table_mem_area) refers to osal_voice.o(.constdata) for tasksArr
    jump_table.o(jump_table_mem_area) refers to osal_voice.o(.constdata) for tasksCnt
    jump_table.o(jump_table_mem_area) refers to osal_voice.o(.data) for tasksEvents
    jump_table.o(jump_table_mem_area) refers (Weak) to pwrmgr.o(.text) for hal_pwrmgr_sleep_process
    jump_table.o(jump_table_mem_area) refers (Weak) to pwrmgr.o(.text) for hal_pwrmgr_wakeup_process
    jump_table.o(jump_table_mem_area) refers to rf_phy_driver.o(i.rf_phy_ini) for rf_phy_ini
    jump_table.o(jump_table_mem_area) refers to jump_table.o(.text) for hard_fault
    jump_table.o(jump_table_mem_area) refers (Weak) to uart.o(.text) for hal_UART0_IRQHandler
    jump_table.o(jump_table_mem_area) refers (Weak) to gpio.o(.text) for hal_GPIO_IRQHandler
    jump_table.o(jump_table_mem_area) refers (Weak) to voice.o(.text) for hal_ADC_IRQHandler
    voice_demo.o(.text) refers to voice.o(.text) for hal_voice_config
    voice_demo.o(.text) refers to my_printf.o(.text) for phy_printf
    voice_demo.o(.text) refers to uart.o(.text) for hal_uart_get_tx_ready
    voice_demo.o(.text) refers to voice_demo.o(.data) for .data
    voice_demo.o(.text) refers to voice_demo.o(.bss) for .bss
    voice_main.o(.text) refers to clock.o(.text) for clk_gate_enable
    osal_voice.o(.text) refers to voice_demo.o(.text) for voice_Init
    osal_voice.o(.text) refers to osal_voice.o(.data) for .data
    osal_voice.o(.constdata) refers to voice_demo.o(.text) for voice_ProcessEvent
    gpio.o(.text) refers to gpio.o(.bss) for .bss
    gpio.o(.text) refers to memseta.o(.text) for __aeabi_memclr4
    gpio.o(.text) refers to pwrmgr.o(.text) for hal_pwrmgr_register
    my_printf.o(.text) refers to memseta.o(.text) for __aeabi_memclr
    my_printf.o(.text) refers to uart.o(.text) for hal_uart_send_buff
    my_printf.o(.text) refers to my_printf.o(.data) for .data
    my_printf.o(.text) refers to my_printf.o(.bss) for .bss
    my_printf.o(.text) refers to my_printf.o(.constdata) for .constdata
    uart.o(.text) refers to clock.o(.text) for clk_pclk
    uart.o(.text) refers to gpio.o(.text) for hal_gpio_fmux
    uart.o(.text) refers to memseta.o(.text) for __aeabi_memclr4
    uart.o(.text) refers to pwrmgr.o(.text) for hal_pwrmgr_register
    uart.o(.text) refers to memcpya.o(.text) for __aeabi_memcpy
    uart.o(.text) refers to uart.o(.bss) for .bss
    uart.o(.text) refers to uart.o(.constdata) for .constdata
    pwrmgr.o(.text) refers to memseta.o(.text) for __aeabi_memclr4
    pwrmgr.o(.text) refers to memcpya.o(.text) for __aeabi_memcpy4
    pwrmgr.o(.text) refers to common.o(.text) for subWriteReg
    pwrmgr.o(.text) refers to gpio.o(.text) for hal_gpio_wakeup_set
    pwrmgr.o(.text) refers to clock.o(.text) for hal_rtc_clock_config
    pwrmgr.o(.text) refers to pwrmgr.o(.bss) for .bss
    pwrmgr.o(.text) refers to pwrmgr.o(.data) for .data
    clock.o(.text) refers to gpio.o(.text) for hal_gpio_pull_set
    clock.o(.text) refers to common.o(.text) for subWriteReg
    clock.o(.text) refers to patch.o(.data) for pGlobal_config
    voice.o(.text) refers to clock.o(.text) for clk_gate_enable
    voice.o(.text) refers to common.o(.text) for subWriteReg
    voice.o(.text) refers to gpio.o(.text) for hal_gpio_fmux_set
    voice.o(.text) refers to pwrmgr.o(.text) for hal_pwrmgr_register
    voice.o(.text) refers to memcpya.o(.text) for __aeabi_memcpy
    voice.o(.text) refers to voice.o(.bss) for .bss
    startup_armcm0.o(RESET) refers to startup_armcm0.o(STACK) for __initial_sp
    startup_armcm0.o(RESET) refers to startup_armcm0.o(.text) for Reset_Handler
    startup_armcm0.o(.text) refers to system_armcm0.o(.text) for SystemInit
    startup_armcm0.o(.text) refers to entry.o(.ARM.Collect$$$$00000000) for __main
    system_armcm0.o(.text) refers to system_armcm0.o(.data) for .data
    patch.o(i.LL_IRQHandler1) refers to patch.o(i.llAdjBoffUpperLimitFailure1) for llAdjBoffUpperLimitFailure1
[...]
    llConvertLstoToEvent                     0x0000e98d   Thumb Code     0  rom1Sym.txt ABSOLUTE
    llDequeueCtrlPkt                         0x0000e9b1   Thumb Code     0  rom1Sym.txt ABSOLUTE
    llDequeueDataQ                           0x0000e9f5   Thumb Code     0  rom1Sym.txt ABSOLUTE
    llEnqueueCtrlPkt                         0x0000ea29   Thumb Code     0  rom1Sym.txt ABSOLUTE
    llEnqueueDataQ                           0x0000ea69   Thumb Code     0  rom1Sym.txt ABSOLUTE
    llEqAlreadyValidAddr                     0x0000ea95   Thumb Code     0  rom1Sym.txt ABSOLUTE
    llEqSynchWord                            0x0000ea99   Thumb Code     0  rom1Sym.txt ABSOLUTE
    llEqualBytes                             0x0000eaad   Thumb Code     0  rom1Sym.txt ABSOLUTE
    llEventDelta                             0x0000eacd   Thumb Code     0  rom1Sym.txt ABSOLUTE
    llEventInRange                           0x0000eae1   Thumb Code     0  rom1Sym.txt ABSOLUTE
    llGenerateCRC                            0x0000eaff   Thumb Code     0  rom1Sym.txt ABSOLUTE
    llGenerateValidAccessAddr                0x0000eb21   Thumb Code     0  rom1Sym.txt ABSOLUTE
    llGetNextAdvChn                          0x0000eb51   Thumb Code     0  rom1Sym.txt ABSOLUTE
    llGetNextDataChan                        0x0000eba5   Thumb Code     0  rom1Sym.txt ABSOLUTE
    llGtSixConsecZerosOrOnes                 0x0000ebe3   Thumb Code     0  rom1Sym.txt ABSOLUTE
    llGtTwentyFourTransitions                0x0000ec15   Thumb Code     0  rom1Sym.txt ABSOLUTE
    llInitFeatureSet                         0x0000ec45   Thumb Code     0  rom1Sym.txt ABSOLUTE
    llInitFeatureSet2MPHY                    0x0000ec61   Thumb Code     0  rom1Sym.txt ABSOLUTE
    llInitFeatureSetCodedPHY                 0x0000ec89   Thumb Code     0  rom1Sym.txt ABSOLUTE
    llInitFeatureSetDLE                      0x0000ecb1   Thumb Code     0  rom1Sym.txt ABSOLUTE
    llLtTwoChangesInLastSixBits              0x0000eccd   Thumb Code     0  rom1Sym.txt ABSOLUTE
    llMasterEvt_TaskEndOk                    0x0000ecfd   Thumb Code     0  rom1Sym.txt ABSOLUTE
    llMemCopyDst                             0x0000ee05   Thumb Code     0  rom1Sym.txt ABSOLUTE
    llMemCopySrc                             0x0000ee1b   Thumb Code     0  rom1Sym.txt ABSOLUTE
    llOneBitSynchWordDiffer                  0x0000ee35   Thumb Code     0  rom1Sym.txt ABSOLUTE
    llPduLengthManagmentReset                0x0000ee4d   Thumb Code     0  rom1Sym.txt ABSOLUTE
    llPduLengthUpdate                        0x0000ee89   Thumb Code     0  rom1Sym.txt ABSOLUTE
    llPendingUpdateParam                     0x0000ef7d   Thumb Code     0  rom1Sym.txt ABSOLUTE
    llPhyModeCtrlReset                       0x0000efb1   Thumb Code     0  rom1Sym.txt ABSOLUTE
    llPhyModeCtrlUpdateNotify                0x0000efd1   Thumb Code     0  rom1Sym.txt ABSOLUTE
    llProcessChanMap                         0x0000f009   Thumb Code     0  rom1Sym.txt ABSOLUTE
    llProcessMasterControlPacket             0x0000f059   Thumb Code     0  rom1Sym.txt ABSOLUTE
    llProcessMasterControlProcedures         0x0000f331   Thumb Code     0  rom1Sym.txt ABSOLUTE
    llProcessRxData                          0x0000f755   Thumb Code     0  rom1Sym.txt ABSOLUTE
    llProcessSlaveControlPacket              0x0000f8ed   Thumb Code     0  rom1Sym.txt ABSOLUTE
    llProcessSlaveControlProcedures          0x0000fd51   Thumb Code     0  rom1Sym.txt ABSOLUTE
    llProcessTxData                          0x0001003d   Thumb Code     0  rom1Sym.txt ABSOLUTE
    llReleaseAllConnId                       0x000100d9   Thumb Code     0  rom1Sym.txt ABSOLUTE
    llReleaseConnId                          0x000100dd   Thumb Code     0  rom1Sym.txt ABSOLUTE
    llReplaceCtrlPkt                         0x0001016d   Thumb Code     0  rom1Sym.txt ABSOLUTE
    llResetConnId                            0x0001018d   Thumb Code     0  rom1Sym.txt ABSOLUTE
    llResetRfCounters                        0x00010225   Thumb Code     0  rom1Sym.txt ABSOLUTE
    llSecAdvAllow                            0x00010239   Thumb Code     0  rom1Sym.txt ABSOLUTE
    llSetNextDataChan                        0x000102ad   Thumb Code     0  rom1Sym.txt ABSOLUTE
    llSetNextPhyMode                         0x000102fd   Thumb Code     0  rom1Sym.txt ABSOLUTE
    llSetupAdv                               0x00010375   Thumb Code     0  rom1Sym.txt ABSOLUTE
    llSetupConn                              0x00010409   Thumb Code     0  rom1Sym.txt ABSOLUTE
    llSetupDataLenghtReq                     0x0001040d   Thumb Code     0  rom1Sym.txt ABSOLUTE
    llSetupDataLenghtRsp                     0x00010481   Thumb Code     0  rom1Sym.txt ABSOLUTE
    llSetupDirectedAdvEvt                    0x000104f5   Thumb Code     0  rom1Sym.txt ABSOLUTE
    llSetupEncReq                            0x0001069d   Thumb Code     0  rom1Sym.txt ABSOLUTE
    llSetupEncRsp                            0x00010721   Thumb Code     0  rom1Sym.txt ABSOLUTE
    llSetupFeatureSetReq                     0x000107a9   Thumb Code     0  rom1Sym.txt ABSOLUTE
    llSetupFeatureSetRsp                     0x00010805   Thumb Code     0  rom1Sym.txt ABSOLUTE
    llSetupInit                              0x00010859   Thumb Code     0  rom1Sym.txt ABSOLUTE
    llSetupNextMasterEvent                   0x000108dd   Thumb Code     0  rom1Sym.txt ABSOLUTE
    llSetupNextSlaveEvent                    0x00010995   Thumb Code     0  rom1Sym.txt ABSOLUTE
    llSetupNonConnectableAdvEvt              0x00010afd   Thumb Code     0  rom1Sym.txt ABSOLUTE
    set_fullmux_pin_function                 0x00010be1   Thumb Code     0  rom1Sym.txt ABSOLUTE
    llSetupPauseEncReq                       0x00010c05   Thumb Code     0  rom1Sym.txt ABSOLUTE
    llSetupPauseEncRsp                       0x00010c55   Thumb Code     0  rom1Sym.txt ABSOLUTE
    llSetupPhyReq                            0x00010cb1   Thumb Code     0  rom1Sym.txt ABSOLUTE
    llSetupPhyRsp                            0x00010d01   Thumb Code     0  rom1Sym.txt ABSOLUTE
    llSetupPhyUpdateInd                      0x00010d51   Thumb Code     0  rom1Sym.txt ABSOLUTE
    llSetupRejectExtInd                      0x00010dbd   Thumb Code     0  rom1Sym.txt ABSOLUTE
    llSetupRejectInd                         0x00010de9   Thumb Code     0  rom1Sym.txt ABSOLUTE
    llSetupScan                              0x00010e15   Thumb Code     0  rom1Sym.txt ABSOLUTE
    llSetupScanInit                          0x00010ec9   Thumb Code     0  rom1Sym.txt ABSOLUTE
    llSetupScannableAdvEvt                   0x00010ed9   Thumb Code     0  rom1Sym.txt ABSOLUTE
    llSetupSecNonConnectableAdvEvt           0x00010fe1   Thumb Code     0  rom1Sym.txt ABSOLUTE
    llSetupSecScan                           0x000110c1   Thumb Code     0  rom1Sym.txt ABSOLUTE
    llSetupStartEncReq                       0x00011179   Thumb Code     0  rom1Sym.txt ABSOLUTE
    llSetupStartEncRsp                       0x0001119d   Thumb Code     0  rom1Sym.txt ABSOLUTE
    llSetupTermInd                           0x000111e1   Thumb Code     0  rom1Sym.txt ABSOLUTE
    llSetupUndirectedAdvEvt                  0x00011241   Thumb Code     0  rom1Sym.txt ABSOLUTE
    llSetupUnknownRsp                        0x00011351   Thumb Code     0  rom1Sym.txt ABSOLUTE
    llSetupUpdateChanReq                     0x00011399   Thumb Code     0  rom1Sym.txt ABSOLUTE
    llSetupUpdateParamReq                    0x00011405   Thumb Code     0  rom1Sym.txt ABSOLUTE
    llSetupVersionIndReq                     0x00011491   Thumb Code     0  rom1Sym.txt ABSOLUTE
    llSlaveEvt_TaskAbort                     0x000114f9   Thumb Code     0  rom1Sym.txt ABSOLUTE
    llSlaveEvt_TaskEndOk                     0x00011515   Thumb Code     0  rom1Sym.txt ABSOLUTE
    llTimeCompare                            0x0001171d   Thumb Code     0  rom1Sym.txt ABSOLUTE
    llTrxNumAdaptiveConfig                   0x00011741   Thumb Code     0  rom1Sym.txt ABSOLUTE
    llValidAccessAddr                        0x00011799   Thumb Code     0  rom1Sym.txt ABSOLUTE
    llWaitUs                                 0x000117e1   Thumb Code     0  rom1Sym.txt ABSOLUTE
    llWriteTxData                            0x00011809   Thumb Code     0  rom1Sym.txt ABSOLUTE
    ll_adptive_adj_next_time                 0x00011899   Thumb Code     0  rom1Sym.txt ABSOLUTE
    ll_adptive_smart_window                  0x00011905   Thumb Code     0  rom1Sym.txt ABSOLUTE
    ll_debug_output                          0x0001199d   Thumb Code     0  rom1Sym.txt ABSOLUTE
    ll_generateTxBuffer                      0x000119b5   Thumb Code     0  rom1Sym.txt ABSOLUTE
    ll_hw_clr_irq                            0x00011b35   Thumb Code     0  rom1Sym.txt ABSOLUTE
    ll_hw_config                             0x00011b45   Thumb Code     0  rom1Sym.txt ABSOLUTE
    ll_hw_get_anchor                         0x00011bc5   Thumb Code     0  rom1Sym.txt ABSOLUTE
    ll_hw_get_fsm_status                     0x00011bd1   Thumb Code     0  rom1Sym.txt ABSOLUTE
    ll_hw_get_irq_status                     0x00011be1   Thumb Code     0  rom1Sym.txt ABSOLUTE
    ll_hw_get_last_ack                       0x00011bf1   Thumb Code     0  rom1Sym.txt ABSOLUTE
    ll_hw_get_loop_cycle                     0x00011c0d   Thumb Code     0  rom1Sym.txt ABSOLUTE
    ll_hw_get_loop_time                      0x00011c19   Thumb Code     0  rom1Sym.txt ABSOLUTE
    ll_hw_get_nAck                           0x00011c25   Thumb Code     0  rom1Sym.txt ABSOLUTE
    ll_hw_get_rfifo_depth                    0x00011c35   Thumb Code     0  rom1Sym.txt ABSOLUTE
    ll_hw_get_rfifo_info                     0x00011c49   Thumb Code     0  rom1Sym.txt ABSOLUTE
    ll_hw_get_rxPkt_num                      0x00011c69   Thumb Code     0  rom1Sym.txt ABSOLUTE
    ll_hw_get_rxPkt_stats                    0x00011c75   Thumb Code     0  rom1Sym.txt ABSOLUTE
    ll_hw_get_snNesn                         0x00011c8d   Thumb Code     0  rom1Sym.txt ABSOLUTE
    ll_hw_get_tfifo_info                     0x00011c9d   Thumb Code     0  rom1Sym.txt ABSOLUTE
    ll_hw_get_tfifo_wrptr                    0x00011cbd   Thumb Code     0  rom1Sym.txt ABSOLUTE
    ll_hw_get_tr_mode                        0x00011ccd   Thumb Code     0  rom1Sym.txt ABSOLUTE
    ll_hw_get_txAck                          0x00011cdd   Thumb Code     0  rom1Sym.txt ABSOLUTE
    ll_hw_go                                 0x00011ce9   Thumb Code     0  rom1Sym.txt ABSOLUTE
    ll_hw_ign_rfifo                          0x00011de9   Thumb Code     0  rom1Sym.txt ABSOLUTE
    ll_hw_process_RTO                        0x00011df5   Thumb Code     0  rom1Sym.txt ABSOLUTE
    ll_hw_read_rfifo                         0x00011e5d   Thumb Code     0  rom1Sym.txt ABSOLUTE
    ll_hw_read_rfifo_zb                      0x00011ed1   Thumb Code     0  rom1Sym.txt ABSOLUTE
    ll_hw_read_tfifo_packet                  0x00011f2d   Thumb Code     0  rom1Sym.txt ABSOLUTE
    ll_hw_read_tfifo_rtlp                    0x00011f6d   Thumb Code     0  rom1Sym.txt ABSOLUTE
    ll_hw_rst_rfifo                          0x00012011   Thumb Code     0  rom1Sym.txt ABSOLUTE
    ll_hw_rst_tfifo                          0x00012049   Thumb Code     0  rom1Sym.txt ABSOLUTE
    ll_hw_set_empty_head                     0x00012055   Thumb Code     0  rom1Sym.txt ABSOLUTE
    ll_hw_set_irq                            0x00012061   Thumb Code     0  rom1Sym.txt ABSOLUTE
    ll_hw_set_loop_nack_num                  0x0001206d   Thumb Code     0  rom1Sym.txt ABSOLUTE
    ll_hw_set_loop_timeout                   0x00012079   Thumb Code     0  rom1Sym.txt ABSOLUTE
    ll_hw_set_rtlp                           0x0001208d   Thumb Code     0  rom1Sym.txt ABSOLUTE
    ll_hw_set_rtlp_1st                       0x000120dd   Thumb Code     0  rom1Sym.txt ABSOLUTE
    ll_hw_set_rtx                            0x00012125   Thumb Code     0  rom1Sym.txt ABSOLUTE
    ll_hw_set_rx_timeout                     0x00012139   Thumb Code     0  rom1Sym.txt ABSOLUTE
    ll_hw_set_rx_timeout_1st                 0x00012145   Thumb Code     0  rom1Sym.txt ABSOLUTE
    ll_hw_set_rx_tx_interval                 0x00012151   Thumb Code     0  rom1Sym.txt ABSOLUTE
    ll_hw_set_srx                            0x00012165   Thumb Code     0  rom1Sym.txt ABSOLUTE
    ll_hw_set_stx                            0x00012179   Thumb Code     0  rom1Sym.txt ABSOLUTE
    ll_hw_set_timing                         0x0001218d   Thumb Code     0  rom1Sym.txt ABSOLUTE
    ll_hw_set_trlp                           0x00012249   Thumb Code     0  rom1Sym.txt ABSOLUTE
    ll_hw_set_trx                            0x00012291   Thumb Code     0  rom1Sym.txt ABSOLUTE
    ll_hw_set_trx_settle                     0x000122a5   Thumb Code     0  rom1Sym.txt ABSOLUTE
    ll_hw_set_tx_rx_interval                 0x000122b9   Thumb Code     0  rom1Sym.txt ABSOLUTE
    ll_hw_set_tx_rx_release                  0x000122cd   Thumb Code     0  rom1Sym.txt ABSOLUTE
    ll_hw_trigger                            0x000122e9   Thumb Code     0  rom1Sym.txt ABSOLUTE
    ll_hw_trx_settle_config                  0x0001230d   Thumb Code     0  rom1Sym.txt ABSOLUTE
    ll_hw_tx2rx_timing_config                0x00012351   Thumb Code     0  rom1Sym.txt ABSOLUTE
    ll_hw_update                             0x000123a5   Thumb Code     0  rom1Sym.txt ABSOLUTE
    ll_hw_update_rtlp_mode                   0x00012405   Thumb Code     0  rom1Sym.txt ABSOLUTE
    ll_hw_update_trlp_mode                   0x00012449   Thumb Code     0  rom1Sym.txt ABSOLUTE
    ll_hw_write_tfifo                        0x00012491   Thumb Code     0  rom1Sym.txt ABSOLUTE
    ll_read_rxfifo                           0x0001250d   Thumb Code     0  rom1Sym.txt ABSOLUTE
    ll_schedule_next_event                   0x000125a5   Thumb Code     0  rom1Sym.txt ABSOLUTE
    mask_timer_int                           0x00012639   Thumb Code     0  rom1Sym.txt ABSOLUTE
    mixed_scalar_multiply                    0x00012a39   Thumb Code     0  rom1Sym.txt ABSOLUTE
    move_read_idx                            0x00012b65   Thumb Code     0  rom1Sym.txt ABSOLUTE
    move_to_master_function                  0x00012b85   Thumb Code     0  rom1Sym.txt ABSOLUTE
    move_to_slave_function                   0x00012c6d   Thumb Code     0  rom1Sym.txt ABSOLUTE
    mpal_add                                 0x00012ead   Thumb Code     0  rom1Sym.txt ABSOLUTE
    mpal_add_u8                              0x00012f55   Thumb Code     0  rom1Sym.txt ABSOLUTE
    mpal_compare                             0x00012f89   Thumb Code     0  rom1Sym.txt ABSOLUTE
    mpal_div_by_2                            0x00012fb1   Thumb Code     0  rom1Sym.txt ABSOLUTE
    mpal_mod_by_sub                          0x000131a5   Thumb Code     0  rom1Sym.txt ABSOLUTE
    mpal_mult                                0x000131d1   Thumb Code     0  rom1Sym.txt ABSOLUTE
    mpal_mult_by_2                           0x000132f9   Thumb Code     0  rom1Sym.txt ABSOLUTE
    mpal_right_shift                         0x00013319   Thumb Code     0  rom1Sym.txt ABSOLUTE
    mpal_sub                                 0x0001334d   Thumb Code     0  rom1Sym.txt ABSOLUTE
    osalAddTimer                             0x000133a1   Thumb Code     0  rom1Sym.txt ABSOLUTE
    osalDeleteTimer                          0x00013411   Thumb Code     0  rom1Sym.txt ABSOLUTE
    osalFindTimer                            0x0001341d   Thumb Code     0  rom1Sym.txt ABSOLUTE
    osalTimeUpdate                           0x0001343d   Thumb Code     0  rom1Sym.txt ABSOLUTE
    osalTimeUpdate1                          0x000134a9   Thumb Code     0  rom1Sym.txt ABSOLUTE
    osalTimerInit                            0x000134e5   Thumb Code     0  rom1Sym.txt ABSOLUTE
    osalTimerUpdate                          0x000134f1   Thumb Code     0  rom1Sym.txt ABSOLUTE
    osal_CbTimerInit                         0x0001359d   Thumb Code     0  rom1Sym.txt ABSOLUTE
    osal_CbTimerProcessEvent                 0x000135bd   Thumb Code     0  rom1Sym.txt ABSOLUTE
    osal_CbTimerStart                        0x0001361d   Thumb Code     0  rom1Sym.txt ABSOLUTE
    osal_CbTimerStop                         0x00013685   Thumb Code     0  rom1Sym.txt ABSOLUTE
    osal_CbTimerUpdate                       0x000136c5   Thumb Code     0  rom1Sym.txt ABSOLUTE
    osal_ConvertUTCSecs                      0x00013715   Thumb Code     0  rom1Sym.txt ABSOLUTE
    osal_ConvertUTCTime                      0x000137b9   Thumb Code     0  rom1Sym.txt ABSOLUTE
    osal_GetSystemClock                      0x000138c1   Thumb Code     0  rom1Sym.txt ABSOLUTE
    osal_bm_adjust_header                    0x000138cd   Thumb Code     0  rom1Sym.txt ABSOLUTE
    osal_bm_adjust_tail                      0x000138f5   Thumb Code     0  rom1Sym.txt ABSOLUTE
    osal_bm_alloc                            0x00013921   Thumb Code     0  rom1Sym.txt ABSOLUTE
    osal_bm_free                             0x00013959   Thumb Code     0  rom1Sym.txt ABSOLUTE
    osal_buffer_uint24                       0x000139a9   Thumb Code     0  rom1Sym.txt ABSOLUTE
    osal_buffer_uint32                       0x000139b7   Thumb Code     0  rom1Sym.txt ABSOLUTE
    osal_build_uint16                        0x000139c9   Thumb Code     0  rom1Sym.txt ABSOLUTE
    osal_build_uint32                        0x000139d5   Thumb Code     0  rom1Sym.txt ABSOLUTE
    osal_clear_event                         0x00013a11   Thumb Code     0  rom1Sym.txt ABSOLUTE
    osal_getClock                            0x00013a4d   Thumb Code     0  rom1Sym.txt ABSOLUTE
    osal_get_timeoutEx                       0x00013a59   Thumb Code     0  rom1Sym.txt ABSOLUTE
    osal_init_system                         0x00013a7d   Thumb Code     0  rom1Sym.txt ABSOLUTE
    osal_int_disable                         0x00013aad   Thumb Code     0  rom1Sym.txt ABSOLUTE
    osal_int_enable                          0x00013abb   Thumb Code     0  rom1Sym.txt ABSOLUTE
    osal_isbufset                            0x00013ac9   Thumb Code     0  rom1Sym.txt ABSOLUTE
    osal_isr_register                        0x00013ae9   Thumb Code     0  rom1Sym.txt ABSOLUTE
    osal_mem_alloc                           0x00013aed   Thumb Code     0  rom1Sym.txt ABSOLUTE
    osal_mem_free                            0x00013bc5   Thumb Code     0  rom1Sym.txt ABSOLUTE
    osal_mem_init                            0x00013bf5   Thumb Code     0  rom1Sym.txt ABSOLUTE
    osal_mem_kick                            0x00013c5d   Thumb Code     0  rom1Sym.txt ABSOLUTE
    osal_mem_set_heap                        0x00013c8d   Thumb Code     0  rom1Sym.txt ABSOLUTE
    osal_memcmp                              0x00013ca5   Thumb Code     0  rom1Sym.txt ABSOLUTE
    osal_memcpy                              0x00013cc1   Thumb Code     0  rom1Sym.txt ABSOLUTE
    osal_memdup                              0x00013cd1   Thumb Code     0  rom1Sym.txt ABSOLUTE
    osal_memset                              0x00013ced   Thumb Code     0  rom1Sym.txt ABSOLUTE
    osal_msg_allocate                        0x00013cf5   Thumb Code     0  rom1Sym.txt ABSOLUTE
    osal_msg_deallocate                      0x00013d1b   Thumb Code     0  rom1Sym.txt ABSOLUTE
    osal_msg_dequeue                         0x00013d3d   Thumb Code     0  rom1Sym.txt ABSOLUTE
    osal_msg_enqueue                         0x00013d71   Thumb Code     0  rom1Sym.txt ABSOLUTE
    osal_msg_enqueue_max                     0x00013da9   Thumb Code     0  rom1Sym.txt ABSOLUTE
    osal_msg_extract                         0x00013e51   Thumb Code     0  rom1Sym.txt ABSOLUTE
    osal_msg_find                            0x00013e89   Thumb Code     0  rom1Sym.txt ABSOLUTE
    osal_msg_push                            0x00013ec5   Thumb Code     0  rom1Sym.txt ABSOLUTE
    osal_msg_push_front                      0x00013ee5   Thumb Code     0  rom1Sym.txt ABSOLUTE
    osal_msg_receive                         0x00013ef1   Thumb Code     0  rom1Sym.txt ABSOLUTE
    osal_msg_send                            0x00013f5d   Thumb Code     0  rom1Sym.txt ABSOLUTE
    osal_next_timeout                        0x00013f69   Thumb Code     0  rom1Sym.txt ABSOLUTE
    osal_pwrmgr_device                       0x00013f91   Thumb Code     0  rom1Sym.txt ABSOLUTE
    osal_pwrmgr_init                         0x00013f9d   Thumb Code     0  rom1Sym.txt ABSOLUTE
    osal_pwrmgr_powerconserve                0x00013fad   Thumb Code     0  rom1Sym.txt ABSOLUTE
    osal_pwrmgr_task_state                   0x0001411d   Thumb Code     0  rom1Sym.txt ABSOLUTE
    osal_rand                                0x0001414d   Thumb Code     0  rom1Sym.txt ABSOLUTE
    osal_revmemcpy                           0x00014169   Thumb Code     0  rom1Sym.txt ABSOLUTE
    osal_run_system                          0x0001417d   Thumb Code     0  rom1Sym.txt ABSOLUTE
    osal_self                                0x00014225   Thumb Code     0  rom1Sym.txt ABSOLUTE
    osal_setClock                            0x00014231   Thumb Code     0  rom1Sym.txt ABSOLUTE
    osal_set_event                           0x0001423d   Thumb Code     0  rom1Sym.txt ABSOLUTE
    osal_start_reload_timer                  0x00014279   Thumb Code     0  rom1Sym.txt ABSOLUTE
    osal_start_system                        0x000142a9   Thumb Code     0  rom1Sym.txt ABSOLUTE
    osal_start_timerEx                       0x000142b1   Thumb Code     0  rom1Sym.txt ABSOLUTE
    osal_stop_timerEx                        0x000142d5   Thumb Code     0  rom1Sym.txt ABSOLUTE
    osal_strlen                              0x00014301   Thumb Code     0  rom1Sym.txt ABSOLUTE
    osal_timer_num_active                    0x00014309   Thumb Code     0  rom1Sym.txt ABSOLUTE
    pad_ds_control                           0x00014335   Thumb Code     0  rom1Sym.txt ABSOLUTE
    pad_pe_control                           0x00014359   Thumb Code     0  rom1Sym.txt ABSOLUTE
    pinmap                                   0x0001437d   Thumb Code     0  rom1Sym.txt ABSOLUTE
    program_bin                              0x0001438d   Thumb Code     0  rom1Sym.txt ABSOLUTE
    program_flags                            0x00014425   Thumb Code     0  rom1Sym.txt ABSOLUTE
    read_LL_remainder_time                   0x00014481   Thumb Code     0  rom1Sym.txt ABSOLUTE
    read_current_fine_time                   0x0001448d   Thumb Code     0  rom1Sym.txt ABSOLUTE
    read_deviceID                            0x000144b5   Thumb Code     0  rom1Sym.txt ABSOLUTE
    read_status_register                     0x000144e9   Thumb Code     0  rom1Sym.txt ABSOLUTE
    receive_cmd_params                       0x0001450d   Thumb Code     0  rom1Sym.txt ABSOLUTE
    receive_cmd_params_dec                   0x000145d1   Thumb Code     0  rom1Sym.txt ABSOLUTE
    receive_command                          0x00014695   Thumb Code     0  rom1Sym.txt ABSOLUTE
    receive_image_data                       0x00014759   Thumb Code     0  rom1Sym.txt ABSOLUTE
    release_flash_deep_sleep                 0x000147f1   Thumb Code     0  rom1Sym.txt ABSOLUTE
    reset_CmdandParam                        0x00014839   Thumb Code     0  rom1Sym.txt ABSOLUTE
    reset_Param                              0x00014845   Thumb Code     0  rom1Sym.txt ABSOLUTE
    reset_burn_buf                           0x00014861   Thumb Code     0  rom1Sym.txt ABSOLUTE
    reset_cmd                                0x0001487d   Thumb Code     0  rom1Sym.txt ABSOLUTE
    reset_conn_buf                           0x00014899   Thumb Code     0  rom1Sym.txt ABSOLUTE
    rf_init                                  0x00014965   Thumb Code     0  rom1Sym.txt ABSOLUTE
    rom_board_init                           0x0001538d   Thumb Code     0  rom1Sym.txt ABSOLUTE
    sendEstLinkEvent                         0x000154c5   Thumb Code     0  rom1Sym.txt ABSOLUTE
    setSleepMode                             0x00015549   Thumb Code     0  rom1Sym.txt ABSOLUTE
    set_WDT_rpl                              0x00015555   Thumb Code     0  rom1Sym.txt ABSOLUTE
    set_access_address                       0x00015569   Thumb Code     0  rom1Sym.txt ABSOLUTE
    set_channel                              0x00015575   Thumb Code     0  rom1Sym.txt ABSOLUTE
    set_crc_seed                             0x000155b5   Thumb Code     0  rom1Sym.txt ABSOLUTE
    set_flash_deep_sleep                     0x000155cd   Thumb Code     0  rom1Sym.txt ABSOLUTE
    set_gpio_pull_down_ate                   0x000155ed   Thumb Code     0  rom1Sym.txt ABSOLUTE
    set_gpio_pull_up_ate                     0x00015609   Thumb Code     0  rom1Sym.txt ABSOLUTE
    set_int                                  0x00015625   Thumb Code     0  rom1Sym.txt ABSOLUTE
    set_loadtimer                            0x00015631   Thumb Code     0  rom1Sym.txt ABSOLUTE
    set_max_length                           0x00015649   Thumb Code     0  rom1Sym.txt ABSOLUTE
    set_pull_func                            0x0001565d   Thumb Code     0  rom1Sym.txt ABSOLUTE
    set_sleep_flag                           0x00015695   Thumb Code     0  rom1Sym.txt ABSOLUTE
    set_timer                                0x000156c1   Thumb Code     0  rom1Sym.txt ABSOLUTE
    set_timer1                               0x000156f1   Thumb Code     0  rom1Sym.txt ABSOLUTE
    set_timer2                               0x00015701   Thumb Code     0  rom1Sym.txt ABSOLUTE
    set_timer3                               0x00015711   Thumb Code     0  rom1Sym.txt ABSOLUTE
    set_whiten_seed                          0x00015721   Thumb Code     0  rom1Sym.txt ABSOLUTE
    smAuthReqToUint8                         0x0001578d   Thumb Code     0  rom1Sym.txt ABSOLUTE
    smDetermineKeySize                       0x000157a5   Thumb Code     0  rom1Sym.txt ABSOLUTE
    smEncLTK                                 0x000157cd   Thumb Code     0  rom1Sym.txt ABSOLUTE
    smEndPairing                             0x00015821   Thumb Code     0  rom1Sym.txt ABSOLUTE
    smGenerateConfirm                        0x000158a1   Thumb Code     0  rom1Sym.txt ABSOLUTE
    smGeneratePairingReqRsp                  0x000158cd   Thumb Code     0  rom1Sym.txt ABSOLUTE
    smGenerateRandBuf                        0x00015909   Thumb Code     0  rom1Sym.txt ABSOLUTE
    smGenerateRandMsg                        0x00015931   Thumb Code     0  rom1Sym.txt ABSOLUTE
    smInProcess                              0x0001595d   Thumb Code     0  rom1Sym.txt ABSOLUTE
    smLinkCheck                              0x00015afd   Thumb Code     0  rom1Sym.txt ABSOLUTE
    smNextPairingState                       0x00015b1d   Thumb Code     0  rom1Sym.txt ABSOLUTE
    smPairingSendEncInfo                     0x00015b55   Thumb Code     0  rom1Sym.txt ABSOLUTE
    smPairingSendIdentityAddrInfo            0x00015b69   Thumb Code     0  rom1Sym.txt ABSOLUTE
    smPairingSendIdentityInfo                0x00015b91   Thumb Code     0  rom1Sym.txt ABSOLUTE
    smPairingSendMasterID                    0x00015ba5   Thumb Code     0  rom1Sym.txt ABSOLUTE
    smPairingSendSingingInfo                 0x00015bd1   Thumb Code     0  rom1Sym.txt ABSOLUTE
    smProcessDataMsg                         0x00015be5   Thumb Code     0  rom1Sym.txt ABSOLUTE
    smProcessEncryptChange                   0x00015c81   Thumb Code     0  rom1Sym.txt ABSOLUTE
    smProcessPairingReq                      0x00015dc1   Thumb Code     0  rom1Sym.txt ABSOLUTE
    smProcessRandComplete                    0x00015e19   Thumb Code     0  rom1Sym.txt ABSOLUTE
    smRegisterInitiator                      0x00015e95   Thumb Code     0  rom1Sym.txt ABSOLUTE
    smRegisterResponder                      0x00015ea1   Thumb Code     0  rom1Sym.txt ABSOLUTE
    smSavePairInfo                           0x00016131   Thumb Code     0  rom1Sym.txt ABSOLUTE
    smSendFailAndEnd                         0x00016295   Thumb Code     0  rom1Sym.txt ABSOLUTE
    smSendSMMsg                              0x000162b5   Thumb Code     0  rom1Sym.txt ABSOLUTE
    smStartEncryption                        0x00016335   Thumb Code     0  rom1Sym.txt ABSOLUTE
    smStartRspTimer                          0x00016355   Thumb Code     0  rom1Sym.txt ABSOLUTE
    smStopRspTimer                           0x00016371   Thumb Code     0  rom1Sym.txt ABSOLUTE
    smTimedOut                               0x00016385   Thumb Code     0  rom1Sym.txt ABSOLUTE
    smUint8ToAuthReq                         0x0001638f   Thumb Code     0  rom1Sym.txt ABSOLUTE
    sm_ah                                    0x000164fd   Thumb Code     0  rom1Sym.txt ABSOLUTE
    sm_c1                                    0x00016541   Thumb Code     0  rom1Sym.txt ABSOLUTE
    sm_c1new                                 0x000165d5   Thumb Code     0  rom1Sym.txt ABSOLUTE
    sm_d1                                    0x00016697   Thumb Code     0  rom1Sym.txt ABSOLUTE
    sm_dm                                    0x000166d5   Thumb Code     0  rom1Sym.txt ABSOLUTE
    sm_s1                                    0x00016713   Thumb Code     0  rom1Sym.txt ABSOLUTE
    smpBuildEncInfo                          0x0001676d   Thumb Code     0  rom1Sym.txt ABSOLUTE
    smpBuildIdentityAddrInfo                 0x0001678f   Thumb Code     0  rom1Sym.txt ABSOLUTE
    smpBuildIdentityInfo                     0x000167b7   Thumb Code     0  rom1Sym.txt ABSOLUTE
    smpBuildMasterID                         0x000167d9   Thumb Code     0  rom1Sym.txt ABSOLUTE
    smpBuildPairingConfirm                   0x00016805   Thumb Code     0  rom1Sym.txt ABSOLUTE
    smpBuildPairingFailed                    0x00016827   Thumb Code     0  rom1Sym.txt ABSOLUTE
    smpBuildPairingRandom                    0x0001683f   Thumb Code     0  rom1Sym.txt ABSOLUTE
    smpBuildPairingReq                       0x00016861   Thumb Code     0  rom1Sym.txt ABSOLUTE
    smpBuildPairingReqRsp                    0x0001686f   Thumb Code     0  rom1Sym.txt ABSOLUTE
    smpBuildPairingRsp                       0x000168f3   Thumb Code     0  rom1Sym.txt ABSOLUTE
    smpBuildSecurityReq                      0x00016901   Thumb Code     0  rom1Sym.txt ABSOLUTE
    smpBuildSigningInfo                      0x0001691f   Thumb Code     0  rom1Sym.txt ABSOLUTE
    smpParseEncInfo                          0x00016c89   Thumb Code     0  rom1Sym.txt ABSOLUTE
    smpParseIdentityAddrInfo                 0x00016ca7   Thumb Code     0  rom1Sym.txt ABSOLUTE
    smpParseIdentityInfo                     0x00016cc9   Thumb Code     0  rom1Sym.txt ABSOLUTE
    smpParseMasterID                         0x00016ce7   Thumb Code     0  rom1Sym.txt ABSOLUTE
    smpParsePairingConfirm                   0x00016d0f   Thumb Code     0  rom1Sym.txt ABSOLUTE
    smpParsePairingFailed                    0x00016d2d   Thumb Code     0  rom1Sym.txt ABSOLUTE
    smpParsePairingRandom                    0x00016d4d   Thumb Code     0  rom1Sym.txt ABSOLUTE
    smpParsePairingReq                       0x00016d6d   Thumb Code     0  rom1Sym.txt ABSOLUTE
    smpParseSecurityReq                      0x00016e41   Thumb Code     0  rom1Sym.txt ABSOLUTE
    smpParseSigningInfo                      0x00016e5d   Thumb Code     0  rom1Sym.txt ABSOLUTE
    smpResponderProcessPairingReq            0x000170f5   Thumb Code     0  rom1Sym.txt ABSOLUTE
    sram_ret_patch                           0x000171ed   Thumb Code     0  rom1Sym.txt ABSOLUTE
    ssp_get_dhkey                            0x0001721d   Thumb Code     0  rom1Sym.txt ABSOLUTE
    ssp_get_ecdh_keypair                     0x000172a5   Thumb Code     0  rom1Sym.txt ABSOLUTE
    ssp_init                                 0x00017361   Thumb Code     0  rom1Sym.txt ABSOLUTE
    ssp_rng_get                              0x00017379   Thumb Code     0  rom1Sym.txt ABSOLUTE
    ssp_rng_init                             0x000173c1   Thumb Code     0  rom1Sym.txt ABSOLUTE
    ssp_shutdown                             0x000173e5   Thumb Code     0  rom1Sym.txt ABSOLUTE
    update_rx_read_ptr                       0x000173e9   Thumb Code     0  rom1Sym.txt ABSOLUTE
    update_rx_write_ptr                      0x00017411   Thumb Code     0  rom1Sym.txt ABSOLUTE
    update_tx_read_ptr                       0x0001742d   Thumb Code     0  rom1Sym.txt ABSOLUTE
    update_tx_write_ptr                      0x00017455   Thumb Code     0  rom1Sym.txt ABSOLUTE
    verify_point_on_curve                    0x00017471   Thumb Code     0  rom1Sym.txt ABSOLUTE
    wakeupProcess                            0x00017589   Thumb Code     0  rom1Sym.txt ABSOLUTE
    wakeup_init                              0x00017749   Thumb Code     0  rom1Sym.txt ABSOLUTE
    write_image_to_flash                     0x00017825   Thumb Code     0  rom1Sym.txt ABSOLUTE
    write_status_register                    0x000178b9   Thumb Code     0  rom1Sym.txt ABSOLUTE
    zigbee_crc16_gen                         0x00017903   Thumb Code     0  rom1Sym.txt ABSOLUTE
    PRIME                                    0x00017b08   Data           0  rom1Sym.txt ABSOLUTE
    curve_a                                  0x00017b48   Data           0  rom1Sym.txt ABSOLUTE
    curve_b                                  0x00017b68   Data           0  rom1Sym.txt ABSOLUTE
    btBaseUUID                               0x00017ba8   Data           0  rom1Sym.txt ABSOLUTE
    gapServiceUUID                           0x00017c18   Data           0  rom1Sym.txt ABSOLUTE
    gattServiceUUID                          0x00017c1a   Data           0  rom1Sym.txt ABSOLUTE
    primaryServiceUUID                       0x00017c1c   Data           0  rom1Sym.txt ABSOLUTE
    secondaryServiceUUID                     0x00017c1e   Data           0  rom1Sym.txt ABSOLUTE
    includeUUID                              0x00017c20   Data           0  rom1Sym.txt ABSOLUTE
    characterUUID                            0x00017c22   Data           0  rom1Sym.txt ABSOLUTE
    charExtPropsUUID                         0x00017c24   Data           0  rom1Sym.txt ABSOLUTE
    charUserDescUUID                         0x00017c26   Data           0  rom1Sym.txt ABSOLUTE
    clientCharCfgUUID                        0x00017c28   Data           0  rom1Sym.txt ABSOLUTE
    servCharCfgUUID                          0x00017c2a   Data           0  rom1Sym.txt ABSOLUTE
    charFormatUUID                           0x00017c2c   Data           0  rom1Sym.txt ABSOLUTE
    charAggFormatUUID                        0x00017c2e   Data           0  rom1Sym.txt ABSOLUTE
    deviceNameUUID                           0x00017c30   Data           0  rom1Sym.txt ABSOLUTE
    appearanceUUID                           0x00017c32   Data           0  rom1Sym.txt ABSOLUTE
    periPrivacyFlagUUID                      0x00017c34   Data           0  rom1Sym.txt ABSOLUTE
    reconnectAddrUUID                        0x00017c36   Data           0  rom1Sym.txt ABSOLUTE
    periConnParamUUID                        0x00017c38   Data           0  rom1Sym.txt ABSOLUTE
    serviceChangedUUID                       0x00017c3a   Data           0  rom1Sym.txt ABSOLUTE
    validRangeUUID                           0x00017c3c   Data           0  rom1Sym.txt ABSOLUTE
    extReportRefUUID                         0x00017c3e   Data           0  rom1Sym.txt ABSOLUTE
    reportRefUUID                            0x00017c40   Data           0  rom1Sym.txt ABSOLUTE
    supportedCmdsTable                       0x00017c6b   Data           0  rom1Sym.txt ABSOLUTE
    hciCmdTable                              0x00017cac   Data           0  rom1Sym.txt ABSOLUTE
    SCA                                      0x00017cb4   Data           0  rom1Sym.txt ABSOLUTE
    zeroBlock                                0x00017cc4   Data           0  rom1Sym.txt ABSOLUTE
    jump_table_base                          0x1fff0800   Data        1024  jump_table.o(jump_table_mem_area)
    global_config                            0x1fff0c00   Data        1024  jump_table.o(global_config_area)
    pclk                                     0x1fff1010   Data           0  rom1Sym.txt ABSOLUTE
    hclk                                     0x1fff1018   Data           0  rom1Sym.txt ABSOLUTE
    hclk_per_us                              0x1fff1020   Data           0  rom1Sym.txt ABSOLUTE
    hclk_per_us_shift                        0x1fff1024   Data           0  rom1Sym.txt ABSOLUTE
    DHKEY_STATUS                             0x1fff102c   Data           0  rom1Sym.txt ABSOLUTE
    g_coord_flag                             0x1fff1032   Data           0  rom1Sym.txt ABSOLUTE
    g_ms_multiply_flag                       0x1fff1033   Data           0  rom1Sym.txt ABSOLUTE
    g_ms_multiply_count                      0x1fff1034   Data           0  rom1Sym.txt ABSOLUTE
    current_base_time                        0x1fff103c   Data           0  rom1Sym.txt ABSOLUTE
    osal_sys_tick                            0x1fff1040   Data           0  rom1Sym.txt ABSOLUTE
    current_fine_time                        0x1fff1044   Data           0  rom1Sym.txt ABSOLUTE
    rom_MID                                  0x1fff105c   Data           0  rom1Sym.txt ABSOLUTE
    rom_JID8                                 0x1fff105d   Data           0  rom1Sym.txt ABSOLUTE
    rom_JID0                                 0x1fff105e   Data           0  rom1Sym.txt ABSOLUTE
    Uart_status                              0x1fff1060   Data           0  rom1Sym.txt ABSOLUTE
    rx_overrun_flag                          0x1fff1061   Data           0  rom1Sym.txt ABSOLUTE
    uart_rx_wIdx                             0x1fff1064   Data           0  rom1Sym.txt ABSOLUTE
    uart_rx_rIdx                             0x1fff1068   Data           0  rom1Sym.txt ABSOLUTE
    uart_tx_wIdx                             0x1fff106c   Data           0  rom1Sym.txt ABSOLUTE
    uart_tx_rIdx                             0x1fff1070   Data           0  rom1Sym.txt ABSOLUTE
    g_uart_baud                              0x1fff1074   Data           0  rom1Sym.txt ABSOLUTE
    cmdValid                                 0x1fff1078   Data           0  rom1Sym.txt ABSOLUTE
    cmdParamValid                            0x1fff1079   Data           0  rom1Sym.txt ABSOLUTE
    receive_timeout_flag                     0x1fff107a   Data           0  rom1Sym.txt ABSOLUTE
    crc16_code                               0x1fff107c   Data           0  rom1Sym.txt ABSOLUTE
    flash_space                              0x1fff1080   Data           0  rom1Sym.txt ABSOLUTE
    check_sum                                0x1fff1084   Data           0  rom1Sym.txt ABSOLUTE
    bin_type                                 0x1fff1088   Data           0  rom1Sym.txt ABSOLUTE
    r_idx                                    0x1fff108c   Data           0  rom1Sym.txt ABSOLUTE
    ImageCount                               0x1fff1090   Data           0  rom1Sym.txt ABSOLUTE
    flash_addr                               0x1fff1094   Data           0  rom1Sym.txt ABSOLUTE
    image_size                               0x1fff1098   Data           0  rom1Sym.txt ABSOLUTE
    run_addr                                 0x1fff109c   Data           0  rom1Sym.txt ABSOLUTE
    uart_baud                                0x1fff10a0   Data           0  rom1Sym.txt ABSOLUTE
    adc_wIdx                                 0x1fff10a4   Data           0  rom1Sym.txt ABSOLUTE
    adc_int_source                           0x1fff10a6   Data           0  rom1Sym.txt ABSOLUTE
    baseTaskID                               0x1fff10ac   Data           0  rom1Sym.txt ABSOLUTE
    OSAL_timeSeconds                         0x1fff10b8   Data           0  rom1Sym.txt ABSOLUTE
    ll_remain_time                           0x1fff10d0   Data           0  rom1Sym.txt ABSOLUTE
    pwrmgr_attribute                         0x1fff10d4   Data           0  rom1Sym.txt ABSOLUTE
    timerHead                                0x1fff10dc   Data           0  rom1Sym.txt ABSOLUTE
    osal_qHead                               0x1fff10e8   Data           0  rom1Sym.txt ABSOLUTE
    g_ATT_MTU_SIZE                           0x1fff10ec   Data           0  rom1Sym.txt ABSOLUTE
    g_ATT_MTU_SIZE_MAX                       0x1fff10ee   Data           0  rom1Sym.txt ABSOLUTE
    g_ATT_MAX_NUM_HANDLE_BT_UUID             0x1fff10f0   Data           0  rom1Sym.txt ABSOLUTE
    g_ATT_MAX_NUM_HANDLE_UUID                0x1fff10f2   Data           0  rom1Sym.txt ABSOLUTE
    g_ATT_MAX_NUM_HANDLES_INFO               0x1fff10f4   Data           0  rom1Sym.txt ABSOLUTE
    g_ATT_MAX_NUM_HANDLES                    0x1fff10f6   Data           0  rom1Sym.txt ABSOLUTE
    g_attMtuClientServer                     0x1fff10f8   Data           0  rom1Sym.txt ABSOLUTE
    gapAppTaskID                             0x1fff1114   Data           0  rom1Sym.txt ABSOLUTE
    gapProfileRole                           0x1fff1115   Data           0  rom1Sym.txt ABSOLUTE
    gapDeviceAddrMode                        0x1fff1116   Data           0  rom1Sym.txt ABSOLUTE
    gapAutoAdvPrivateAddrChange              0x1fff1117   Data           0  rom1Sym.txt ABSOLUTE
    gapPrivateAddrChangeTimeout              0x1fff1118   Data           0  rom1Sym.txt ABSOLUTE
    pGapDiscReq                              0x1fff1170   Data           0  rom1Sym.txt ABSOLUTE
    pGapAdvertState                          0x1fff1174   Data           0  rom1Sym.txt ABSOLUTE
    pEstLink                                 0x1fff117c   Data           0  rom1Sym.txt ABSOLUTE
    pAuthLink                                0x1fff1180   Data           0  rom1Sym.txt ABSOLUTE
    pfnCentralConnCBs                        0x1fff1184   Data           0  rom1Sym.txt ABSOLUTE
    gapUnwantedTaskID                        0x1fff11a4   Data           0  rom1Sym.txt ABSOLUTE
    gapTaskID                                0x1fff11a5   Data           0  rom1Sym.txt ABSOLUTE
    pfnPeripheralCBs                         0x1fff11a8   Data           0  rom1Sym.txt ABSOLUTE
    indTaskId                                0x1fff11b0   Data           0  rom1Sym.txt ABSOLUTE
    reqTaskId                                0x1fff11b4   Data           0  rom1Sym.txt ABSOLUTE
    serverInfoTbl                            0x1fff11bc   Data           0  rom1Sym.txt ABSOLUTE
    gattTaskID                               0x1fff11c4   Data           0  rom1Sym.txt ABSOLUTE
    l2capTaskID                              0x1fff11d1   Data           0  rom1Sym.txt ABSOLUTE
    l2capExtendFragments                     0x1fff11d2   Data           0  rom1Sym.txt ABSOLUTE
    currSeqNum                               0x1fff11d4   Data           0  rom1Sym.txt ABSOLUTE
    pPairingParams                           0x1fff11e8   Data           0  rom1Sym.txt ABSOLUTE
    pfnResponderCBs                          0x1fff11ec   Data           0  rom1Sym.txt ABSOLUTE
    smTaskID                                 0x1fff1200   Data           0  rom1Sym.txt ABSOLUTE
    hciPTMenabled                            0x1fff1202   Data           0  rom1Sym.txt ABSOLUTE
    ctrlToHostEnable                         0x1fff1203   Data           0  rom1Sym.txt ABSOLUTE
    numHostBufs                              0x1fff1204   Data           0  rom1Sym.txt ABSOLUTE
    hciCtrlCmdToken                          0x1fff1206   Data           0  rom1Sym.txt ABSOLUTE
    bleEvtMask                               0x1fff1208   Data           0  rom1Sym.txt ABSOLUTE
    pHciEvtMask                              0x1fff120c   Data           0  rom1Sym.txt ABSOLUTE
    hciTaskID                                0x1fff1214   Data           0  rom1Sym.txt ABSOLUTE
    hciTestTaskID                            0x1fff1215   Data           0  rom1Sym.txt ABSOLUTE
    hciGapTaskID                             0x1fff1216   Data           0  rom1Sym.txt ABSOLUTE
    hciL2capTaskID                           0x1fff1217   Data           0  rom1Sym.txt ABSOLUTE
    hciSmpTaskID                             0x1fff1218   Data           0  rom1Sym.txt ABSOLUTE
    hciExtTaskID                             0x1fff1219   Data           0  rom1Sym.txt ABSOLUTE
    LL_TaskID                                0x1fff121c   Data           0  rom1Sym.txt ABSOLUTE
    llState                                  0x1fff121d   Data           0  rom1Sym.txt ABSOLUTE
    numComplPkts                             0x1fff121e   Data           0  rom1Sym.txt ABSOLUTE
    numComplPktsLimit                        0x1fff121f   Data           0  rom1Sym.txt ABSOLUTE
    fastTxRespTime                           0x1fff1220   Data           0  rom1Sym.txt ABSOLUTE
    g_llWlDeviceNum                          0x1fff1221   Data           0  rom1Sym.txt ABSOLUTE
    rxFifoFlowCtrl                           0x1fff1222   Data           0  rom1Sym.txt ABSOLUTE
    llSecondaryState                         0x1fff1223   Data           0  rom1Sym.txt ABSOLUTE
    g_llHdcDirAdvTime                        0x1fff1228   Data           0  rom1Sym.txt ABSOLUTE
    chanMapUpdate                            0x1fff122c   Data           0  rom1Sym.txt ABSOLUTE
    verInfo                                  0x1fff123e   Data           0  rom1Sym.txt ABSOLUTE
    peerInfo                                 0x1fff1244   Data           0  rom1Sym.txt ABSOLUTE
    ctrlDataIsProcess                        0x1fff124b   Data           0  rom1Sym.txt ABSOLUTE
    ctrlDataIsPending                        0x1fff124c   Data           0  rom1Sym.txt ABSOLUTE
    connId                                   0x1fff124d   Data           0  rom1Sym.txt ABSOLUTE
    onePktPerEvt                             0x1fff124e   Data           0  rom1Sym.txt ABSOLUTE
    g_adv_taskID                             0x1fff1250   Data           0  rom1Sym.txt ABSOLUTE
    g_conn_taskID                            0x1fff1251   Data           0  rom1Sym.txt ABSOLUTE
    g_smartWindowRTOCnt                      0x1fff1252   Data           0  rom1Sym.txt ABSOLUTE
    g_same_rf_channel_flag                   0x1fff1253   Data           0  rom1Sym.txt ABSOLUTE
    g_adv_taskEvent                          0x1fff1254   Data           0  rom1Sym.txt ABSOLUTE
    g_conn_taskEvent                         0x1fff1256   Data           0  rom1Sym.txt ABSOLUTE
    llWaitingIrq                             0x1fff1258   Data           0  rom1Sym.txt ABSOLUTE
    ISR_entry_time                           0x1fff125c   Data           0  rom1Sym.txt ABSOLUTE
    slave_conn_event_recv_delay              0x1fff1260   Data           0  rom1Sym.txt ABSOLUTE
    g_smartWindowLater                       0x1fff1264   Data           0  rom1Sym.txt ABSOLUTE
    g_smartWindowActiveCnt                   0x1fff1268   Data           0  rom1Sym.txt ABSOLUTE
    g_smartWindowPreAnchPoint                0x1fff126c   Data           0  rom1Sym.txt ABSOLUTE
    g_getPn23_cnt                            0x1fff1270   Data           0  rom1Sym.txt ABSOLUTE
    g_getPn23_seed                           0x1fff1274   Data           0  rom1Sym.txt ABSOLUTE
    llScanTime                               0x1fff1278   Data           0  rom1Sym.txt ABSOLUTE
    LL_PLUS_AdvDataFilterCBack               0x1fff127c   Data           0  rom1Sym.txt ABSOLUTE
    LL_PLUS_ScanRequestFilterCBack           0x1fff1280   Data           0  rom1Sym.txt ABSOLUTE
    llScanT1                                 0x1fff1284   Data           0  rom1Sym.txt ABSOLUTE
    llCurrentScanChn                         0x1fff1288   Data           0  rom1Sym.txt ABSOLUTE
    g_dle_taskID                             0x1fff128c   Data           0  rom1Sym.txt ABSOLUTE
    g_dle_taskEvent                          0x1fff128e   Data           0  rom1Sym.txt ABSOLUTE
    g_phyChg_taskID                          0x1fff1290   Data           0  rom1Sym.txt ABSOLUTE
    g_phyChg_taskEvent                       0x1fff1292   Data           0  rom1Sym.txt ABSOLUTE
    g_smartWindowSize                        0x1fff1294   Data           0  rom1Sym.txt ABSOLUTE
    g_smartWindowSizeNew                     0x1fff1298   Data           0  rom1Sym.txt ABSOLUTE
    g_smartWindowActive                      0x1fff129c   Data           0  rom1Sym.txt ABSOLUTE
    sleep_flag                               0x1fff12a4   Data           0  rom1Sym.txt ABSOLUTE
    g_wakeup_rtc_tick                        0x1fff12a8   Data           0  rom1Sym.txt ABSOLUTE
    g_counter_traking_avg                    0x1fff12ac   Data           0  rom1Sym.txt ABSOLUTE
    g_TIM2_IRQ_TIM3_CurrCount                0x1fff12b0   Data           0  rom1Sym.txt ABSOLUTE
    g_TIM2_IRQ_to_Sleep_DeltTick             0x1fff12b4   Data           0  rom1Sym.txt ABSOLUTE
    g_TIM2_IRQ_PendingTick                   0x1fff12b8   Data           0  rom1Sym.txt ABSOLUTE
    g_osal_tick_trim                         0x1fff12bc   Data           0  rom1Sym.txt ABSOLUTE
    g_osalTickTrim_mod                       0x1fff12c0   Data           0  rom1Sym.txt ABSOLUTE
    rtc_mod_value                            0x1fff12c4   Data           0  rom1Sym.txt ABSOLUTE
    g_counter_traking_cnt                    0x1fff12c8   Data           0  rom1Sym.txt ABSOLUTE
    counter_tracking                         0x1fff12d4   Data           0  rom1Sym.txt ABSOLUTE
    g_TIM2_wakeup_delay                      0x1fff12d8   Data           0  rom1Sym.txt ABSOLUTE
    g_rfPhyXtalCap                           0x1fff12dc   Data           0  rom1Sym.txt ABSOLUTE
    g_rfPhyTpCal0                            0x1fff12dd   Data           0  rom1Sym.txt ABSOLUTE
    g_rfPhyTpCal1                            0x1fff12de   Data           0  rom1Sym.txt ABSOLUTE
    g_rfPhyTpCal0_2Mbps                      0x1fff12df   Data           0  rom1Sym.txt ABSOLUTE
    g_rfPhyTpCal1_2Mbps                      0x1fff12e0   Data           0  rom1Sym.txt ABSOLUTE
    g_rfPhyTxPower                           0x1fff12e1   Data           0  rom1Sym.txt ABSOLUTE
    g_rfPhyPktFmt                            0x1fff12e2   Data           0  rom1Sym.txt ABSOLUTE
    g_system_clk                             0x1fff12e3   Data           0  rom1Sym.txt ABSOLUTE
    g_rfPhyRxDcIQ                            0x1fff12f8   Data           0  rom1Sym.txt ABSOLUTE
    g_rfPhyFreqOffSet                        0x1fff1300   Data           0  rom1Sym.txt ABSOLUTE
    Qx                                       0x1fff15c0   Data           0  rom1Sym.txt ABSOLUTE
    Qy                                       0x1fff1600   Data           0  rom1Sym.txt ABSOLUTE
    Qz                                       0x1fff1640   Data           0  rom1Sym.txt ABSOLUTE
    rom_urx_buf                              0x1fff1680   Data           0  rom1Sym.txt ABSOLUTE
    rom_utx_buf                              0x1fff1780   Data           0  rom1Sym.txt ABSOLUTE
    burn_buf                                 0x1fff1880   Data           0  rom1Sym.txt ABSOLUTE
    adc_buf                                  0x1fff18d8   Data           0  rom1Sym.txt ABSOLUTE
    cbTimers                                 0x1fff1958   Data           0  rom1Sym.txt ABSOLUTE
    clientInfoTbl                            0x1fff19ec   Data           0  rom1Sym.txt ABSOLUTE
    l2capFixedChannels                       0x1fff1c04   Data           0  rom1Sym.txt ABSOLUTE
    l2capChannels                            0x1fff1c14   Data           0  rom1Sym.txt ABSOLUTE
    l2capReassemblePkt                       0x1fff1c34   Data           0  rom1Sym.txt ABSOLUTE
    l2capSegmentPkt                          0x1fff1c44   Data           0  rom1Sym.txt ABSOLUTE
    g_sarDbgCnt                              0x1fff1ca0   Data           0  rom1Sym.txt ABSOLUTE
    adv_param                                0x1fff1d2c   Data           0  rom1Sym.txt ABSOLUTE
    scanInfo                                 0x1fff1d42   Data           0  rom1Sym.txt ABSOLUTE
    initInfo                                 0x1fff1d5a   Data           0  rom1Sym.txt ABSOLUTE
    conn_param                               0x1fff1d6c   Data           0  rom1Sym.txt ABSOLUTE
    deviceFeatureSet                         0x1fff1ea4   Data           0  rom1Sym.txt ABSOLUTE
    g_llWhitelist                            0x1fff1ead   Data           0  rom1Sym.txt ABSOLUTE
    ll_buf                                   0x1fff1ee8   Data           0  rom1Sym.txt ABSOLUTE
    g_pmCounters                             0x1fff3bd0   Data           0  rom1Sym.txt ABSOLUTE
    g_llPduLen                               0x1fff3c68   Data           0  rom1Sym.txt ABSOLUTE
    g_llPhyModeCtrl                          0x1fff3c84   Data           0  rom1Sym.txt ABSOLUTE
    rfCounters                               0x1fff3c9c   Data           0  rom1Sym.txt ABSOLUTE
    ctrlData                                 0x1fff3ca8   Data           0  rom1Sym.txt ABSOLUTE
    dataPkt                                  0x1fff3ccc   Data           0  rom1Sym.txt ABSOLUTE
    cachedTRNGdata                           0x1fff3cec   Data           0  rom1Sym.txt ABSOLUTE
    whiten_seed                              0x1fff3cf8   Data           0  rom1Sym.txt ABSOLUTE
    g_perStatsByChan                         0x1fff3d20   Data           0  rom1Sym.txt ABSOLUTE
    __Vectors                                0x1fff4800   Data           4  startup_armcm0.o(RESET)
    __Vectors_End                            0x1fff48c0   Data           0  startup_armcm0.o(RESET)
    __main                                   0x1fff48c1   Thumb Code     0  entry.o(.ARM.Collect$$$$00000000)
    _main_stk                                0x1fff48c1   Thumb Code     0  entry2.o(.ARM.Collect$$$$00000001)
    _main_scatterload                        0x1fff48c5   Thumb Code     0  entry5.o(.ARM.Collect$$$$00000004)
    __main_after_scatterload                 0x1fff48c9   Thumb Code     0  entry5.o(.ARM.Collect$$$$00000004)
    _main_clock                              0x1fff48c9   Thumb Code     0  entry7b.o(.ARM.Collect$$$$00000008)
    _main_cpp_init                           0x1fff48c9   Thumb Code     0  entry8b.o(.ARM.Collect$$$$0000000A)
    _main_init                               0x1fff48c9   Thumb Code     0  entry9a.o(.ARM.Collect$$$$0000000B)
    __rt_final_cpp                           0x1fff48d1   Thumb Code     0  entry10a.o(.ARM.Collect$$$$0000000D)
    __rt_final_exit                          0x1fff48d1   Thumb Code     0  entry11a.o(.ARM.Collect$$$$0000000F)
    hal_init                                 0x1fff4925   Thumb Code    42  main.o(.text)
    main                                     0x1fff494f   Thumb Code    52  main.o(.text)
    voice_Init                               0x1fff4bc3   Thumb Code    14  voice_demo.o(.text)
    voice_ProcessEvent                       0x1fff4bd1   Thumb Code    80  voice_demo.o(.text)
    app_main                                 0x1fff4da9   Thumb Code    26  voice_main.o(.text)
    osalInitTasks                            0x1fff4dc5   Thumb Code    38  osal_voice.o(.text)
    hal_gpio_read                            0x1fff4e83   Thumb Code    52  gpio.o(.text)
    hal_gpio_wakeup_set                      0x1fff4eb7   Thumb Code    76  gpio.o(.text)
    hal_gpio_fmux                            0x1fff4f43   Thumb Code    34  gpio.o(.text)
    gpio_pin0to3_pin31to34_control           0x1fff4f65   Thumb Code    36  gpio.o(.text)
    hal_gpio_pin_init                        0x1fff4f89   Thumb Code    82  gpio.o(.text)
    hal_gpioin_enable                        0x1fff4fdb   Thumb Code   104  gpio.o(.text)
    hal_GPIO_IRQHandler                      0x1fff509b   Thumb Code    20  gpio.o(.text)
    hal_gpio_write                           0x1fff50af   Thumb Code    60  gpio.o(.text)
    hal_gpio_fast_write                      0x1fff50eb   Thumb Code    46  gpio.o(.text)
    hal_gpio_toggle                          0x1fff5119   Thumb Code    54  gpio.o(.text)
    hal_gpio_pull_set                        0x1fff514f   Thumb Code    54  gpio.o(.text)
    hal_gpio_cfg_analog_io                   0x1fff5185   Thumb Code    58  gpio.o(.text)
    hal_gpio_DS_control                      0x1fff51bf   Thumb Code    58  gpio.o(.text)
    hal_gpio_fmux_set                        0x1fff51f9   Thumb Code    42  gpio.o(.text)
    hal_gpioin_disable                       0x1fff5223   Thumb Code    64  gpio.o(.text)
    hal_gpioin_register                      0x1fff5263   Thumb Code    44  gpio.o(.text)
    hal_gpioin_unregister                    0x1fff528f   Thumb Code    34  gpio.o(.text)
    hal_gpio_init                            0x1fff52b1   Thumb Code    74  gpio.o(.text)
    hal_gpio_p00_to_hclk_div8_enable         0x1fff52fb   Thumb Code    12  gpio.o(.text)
    hal_gpio_p00_to_hclk_div8_disable        0x1fff5307   Thumb Code    12  gpio.o(.text)
    hal_gpio_p01_to_pclk_div4_enable         0x1fff5313   Thumb Code    12  gpio.o(.text)
    hal_gpio_p01_to_pclk_div4_disable        0x1fff531f   Thumb Code    12  gpio.o(.text)
    hal_gpio_p24_to_rc32k_enable             0x1fff532b   Thumb Code    12  gpio.o(.text)
    hal_gpio_p24_to_rc32k_disable            0x1fff5337   Thumb Code    12  gpio.o(.text)
    hal_gpio_p25_to_xtal_clk32k_enable       0x1fff5343   Thumb Code    12  gpio.o(.text)
    hal_gpio_p25_to_xtal_clk32k_disable      0x1fff534f   Thumb Code    12  gpio.o(.text)
    phy_printf                               0x1fff55f9   Thumb Code    50  my_printf.o(.text)
    phy_printf_init                          0x1fff562b   Thumb Code    12  my_printf.o(.text)
    hal_UART0_IRQHandler                     0x1fff5741   Thumb Code    58  uart.o(.text)
    hal_uart_init                            0x1fff577b   Thumb Code    68  uart.o(.text)
    hal_uart_set_tx_buf                      0x1fff57bf   Thumb Code    54  uart.o(.text)
    hal_uart_get_tx_ready                    0x1fff57f5   Thumb Code    22  uart.o(.text)
    hal_uart_send_buff                       0x1fff580b   Thumb Code    22  uart.o(.text)
    hal_uart_send_byte                       0x1fff5821   Thumb Code    58  uart.o(.text)
    hal_pwrmgr_init                          0x1fff59c5   Thumb Code    44  pwrmgr.o(.text)
    hal_pwrmgr_is_lock                       0x1fff59f1   Thumb Code    72  pwrmgr.o(.text)
    hal_pwrmgr_lock                          0x1fff5a39   Thumb Code    74  pwrmgr.o(.text)
    hal_pwrmgr_unlock                        0x1fff5a83   Thumb Code    86  pwrmgr.o(.text)
    hal_pwrmgr_register                      0x1fff5ad9   Thumb Code    62  pwrmgr.o(.text)
    hal_pwrmgr_unregister                    0x1fff5b17   Thumb Code    68  pwrmgr.o(.text)
    hal_pwrmgr_wakeup_process                0x1fff5b5b   Thumb Code    42  pwrmgr.o(.text)
    hal_pwrmgr_RAM_retention_set             0x1fff5b85   Thumb Code    20  pwrmgr.o(.text)
    hal_pwrmgr_sleep_process                 0x1fff5b99   Thumb Code    46  pwrmgr.o(.text)
    hal_pwrmgr_RAM_retention                 0x1fff5bc7   Thumb Code    20  pwrmgr.o(.text)
    hal_pwrmgr_RAM_retention_clr             0x1fff5bdb   Thumb Code    18  pwrmgr.o(.text)
    hal_pwrmgr_LowCurrentLdo_enable          0x1fff5bed   Thumb Code    20  pwrmgr.o(.text)
    hal_pwrmgr_LowCurrentLdo_disable         0x1fff5c01   Thumb Code    20  pwrmgr.o(.text)
    hal_pwrmgr_poweroff                      0x1fff5c15   Thumb Code    54  pwrmgr.o(.text)
    system_on_handler                        0x1fff5c4b   Thumb Code   162  pwrmgr.o(.text)
    clk_gate_enable                          0x1fff5cfd   Thumb Code    20  clock.o(.text)
    clk_gate_disable                         0x1fff5d11   Thumb Code    20  clock.o(.text)
    clk_reset                                0x1fff5d25   Thumb Code    22  clock.o(.text)
    clk_hclk                                 0x1fff5d3b   Thumb Code     6  clock.o(.text)
    clk_pclk                                 0x1fff5d41   Thumb Code     6  clock.o(.text)
    hal_rtc_clock_config                     0x1fff5d47   Thumb Code   126  clock.o(.text)
    hal_systick                              0x1fff5dc5   Thumb Code     6  clock.o(.text)
    hal_ms_intv                              0x1fff5dcb   Thumb Code    32  clock.o(.text)
    hal_setMem                               0x1fff5e09   Thumb Code    12  common.o(.text)
    hal_cpyMem                               0x1fff5e15   Thumb Code    16  common.o(.text)
    hal_cpyMem32                             0x1fff5e25   Thumb Code    18  common.o(.text)
    hal_my_strcmp                            0x1fff5e37   Thumb Code    32  common.o(.text)
    char_array_cmp                           0x1fff5e57   Thumb Code    38  common.o(.text)
    hal_copy_bin_from_flash_to_sram          0x1fff5e7d   Thumb Code     2  common.o(.text)
    hal_my_sizeof                            0x1fff5e7f   Thumb Code    18  common.o(.text)
    hal_my_strlen                            0x1fff5e91   Thumb Code    16  common.o(.text)
    hal_is_an_valid_number                   0x1fff5ea1   Thumb Code    28  common.o(.text)
    hal_convert_hex_to_char                  0x1fff5ebd   Thumb Code   128  common.o(.text)
    hal_convert_hex_to_char_wo_x             0x1fff5f3d   Thumb Code   118  common.o(.text)
    hal_convert_char_to_hex                  0x1fff5fb3   Thumb Code   252  common.o(.text)
    hal_convert_char_to_dec                  0x1fff60af   Thumb Code    36  common.o(.text)
    WaitRTCCount                             0x1fff60d3   Thumb Code    38  common.o(.text)
    WaitMs                                   0x1fff60f9   Thumb Code    18  common.o(.text)
    subWriteReg                              0x1fff610b   Thumb Code    36  common.o(.text)
    hal_system_init                          0x1fff612f   Thumb Code   178  common.o(.text)
    hal_read_current_time                    0x1fff61e1   Thumb Code    12  common.o(.text)
    WaitUs                                   0x1fff61ed   Thumb Code    34  common.o(.text)
    hal_system_soft_reset                    0x1fff620f   Thumb Code    10  common.o(.text)
    hal_voice_enable                         0x1fff6245   Thumb Code    22  voice.o(.text)
    hal_voice_disable                        0x1fff625b   Thumb Code    22  voice.o(.text)
    hal_voice_dmic_mode                      0x1fff6271   Thumb Code    18  voice.o(.text)
    hal_voice_amic_mode                      0x1fff6283   Thumb Code    70  voice.o(.text)
    hal_voice_dmic_open                      0x1fff62c9   Thumb Code    20  voice.o(.text)
    hal_voice_amic_gain                      0x1fff62dd   Thumb Code    62  voice.o(.text)
    hal_voice_gain                           0x1fff631b   Thumb Code    18  voice.o(.text)
    hal_voice_encode                         0x1fff632d   Thumb Code    18  voice.o(.text)
    hal_voice_rate                           0x1fff633f   Thumb Code    18  voice.o(.text)
    hal_voice_amute_on                       0x1fff6351   Thumb Code    18  voice.o(.text)
    hal_voice_amute_off                      0x1fff6363   Thumb Code    18  voice.o(.text)
    hal_ADC_IRQHandler                       0x1fff6375   Thumb Code   136  voice.o(.text)
    hal_voice_init                           0x1fff63fd   Thumb Code    38  voice.o(.text)
    hal_voice_config                         0x1fff6423   Thumb Code   246  voice.o(.text)
    hal_voice_start                          0x1fff6519   Thumb Code    98  voice.o(.text)
    hal_voice_stop                           0x1fff657b   Thumb Code    60  voice.o(.text)
    hal_voice_clear                          0x1fff65b7   Thumb Code    66  voice.o(.text)
    Reset_Handler                            0x1fff66a5   Thumb Code     8  startup_armcm0.o(.text)
    NMI_Handler                              0x1fff66ad   Thumb Code     2  startup_armcm0.o(.text)
    HardFault_Handler                        0x1fff66af   Thumb Code     2  startup_armcm0.o(.text)
    SVC_Handler                              0x1fff66b1   Thumb Code     2  startup_armcm0.o(.text)
    PendSV_Handler                           0x1fff66b3   Thumb Code     2  startup_armcm0.o(.text)
    SysTick_Handler                          0x1fff66b5   Thumb Code     2  startup_armcm0.o(.text)
    AACI_IRQHandler                          0x1fff66b7   Thumb Code     0  startup_armcm0.o(.text)
    CAN_IRQHandler                           0x1fff66b7   Thumb Code     0  startup_armcm0.o(.text)
    CHLCD_IRQHandler                         0x1fff66b7   Thumb Code     0  startup_armcm0.o(.text)
    CLCD_IRQHandler                          0x1fff66b7   Thumb Code     0  startup_armcm0.o(.text)
    CPU_CLCD_IRQHandler                      0x1fff66b7   Thumb Code     0  startup_armcm0.o(.text)
    ENET_IRQHandler                          0x1fff66b7   Thumb Code     0  startup_armcm0.o(.text)
    FLEXRAY_IRQHandler                       0x1fff66b7   Thumb Code     0  startup_armcm0.o(.text)
    I2C_IRQHandler                           0x1fff66b7   Thumb Code     0  startup_armcm0.o(.text)
    LIN_IRQHandler                           0x1fff66b7   Thumb Code     0  startup_armcm0.o(.text)
    MCIA_IRQHandler                          0x1fff66b7   Thumb Code     0  startup_armcm0.o(.text)
    MCIB_IRQHandler                          0x1fff66b7   Thumb Code     0  startup_armcm0.o(.text)
    RTC_IRQHandler                           0x1fff66b7   Thumb Code     0  startup_armcm0.o(.text)
    SPI_IRQHandler                           0x1fff66b7   Thumb Code     0  startup_armcm0.o(.text)
    TIM0_IRQHandler                          0x1fff66b7   Thumb Code     0  startup_armcm0.o(.text)
    TIM2_IRQHandler                          0x1fff66b7   Thumb Code     0  startup_armcm0.o(.text)
    UART0_IRQHandler                         0x1fff66b7   Thumb Code     0  startup_armcm0.o(.text)
    UART1_IRQHandler                         0x1fff66b7   Thumb Code     0  startup_armcm0.o(.text)
    UART2_IRQHandler                         0x1fff66b7   Thumb Code     0  startup_armcm0.o(.text)
    UART3_IRQHandler                         0x1fff66b7   Thumb Code     0  startup_armcm0.o(.text)
    UART4_IRQHandler                         0x1fff66b7   Thumb Code     0  startup_armcm0.o(.text)
    USBDC_IRQHandler                         0x1fff66b7   Thumb Code     0  startup_armcm0.o(.text)
    USBHC_IRQHandler                         0x1fff66b7   Thumb Code     0  startup_armcm0.o(.text)
    WDT_IRQHandler                           0x1fff66b7   Thumb Code     0  startup_armcm0.o(.text)
    SystemCoreClockUpdate                    0x1fff66c1   Thumb Code     8  system_armcm0.o(.text)
    SystemInit                               0x1fff66c9   Thumb Code     8  system_armcm0.o(.text)
    __aeabi_memcpy                           0x1fff66d9   Thumb Code    36  memcpya.o(.text)
    __aeabi_memcpy4                          0x1fff66d9   Thumb Code     0  memcpya.o(.text)
    __aeabi_memcpy8                          0x1fff66d9   Thumb Code     0  memcpya.o(.text)
    __aeabi_memset                           0x1fff66fd   Thumb Code    14  memseta.o(.text)
    __aeabi_memset4                          0x1fff66fd   Thumb Code     0  memseta.o(.text)
    __aeabi_memset8                          0x1fff66fd   Thumb Code     0  memseta.o(.text)
    __aeabi_memclr                           0x1fff670b   Thumb Code     4  memseta.o(.text)
    __aeabi_memclr4                          0x1fff670b   Thumb Code     0  memseta.o(.text)
    __aeabi_memclr8                          0x1fff670b   Thumb Code     0  memseta.o(.text)
    _memset$wrapper                          0x1fff670f   Thumb Code    18  memseta.o(.text)
    __aeabi_uldivmod                         0x1fff6721   Thumb Code    96  uldiv.o(.text)
    __scatterload                            0x1fff6781   Thumb Code    28  init.o(.text)
    __scatterload_rt2                        0x1fff6781   Thumb Code     0  init.o(.text)
    __aeabi_llsl                             0x1fff67a5   Thumb Code    32  llshl.o(.text)
    __semihosting_library_function           0x1fff67a5   Thumb Code     0  semi.o(.text)
    _ll_shift_l                              0x1fff67a5   Thumb Code     0  llshl.o(.text)
    __aeabi_llsr                             0x1fff67c5   Thumb Code    34  llushr.o(.text)
    _ll_ushift_r                             0x1fff67c5   Thumb Code     0  llushr.o(.text)
    __I$use$semihosting$fputc                0x1fff67e7   Thumb Code     0  iusesemip.o(.text)
    __decompress                             0x1fff67e7   Thumb Code     0  __dczerorl2.o(.text)
    __decompress1                            0x1fff67e7   Thumb Code    86  __dczerorl2.o(.text)
    Long Thumb to Thumb Veneer to osal_mem_set_heap 0x1fff683d   Thumb Code    12  anon$$obj.o(Veneer$$Code)
    Long Thumb to Thumb Veneer to osal_start_timerEx 0x1fff6849   Thumb Code    12  anon$$obj.o(Veneer$$Code)
    Long Thumb to Thumb Veneer to osal_msg_receive 0x1fff6855   Thumb Code    12  anon$$obj.o(Veneer$$Code)
    Long Thumb to Thumb Veneer to osal_msg_deallocate 0x1fff6861   Thumb Code    12  anon$$obj.o(Veneer$$Code)
    Long Thumb to Thumb Veneer to osal_init_system 0x1fff686d   Thumb Code    12  anon$$obj.o(Veneer$$Code)
    Long Thumb to Thumb Veneer to osal_pwrmgr_device 0x1fff6879   Thumb Code    12  anon$$obj.o(Veneer$$Code)
    Long Thumb to Thumb Veneer to osal_start_system 0x1fff6885   Thumb Code    12  anon$$obj.o(Veneer$$Code)
    Long Thumb to Thumb Veneer to osal_mem_alloc 0x1fff6891   Thumb Code    12  anon$$obj.o(Veneer$$Code)
    Long Thumb to Thumb Veneer to osal_memset 0x1fff689d   Thumb Code    12  anon$$obj.o(Veneer$$Code)
    Long Thumb to Thumb Veneer to LL_Init    0x1fff68a9   Thumb Code    12  anon$$obj.o(Veneer$$Code)
    Long Thumb to Thumb Veneer to __aeabi_uidivmod 0x1fff68b5   Thumb Code    12  anon$$obj.o(Veneer$$Code)
    Long Thumb to Thumb Veneer to strlen     0x1fff68c1   Thumb Code    12  anon$$obj.o(Veneer$$Code)
    Long Thumb to Thumb Veneer to disableSleep 0x1fff68cd   Thumb Code    12  anon$$obj.o(Veneer$$Code)
    Long Thumb to Thumb Veneer to enableSleep 0x1fff68d9   Thumb Code    12  anon$$obj.o(Veneer$$Code)
    Long Thumb to Thumb Veneer to clock_time_rtc 0x1fff68e5   Thumb Code    12  anon$$obj.o(Veneer$$Code)
    Long Thumb to Thumb Veneer to __ARM_common_switch8 0x1fff68f1   Thumb Code    12  anon$$obj.o(Veneer$$Code)
    Long Thumb to Thumb Veneer to LL_evt_schedule 0x1fff68fd   Thumb Code    12  anon$$obj.o(Veneer$$Code)
    Long Thumb to Thumb Veneer to osal_set_event 0x1fff6909   Thumb Code    12  anon$$obj.o(Veneer$$Code)
    Long Thumb to Thumb Veneer to ll_debug_output 0x1fff6915   Thumb Code    12  anon$$obj.o(Veneer$$Code)
    Long Thumb to Thumb Veneer to ll_hw_set_rx_timeout 0x1fff6921   Thumb Code    12  anon$$obj.o(Veneer$$Code)
    Long Thumb to Thumb Veneer to read_current_fine_time 0x1fff692d   Thumb Code    12  anon$$obj.o(Veneer$$Code)
    Long Thumb to Thumb Veneer to boot_init  0x1fff6939   Thumb Code    12  anon$$obj.o(Veneer$$Code)
    Long Thumb to Thumb Veneer to wakeup_init 0x1fff6945   Thumb Code    12  anon$$obj.o(Veneer$$Code)
    Long Thumb to Thumb Veneer to ll_hw_ign_rfifo 0x1fff6951   Thumb Code    12  anon$$obj.o(Veneer$$Code)
    Long Thumb to Thumb Veneer to ll_hw_rst_rfifo 0x1fff695d   Thumb Code    12  anon$$obj.o(Veneer$$Code)
    Long Thumb to Thumb Veneer to ll_hw_rst_tfifo 0x1fff6969   Thumb Code    12  anon$$obj.o(Veneer$$Code)
    Long Thumb to Thumb Veneer to llSetupDirectedAdvEvt 0x1fff6975   Thumb Code    12  anon$$obj.o(Veneer$$Code)
    Long Thumb to Thumb Veneer to llSetupUndirectedAdvEvt 0x1fff6981   Thumb Code    12  anon$$obj.o(Veneer$$Code)
    Long Thumb to Thumb Veneer to llSetupNonConnectableAdvEvt 0x1fff698d   Thumb Code    12  anon$$obj.o(Veneer$$Code)
    Long Thumb to Thumb Veneer to llSetupScannableAdvEvt 0x1fff6999   Thumb Code    12  anon$$obj.o(Veneer$$Code)
    Long Thumb to Thumb Veneer to ll_hw_get_tr_mode 0x1fff69a5   Thumb Code    12  anon$$obj.o(Veneer$$Code)
    Long Thumb to Thumb Veneer to set_max_length 0x1fff69b1   Thumb Code    12  anon$$obj.o(Veneer$$Code)
    LL_SetScanControl1                       0x1fff69bd   Thumb Code   278  patch.o(i.LL_SetScanControl1)
    __0printf$8                              0x1fff6b0d   Thumb Code    24  printf8.o(i.__0printf$8)
    __1printf$8                              0x1fff6b0d   Thumb Code     0  printf8.o(i.__0printf$8)
    __2printf                                0x1fff6b0d   Thumb Code     0  printf8.o(i.__0printf$8)
    __scatterload_copy                       0x1fff6b2d   Thumb Code    14  handlers.o(i.__scatterload_copy)
    __scatterload_null                       0x1fff6b3b   Thumb Code     2  handlers.o(i.__scatterload_null)
    __scatterload_zeroinit                   0x1fff6b3d   Thumb Code    14  handlers.o(i.__scatterload_zeroinit)
    arry_sort                                0x1fff6fc1   Thumb Code    54  patch.o(i.arry_sort)
    check_chip_id                            0x1fff6ff9   Thumb Code    26  flash_ext.o(i.check_chip_id)
    check_chip_mAddr                         0x1fff7019   Thumb Code    26  flash_ext.o(i.check_chip_mAddr)
    fputc                                    0x1fff70a5   Thumb Code    18  fputc.o(i.fputc)
    hal_rom_code_ini                         0x1fff70b9   Thumb Code    86  patch.o(i.hal_rom_code_ini)
    init_config                              0x1fff711d   Thumb Code   442  patch.o(i.init_config)
    llSetupAdv1                              0x1fff7329   Thumb Code   114  patch.o(i.llSetupAdv1)
    ll_hw_go1                                0x1fff73ad   Thumb Code   220  patch.o(i.ll_hw_go1)
    rc32k_calibration                        0x1fff74c9   Thumb Code    86  patch.o(i.rc32k_calibration)
    rc32k_calibration_check                  0x1fff7529   Thumb Code    60  patch.o(i.rc32k_calibration_check)
    rc32k_tracking_check                     0x1fff7569   Thumb Code   104  patch.o(i.rc32k_tracking_check)
    read_chip_id                             0x1fff75d9   Thumb Code    52  flash_ext.o(i.read_chip_id)
    read_chip_mAddr                          0x1fff7615   Thumb Code    56  flash_ext.o(i.read_chip_mAddr)
    rf_calibrate1                            0x1fff7655   Thumb Code    34  patch.o(i.rf_calibrate1)
    rf_phy_ana_cfg                           0x1fff767d   Thumb Code   190  rf_phy_driver.o(i.rf_phy_ana_cfg)
    rf_phy_bb_cfg                            0x1fff776d   Thumb Code   194  rf_phy_driver.o(i.rf_phy_bb_cfg)
    rf_phy_change_cfg                        0x1fff788d   Thumb Code    70  rf_phy_driver.o(i.rf_phy_change_cfg)
    rf_phy_ini                               0x1fff78ed   Thumb Code    24  rf_phy_driver.o(i.rf_phy_ini)
    rf_phy_set_txPower                       0x1fff790d   Thumb Code    42  rf_phy_driver.o(i.rf_phy_set_txPower)
    rf_rxDcoc_cfg                            0x1fff7941   Thumb Code   220  rf_phy_driver.o(i.rf_rxDcoc_cfg)
    rf_tpCal_gen_cap_arrary                  0x1fff7a51   Thumb Code    60  rf_phy_driver.o(i.rf_tpCal_gen_cap_arrary)
    rf_tp_cal                                0x1fff7a9d   Thumb Code   114  rf_phy_driver.o(i.rf_tp_cal)
    tasksArr                                 0x1fff7b38   Data           8  osal_voice.o(.constdata)
    tasksCnt                                 0x1fff7b40   Data           1  osal_voice.o(.constdata)
    Region$$Table$$Base                      0x1fff7b60   Number         0  anon$$obj.o(Region$$Table)
    Region$$Table$$Limit                     0x1fff7bb0   Number         0  anon$$obj.o(Region$$Table)
    tasksEvents                              0x1fff7d70   Data           4  osal_voice.o(.data)
    put_char_size                            0x1fff7d74   Data           2  my_printf.o(.data)
    SystemCoreClock                          0x1fff7d80   Data           4  system_armcm0.o(.data)
    llModeLast                               0x1fff7d84   Data           1  patch.o(.data)
    pGlobal_config                           0x1fff7d88   Data           4  patch.o(.data)
    g_stop_scan_t0                           0x1fff7d8c   Data           4  patch.o(.data)
    g_stop_scan_t1                           0x1fff7d90   Data           4  patch.o(.data)
    g_stop_scan_t1_err                       0x1fff7d94   Data           4  patch.o(.data)
    g_stop_scan_pending_ms                   0x1fff7d98   Data           4  patch.o(.data)
    g_rfPhyClkSel                            0x1fff7d9c   Data           1  patch.o(.data)
    g_chipMAddr                              0x1fff7d9d   Data           7  flash_ext.o(.data)
    __stdout                                 0x1fff7da4   Data           4  stdout.o(.data)
    g_largeHeap                              0x1fff7da8   Data        6144  main.o(.bss)
    put_char                                 0x20011770   Data         120  my_printf.o(.bss)
    llModeDbg                                0x20011a90   Data          16  patch.o(.bss)
    g_chipId                                 0x20011aa0   Data          65  flash_ext.o(.bss)
    __initial_sp                             0x200122e8   Data           0  startup_armcm0.o(STACK)



==============================================================================

Memory Map of the image

  Image Entry point : 0x1fff48c1

  Load Region LR_IROM1 (Base: 0x1fff4800, Size: 0x000035a8, Max: 0x00010000, ABSOLUTE, COMPRESSED[0x000034b4])

    Execution Region ER_IROM1 (Base: 0x1fff4800, Size: 0x0001dae8, Max: 0x01080000, ABSOLUTE, COMPRESSED[0x00000104])

    Base Addr    Size         Type   Attr      Idx    E Section Name        Object

    0x1fff4800   0x000000c0   Data   RO          488    RESET               startup_armcm0.o
    0x1fff48c0   0x00000000   Code   RO          724  * .ARM.Collect$$$$00000000  mc_p.l(entry.o)
    0x1fff48c0   0x00000004   Code   RO          994    .ARM.Collect$$$$00000001  mc_p.l(entry2.o)
    0x1fff48c4   0x00000004   Code   RO          997    .ARM.Collect$$$$00000004  mc_p.l(entry5.o)
    0x1fff48c8   0x00000000   Code   RO          999    .ARM.Collect$$$$00000008  mc_p.l(entry7b.o)
    0x1fff48c8   0x00000000   Code   RO         1001    .ARM.Collect$$$$0000000A  mc_p.l(entry8b.o)
    0x1fff48c8   0x00000008   Code   RO         1002    .ARM.Collect$$$$0000000B  mc_p.l(entry9a.o)
    0x1fff48d0   0x00000000   Code   RO         1004    .ARM.Collect$$$$0000000D  mc_p.l(entry10a.o)
    0x1fff48d0   0x00000000   Code   RO         1006    .ARM.Collect$$$$0000000F  mc_p.l(entry11a.o)
    0x1fff48d0   0x00000004   Code   RO          995    .ARM.Collect$$$$00002712  mc_p.l(entry2.o)
    0x1fff48d4   0x00000154   Code   RO            3    .text               main.o
    0x1fff4a28   0x00000040   Code   RO          155    .text               jump_table.o
    0x1fff4a68   0x00000340   Code   RO          203    .text               voice_demo.o
    0x1fff4da8   0x0000001a   Code   RO          242    .text               voice_main.o
    0x1fff4dc2   0x00000002   PAD
    0x1fff4dc4   0x0000002c   Code   RO          272    .text               osal_voice.o
    0x1fff4df0   0x000005fc   Code   RO          300    .text               gpio.o
    0x1fff53ec   0x00000260   Code   RO          325    .text               my_printf.o
    0x1fff564c   0x00000378   Code   RO          356    .text               uart.o
    0x1fff59c4   0x00000338   Code   RO          391    .text               pwrmgr.o
    0x1fff5cfc   0x0000010c   Code   RO          418    .text               clock.o
    0x1fff5e08   0x0000043c   Code   RO          439    .text               common.o
    0x1fff6244   0x00000460   Code   RO          462    .text               voice.o
    0x1fff66a4   0x0000001c   Code   RO          489    .text               startup_armcm0.o
    0x1fff66c0   0x00000018   Code   RO          495    .text               system_armcm0.o
    0x1fff66d8   0x00000024   Code   RO          727    .text               mc_p.l(memcpya.o)
    0x1fff66fc   0x00000024   Code   RO          729    .text               mc_p.l(memseta.o)
    0x1fff6720   0x00000060   Code   RO         1011    .text               mc_p.l(uldiv.o)
    0x1fff6780   0x00000024   Code   RO         1024    .text               mc_p.l(init.o)
    0x1fff67a4   0x00000000   Code   RO         1026    .text               mc_p.l(semi.o)
    0x1fff67a4   0x00000020   Code   RO         1027    .text               mc_p.l(llshl.o)
    0x1fff67c4   0x00000022   Code   RO         1029    .text               mc_p.l(llushr.o)
    0x1fff67e6   0x00000000   Code   RO         1033    .text               mc_p.l(iusesemip.o)
    0x1fff67e6   0x00000056   Code   RO         1046    .text               mc_p.l(__dczerorl2.o)
    0x1fff683c   0x0000000c   Ven    RO         1048    Veneer$$Code        anon$$obj.o
    0x1fff6848   0x0000000c   Ven    RO         1049    Veneer$$Code        anon$$obj.o
    0x1fff6854   0x0000000c   Ven    RO         1050    Veneer$$Code        anon$$obj.o
    0x1fff6860   0x0000000c   Ven    RO         1051    Veneer$$Code        anon$$obj.o
    0x1fff686c   0x0000000c   Ven    RO         1052    Veneer$$Code        anon$$obj.o
    0x1fff6878   0x0000000c   Ven    RO         1053    Veneer$$Code        anon$$obj.o
    0x1fff6884   0x0000000c   Ven    RO         1054    Veneer$$Code        anon$$obj.o
    0x1fff6890   0x0000000c   Ven    RO         1055    Veneer$$Code        anon$$obj.o
    0x1fff689c   0x0000000c   Ven    RO         1056    Veneer$$Code        anon$$obj.o
    0x1fff68a8   0x0000000c   Ven    RO         1057    Veneer$$Code        anon$$obj.o
    0x1fff68b4   0x0000000c   Ven    RO         1058    Veneer$$Code        anon$$obj.o
    0x1fff68c0   0x0000000c   Ven    RO         1059    Veneer$$Code        anon$$obj.o
    0x1fff68cc   0x0000000c   Ven    RO         1060    Veneer$$Code        anon$$obj.o
    0x1fff68d8   0x0000000c   Ven    RO         1061    Veneer$$Code        anon$$obj.o
    0x1fff68e4   0x0000000c   Ven    RO         1062    Veneer$$Code        anon$$obj.o
    0x1fff68f0   0x0000000c   Ven    RO         1063    Veneer$$Code        anon$$obj.o
    0x1fff68fc   0x0000000c   Ven    RO         1064    Veneer$$Code        anon$$obj.o
    0x1fff6908   0x0000000c   Ven    RO         1065    Veneer$$Code        anon$$obj.o
    0x1fff6914   0x0000000c   Ven    RO         1066    Veneer$$Code        anon$$obj.o
    0x1fff6920   0x0000000c   Ven    RO         1067    Veneer$$Code        anon$$obj.o
    0x1fff692c   0x0000000c   Ven    RO         1068    Veneer$$Code        anon$$obj.o
    0x1fff6938   0x0000000c   Ven    RO         1069    Veneer$$Code        anon$$obj.o
    0x1fff6944   0x0000000c   Ven    RO         1070    Veneer$$Code        anon$$obj.o
    0x1fff6950   0x0000000c   Ven    RO         1071    Veneer$$Code        anon$$obj.o
    0x1fff695c   0x0000000c   Ven    RO         1072    Veneer$$Code        anon$$obj.o
    0x1fff6968   0x0000000c   Ven    RO         1073    Veneer$$Code        anon$$obj.o
    0x1fff6974   0x0000000c   Ven    RO         1074    Veneer$$Code        anon$$obj.o
    0x1fff6980   0x0000000c   Ven    RO         1075    Veneer$$Code        anon$$obj.o
    0x1fff698c   0x0000000c   Ven    RO         1076    Veneer$$Code        anon$$obj.o
    0x1fff6998   0x0000000c   Ven    RO         1077    Veneer$$Code        anon$$obj.o
    0x1fff69a4   0x0000000c   Ven    RO         1078    Veneer$$Code        anon$$obj.o
    0x1fff69b0   0x0000000c   Ven    RO         1079    Veneer$$Code        anon$$obj.o
    0x1fff69bc   0x00000150   Code   RO          524    i.LL_SetScanControl1  rf.lib(patch.o)
    0x1fff6b0c   0x00000020   Code   RO          940    i.__0printf$8       mc_p.l(printf8.o)
    0x1fff6b2c   0x0000000e   Code   RO         1040    i.__scatterload_copy  mc_p.l(handlers.o)
    0x1fff6b3a   0x00000002   Code   RO         1041    i.__scatterload_null  mc_p.l(handlers.o)
    0x1fff6b3c   0x0000000e   Code   RO         1042    i.__scatterload_zeroinit  mc_p.l(handlers.o)
    0x1fff6b4a   0x00000002   PAD
    0x1fff6b4c   0x00000428   Code   RO          947    i._printf_core      mc_p.l(printf8.o)
    0x1fff6f74   0x00000020   Code   RO          948    i._printf_post_padding  mc_p.l(printf8.o)
    0x1fff6f94   0x0000002c   Code   RO          949    i._printf_pre_padding  mc_p.l(printf8.o)
    0x1fff6fc0   0x00000036   Code   RO          526    i.arry_sort         rf.lib(patch.o)
    0x1fff6ff6   0x00000002   PAD
    0x1fff6ff8   0x00000020   Code   RO          648    i.check_chip_id     rf.lib(flash_ext.o)
    0x1fff7018   0x00000020   Code   RO          649    i.check_chip_mAddr  rf.lib(flash_ext.o)
    0x1fff7038   0x0000006c   Code   RO          651    i.chip_id_one_bit_hot_convter  rf.lib(flash_ext.o)
    0x1fff70a4   0x00000012   Code   RO         1008    i.fputc             mc_p.l(fputc.o)
    0x1fff70b6   0x00000002   PAD
    0x1fff70b8   0x00000064   Code   RO          529    i.hal_rom_code_ini  rf.lib(patch.o)
    0x1fff711c   0x0000020c   Code   RO          530    i.init_config       rf.lib(patch.o)
    0x1fff7328   0x00000084   Code   RO          532    i.llSetupAdv1       rf.lib(patch.o)
    0x1fff73ac   0x0000011c   Code   RO          533    i.ll_hw_go1         rf.lib(patch.o)
    0x1fff74c8   0x00000060   Code   RO          536    i.rc32k_calibration  rf.lib(patch.o)
    0x1fff7528   0x00000040   Code   RO          537    i.rc32k_calibration_check  rf.lib(patch.o)
    0x1fff7568   0x00000070   Code   RO          538    i.rc32k_tracking_check  rf.lib(patch.o)
    0x1fff75d8   0x0000003c   Code   RO          657    i.read_chip_id      rf.lib(flash_ext.o)
    0x1fff7614   0x00000040   Code   RO          658    i.read_chip_mAddr   rf.lib(flash_ext.o)
    0x1fff7654   0x00000028   Code   RO          539    i.rf_calibrate1     rf.lib(patch.o)
    0x1fff767c   0x000000f0   Code   RO          579    i.rf_phy_ana_cfg    rf.lib(rf_phy_driver.o)
    0x1fff776c   0x00000120   Code   RO          580    i.rf_phy_bb_cfg     rf.lib(rf_phy_driver.o)
    0x1fff788c   0x00000060   Code   RO          581    i.rf_phy_change_cfg  rf.lib(rf_phy_driver.o)
    0x1fff78ec   0x00000020   Code   RO          598    i.rf_phy_ini        rf.lib(rf_phy_driver.o)
    0x1fff790c   0x00000034   Code   RO          599    i.rf_phy_set_txPower  rf.lib(rf_phy_driver.o)
    0x1fff7940   0x00000110   Code   RO          600    i.rf_rxDcoc_cfg     rf.lib(rf_phy_driver.o)
    0x1fff7a50   0x0000004c   Code   RO          603    i.rf_tpCal_gen_cap_arrary  rf.lib(rf_phy_driver.o)
    0x1fff7a9c   0x0000009c   Code   RO          604    i.rf_tp_cal         rf.lib(rf_phy_driver.o)
    0x1fff7b38   0x00000008   Data   RO          273    .constdata          osal_voice.o
    0x1fff7b40   0x00000001   Data   RO          274    .constdata          osal_voice.o
    0x1fff7b41   0x00000003   PAD
    0x1fff7b44   0x00000010   Data   RO          327    .constdata          my_printf.o
    0x1fff7b54   0x0000000c   Data   RO          358    .constdata          uart.o
    0x1fff7b60   0x00000050   Data   RO         1038    Region$$Table       anon$$obj.o
    0x1fff7bb0   0x000001c0   Data   RW          205    .data               voice_demo.o
    0x1fff7d70   0x00000004   Data   RW          275    .data               osal_voice.o
    0x1fff7d74   0x00000002   Data   RW          328    .data               my_printf.o
    0x1fff7d76   0x00000002   PAD
    0x1fff7d78   0x00000008   Data   RW          393    .data               pwrmgr.o
    0x1fff7d80   0x00000004   Data   RW          496    .data               system_armcm0.o
    0x1fff7d84   0x00000018   Data   RW          548    .data               rf.lib(patch.o)
    0x1fff7d9c   0x00000001   Data   RW          549    .data               rf.lib(patch.o)
    0x1fff7d9d   0x00000007   Data   RW          660    .data               rf.lib(flash_ext.o)
    0x1fff7da4   0x00000004   Data   RW         1010    .data               mc_p.l(stdout.o)
    0x1fff7da8   0x00001800   Zero   RW            4    .bss                main.o
    0x1fff95a8   0x00018000   Zero   RW          204    .bss                voice_demo.o
    0x200115a8   0x000001c8   Zero   RW          301    .bss                gpio.o
    0x20011770   0x00000078   Zero   RW          326    .bss                my_printf.o
    0x200117e8   0x00000020   Zero   RW          357    .bss                uart.o
    0x20011808   0x00000078   Zero   RW          392    .bss                pwrmgr.o
    0x20011880   0x00000210   Zero   RW          463    .bss                voice.o
    0x20011a90   0x00000010   Zero   RW          543    .bss                rf.lib(patch.o)
    0x20011aa0   0x00000041   Zero   RW          659    .bss                rf.lib(flash_ext.o)
    0x20011ae1   0x00000007   PAD
    0x20011ae8   0x00000800   Zero   RW          486    STACK               startup_armcm0.o



  Load Region LR_IROM2 (Base: 0x1fff0800, Size: 0x00000800, Max: 0x00000800, ABSOLUTE, COMPRESSED[0x0000040c])

    Execution Region JUMP_TABLE (Base: 0x1fff0800, Size: 0x00000400, Max: 0x00000400, ABSOLUTE)

    Base Addr    Size         Type   Attr      Idx    E Section Name        Object

    0x1fff0800   0x00000400   Data   RO          157    jump_table_mem_area  jump_table.o


    Execution Region GOLBAL_CONFIG (Base: 0x1fff0c00, Size: 0x00000400, Max: 0x00000400, ABSOLUTE, COMPRESSED[0x0000000c])

    Base Addr    Size         Type   Attr      Idx    E Section Name        Object

    0x1fff0c00   0x00000400   Data   RW          156    global_config_area  jump_table.o


==============================================================================

Image component sizes


      Code (inc. data)   RO Data    RW Data    ZI Data      Debug   Object Name

       268         30          0          0          0       1680   clock.o
      1084        100          0          0          0       7113   common.o
      1532         54          0          0        456      17286   gpio.o
        64         34       1024       1024          0       1764   jump_table.o
       340         74          0          0       6144      20741   main.o
       608         22         16          2        120       4746   my_printf.o
        44          6          9          4          0       1612   osal_voice.o
       824         16          0          8        120       6968   pwrmgr.o
        28          8        192          0       2048        624   startup_armcm0.o
        24          8          0          4          0        797   system_armcm0.o
       888         38         12          0         32      11765   uart.o
      1120         28          0          0        528      12347   voice.o
       832        308          0        448      98304       4672   voice_demo.o
        26          0          0          0          0        467   voice_main.o

    ----------------------------------------------------------------------
      8068        854       1336       1492     107752      92582   Object Totals
       384        128         80          0          0          0   (incl. Generated)
         2          0          3          2          0          0   (incl. Padding)

    ----------------------------------------------------------------------

      Code (inc. data)   RO Data    RW Data    ZI Data      Debug   Library Member Name

        86          0          0          0          0          0   __dczerorl2.o
         0          0          0          0          0          0   entry.o
         0          0          0          0          0          0   entry10a.o
         0          0          0          0          0          0   entry11a.o
         8          4          0          0          0          0   entry2.o
         4          0          0          0          0          0   entry5.o
         0          0          0          0          0          0   entry7b.o
         0          0          0          0          0          0   entry8b.o
         8          4          0          0          0          0   entry9a.o
        18          0          0          0          0         72   fputc.o
        30          0          0          0          0          0   handlers.o
        36          8          0          0          0         68   init.o
         0          0          0          0          0          0   iusesemip.o
        32          0          0          0          0         68   llshl.o
        34          0          0          0          0         68   llushr.o
        36          0          0          0          0         60   memcpya.o
        36          0          0          0          0        100   memseta.o
      1172         52          0          0          0        324   printf8.o
         0          0          0          0          0          0   semi.o
         0          0          0          4          0          0   stdout.o
        96          0          0          0          0         84   uldiv.o
       296         28          0          7         65        364   flash_ext.o
      1742        282          0         25         16        744   patch.o
      1212        318          0          0          0        572   rf_phy_driver.o

    ----------------------------------------------------------------------
      4852        696          0         36         88       2524   Library Totals
         6          0          0          0          7          0   (incl. Padding)

    ----------------------------------------------------------------------

      Code (inc. data)   RO Data    RW Data    ZI Data      Debug   Library Name

      1596         68          0          4          0        844   mc_p.l
      3250        628          0         32         81       1680   rf.lib

    ----------------------------------------------------------------------
      4852        696          0         36         88       2524   Library Totals

    ----------------------------------------------------------------------

==============================================================================


      Code (inc. data)   RO Data    RW Data    ZI Data      Debug   

     12920       1550       1336       1528     107840      92998   Grand Totals
     12920       1550       1336        272     107840      92998   ELF Image Totals (compressed)
     12920       1550       1336        272          0          0   ROM Totals

==============================================================================

    Total RO  Size (Code + RO Data)                14256 (  13.92kB)
    Total RW  Size (RW Data + ZI Data)            109368 ( 106.80kB)
    Total ROM Size (Code + RO Data + RW Data)      14528 (  14.19kB)

==============================================================================

