Component: ARM Compiler 5.06 update 4 (build 422) Tool: armlink [4d35d2]

==============================================================================

Section Cross References

    main.o(i.hal_rfphy_init) refers to patch.o(i.hal_rom_code_ini) for hal_rom_code_ini
    main.o(i.hal_rfphy_init) refers to gpio.o(i.hal_gpio_pull_set) for hal_gpio_pull_set
    main.o(i.hal_rfphy_init) refers to common.o(i.subWriteReg) for subWriteReg
    main.o(i.hal_rfphy_init) refers to main.o(i.NVIC_SetPriority) for NVIC_SetPriority
    main.o(i.hal_rfphy_init) refers to pwrmgr.o(i.hal_pwrmgr_register) for hal_pwrmgr_register
    main.o(i.hal_rfphy_init) refers to main.o(i.rf_wakeup_handler) for rf_wakeup_handler
    main.o(i.main) refers to patch.o(i.init_config) for init_config
    main.o(i.main) refers to pwrmgr.o(i.hal_pwrmgr_init) for hal_pwrmgr_init
    main.o(i.main) refers to main.o(i.hal_rfphy_init) for hal_rfphy_init
    main.o(i.main) refers to common.o(i.hal_system_init) for hal_system_init
    main.o(i.main) refers to clock.o(i.hal_rtc_clock_config) for hal_rtc_clock_config
    main.o(i.main) refers to pwrmgr.o(i.hal_pwrmgr_RAM_retention) for hal_pwrmgr_RAM_retention
    main.o(i.main) refers to my_printf.o(i.phy_printf_init) for phy_printf_init
    main.o(i.main) refers to gpio.o(i.hal_gpio_init) for hal_gpio_init
    main.o(i.main) refers to my_printf.o(i.phy_printf) for phy_printf
    main.o(i.main) refers to simplebleperipheral_main.o(i.app_main) for app_main
    main.o(i.main) refers to main.o(.bss) for .bss
    main.o(i.rf_wakeup_handler) refers to main.o(i.NVIC_SetPriority) for NVIC_SetPriority
    gapbondmgr.o(i.GAPBondMgr_GetParameter) refers to gapbondmgr.o(i.gapBondMgrBondTotal) for gapBondMgrBondTotal
    gapbondmgr.o(i.GAPBondMgr_GetParameter) refers to gapbondmgr.o(.data) for .data
    gapbondmgr.o(i.GAPBondMgr_GetParameter) refers to gapbondmgr.o(.bss) for .bss
    gapbondmgr.o(i.GAPBondMgr_Init) refers to gapbondmgr.o(i.gapBondMgrReadBonds) for gapBondMgrReadBonds
    gapbondmgr.o(i.GAPBondMgr_Init) refers to gapbondmgr.o(.data) for .data
    gapbondmgr.o(i.GAPBondMgr_LinkEst) refers to gapbondmgr.o(i.GAPBondMgr_ResolveAddr) for GAPBondMgr_ResolveAddr
    gapbondmgr.o(i.GAPBondMgr_LinkEst) refers to osal_snv.o(i.osal_snv_read) for osal_snv_read
    gapbondmgr.o(i.GAPBondMgr_LinkEst) refers to gapbondmgr.o(i.gapBondMgrInvertCharCfgItem) for gapBondMgrInvertCharCfgItem
    gapbondmgr.o(i.GAPBondMgr_LinkEst) refers to gattservapp.o(i.GATTServApp_UpdateCharCfg) for GATTServApp_UpdateCharCfg
    gapbondmgr.o(i.GAPBondMgr_LinkEst) refers to gattservapp.o(i.GATTServApp_SendServiceChangedInd) for GATTServApp_SendServiceChangedInd
    gapbondmgr.o(i.GAPBondMgr_LinkEst) refers to gapbondmgr.o(.data) for .data
    gapbondmgr.o(i.GAPBondMgr_ProcessEvent) refers to gapbondmgr.o(i.GAPBondMgr_ProcessGAPMsg) for GAPBondMgr_ProcessGAPMsg
    gapbondmgr.o(i.GAPBondMgr_ProcessEvent) refers to gapbondmgr.o(i.GAPBondMgr_ServiceChangeInd) for GAPBondMgr_ServiceChangeInd
    gapbondmgr.o(i.GAPBondMgr_ProcessEvent) refers to gapbondmgr.o(i.GAPBondMgr_UpdateCharCfg) for GAPBondMgr_UpdateCharCfg
    gapbondmgr.o(i.GAPBondMgr_ProcessEvent) refers to gapbondmgr.o(i.gapBondMgrAddBond) for gapBondMgrAddBond
    gapbondmgr.o(i.GAPBondMgr_ProcessEvent) refers to gapbondmgr.o(i.gapBondMgr_SyncCharCfg) for gapBondMgr_SyncCharCfg
    gapbondmgr.o(i.GAPBondMgr_ProcessEvent) refers to gapbondmgr.o(i.gapBondFreeAuthEvt) for gapBondFreeAuthEvt
    gapbondmgr.o(i.GAPBondMgr_ProcessEvent) refers to gapbondmgr.o(.data) for .data
    gapbondmgr.o(i.GAPBondMgr_ProcessGAPMsg) refers to gapbondmgr.o(i.gapBondMgrAddBond) for gapBondMgrAddBond
    gapbondmgr.o(i.GAPBondMgr_ProcessGAPMsg) refers to gapbondmgr.o(i.GAPBondMgr_ResolveAddr) for GAPBondMgr_ResolveAddr
    gapbondmgr.o(i.GAPBondMgr_ProcessGAPMsg) refers to osal_snv.o(i.osal_snv_write) for osal_snv_write
    gapbondmgr.o(i.GAPBondMgr_ProcessGAPMsg) refers to gapbondmgr.o(i.gapBondMgrAuthenticate) for gapBondMgrAuthenticate
    gapbondmgr.o(i.GAPBondMgr_ProcessGAPMsg) refers to gapbondmgr.o(i.gapBondMgrEraseAllBondings) for gapBondMgrEraseAllBondings
    gapbondmgr.o(i.GAPBondMgr_ProcessGAPMsg) refers to gapbondmgr.o(i.gapBondMgrEraseBonding) for gapBondMgrEraseBonding
    gapbondmgr.o(i.GAPBondMgr_ProcessGAPMsg) refers to osal_snv.o(i.osal_snv_compact) for osal_snv_compact
    gapbondmgr.o(i.GAPBondMgr_ProcessGAPMsg) refers to gapbondmgr.o(i.gapBondMgrReadBonds) for gapBondMgrReadBonds
    gapbondmgr.o(i.GAPBondMgr_ProcessGAPMsg) refers to gapbondmgr.o(.data) for .data
    gapbondmgr.o(i.GAPBondMgr_ProcessGAPMsg) refers to gapbondmgr.o(.bss) for .bss
    gapbondmgr.o(i.GAPBondMgr_Register) refers to gattservapp.o(i.GATTServApp_RegisterForMsg) for GATTServApp_RegisterForMsg
    gapbondmgr.o(i.GAPBondMgr_Register) refers to gapbondmgr.o(.data) for .data
    gapbondmgr.o(i.GAPBondMgr_ResolveAddr) refers to gapbondmgr.o(i.gapBondMgrFindAddr) for gapBondMgrFindAddr
[...]
    numHostBufs                              0x1fff1204   Data           0  rom1Sym.txt ABSOLUTE
    hciCtrlCmdToken                          0x1fff1206   Data           0  rom1Sym.txt ABSOLUTE
    bleEvtMask                               0x1fff1208   Data           0  rom1Sym.txt ABSOLUTE
    pHciEvtMask                              0x1fff120c   Data           0  rom1Sym.txt ABSOLUTE
    hciTaskID                                0x1fff1214   Data           0  rom1Sym.txt ABSOLUTE
    hciTestTaskID                            0x1fff1215   Data           0  rom1Sym.txt ABSOLUTE
    hciGapTaskID                             0x1fff1216   Data           0  rom1Sym.txt ABSOLUTE
    hciL2capTaskID                           0x1fff1217   Data           0  rom1Sym.txt ABSOLUTE
    hciSmpTaskID                             0x1fff1218   Data           0  rom1Sym.txt ABSOLUTE
    hciExtTaskID                             0x1fff1219   Data           0  rom1Sym.txt ABSOLUTE
    LL_TaskID                                0x1fff121c   Data           0  rom1Sym.txt ABSOLUTE
    llState                                  0x1fff121d   Data           0  rom1Sym.txt ABSOLUTE
    numComplPkts                             0x1fff121e   Data           0  rom1Sym.txt ABSOLUTE
    numComplPktsLimit                        0x1fff121f   Data           0  rom1Sym.txt ABSOLUTE
    fastTxRespTime                           0x1fff1220   Data           0  rom1Sym.txt ABSOLUTE
    g_llWlDeviceNum                          0x1fff1221   Data           0  rom1Sym.txt ABSOLUTE
    rxFifoFlowCtrl                           0x1fff1222   Data           0  rom1Sym.txt ABSOLUTE
    llSecondaryState                         0x1fff1223   Data           0  rom1Sym.txt ABSOLUTE
    g_llHdcDirAdvTime                        0x1fff1228   Data           0  rom1Sym.txt ABSOLUTE
    chanMapUpdate                            0x1fff122c   Data           0  rom1Sym.txt ABSOLUTE
    verInfo                                  0x1fff123e   Data           0  rom1Sym.txt ABSOLUTE
    peerInfo                                 0x1fff1244   Data           0  rom1Sym.txt ABSOLUTE
    ctrlDataIsProcess                        0x1fff124b   Data           0  rom1Sym.txt ABSOLUTE
    ctrlDataIsPending                        0x1fff124c   Data           0  rom1Sym.txt ABSOLUTE
    connId                                   0x1fff124d   Data           0  rom1Sym.txt ABSOLUTE
    onePktPerEvt                             0x1fff124e   Data           0  rom1Sym.txt ABSOLUTE
    g_adv_taskID                             0x1fff1250   Data           0  rom1Sym.txt ABSOLUTE
    g_conn_taskID                            0x1fff1251   Data           0  rom1Sym.txt ABSOLUTE
    g_smartWindowRTOCnt                      0x1fff1252   Data           0  rom1Sym.txt ABSOLUTE
    g_same_rf_channel_flag                   0x1fff1253   Data           0  rom1Sym.txt ABSOLUTE
    g_adv_taskEvent                          0x1fff1254   Data           0  rom1Sym.txt ABSOLUTE
    g_conn_taskEvent                         0x1fff1256   Data           0  rom1Sym.txt ABSOLUTE
    llWaitingIrq                             0x1fff1258   Data           0  rom1Sym.txt ABSOLUTE
    ISR_entry_time                           0x1fff125c   Data           0  rom1Sym.txt ABSOLUTE
    slave_conn_event_recv_delay              0x1fff1260   Data           0  rom1Sym.txt ABSOLUTE
    g_smartWindowLater                       0x1fff1264   Data           0  rom1Sym.txt ABSOLUTE
    g_smartWindowActiveCnt                   0x1fff1268   Data           0  rom1Sym.txt ABSOLUTE
    g_smartWindowPreAnchPoint                0x1fff126c   Data           0  rom1Sym.txt ABSOLUTE
    g_getPn23_cnt                            0x1fff1270   Data           0  rom1Sym.txt ABSOLUTE
    g_getPn23_seed                           0x1fff1274   Data           0  rom1Sym.txt ABSOLUTE
    llScanTime                               0x1fff1278   Data           0  rom1Sym.txt ABSOLUTE
    LL_PLUS_AdvDataFilterCBack               0x1fff127c   Data           0  rom1Sym.txt ABSOLUTE
    LL_PLUS_ScanRequestFilterCBack           0x1fff1280   Data           0  rom1Sym.txt ABSOLUTE
    llScanT1                                 0x1fff1284   Data           0  rom1Sym.txt ABSOLUTE
    llCurrentScanChn                         0x1fff1288   Data           0  rom1Sym.txt ABSOLUTE
    g_dle_taskID                             0x1fff128c   Data           0  rom1Sym.txt ABSOLUTE
    g_dle_taskEvent                          0x1fff128e   Data           0  rom1Sym.txt ABSOLUTE
    g_phyChg_taskID                          0x1fff1290   Data           0  rom1Sym.txt ABSOLUTE
    g_phyChg_taskEvent                       0x1fff1292   Data           0  rom1Sym.txt ABSOLUTE
    g_smartWindowSize                        0x1fff1294   Data           0  rom1Sym.txt ABSOLUTE
    g_smartWindowSizeNew                     0x1fff1298   Data           0  rom1Sym.txt ABSOLUTE
    g_smartWindowActive                      0x1fff129c   Data           0  rom1Sym.txt ABSOLUTE
    sleep_flag                               0x1fff12a4   Data           0  rom1Sym.txt ABSOLUTE
    g_wakeup_rtc_tick                        0x1fff12a8   Data           0  rom1Sym.txt ABSOLUTE
    g_counter_traking_avg                    0x1fff12ac   Data           0  rom1Sym.txt ABSOLUTE
    g_TIM2_IRQ_TIM3_CurrCount                0x1fff12b0   Data           0  rom1Sym.txt ABSOLUTE
    g_TIM2_IRQ_to_Sleep_DeltTick             0x1fff12b4   Data           0  rom1Sym.txt ABSOLUTE
    g_TIM2_IRQ_PendingTick                   0x1fff12b8   Data           0  rom1Sym.txt ABSOLUTE
    g_osal_tick_trim                         0x1fff12bc   Data           0  rom1Sym.txt ABSOLUTE
    g_osalTickTrim_mod                       0x1fff12c0   Data           0  rom1Sym.txt ABSOLUTE
    rtc_mod_value                            0x1fff12c4   Data           0  rom1Sym.txt ABSOLUTE
    g_counter_traking_cnt                    0x1fff12c8   Data           0  rom1Sym.txt ABSOLUTE
    counter_tracking                         0x1fff12d4   Data           0  rom1Sym.txt ABSOLUTE
    g_TIM2_wakeup_delay                      0x1fff12d8   Data           0  rom1Sym.txt ABSOLUTE
    g_rfPhyXtalCap                           0x1fff12dc   Data           0  rom1Sym.txt ABSOLUTE
    g_rfPhyTpCal0                            0x1fff12dd   Data           0  rom1Sym.txt ABSOLUTE
    g_rfPhyTpCal1                            0x1fff12de   Data           0  rom1Sym.txt ABSOLUTE
    g_rfPhyTpCal0_2Mbps                      0x1fff12df   Data           0  rom1Sym.txt ABSOLUTE
    g_rfPhyTpCal1_2Mbps                      0x1fff12e0   Data           0  rom1Sym.txt ABSOLUTE
    g_rfPhyTxPower                           0x1fff12e1   Data           0  rom1Sym.txt ABSOLUTE
    g_rfPhyPktFmt                            0x1fff12e2   Data           0  rom1Sym.txt ABSOLUTE
    g_system_clk                             0x1fff12e3   Data           0  rom1Sym.txt ABSOLUTE
    g_rfPhyRxDcIQ                            0x1fff12f8   Data           0  rom1Sym.txt ABSOLUTE
    g_rfPhyFreqOffSet                        0x1fff1300   Data           0  rom1Sym.txt ABSOLUTE
    Qx                                       0x1fff15c0   Data           0  rom1Sym.txt ABSOLUTE
    Qy                                       0x1fff1600   Data           0  rom1Sym.txt ABSOLUTE
    Qz                                       0x1fff1640   Data           0  rom1Sym.txt ABSOLUTE
    rom_urx_buf                              0x1fff1680   Data           0  rom1Sym.txt ABSOLUTE
    rom_utx_buf                              0x1fff1780   Data           0  rom1Sym.txt ABSOLUTE
    burn_buf                                 0x1fff1880   Data           0  rom1Sym.txt ABSOLUTE
    adc_buf                                  0x1fff18d8   Data           0  rom1Sym.txt ABSOLUTE
    cbTimers                                 0x1fff1958   Data           0  rom1Sym.txt ABSOLUTE
    clientInfoTbl                            0x1fff19ec   Data           0  rom1Sym.txt ABSOLUTE
    l2capFixedChannels                       0x1fff1c04   Data           0  rom1Sym.txt ABSOLUTE
    l2capChannels                            0x1fff1c14   Data           0  rom1Sym.txt ABSOLUTE
    l2capReassemblePkt                       0x1fff1c34   Data           0  rom1Sym.txt ABSOLUTE
    l2capSegmentPkt                          0x1fff1c44   Data           0  rom1Sym.txt ABSOLUTE
    g_sarDbgCnt                              0x1fff1ca0   Data           0  rom1Sym.txt ABSOLUTE
    adv_param                                0x1fff1d2c   Data           0  rom1Sym.txt ABSOLUTE
    scanInfo                                 0x1fff1d42   Data           0  rom1Sym.txt ABSOLUTE
    initInfo                                 0x1fff1d5a   Data           0  rom1Sym.txt ABSOLUTE
    conn_param                               0x1fff1d6c   Data           0  rom1Sym.txt ABSOLUTE
    deviceFeatureSet                         0x1fff1ea4   Data           0  rom1Sym.txt ABSOLUTE
    g_llWhitelist                            0x1fff1ead   Data           0  rom1Sym.txt ABSOLUTE
    ll_buf                                   0x1fff1ee8   Data           0  rom1Sym.txt ABSOLUTE
    g_pmCounters                             0x1fff3bd0   Data           0  rom1Sym.txt ABSOLUTE
    g_llPduLen                               0x1fff3c68   Data           0  rom1Sym.txt ABSOLUTE
    g_llPhyModeCtrl                          0x1fff3c84   Data           0  rom1Sym.txt ABSOLUTE
    rfCounters                               0x1fff3c9c   Data           0  rom1Sym.txt ABSOLUTE
    ctrlData                                 0x1fff3ca8   Data           0  rom1Sym.txt ABSOLUTE
    dataPkt                                  0x1fff3ccc   Data           0  rom1Sym.txt ABSOLUTE
    cachedTRNGdata                           0x1fff3cec   Data           0  rom1Sym.txt ABSOLUTE
    whiten_seed                              0x1fff3cf8   Data           0  rom1Sym.txt ABSOLUTE
    g_perStatsByChan                         0x1fff3d20   Data           0  rom1Sym.txt ABSOLUTE
    __Vectors                                0x1fff4800   Data           4  startup_armcm0.o(RESET)
    __Vectors_End                            0x1fff48c0   Data           0  startup_armcm0.o(RESET)
    __main                                   0x1fff48c1   Thumb Code     0  entry.o(.ARM.Collect$$$$00000000)
    _main_stk                                0x1fff48c1   Thumb Code     0  entry2.o(.ARM.Collect$$$$00000001)
    _main_scatterload                        0x1fff48c5   Thumb Code     0  entry5.o(.ARM.Collect$$$$00000004)
    __main_after_scatterload                 0x1fff48c9   Thumb Code     0  entry5.o(.ARM.Collect$$$$00000004)
    _main_clock                              0x1fff48c9   Thumb Code     0  entry7b.o(.ARM.Collect$$$$00000008)
    _main_cpp_init                           0x1fff48c9   Thumb Code     0  entry8b.o(.ARM.Collect$$$$0000000A)
    _main_init                               0x1fff48c9   Thumb Code     0  entry9a.o(.ARM.Collect$$$$0000000B)
    __rt_final_cpp                           0x1fff48d1   Thumb Code     0  entry10a.o(.ARM.Collect$$$$0000000D)
    __rt_final_exit                          0x1fff48d1   Thumb Code     0  entry11a.o(.ARM.Collect$$$$0000000F)
    Reset_Handler                            0x1fff48d5   Thumb Code     8  startup_armcm0.o(.text)
    NMI_Handler                              0x1fff48dd   Thumb Code     2  startup_armcm0.o(.text)
    HardFault_Handler                        0x1fff48df   Thumb Code     2  startup_armcm0.o(.text)
    SVC_Handler                              0x1fff48e1   Thumb Code     2  startup_armcm0.o(.text)
    PendSV_Handler                           0x1fff48e3   Thumb Code     2  startup_armcm0.o(.text)
    SysTick_Handler                          0x1fff48e5   Thumb Code     2  startup_armcm0.o(.text)
    AACI_IRQHandler                          0x1fff48e7   Thumb Code     0  startup_armcm0.o(.text)
    CAN_IRQHandler                           0x1fff48e7   Thumb Code     0  startup_armcm0.o(.text)
    CHLCD_IRQHandler                         0x1fff48e7   Thumb Code     0  startup_armcm0.o(.text)
    CLCD_IRQHandler                          0x1fff48e7   Thumb Code     0  startup_armcm0.o(.text)
    CPU_CLCD_IRQHandler                      0x1fff48e7   Thumb Code     0  startup_armcm0.o(.text)
    ENET_IRQHandler                          0x1fff48e7   Thumb Code     0  startup_armcm0.o(.text)
    FLEXRAY_IRQHandler                       0x1fff48e7   Thumb Code     0  startup_armcm0.o(.text)
    I2C_IRQHandler                           0x1fff48e7   Thumb Code     0  startup_armcm0.o(.text)
    LIN_IRQHandler                           0x1fff48e7   Thumb Code     0  startup_armcm0.o(.text)
    MCIA_IRQHandler                          0x1fff48e7   Thumb Code     0  startup_armcm0.o(.text)
    MCIB_IRQHandler                          0x1fff48e7   Thumb Code     0  startup_armcm0.o(.text)
    RTC_IRQHandler                           0x1fff48e7   Thumb Code     0  startup_armcm0.o(.text)
    SPI_IRQHandler                           0x1fff48e7   Thumb Code     0  startup_armcm0.o(.text)
    TIM0_IRQHandler                          0x1fff48e7   Thumb Code     0  startup_armcm0.o(.text)
    TIM2_IRQHandler                          0x1fff48e7   Thumb Code     0  startup_armcm0.o(.text)
    UART0_IRQHandler                         0x1fff48e7   Thumb Code     0  startup_armcm0.o(.text)
    UART1_IRQHandler                         0x1fff48e7   Thumb Code     0  startup_armcm0.o(.text)
    UART2_IRQHandler                         0x1fff48e7   Thumb Code     0  startup_armcm0.o(.text)
    UART3_IRQHandler                         0x1fff48e7   Thumb Code     0  startup_armcm0.o(.text)
    UART4_IRQHandler                         0x1fff48e7   Thumb Code     0  startup_armcm0.o(.text)
    USBDC_IRQHandler                         0x1fff48e7   Thumb Code     0  startup_armcm0.o(.text)
    USBHC_IRQHandler                         0x1fff48e7   Thumb Code     0  startup_armcm0.o(.text)
    WDT_IRQHandler                           0x1fff48e7   Thumb Code     0  startup_armcm0.o(.text)
    __aeabi_memcpy                           0x1fff48f1   Thumb Code    36  memcpya.o(.text)
    __aeabi_memcpy4                          0x1fff48f1   Thumb Code     0  memcpya.o(.text)
    __aeabi_memcpy8                          0x1fff48f1   Thumb Code     0  memcpya.o(.text)
    __aeabi_memset                           0x1fff4915   Thumb Code    14  memseta.o(.text)
    __aeabi_memset4                          0x1fff4915   Thumb Code     0  memseta.o(.text)
    __aeabi_memset8                          0x1fff4915   Thumb Code     0  memseta.o(.text)
    __aeabi_memclr                           0x1fff4923   Thumb Code     4  memseta.o(.text)
    __aeabi_memclr4                          0x1fff4923   Thumb Code     0  memseta.o(.text)
    __aeabi_memclr8                          0x1fff4923   Thumb Code     0  memseta.o(.text)
    _memset$wrapper                          0x1fff4927   Thumb Code    18  memseta.o(.text)
    __aeabi_fadd                             0x1fff4939   Thumb Code   162  fadd.o(.text)
    __aeabi_fsub                             0x1fff49db   Thumb Code     8  fadd.o(.text)
    __aeabi_frsub                            0x1fff49e3   Thumb Code     8  fadd.o(.text)
    __aeabi_fmul                             0x1fff49eb   Thumb Code   122  fmul.o(.text)
    __aeabi_fdiv                             0x1fff4a65   Thumb Code   124  fdiv.o(.text)
    __ARM_scalbnf                            0x1fff4ae1   Thumb Code    24  fscalb.o(.text)
    scalbnf                                  0x1fff4ae1   Thumb Code     0  fscalb.o(.text)
    __ARM_scalbn                             0x1fff4af9   Thumb Code    44  dscalb.o(.text)
    scalbn                                   0x1fff4af9   Thumb Code     0  dscalb.o(.text)
    __aeabi_i2f                              0x1fff4b25   Thumb Code    22  fflti.o(.text)
    __aeabi_ui2f                             0x1fff4b3b   Thumb Code    14  ffltui.o(.text)
    __aeabi_i2d                              0x1fff4b49   Thumb Code    34  dflti.o(.text)
    __aeabi_f2iz                             0x1fff4b71   Thumb Code    50  ffixi.o(.text)
    __aeabi_f2uiz                            0x1fff4ba3   Thumb Code    40  ffixui.o(.text)
    __aeabi_d2f                              0x1fff4bcb   Thumb Code    56  d2f.o(.text)
    __aeabi_uldivmod                         0x1fff4c03   Thumb Code    96  uldiv.o(.text)
    __I$use$fp                               0x1fff4c63   Thumb Code     0  iusefp.o(.text)
    _float_round                             0x1fff4c63   Thumb Code    16  fepilogue.o(.text)
    _float_epilogue                          0x1fff4c73   Thumb Code   114  fepilogue.o(.text)
    _double_round                            0x1fff4ce5   Thumb Code    26  depilogue.o(.text)
    _double_epilogue                         0x1fff4cff   Thumb Code   164  depilogue.o(.text)
    __scatterload                            0x1fff4da5   Thumb Code    28  init.o(.text)
    __scatterload_rt2                        0x1fff4da5   Thumb Code     0  init.o(.text)
    __aeabi_llsl                             0x1fff4dc9   Thumb Code    32  llshl.o(.text)
    __semihosting_library_function           0x1fff4dc9   Thumb Code     0  semi.o(.text)
    _ll_shift_l                              0x1fff4dc9   Thumb Code     0  llshl.o(.text)
    __aeabi_llsr                             0x1fff4de9   Thumb Code    34  llushr.o(.text)
    _ll_ushift_r                             0x1fff4de9   Thumb Code     0  llushr.o(.text)
    __I$use$semihosting$fputc                0x1fff4e0b   Thumb Code     0  iusesemip.o(.text)
    __decompress                             0x1fff4e0b   Thumb Code     0  __dczerorl2.o(.text)
    __decompress1                            0x1fff4e0b   Thumb Code    86  __dczerorl2.o(.text)
    Long Thumb to Thumb Veneer to __ARM_common_switch8 0x1fff4e61   Thumb Code    12  anon$$obj.o(Veneer$$Code)
    Long Thumb to Thumb Veneer to osal_memcpy 0x1fff4e6d   Thumb Code    12  anon$$obj.o(Veneer$$Code)
    Long Thumb to Thumb Veneer to osal_memset 0x1fff4e79   Thumb Code    12  anon$$obj.o(Veneer$$Code)
    Long Thumb to Thumb Veneer to GAP_Bond   0x1fff4e85   Thumb Code    12  anon$$obj.o(Veneer$$Code)
    Long Thumb to Thumb Veneer to osal_isbufset 0x1fff4e91   Thumb Code    12  anon$$obj.o(Veneer$$Code)
    Long Thumb to Thumb Veneer to GAP_Signable 0x1fff4e9d   Thumb Code    12  anon$$obj.o(Veneer$$Code)
    Long Thumb to Thumb Veneer to GAP_SendSlaveSecurityRequest 0x1fff4ea9   Thumb Code    12  anon$$obj.o(Veneer$$Code)
    Long Thumb to Thumb Veneer to osal_memcmp 0x1fff4eb5   Thumb Code    12  anon$$obj.o(Veneer$$Code)
    Long Thumb to Thumb Veneer to GAP_ResolvePrivateAddr 0x1fff4ec1   Thumb Code    12  anon$$obj.o(Veneer$$Code)
    Long Thumb to Thumb Veneer to GAP_GetParamValue 0x1fff4ecd   Thumb Code    12  anon$$obj.o(Veneer$$Code)
    Long Thumb to Thumb Veneer to GAP_RegisterForHCIMsgs 0x1fff4ed9   Thumb Code    12  anon$$obj.o(Veneer$$Code)
    Long Thumb to Thumb Veneer to osal_msg_receive 0x1fff4ee5   Thumb Code    12  anon$$obj.o(Veneer$$Code)
    Long Thumb to Thumb Veneer to osal_msg_deallocate 0x1fff4ef1   Thumb Code    12  anon$$obj.o(Veneer$$Code)
    Long Thumb to Thumb Veneer to GAP_MakeDiscoverable 0x1fff4efd   Thumb Code    12  anon$$obj.o(Veneer$$Code)
    Long Thumb to Thumb Veneer to HCI_ReadRssiCmd 0x1fff4f09   Thumb Code    12  anon$$obj.o(Veneer$$Code)
    Long Thumb to Thumb Veneer to osal_start_timerEx 0x1fff4f15   Thumb Code    12  anon$$obj.o(Veneer$$Code)
    Long Thumb to Thumb Veneer to osal_stop_timerEx 0x1fff4f21   Thumb Code    12  anon$$obj.o(Veneer$$Code)
    Long Thumb to Thumb Veneer to GAP_EndDiscoverable 0x1fff4f2d   Thumb Code    12  anon$$obj.o(Veneer$$Code)
    Long Thumb to Thumb Veneer to osal_set_event 0x1fff4f39   Thumb Code    12  anon$$obj.o(Veneer$$Code)
    Long Thumb to Thumb Veneer to GAP_UpdateAdvertisingData 0x1fff4f45   Thumb Code    12  anon$$obj.o(Veneer$$Code)
    Long Thumb to Thumb Veneer to osal_get_timeoutEx 0x1fff4f51   Thumb Code    12  anon$$obj.o(Veneer$$Code)
    Long Thumb to Thumb Veneer to GAP_SetParamValue 0x1fff4f5d   Thumb Code    12  anon$$obj.o(Veneer$$Code)
    Long Thumb to Thumb Veneer to GAP_TerminateLinkReq 0x1fff4f69   Thumb Code    12  anon$$obj.o(Veneer$$Code)
    Long Thumb to Thumb Veneer to GAP_ParamsInit 0x1fff4f75   Thumb Code    12  anon$$obj.o(Veneer$$Code)
    Long Thumb to Thumb Veneer to GAP_SecParamsInit 0x1fff4f81   Thumb Code    12  anon$$obj.o(Veneer$$Code)
    Long Thumb to Thumb Veneer to GAP_PeriDevMgrInit 0x1fff4f8d   Thumb Code    12  anon$$obj.o(Veneer$$Code)
    Long Thumb to Thumb Veneer to SM_ResponderInit 0x1fff4f99   Thumb Code    12  anon$$obj.o(Veneer$$Code)
    Long Thumb to Thumb Veneer to GATT_RegisterForReq 0x1fff4fa5   Thumb Code    12  anon$$obj.o(Veneer$$Code)
    Long Thumb to Thumb Veneer to linkDB_Register 0x1fff4fb1   Thumb Code    12  anon$$obj.o(Veneer$$Code)
    Long Thumb to Thumb Veneer to GATT_FindHandle 0x1fff4fbd   Thumb Code    12  anon$$obj.o(Veneer$$Code)
    Long Thumb to Thumb Veneer to GATT_FindNextAttr 0x1fff4fc9   Thumb Code    12  anon$$obj.o(Veneer$$Code)
    Long Thumb to Thumb Veneer to ATT_CompareUUID 0x1fff4fd5   Thumb Code    12  anon$$obj.o(Veneer$$Code)
    Long Thumb to Thumb Veneer to osal_strlen 0x1fff4fe1   Thumb Code    12  anon$$obj.o(Veneer$$Code)
    Long Thumb to Thumb Veneer to GATT_RegisterService 0x1fff4fed   Thumb Code    12  anon$$obj.o(Veneer$$Code)
    Long Thumb to Thumb Veneer to osal_mem_alloc 0x1fff4ff9   Thumb Code    12  anon$$obj.o(Veneer$$Code)
    Long Thumb to Thumb Veneer to osal_msg_allocate 0x1fff5005   Thumb Code    12  anon$$obj.o(Veneer$$Code)
    Long Thumb to Thumb Veneer to osal_msg_send 0x1fff5011   Thumb Code    12  anon$$obj.o(Veneer$$Code)
    Long Thumb to Thumb Veneer to GATT_ServiceChangedInd 0x1fff501d   Thumb Code    12  anon$$obj.o(Veneer$$Code)
    Long Thumb to Thumb Veneer to LL_evt_schedule 0x1fff5029   Thumb Code    12  anon$$obj.o(Veneer$$Code)
    Long Thumb to Thumb Veneer to ll_debug_output 0x1fff5035   Thumb Code    12  anon$$obj.o(Veneer$$Code)
    Long Thumb to Thumb Veneer to ll_hw_set_rx_timeout 0x1fff5041   Thumb Code    12  anon$$obj.o(Veneer$$Code)
    Long Thumb to Thumb Veneer to read_current_fine_time 0x1fff504d   Thumb Code    12  anon$$obj.o(Veneer$$Code)
    Long Thumb to Thumb Veneer to __aeabi_uidivmod 0x1fff5059   Thumb Code    12  anon$$obj.o(Veneer$$Code)
    Long Thumb to Thumb Veneer to clock_time_rtc 0x1fff5065   Thumb Code    12  anon$$obj.o(Veneer$$Code)
    Long Thumb to Thumb Veneer to osal_init_system 0x1fff5071   Thumb Code    12  anon$$obj.o(Veneer$$Code)
    Long Thumb to Thumb Veneer to osal_pwrmgr_device 0x1fff507d   Thumb Code    12  anon$$obj.o(Veneer$$Code)
    Long Thumb to Thumb Veneer to osal_start_system 0x1fff5089   Thumb Code    12  anon$$obj.o(Veneer$$Code)
    Long Thumb to Thumb Veneer to L2CAP_ConnParamUpdateReq 0x1fff5095   Thumb Code    12  anon$$obj.o(Veneer$$Code)
    Long Thumb to Thumb Veneer to linkDB_State 0x1fff50a1   Thumb Code    12  anon$$obj.o(Veneer$$Code)
    Long Thumb to Thumb Veneer to ATT_ExecuteWriteRsp 0x1fff50ad   Thumb Code    12  anon$$obj.o(Veneer$$Code)
    Long Thumb to Thumb Veneer to GATT_FindHandleUUID 0x1fff50b9   Thumb Code    12  anon$$obj.o(Veneer$$Code)
    Long Thumb to Thumb Veneer to ATT_FindByTypeValueRsp 0x1fff50c5   Thumb Code    12  anon$$obj.o(Veneer$$Code)
    Long Thumb to Thumb Veneer to ATT_ExchangeMTURsp 0x1fff50d1   Thumb Code    12  anon$$obj.o(Veneer$$Code)
    Long Thumb to Thumb Veneer to ATT_ReadRsp 0x1fff50dd   Thumb Code    12  anon$$obj.o(Veneer$$Code)
    Long Thumb to Thumb Veneer to ATT_ReadBlobRsp 0x1fff50e9   Thumb Code    12  anon$$obj.o(Veneer$$Code)
    Long Thumb to Thumb Veneer to ATT_ErrorRsp 0x1fff50f5   Thumb Code    12  anon$$obj.o(Veneer$$Code)
    Long Thumb to Thumb Veneer to GATT_AppCompletedMsg 0x1fff5101   Thumb Code    12  anon$$obj.o(Veneer$$Code)
    Long Thumb to Thumb Veneer to ATT_PrepareWriteRsp 0x1fff510d   Thumb Code    12  anon$$obj.o(Veneer$$Code)
    Long Thumb to Thumb Veneer to GATT_VerifyReadPermissions 0x1fff5119   Thumb Code    12  anon$$obj.o(Veneer$$Code)
    Long Thumb to Thumb Veneer to ATT_ReadByGrpTypeRsp 0x1fff5125   Thumb Code    12  anon$$obj.o(Veneer$$Code)
    Long Thumb to Thumb Veneer to ATT_ReadByTypeRsp 0x1fff5131   Thumb Code    12  anon$$obj.o(Veneer$$Code)
    Long Thumb to Thumb Veneer to ATT_ReadMultiRsp 0x1fff513d   Thumb Code    12  anon$$obj.o(Veneer$$Code)
    Long Thumb to Thumb Veneer to ATT_WriteRsp 0x1fff5149   Thumb Code    12  anon$$obj.o(Veneer$$Code)
    Long Thumb to Thumb Veneer to pad_ds_control 0x1fff5155   Thumb Code    12  anon$$obj.o(Veneer$$Code)
    Long Thumb to Thumb Veneer to disableSleep 0x1fff5161   Thumb Code    12  anon$$obj.o(Veneer$$Code)
    Long Thumb to Thumb Veneer to enableSleep 0x1fff516d   Thumb Code    12  anon$$obj.o(Veneer$$Code)
    Long Thumb to Thumb Veneer to boot_init  0x1fff5179   Thumb Code    12  anon$$obj.o(Veneer$$Code)
    Long Thumb to Thumb Veneer to wakeup_init 0x1fff5185   Thumb Code    12  anon$$obj.o(Veneer$$Code)
    Long Thumb to Thumb Veneer to ll_hw_ign_rfifo 0x1fff5191   Thumb Code    12  anon$$obj.o(Veneer$$Code)
    Long Thumb to Thumb Veneer to ll_hw_rst_rfifo 0x1fff519d   Thumb Code    12  anon$$obj.o(Veneer$$Code)
    Long Thumb to Thumb Veneer to ll_hw_rst_tfifo 0x1fff51a9   Thumb Code    12  anon$$obj.o(Veneer$$Code)
    Long Thumb to Thumb Veneer to llSetupDirectedAdvEvt 0x1fff51b5   Thumb Code    12  anon$$obj.o(Veneer$$Code)
    Long Thumb to Thumb Veneer to llSetupUndirectedAdvEvt 0x1fff51c1   Thumb Code    12  anon$$obj.o(Veneer$$Code)
    Long Thumb to Thumb Veneer to llSetupNonConnectableAdvEvt 0x1fff51cd   Thumb Code    12  anon$$obj.o(Veneer$$Code)
    Long Thumb to Thumb Veneer to llSetupScannableAdvEvt 0x1fff51d9   Thumb Code    12  anon$$obj.o(Veneer$$Code)
    Long Thumb to Thumb Veneer to ll_hw_get_tr_mode 0x1fff51e5   Thumb Code    12  anon$$obj.o(Veneer$$Code)
    Long Thumb to Thumb Veneer to set_max_length 0x1fff51f1   Thumb Code    12  anon$$obj.o(Veneer$$Code)
    Long Thumb to Thumb Veneer to osal_mem_set_heap 0x1fff51fd   Thumb Code    12  anon$$obj.o(Veneer$$Code)
    Long Thumb to Thumb Veneer to LL_Init    0x1fff5209   Thumb Code    12  anon$$obj.o(Veneer$$Code)
    Long Thumb to Thumb Veneer to HCI_Init   0x1fff5215   Thumb Code    12  anon$$obj.o(Veneer$$Code)
    Long Thumb to Thumb Veneer to L2CAP_Init 0x1fff5221   Thumb Code    12  anon$$obj.o(Veneer$$Code)
    Long Thumb to Thumb Veneer to GAP_Init   0x1fff522d   Thumb Code    12  anon$$obj.o(Veneer$$Code)
    Long Thumb to Thumb Veneer to GATT_Init  0x1fff5239   Thumb Code    12  anon$$obj.o(Veneer$$Code)
    Long Thumb to Thumb Veneer to SM_Init    0x1fff5245   Thumb Code    12  anon$$obj.o(Veneer$$Code)
    Long Thumb to Thumb Veneer to strlen     0x1fff5251   Thumb Code    12  anon$$obj.o(Veneer$$Code)
    DevInfo_AddService                       0x1fff525d   Thumb Code    14  devinfoservice_bell.o(i.DevInfo_AddService)
    DevInfo_SetParameter                     0x1fff5275   Thumb Code    90  devinfoservice_bell.o(i.DevInfo_SetParameter)
    GAPBondMgr_LinkEst                       0x1fff52d5   Thumb Code   316  gapbondmgr.o(i.GAPBondMgr_LinkEst)
    GAPBondMgr_ResolveAddr                   0x1fff5415   Thumb Code   178  gapbondmgr.o(i.GAPBondMgr_ResolveAddr)
    GAPRole_GetParameter                     0x1fff54cd   Thumb Code   222  peripheral.o(i.GAPRole_GetParameter)
    GAPRole_Init                             0x1fff55b5   Thumb Code    58  peripheral.o(i.GAPRole_Init)
    GAPRole_ProcessEvent                     0x1fff55f9   Thumb Code   238  peripheral.o(i.GAPRole_ProcessEvent)
    GAPRole_SendUpdateParam                  0x1fff56ed   Thumb Code    80  peripheral.o(i.GAPRole_SendUpdateParam)
    GAPRole_SetParameter                     0x1fff5745   Thumb Code   518  peripheral.o(i.GAPRole_SetParameter)
    GAPRole_StartDevice                      0x1fff5959   Thumb Code    48  peripheral.o(i.GAPRole_StartDevice)
    GAPRole_TerminateConnection              0x1fff5991   Thumb Code    26  peripheral.o(i.GAPRole_TerminateConnection)
    GAP_DeviceInit                           0x1fff59b1   Thumb Code    54  gap.o(i.GAP_DeviceInit)
    GATTServApp_AddService                   0x1fff59e9   Thumb Code    22  gattservapp.o(i.GATTServApp_AddService)
    GATTServApp_Init                         0x1fff5a09   Thumb Code    62  gattservapp.o(i.GATTServApp_Init)
    GATTServApp_InitCharCfg                  0x1fff5a55   Thumb Code    44  gattservapp.o(i.GATTServApp_InitCharCfg)
    GATTServApp_ProcessCCCWriteReq           0x1fff5a85   Thumb Code    88  gattservapp.o(i.GATTServApp_ProcessCCCWriteReq)
    GATTServApp_ProcessEvent                 0x1fff5add   Thumb Code    50  gattservapp.o(i.GATTServApp_ProcessEvent)
    GATTServApp_ReadAttr                     0x1fff5b15   Thumb Code   534  gattservapp.o(i.GATTServApp_ReadAttr)
    GATTServApp_ReadCharCfg                  0x1fff5d39   Thumb Code    14  gattservapp.o(i.GATTServApp_ReadCharCfg)
    GATTServApp_RegisterService              0x1fff5d49   Thumb Code    86  gattservapp.o(i.GATTServApp_RegisterService)
    GATTServApp_SendCCCUpdatedEvent          0x1fff5da5   Thumb Code    50  gattservapp.o(i.GATTServApp_SendCCCUpdatedEvent)
    GATTServApp_SendServiceChangedInd        0x1fff5ddd   Thumb Code    30  gattservapp.o(i.GATTServApp_SendServiceChangedInd)
    GATTServApp_UpdateCharCfg                0x1fff5e01   Thumb Code    24  gattservapp.o(i.GATTServApp_UpdateCharCfg)
    GATTServApp_WriteAttr                    0x1fff5e19   Thumb Code    62  gattservapp.o(i.GATTServApp_WriteAttr)
    GATTServApp_WriteCharCfg                 0x1fff5e59   Thumb Code    40  gattservapp.o(i.GATTServApp_WriteCharCfg)
    GGS_AddService                           0x1fff5e85   Thumb Code    22  gapgattserver.o(i.GGS_AddService)
    GGS_SetParameter                         0x1fff5ea5   Thumb Code   126  gapgattserver.o(i.GGS_SetParameter)
    LL_SetScanControl1                       0x1fff5f2d   Thumb Code   278  patch.o(i.LL_SetScanControl1)
    ProgramWord                              0x1fff611d   Thumb Code   164  flash_ext.o(i.ProgramWord)
    SimpleBLEPeripheral_Init                 0x1fff61c5   Thumb Code   608  simplebleperipheral.o(i.SimpleBLEPeripheral_Init)
    SimpleBLEPeripheral_ProcessEvent         0x1fff6441   Thumb Code   274  simplebleperipheral.o(i.SimpleBLEPeripheral_ProcessEvent)
    SimpleProfile_AddService                 0x1fff6575   Thumb Code    32  simplegattprofile.o(i.SimpleProfile_AddService)
    SimpleProfile_GetParameter               0x1fff65a1   Thumb Code   106  simplegattprofile.o(i.SimpleProfile_GetParameter)
    SimpleProfile_RegisterAppCBs             0x1fff6615   Thumb Code    16  simplegattprofile.o(i.SimpleProfile_RegisterAppCBs)
    SimpleProfile_SetParameter               0x1fff6629   Thumb Code   242  simplegattprofile.o(i.SimpleProfile_SetParameter)
    SystemInit                               0x1fff6725   Thumb Code     8  system_armcm0.o(i.SystemInit)
    WaitMs                                   0x1fff6735   Thumb Code    18  common.o(i.WaitMs)
    WaitRTCCount                             0x1fff6749   Thumb Code    38  common.o(i.WaitRTCCount)
    WriteFlash                               0x1fff6775   Thumb Code    24  flash_ext.o(i.WriteFlash)
    __0printf$8                              0x1fff678d   Thumb Code    24  printf8.o(i.__0printf$8)
    __1printf$8                              0x1fff678d   Thumb Code     0  printf8.o(i.__0printf$8)
    __2printf                                0x1fff678d   Thumb Code     0  printf8.o(i.__0printf$8)
    __ARM_clz                                0x1fff67ad   Thumb Code    46  depilogue.o(i.__ARM_clz)
    __scatterload_copy                       0x1fff67db   Thumb Code    14  handlers.o(i.__scatterload_copy)
    __scatterload_null                       0x1fff67e9   Thumb Code     2  handlers.o(i.__scatterload_null)
    __scatterload_zeroinit                   0x1fff67eb   Thumb Code    14  handlers.o(i.__scatterload_zeroinit)
    app_main                                 0x1fff6c6d   Thumb Code    20  simplebleperipheral_main.o(i.app_main)
    arry_sort                                0x1fff6c81   Thumb Code    54  patch.o(i.arry_sort)
    batt_init                                0x1fff6ce1   Thumb Code    46  battery.o(i.batt_init)
    batt_measure                             0x1fff6d25   Thumb Code    28  battery.o(i.batt_measure)
    batt_voltage                             0x1fff6d65   Thumb Code     6  battery.o(i.batt_voltage)
    check_chip_id                            0x1fff6d9d   Thumb Code    26  flash_ext.o(i.check_chip_id)
    check_chip_mAddr                         0x1fff6dbd   Thumb Code    26  flash_ext.o(i.check_chip_mAddr)
    check_internal_bus_busy                  0x1fff6ddd   Thumb Code    34  flash_ext.o(i.check_internal_bus_busy)
    clk_gate_disable                         0x1fff6e81   Thumb Code    20  clock.o(i.clk_gate_disable)
    clk_gate_enable                          0x1fff6e95   Thumb Code    20  clock.o(i.clk_gate_enable)
    clk_pclk                                 0x1fff6ea9   Thumb Code     6  clock.o(i.clk_pclk)
    clk_reset                                0x1fff6eb5   Thumb Code    22  clock.o(i.clk_reset)
    disable_spif_flash_write                 0x1fff6ff9   Thumb Code    28  flash_ext.o(i.disable_spif_flash_write)
    enable_spif_flash_write                  0x1fff7019   Thumb Code    28  flash_ext.o(i.enable_spif_flash_write)
    flash_sector_erase                       0x1fff7039   Thumb Code    74  flash_ext.o(i.flash_sector_erase)
    fputc                                    0x1fff7089   Thumb Code    18  fputc.o(i.fputc)
    gpio_pin0to3_pin31to34_control           0x1fff7f05   Thumb Code    36  gpio.o(i.gpio_pin0to3_pin31to34_control)
    hal_ADC_IRQHandler                       0x1fff805d   Thumb Code   180  adc.o(i.hal_ADC_IRQHandler)
    hal_GPIO_IRQHandler                      0x1fff8121   Thumb Code    20  gpio.o(i.hal_GPIO_IRQHandler)
    hal_UART0_IRQHandler                     0x1fff8139   Thumb Code    58  uart.o(i.hal_UART0_IRQHandler)
    hal_adc_config_channel                   0x1fff8179   Thumb Code   608  adc.o(i.hal_adc_config_channel)
    hal_adc_start                            0x1fff83e5   Thumb Code    52  adc.o(i.hal_adc_start)
    hal_adc_stop                             0x1fff8431   Thumb Code   160  adc.o(i.hal_adc_stop)
    hal_adc_value_cal                        0x1fff850d   Thumb Code   260  adc.o(i.hal_adc_value_cal)
    hal_gpio_cfg_analog_io                   0x1fff862d   Thumb Code    58  gpio.o(i.hal_gpio_cfg_analog_io)
    hal_gpio_fmux                            0x1fff866d   Thumb Code    34  gpio.o(i.hal_gpio_fmux)
    hal_gpio_fmux_set                        0x1fff8695   Thumb Code    42  gpio.o(i.hal_gpio_fmux_set)
    hal_gpio_init                            0x1fff86c5   Thumb Code    70  gpio.o(i.hal_gpio_init)
    hal_gpio_pin_init                        0x1fff8721   Thumb Code    82  gpio.o(i.hal_gpio_pin_init)
    hal_gpio_pull_set                        0x1fff8779   Thumb Code    48  gpio.o(i.hal_gpio_pull_set)
    hal_gpio_read                            0x1fff87ad   Thumb Code    52  gpio.o(i.hal_gpio_read)
    hal_gpio_wakeup_set                      0x1fff87e5   Thumb Code    76  gpio.o(i.hal_gpio_wakeup_set)
    hal_gpio_write                           0x1fff8835   Thumb Code    60  gpio.o(i.hal_gpio_write)
    hal_gpioin_enable                        0x1fff8875   Thumb Code   104  gpio.o(i.hal_gpioin_enable)
    hal_ms_intv                              0x1fff88e1   Thumb Code    32  clock.o(i.hal_ms_intv)
    hal_my_sizeof                            0x1fff8909   Thumb Code    18  common.o(i.hal_my_sizeof)
    hal_pwrmgr_RAM_retention                 0x1fff891d   Thumb Code    20  pwrmgr.o(i.hal_pwrmgr_RAM_retention)
    hal_pwrmgr_RAM_retention_set             0x1fff8935   Thumb Code    20  pwrmgr.o(i.hal_pwrmgr_RAM_retention_set)
    hal_pwrmgr_init                          0x1fff8951   Thumb Code    44  pwrmgr.o(i.hal_pwrmgr_init)
    hal_pwrmgr_lock                          0x1fff8985   Thumb Code    74  pwrmgr.o(i.hal_pwrmgr_lock)
    hal_pwrmgr_register                      0x1fff89d9   Thumb Code    56  pwrmgr.o(i.hal_pwrmgr_register)
    hal_pwrmgr_sleep_process                 0x1fff8a15   Thumb Code    46  pwrmgr.o(i.hal_pwrmgr_sleep_process)
    hal_pwrmgr_unlock                        0x1fff8a49   Thumb Code    86  pwrmgr.o(i.hal_pwrmgr_unlock)
    hal_pwrmgr_wakeup_process                0x1fff8aa9   Thumb Code    42  pwrmgr.o(i.hal_pwrmgr_wakeup_process)
    hal_rom_code_ini                         0x1fff8b51   Thumb Code    86  patch.o(i.hal_rom_code_ini)
    hal_rtc_clock_config                     0x1fff8bb5   Thumb Code   126  clock.o(i.hal_rtc_clock_config)
    hal_system_init                          0x1fff8c41   Thumb Code   176  common.o(i.hal_system_init)
    hal_systick                              0x1fff8d11   Thumb Code     6  clock.o(i.hal_systick)
    hal_uart_init                            0x1fff8d1d   Thumb Code    68  uart.o(i.hal_uart_init)
    hal_uart_send_buff                       0x1fff8d69   Thumb Code    22  uart.o(i.hal_uart_send_buff)
    init_config                              0x1fff8dc5   Thumb Code   442  patch.o(i.init_config)
    led_on                                   0x1fff909d   Thumb Code    38  led.o(i.led_on)
    led_pull_light_interval_off              0x1fff90c3   Thumb Code    32  led.o(i.led_pull_light_interval_off)
    led_pull_light_interval_on               0x1fff90e3   Thumb Code    32  led.o(i.led_pull_light_interval_on)
    led_pull_light_off                       0x1fff9105   Thumb Code    44  led.o(i.led_pull_light_off)
    llSetupAdv1                              0x1fff9149   Thumb Code   114  patch.o(i.llSetupAdv1)
    ll_hw_go1                                0x1fff91cd   Thumb Code   220  patch.o(i.ll_hw_go1)
    main                                     0x1fff92e9   Thumb Code    70  main.o(i.main)
    osalInitTasks                            0x1fff9341   Thumb Code    94  osal_simplebleperipheral.o(i.osalInitTasks)
    osal_snv_read                            0x1fff93a5   Thumb Code    58  osal_snv.o(i.osal_snv_read)
    phy_printf                               0x1fff94d9   Thumb Code    50  my_printf.o(i.phy_printf)
    phy_printf_init                          0x1fff9515   Thumb Code    12  my_printf.o(i.phy_printf_init)
    rc32k_calibration                        0x1fff978d   Thumb Code    86  patch.o(i.rc32k_calibration)
    rc32k_calibration_check                  0x1fff97ed   Thumb Code    60  patch.o(i.rc32k_calibration_check)
    rc32k_tracking_check                     0x1fff982d   Thumb Code   104  patch.o(i.rc32k_tracking_check)
    read_chip_id                             0x1fff989d   Thumb Code    52  flash_ext.o(i.read_chip_id)
    read_chip_mAddr                          0x1fff98d9   Thumb Code    56  flash_ext.o(i.read_chip_mAddr)
    rf_calibrate1                            0x1fff9919   Thumb Code    34  patch.o(i.rf_calibrate1)
    rf_phy_ana_cfg                           0x1fff9941   Thumb Code   190  rf_phy_driver.o(i.rf_phy_ana_cfg)
    rf_phy_bb_cfg                            0x1fff9a31   Thumb Code   194  rf_phy_driver.o(i.rf_phy_bb_cfg)
    rf_phy_change_cfg                        0x1fff9b51   Thumb Code    70  rf_phy_driver.o(i.rf_phy_change_cfg)
    rf_phy_ini                               0x1fff9bb1   Thumb Code    24  rf_phy_driver.o(i.rf_phy_ini)
    rf_phy_set_txPower                       0x1fff9bd1   Thumb Code    42  rf_phy_driver.o(i.rf_phy_set_txPower)
    rf_rxDcoc_cfg                            0x1fff9c05   Thumb Code   220  rf_phy_driver.o(i.rf_rxDcoc_cfg)
    rf_tpCal_gen_cap_arrary                  0x1fff9d15   Thumb Code    60  rf_phy_driver.o(i.rf_tpCal_gen_cap_arrary)
    rf_tp_cal                                0x1fff9d61   Thumb Code   114  rf_phy_driver.o(i.rf_tp_cal)
    subWriteReg                              0x1fffa345   Thumb Code    36  common.o(i.subWriteReg)
    gapServiceCBs                            0x1fffa5cc   Data          12  gapgattserver.o(.constdata)
    gattServiceCBs                           0x1fffa5e0   Data          12  gattservapp.o(.constdata)
    simpleProfileServUUID                    0x1fffa5ec   Data           2  simplegattprofile.o(.constdata)
    simpleProfilechar1UUID                   0x1fffa5ee   Data           2  simplegattprofile.o(.constdata)
    simpleProfilechar2UUID                   0x1fffa5f0   Data           2  simplegattprofile.o(.constdata)
    simpleProfilechar3UUID                   0x1fffa5f2   Data           2  simplegattprofile.o(.constdata)
    simpleProfilechar4UUID                   0x1fffa5f4   Data           2  simplegattprofile.o(.constdata)
    simpleProfilechar5UUID                   0x1fffa5f6   Data           2  simplegattprofile.o(.constdata)
    simpleProfilechar6UUID                   0x1fffa5f8   Data           2  simplegattprofile.o(.constdata)
    simpleProfilechar7UUID                   0x1fffa5fa   Data           2  simplegattprofile.o(.constdata)
    simpleProfilechar8UUID                   0x1fffa5fc   Data           2  simplegattprofile.o(.constdata)
    simpleProfilechar9UUID                   0x1fffa5fe   Data           2  simplegattprofile.o(.constdata)
    simpleProfileChar10UUID                  0x1fffa600   Data           2  simplegattprofile.o(.constdata)
    simpleProfilechar11UUID                  0x1fffa602   Data           2  simplegattprofile.o(.constdata)
    simpleProfileChar12UUID                  0x1fffa604   Data           2  simplegattprofile.o(.constdata)
    simpleProfilechar13UUID                  0x1fffa606   Data           2  simplegattprofile.o(.constdata)
    simpleProfileCBs                         0x1fffa610   Data          12  simplegattprofile.o(.constdata)
    devInfoServUUID                          0x1fffa61c   Data           2  devinfoservice_bell.o(.constdata)
    devInfoSystemIdUUID                      0x1fffa61e   Data           2  devinfoservice_bell.o(.constdata)
    devInfoModelNumberUUID                   0x1fffa620   Data           2  devinfoservice_bell.o(.constdata)
    devInfoSerialNumberUUID                  0x1fffa622   Data           2  devinfoservice_bell.o(.constdata)
    devInfoFirmwareRevUUID                   0x1fffa624   Data           2  devinfoservice_bell.o(.constdata)
    devInfoHardwareRevUUID                   0x1fffa626   Data           2  devinfoservice_bell.o(.constdata)
    devInfoSoftwareRevUUID                   0x1fffa628   Data           2  devinfoservice_bell.o(.constdata)
    devInfoMfrNameUUID                       0x1fffa62a   Data           2  devinfoservice_bell.o(.constdata)
    devInfo11073CertUUID                     0x1fffa62c   Data           2  devinfoservice_bell.o(.constdata)
    devInfoPnpIdUUID                         0x1fffa62e   Data           2  devinfoservice_bell.o(.constdata)
    devInfoCBs                               0x1fffa64c   Data          12  devinfoservice_bell.o(.constdata)
    tasksArr                                 0x1fffa658   Data          36  osal_simplebleperipheral.o(.constdata)
    tasksCnt                                 0x1fffa67c   Data           1  osal_simplebleperipheral.o(.constdata)
    Region$$Table$$Base                      0x1fffa69c   Number         0  anon$$obj.o(Region$$Table)
    Region$$Table$$Limit                     0x1fffa6ec   Number         0  anon$$obj.o(Region$$Table)
    gapRole_AdvEnabled                       0x1fffa794   Data           1  peripheral.o(.data)
    gapRole_AdvEventType                     0x1fffa79c   Data           1  peripheral.o(.data)
    appTaskID                                0x1fffa7f8   Data           1  gattservapp.o(.data)
    GATTServApp_TaskID                       0x1fffa7fa   Data           1  gattservapp.o(.data)
    tasksEvents                              0x1fffad24   Data           4  osal_simplebleperipheral.o(.data)
    connect_flag                             0x1fffad29   Data           1  simplebleperipheral.o(.data)
    power                                    0x1fffad2a   Data           1  simplebleperipheral.o(.data)
    simpleBLEPeripheral_TaskID               0x1fffad2b   Data           1  simplebleperipheral.o(.data)
    adv_interval                             0x1fffad2e   Data           2  simplebleperipheral.o(.data)
    major0                                   0x1fffad30   Data           2  simplebleperipheral.o(.data)
    major1                                   0x1fffad32   Data           2  simplebleperipheral.o(.data)
    major2                                   0x1fffad34   Data           2  simplebleperipheral.o(.data)
    minor0                                   0x1fffad36   Data           2  simplebleperipheral.o(.data)
    minor1                                   0x1fffad38   Data           2  simplebleperipheral.o(.data)
    minor2                                   0x1fffad3a   Data           2  simplebleperipheral.o(.data)
    put_char_size                            0x1fffadb4   Data           2  my_printf.o(.data)
    s_pinmap                                 0x1fffadbc   Data           9  adc.o(.data)
    SystemCoreClock                          0x1fffadc8   Data           4  system_armcm0.o(.data)
    llModeLast                               0x1fffadcc   Data           1  patch.o(.data)
    pGlobal_config                           0x1fffadd0   Data           4  patch.o(.data)
    g_stop_scan_t0                           0x1fffadd4   Data           4  patch.o(.data)
    g_stop_scan_t1                           0x1fffadd8   Data           4  patch.o(.data)
    g_stop_scan_t1_err                       0x1fffaddc   Data           4  patch.o(.data)
    g_stop_scan_pending_ms                   0x1fffade0   Data           4  patch.o(.data)
    g_rfPhyClkSel                            0x1fffade4   Data           1  patch.o(.data)
    g_chipMAddr                              0x1fffade5   Data           7  flash_ext.o(.data)
    __stdout                                 0x1fffadec   Data           4  stdout.o(.data)
    g_largeHeap                              0x1fffadf0   Data        6144  main.o(.bss)
    uuid_value0                              0x1fffca04   Data          16  simplebleperipheral.o(.bss)
    uuid_value1                              0x1fffca14   Data          16  simplebleperipheral.o(.bss)
    uuid_value2                              0x1fffca24   Data          16  simplebleperipheral.o(.bss)
    parament_lib                             0x1fffca34   Data         224  simplebleperipheral.o(.bss)
    put_char                                 0x1fffcd74   Data         120  my_printf.o(.bss)
    llModeDbg                                0x1fffce14   Data          16  patch.o(.bss)
    g_chipId                                 0x1fffce24   Data          65  flash_ext.o(.bss)
    __initial_sp                             0x1fffd668   Data           0  startup_armcm0.o(STACK)



==============================================================================

Memory Map of the image

  Image Entry point : 0x1fff48c1

  Load Region LR_IROM1 (Base: 0x1fff4800, Size: 0x000065f0, Max: 0x00010000, ABSOLUTE, COMPRESSED[0x000061a0])

    Execution Region ER_IROM1 (Base: 0x1fff4800, Size: 0x00008e68, Max: 0x00010000, ABSOLUTE, COMPRESSED[0x000002b4])

    Base Addr    Size         Type   Attr      Idx    E Section Name        Object

    0x1fff4800   0x000000c0   Data   RO         2162    RESET               startup_armcm0.o
    0x1fff48c0   0x00000000   Code   RO         2404  * .ARM.Collect$$$$00000000  mc_p.l(entry.o)
    0x1fff48c0   0x00000004   Code   RO         2698    .ARM.Collect$$$$00000001  mc_p.l(entry2.o)
    0x1fff48c4   0x00000004   Code   RO         2701    .ARM.Collect$$$$00000004  mc_p.l(entry5.o)
    0x1fff48c8   0x00000000   Code   RO         2703    .ARM.Collect$$$$00000008  mc_p.l(entry7b.o)
    0x1fff48c8   0x00000000   Code   RO         2705    .ARM.Collect$$$$0000000A  mc_p.l(entry8b.o)
    0x1fff48c8   0x00000008   Code   RO         2706    .ARM.Collect$$$$0000000B  mc_p.l(entry9a.o)
    0x1fff48d0   0x00000000   Code   RO         2708    .ARM.Collect$$$$0000000D  mc_p.l(entry10a.o)
    0x1fff48d0   0x00000000   Code   RO         2710    .ARM.Collect$$$$0000000F  mc_p.l(entry11a.o)
    0x1fff48d0   0x00000004   Code   RO         2699    .ARM.Collect$$$$00002712  mc_p.l(entry2.o)
    0x1fff48d4   0x0000001c   Code   RO         2163    .text               startup_armcm0.o
    0x1fff48f0   0x00000024   Code   RO         2407    .text               mc_p.l(memcpya.o)
    0x1fff4914   0x00000024   Code   RO         2409    .text               mc_p.l(memseta.o)
    0x1fff4938   0x000000b2   Code   RO         2676    .text               mf_p.l(fadd.o)
    0x1fff49ea   0x0000007a   Code   RO         2678    .text               mf_p.l(fmul.o)
    0x1fff4a64   0x0000007c   Code   RO         2680    .text               mf_p.l(fdiv.o)
    0x1fff4ae0   0x00000018   Code   RO         2682    .text               mf_p.l(fscalb.o)
    0x1fff4af8   0x0000002c   Code   RO         2684    .text               mf_p.l(dscalb.o)
    0x1fff4b24   0x00000016   Code   RO         2686    .text               mf_p.l(fflti.o)
    0x1fff4b3a   0x0000000e   Code   RO         2688    .text               mf_p.l(ffltui.o)
    0x1fff4b48   0x00000028   Code   RO         2690    .text               mf_p.l(dflti.o)
    0x1fff4b70   0x00000032   Code   RO         2692    .text               mf_p.l(ffixi.o)
    0x1fff4ba2   0x00000028   Code   RO         2694    .text               mf_p.l(ffixui.o)
    0x1fff4bca   0x00000038   Code   RO         2696    .text               mf_p.l(d2f.o)
    0x1fff4c02   0x00000060   Code   RO         2715    .text               mc_p.l(uldiv.o)
    0x1fff4c62   0x00000000   Code   RO         2717    .text               mc_p.l(iusefp.o)
    0x1fff4c62   0x00000082   Code   RO         2718    .text               mf_p.l(fepilogue.o)
    0x1fff4ce4   0x000000be   Code   RO         2720    .text               mf_p.l(depilogue.o)
    0x1fff4da2   0x00000002   PAD
    0x1fff4da4   0x00000024   Code   RO         2734    .text               mc_p.l(init.o)
    0x1fff4dc8   0x00000000   Code   RO         2736    .text               mc_p.l(semi.o)
    0x1fff4dc8   0x00000020   Code   RO         2737    .text               mc_p.l(llshl.o)
    0x1fff4de8   0x00000022   Code   RO         2739    .text               mc_p.l(llushr.o)
    0x1fff4e0a   0x00000000   Code   RO         2743    .text               mc_p.l(iusesemip.o)
    0x1fff4e0a   0x00000056   Code   RO         2752    .text               mc_p.l(__dczerorl2.o)
    0x1fff4e60   0x0000000c   Ven    RO         2754    Veneer$$Code        anon$$obj.o
    0x1fff4e6c   0x0000000c   Ven    RO         2755    Veneer$$Code        anon$$obj.o
    0x1fff4e78   0x0000000c   Ven    RO         2756    Veneer$$Code        anon$$obj.o
    0x1fff4e84   0x0000000c   Ven    RO         2757    Veneer$$Code        anon$$obj.o
    0x1fff4e90   0x0000000c   Ven    RO         2758    Veneer$$Code        anon$$obj.o
    0x1fff4e9c   0x0000000c   Ven    RO         2759    Veneer$$Code        anon$$obj.o
    0x1fff4ea8   0x0000000c   Ven    RO         2760    Veneer$$Code        anon$$obj.o
    0x1fff4eb4   0x0000000c   Ven    RO         2761    Veneer$$Code        anon$$obj.o
    0x1fff4ec0   0x0000000c   Ven    RO         2762    Veneer$$Code        anon$$obj.o
    0x1fff4ecc   0x0000000c   Ven    RO         2763    Veneer$$Code        anon$$obj.o
    0x1fff4ed8   0x0000000c   Ven    RO         2764    Veneer$$Code        anon$$obj.o
    0x1fff4ee4   0x0000000c   Ven    RO         2765    Veneer$$Code        anon$$obj.o
    0x1fff4ef0   0x0000000c   Ven    RO         2766    Veneer$$Code        anon$$obj.o
    0x1fff4efc   0x0000000c   Ven    RO         2767    Veneer$$Code        anon$$obj.o
    0x1fff4f08   0x0000000c   Ven    RO         2768    Veneer$$Code        anon$$obj.o
    0x1fff4f14   0x0000000c   Ven    RO         2769    Veneer$$Code        anon$$obj.o
    0x1fff4f20   0x0000000c   Ven    RO         2770    Veneer$$Code        anon$$obj.o
    0x1fff4f2c   0x0000000c   Ven    RO         2771    Veneer$$Code        anon$$obj.o
    0x1fff4f38   0x0000000c   Ven    RO         2772    Veneer$$Code        anon$$obj.o
    0x1fff4f44   0x0000000c   Ven    RO         2773    Veneer$$Code        anon$$obj.o
    0x1fff4f50   0x0000000c   Ven    RO         2774    Veneer$$Code        anon$$obj.o
    0x1fff4f5c   0x0000000c   Ven    RO         2775    Veneer$$Code        anon$$obj.o
    0x1fff4f68   0x0000000c   Ven    RO         2776    Veneer$$Code        anon$$obj.o
    0x1fff4f74   0x0000000c   Ven    RO         2777    Veneer$$Code        anon$$obj.o
    0x1fff4f80   0x0000000c   Ven    RO         2778    Veneer$$Code        anon$$obj.o
    0x1fff4f8c   0x0000000c   Ven    RO         2779    Veneer$$Code        anon$$obj.o
    0x1fff4f98   0x0000000c   Ven    RO         2780    Veneer$$Code        anon$$obj.o
    0x1fff4fa4   0x0000000c   Ven    RO         2781    Veneer$$Code        anon$$obj.o
    0x1fff4fb0   0x0000000c   Ven    RO         2782    Veneer$$Code        anon$$obj.o
    0x1fff4fbc   0x0000000c   Ven    RO         2783    Veneer$$Code        anon$$obj.o
    0x1fff4fc8   0x0000000c   Ven    RO         2784    Veneer$$Code        anon$$obj.o
    0x1fff4fd4   0x0000000c   Ven    RO         2785    Veneer$$Code        anon$$obj.o
    0x1fff4fe0   0x0000000c   Ven    RO         2786    Veneer$$Code        anon$$obj.o
    0x1fff4fec   0x0000000c   Ven    RO         2787    Veneer$$Code        anon$$obj.o
    0x1fff4ff8   0x0000000c   Ven    RO         2788    Veneer$$Code        anon$$obj.o
    0x1fff5004   0x0000000c   Ven    RO         2789    Veneer$$Code        anon$$obj.o
    0x1fff5010   0x0000000c   Ven    RO         2790    Veneer$$Code        anon$$obj.o
    0x1fff501c   0x0000000c   Ven    RO         2791    Veneer$$Code        anon$$obj.o
    0x1fff5028   0x0000000c   Ven    RO         2792    Veneer$$Code        anon$$obj.o
    0x1fff5034   0x0000000c   Ven    RO         2793    Veneer$$Code        anon$$obj.o
    0x1fff5040   0x0000000c   Ven    RO         2794    Veneer$$Code        anon$$obj.o
    0x1fff504c   0x0000000c   Ven    RO         2795    Veneer$$Code        anon$$obj.o
    0x1fff5058   0x0000000c   Ven    RO         2796    Veneer$$Code        anon$$obj.o
    0x1fff5064   0x0000000c   Ven    RO         2797    Veneer$$Code        anon$$obj.o
    0x1fff5070   0x0000000c   Ven    RO         2798    Veneer$$Code        anon$$obj.o
    0x1fff507c   0x0000000c   Ven    RO         2799    Veneer$$Code        anon$$obj.o
    0x1fff5088   0x0000000c   Ven    RO         2800    Veneer$$Code        anon$$obj.o
    0x1fff5094   0x0000000c   Ven    RO         2801    Veneer$$Code        anon$$obj.o
    0x1fff50a0   0x0000000c   Ven    RO         2802    Veneer$$Code        anon$$obj.o
    0x1fff50ac   0x0000000c   Ven    RO         2803    Veneer$$Code        anon$$obj.o
    0x1fff50b8   0x0000000c   Ven    RO         2804    Veneer$$Code        anon$$obj.o
    0x1fff50c4   0x0000000c   Ven    RO         2805    Veneer$$Code        anon$$obj.o
    0x1fff50d0   0x0000000c   Ven    RO         2806    Veneer$$Code        anon$$obj.o
    0x1fff50dc   0x0000000c   Ven    RO         2807    Veneer$$Code        anon$$obj.o
    0x1fff50e8   0x0000000c   Ven    RO         2808    Veneer$$Code        anon$$obj.o
    0x1fff50f4   0x0000000c   Ven    RO         2809    Veneer$$Code        anon$$obj.o
    0x1fff5100   0x0000000c   Ven    RO         2810    Veneer$$Code        anon$$obj.o
    0x1fff510c   0x0000000c   Ven    RO         2811    Veneer$$Code        anon$$obj.o
    0x1fff5118   0x0000000c   Ven    RO         2812    Veneer$$Code        anon$$obj.o
    0x1fff5124   0x0000000c   Ven    RO         2813    Veneer$$Code        anon$$obj.o
    0x1fff5130   0x0000000c   Ven    RO         2814    Veneer$$Code        anon$$obj.o
    0x1fff513c   0x0000000c   Ven    RO         2815    Veneer$$Code        anon$$obj.o
    0x1fff5148   0x0000000c   Ven    RO         2816    Veneer$$Code        anon$$obj.o
    0x1fff5154   0x0000000c   Ven    RO         2817    Veneer$$Code        anon$$obj.o
    0x1fff5160   0x0000000c   Ven    RO         2818    Veneer$$Code        anon$$obj.o
    0x1fff516c   0x0000000c   Ven    RO         2819    Veneer$$Code        anon$$obj.o
    0x1fff5178   0x0000000c   Ven    RO         2820    Veneer$$Code        anon$$obj.o
    0x1fff5184   0x0000000c   Ven    RO         2821    Veneer$$Code        anon$$obj.o
    0x1fff5190   0x0000000c   Ven    RO         2822    Veneer$$Code        anon$$obj.o
    0x1fff519c   0x0000000c   Ven    RO         2823    Veneer$$Code        anon$$obj.o
    0x1fff51a8   0x0000000c   Ven    RO         2824    Veneer$$Code        anon$$obj.o
    0x1fff51b4   0x0000000c   Ven    RO         2825    Veneer$$Code        anon$$obj.o
    0x1fff51c0   0x0000000c   Ven    RO         2826    Veneer$$Code        anon$$obj.o
    0x1fff51cc   0x0000000c   Ven    RO         2827    Veneer$$Code        anon$$obj.o
    0x1fff51d8   0x0000000c   Ven    RO         2828    Veneer$$Code        anon$$obj.o
    0x1fff51e4   0x0000000c   Ven    RO         2829    Veneer$$Code        anon$$obj.o
    0x1fff51f0   0x0000000c   Ven    RO         2830    Veneer$$Code        anon$$obj.o
    0x1fff51fc   0x0000000c   Ven    RO         2831    Veneer$$Code        anon$$obj.o
    0x1fff5208   0x0000000c   Ven    RO         2832    Veneer$$Code        anon$$obj.o
    0x1fff5214   0x0000000c   Ven    RO         2833    Veneer$$Code        anon$$obj.o
    0x1fff5220   0x0000000c   Ven    RO         2834    Veneer$$Code        anon$$obj.o
    0x1fff522c   0x0000000c   Ven    RO         2835    Veneer$$Code        anon$$obj.o
    0x1fff5238   0x0000000c   Ven    RO         2836    Veneer$$Code        anon$$obj.o
    0x1fff5244   0x0000000c   Ven    RO         2837    Veneer$$Code        anon$$obj.o
    0x1fff5250   0x0000000c   Ven    RO         2838    Veneer$$Code        anon$$obj.o
    0x1fff525c   0x00000018   Code   RO          967    i.DevInfo_AddService  devinfoservice_bell.o
    0x1fff5274   0x00000060   Code   RO          969    i.DevInfo_SetParameter  devinfoservice_bell.o
    0x1fff52d4   0x00000140   Code   RO          197    i.GAPBondMgr_LinkEst  gapbondmgr.o
    0x1fff5414   0x000000b8   Code   RO          202    i.GAPBondMgr_ResolveAddr  gapbondmgr.o
    0x1fff54cc   0x000000e8   Code   RO          480    i.GAPRole_GetParameter  peripheral.o
    0x1fff55b4   0x00000044   Code   RO          481    i.GAPRole_Init      peripheral.o
    0x1fff55f8   0x000000f4   Code   RO          482    i.GAPRole_ProcessEvent  peripheral.o
    0x1fff56ec   0x00000058   Code   RO          484    i.GAPRole_SendUpdateParam  peripheral.o
    0x1fff5744   0x00000214   Code   RO          485    i.GAPRole_SetParameter  peripheral.o
    0x1fff5958   0x00000038   Code   RO          486    i.GAPRole_StartDevice  peripheral.o
    0x1fff5990   0x00000020   Code   RO          487    i.GAPRole_TerminateConnection  peripheral.o
    0x1fff59b0   0x00000036   Code   RO          160    i.GAP_DeviceInit    gap.o
    0x1fff59e6   0x00000002   PAD
    0x1fff59e8   0x00000020   Code   RO          634    i.GATTServApp_AddService  gattservapp.o
    0x1fff5a08   0x0000004c   Code   RO          640    i.GATTServApp_Init  gattservapp.o
    0x1fff5a54   0x00000030   Code   RO          641    i.GATTServApp_InitCharCfg  gattservapp.o
    0x1fff5a84   0x00000058   Code   RO          642    i.GATTServApp_ProcessCCCWriteReq  gattservapp.o
    0x1fff5adc   0x00000038   Code   RO          644    i.GATTServApp_ProcessEvent  gattservapp.o
    0x1fff5b14   0x00000224   Code   RO          645    i.GATTServApp_ReadAttr  gattservapp.o
    0x1fff5d38   0x0000000e   Code   RO          646    i.GATTServApp_ReadCharCfg  gattservapp.o
    0x1fff5d46   0x00000002   PAD
    0x1fff5d48   0x0000005c   Code   RO          648    i.GATTServApp_RegisterService  gattservapp.o
    0x1fff5da4   0x00000038   Code   RO          649    i.GATTServApp_SendCCCUpdatedEvent  gattservapp.o
    0x1fff5ddc   0x00000024   Code   RO          650    i.GATTServApp_SendServiceChangedInd  gattservapp.o
    0x1fff5e00   0x00000018   Code   RO          653    i.GATTServApp_UpdateCharCfg  gattservapp.o
    0x1fff5e18   0x0000003e   Code   RO          654    i.GATTServApp_WriteAttr  gattservapp.o
    0x1fff5e56   0x00000002   PAD
    0x1fff5e58   0x0000002c   Code   RO          655    i.GATTServApp_WriteCharCfg  gattservapp.o
    0x1fff5e84   0x00000020   Code   RO          400    i.GGS_AddService    gapgattserver.o
    0x1fff5ea4   0x00000088   Code   RO          406    i.GGS_SetParameter  gapgattserver.o
    0x1fff5f2c   0x00000150   Code   RO         2204    i.LL_SetScanControl1  rf.lib(patch.o)
    0x1fff607c   0x00000018   Code   RO         1609    i.NVIC_EnableIRQ    gpio.o
    0x1fff6094   0x00000044   Code   RO            3    i.NVIC_SetPriority  main.o
    0x1fff60d8   0x00000044   Code   RO         1610    i.NVIC_SetPriority  gpio.o
    0x1fff611c   0x000000a8   Code   RO         2323    i.ProgramWord       rf.lib(flash_ext.o)
    0x1fff61c4   0x0000027c   Code   RO         1126    i.SimpleBLEPeripheral_Init  simplebleperipheral.o
    0x1fff6440   0x00000134   Code   RO         1127    i.SimpleBLEPeripheral_ProcessEvent  simplebleperipheral.o
    0x1fff6574   0x0000002c   Code   RO          866    i.SimpleProfile_AddService  simplegattprofile.o
    0x1fff65a0   0x00000074   Code   RO          867    i.SimpleProfile_GetParameter  simplegattprofile.o
    0x1fff6614   0x00000014   Code   RO          868    i.SimpleProfile_RegisterAppCBs  simplegattprofile.o
    0x1fff6628   0x000000fc   Code   RO          869    i.SimpleProfile_SetParameter  simplegattprofile.o
    0x1fff6724   0x00000010   Code   RO         2170    i.SystemInit        system_armcm0.o
    0x1fff6734   0x00000012   Code   RO         1480    i.WaitMs            common.o
    0x1fff6746   0x00000002   PAD
    0x1fff6748   0x0000002c   Code   RO         1481    i.WaitRTCCount      common.o
    0x1fff6774   0x00000018   Code   RO         2326    i.WriteFlash        rf.lib(flash_ext.o)
    0x1fff678c   0x00000020   Code   RO         2620    i.__0printf$8       mc_p.l(printf8.o)
    0x1fff67ac   0x0000002e   Code   RO         2722    i.__ARM_clz         mf_p.l(depilogue.o)
    0x1fff67da   0x0000000e   Code   RO         2746    i.__scatterload_copy  mc_p.l(handlers.o)
    0x1fff67e8   0x00000002   Code   RO         2747    i.__scatterload_null  mc_p.l(handlers.o)
    0x1fff67ea   0x0000000e   Code   RO         2748    i.__scatterload_zeroinit  mc_p.l(handlers.o)
    0x1fff67f8   0x00000428   Code   RO         2627    i._printf_core      mc_p.l(printf8.o)
    0x1fff6c20   0x00000020   Code   RO         2628    i._printf_post_padding  mc_p.l(printf8.o)
    0x1fff6c40   0x0000002c   Code   RO         2629    i._printf_pre_padding  mc_p.l(printf8.o)
    0x1fff6c6c   0x00000014   Code   RO         1081    i.app_main          simplebleperipheral_main.o
    0x1fff6c80   0x00000036   Code   RO         2206    i.arry_sort         rf.lib(patch.o)
    0x1fff6cb6   0x00000002   PAD
    0x1fff6cb8   0x00000028   Code   RO         1213    i.batt_adc_evt      battery.o
    0x1fff6ce0   0x00000044   Code   RO         1214    i.batt_init         battery.o
    0x1fff6d24   0x00000028   Code   RO         1215    i.batt_measure      battery.o
    0x1fff6d4c   0x00000018   Code   RO         1216    i.batt_timer_start  battery.o
    0x1fff6d64   0x0000000c   Code   RO         1217    i.batt_voltage      battery.o
    0x1fff6d70   0x0000002c   Code   RO         1128    i.change_parament_flash  simplebleperipheral.o
    0x1fff6d9c   0x00000020   Code   RO         2328    i.check_chip_id     rf.lib(flash_ext.o)
    0x1fff6dbc   0x00000020   Code   RO         2329    i.check_chip_mAddr  rf.lib(flash_ext.o)
    0x1fff6ddc   0x00000028   Code   RO         2330    i.check_internal_bus_busy  rf.lib(flash_ext.o)
    0x1fff6e04   0x0000006c   Code   RO         2331    i.chip_id_one_bit_hot_convter  rf.lib(flash_ext.o)
    0x1fff6e70   0x00000010   Code   RO         1967    i.clear_adcc_cfg    adc.o
    0x1fff6e80   0x00000014   Code   RO         1307    i.clk_gate_disable  clock.o
    0x1fff6e94   0x00000014   Code   RO         1308    i.clk_gate_enable   clock.o
    0x1fff6ea8   0x0000000c   Code   RO         1310    i.clk_pclk          clock.o
    0x1fff6eb4   0x00000016   Code   RO         1311    i.clk_reset         clock.o
    0x1fff6eca   0x00000002   PAD
    0x1fff6ecc   0x0000012c   Code   RO          970    i.devInfo_ReadAttrCB  devinfoservice_bell.o
    0x1fff6ff8   0x00000020   Code   RO         2333    i.disable_spif_flash_write  rf.lib(flash_ext.o)
    0x1fff7018   0x00000020   Code   RO         2334    i.enable_spif_flash_write  rf.lib(flash_ext.o)
    0x1fff7038   0x00000050   Code   RO         2336    i.flash_sector_erase  rf.lib(flash_ext.o)
    0x1fff7088   0x00000012   Code   RO         2712    i.fputc             mc_p.l(fputc.o)
    0x1fff709a   0x00000002   PAD
    0x1fff709c   0x00000030   Code   RO          213    i.gapBondMgrFindAddr  gapbondmgr.o
    0x1fff70cc   0x00000036   Code   RO          215    i.gapBondMgrGetPublicAddr  gapbondmgr.o
    0x1fff7102   0x0000001c   Code   RO          216    i.gapBondMgrInvertCharCfgItem  gapbondmgr.o
    0x1fff711e   0x00000002   PAD
    0x1fff7120   0x000001f4   Code   RO          488    i.gapRole_ProcessGAPMsg  peripheral.o
    0x1fff7314   0x000000b0   Code   RO          489    i.gapRole_ProcessOSALMsg  peripheral.o
    0x1fff73c4   0x0000005c   Code   RO          490    i.gapRole_startConnUpdate  peripheral.o
    0x1fff7420   0x0000000e   Code   RO          656    i.gattServApp_FindAuthorizeAttrCB  gattservapp.o
    0x1fff742e   0x0000001c   Code   RO          657    i.gattServApp_FindCharCfgItem  gattservapp.o
    0x1fff744a   0x00000002   PAD
    0x1fff744c   0x00000024   Code   RO          658    i.gattServApp_FindPrepareWriteQ  gattservapp.o
    0x1fff7470   0x00000020   Code   RO          659    i.gattServApp_FindServiceCBs  gattservapp.o
    0x1fff7490   0x0000005c   Code   RO          660    i.gattServApp_HandleConnStatusCB  gattservapp.o
    0x1fff74ec   0x00000088   Code   RO          661    i.gattServApp_ProcessExecuteWriteReq  gattservapp.o
    0x1fff7574   0x000000f0   Code   RO          662    i.gattServApp_ProcessFindByTypeValueReq  gattservapp.o
    0x1fff7664   0x00000158   Code   RO          663    i.gattServApp_ProcessMsg  gattservapp.o
    0x1fff77bc   0x000000a0   Code   RO          664    i.gattServApp_ProcessPrepareWriteReq  gattservapp.o
    0x1fff785c   0x00000158   Code   RO          665    i.gattServApp_ProcessReadByGrpTypeReq  gattservapp.o
    0x1fff79b4   0x00000128   Code   RO          666    i.gattServApp_ProcessReadByTypeReq  gattservapp.o
    0x1fff7adc   0x000000c4   Code   RO          667    i.gattServApp_ProcessReadMultiReq  gattservapp.o
    0x1fff7ba0   0x0000007a   Code   RO          668    i.gattServApp_ProcessWriteReq  gattservapp.o
    0x1fff7c1a   0x00000002   PAD
    0x1fff7c1c   0x00000078   Code   RO          670    i.gattServApp_SetNumPrepareWrites  gattservapp.o
    0x1fff7c94   0x00000030   Code   RO          671    i.gattServApp_WriteAttrCB  gattservapp.o
    0x1fff7cc4   0x000000c2   Code   RO          407    i.ggs_ReadAttrCB    gapgattserver.o
    0x1fff7d86   0x00000058   Code   RO          408    i.ggs_SetAttrWPermit  gapgattserver.o
    0x1fff7dde   0x00000002   PAD
    0x1fff7de0   0x000000e4   Code   RO          409    i.ggs_WriteAttrCB   gapgattserver.o
    0x1fff7ec4   0x00000040   Code   RO         1611    i.gpio_interrupt_enable  gpio.o
    0x1fff7f04   0x00000028   Code   RO         1612    i.gpio_pin0to3_pin31to34_control  gpio.o
    0x1fff7f2c   0x00000044   Code   RO         1613    i.gpio_sleep_handler  gpio.o
    0x1fff7f70   0x0000005c   Code   RO         1614    i.gpio_wakeup_handler  gpio.o
    0x1fff7fcc   0x0000006c   Code   RO         1615    i.gpioin_event      gpio.o
    0x1fff8038   0x00000024   Code   RO         1616    i.gpioin_event_pin  gpio.o
    0x1fff805c   0x000000c4   Code   RO         1968    i.hal_ADC_IRQHandler  adc.o
    0x1fff8120   0x00000018   Code   RO         1617    i.hal_GPIO_IRQHandler  gpio.o
    0x1fff8138   0x00000040   Code   RO         1819    i.hal_UART0_IRQHandler  uart.o
    0x1fff8178   0x0000026c   Code   RO         1970    i.hal_adc_config_channel  adc.o
    0x1fff83e4   0x0000004c   Code   RO         1972    i.hal_adc_start     adc.o
    0x1fff8430   0x000000dc   Code   RO         1973    i.hal_adc_stop      adc.o
    0x1fff850c   0x00000120   Code   RO         1974    i.hal_adc_value_cal  adc.o
    0x1fff862c   0x00000040   Code   RO         1619    i.hal_gpio_cfg_analog_io  gpio.o
    0x1fff866c   0x00000028   Code   RO         1621    i.hal_gpio_fmux     gpio.o
    0x1fff8694   0x00000030   Code   RO         1622    i.hal_gpio_fmux_set  gpio.o
    0x1fff86c4   0x0000005c   Code   RO         1623    i.hal_gpio_init     gpio.o
    0x1fff8720   0x00000058   Code   RO         1632    i.hal_gpio_pin_init  gpio.o
    0x1fff8778   0x00000034   Code   RO         1633    i.hal_gpio_pull_set  gpio.o
    0x1fff87ac   0x00000038   Code   RO         1634    i.hal_gpio_read     gpio.o
    0x1fff87e4   0x00000050   Code   RO         1636    i.hal_gpio_wakeup_set  gpio.o
    0x1fff8834   0x00000040   Code   RO         1637    i.hal_gpio_write    gpio.o
    0x1fff8874   0x0000006c   Code   RO         1639    i.hal_gpioin_enable  gpio.o
    0x1fff88e0   0x00000028   Code   RO         1312    i.hal_ms_intv       clock.o
    0x1fff8908   0x00000012   Code   RO         1492    i.hal_my_sizeof     common.o
    0x1fff891a   0x00000002   PAD
    0x1fff891c   0x00000018   Code   RO         1372    i.hal_pwrmgr_RAM_retention  pwrmgr.o
    0x1fff8934   0x0000001c   Code   RO         1374    i.hal_pwrmgr_RAM_retention_set  pwrmgr.o
    0x1fff8950   0x00000034   Code   RO         1375    i.hal_pwrmgr_init   pwrmgr.o
    0x1fff8984   0x00000054   Code   RO         1377    i.hal_pwrmgr_lock   pwrmgr.o
    0x1fff89d8   0x0000003c   Code   RO         1379    i.hal_pwrmgr_register  pwrmgr.o
    0x1fff8a14   0x00000034   Code   RO         1380    i.hal_pwrmgr_sleep_process  pwrmgr.o
    0x1fff8a48   0x00000060   Code   RO         1381    i.hal_pwrmgr_unlock  pwrmgr.o
    0x1fff8aa8   0x00000030   Code   RO         1383    i.hal_pwrmgr_wakeup_process  pwrmgr.o
    0x1fff8ad8   0x00000078   Code   RO            4    i.hal_rfphy_init    main.o
    0x1fff8b50   0x00000064   Code   RO         2209    i.hal_rom_code_ini  rf.lib(patch.o)
    0x1fff8bb4   0x0000008c   Code   RO         1313    i.hal_rtc_clock_config  clock.o
    0x1fff8c40   0x000000d0   Code   RO         1497    i.hal_system_init   common.o
    0x1fff8d10   0x0000000c   Code   RO         1314    i.hal_systick       clock.o
    0x1fff8d1c   0x0000004c   Code   RO         1821    i.hal_uart_init     uart.o
    0x1fff8d68   0x0000001c   Code   RO         1822    i.hal_uart_send_buff  uart.o
    0x1fff8d84   0x00000040   Code   RO         1034    i.hard_fault        jump_table.o
    0x1fff8dc4   0x0000020c   Code   RO         2210    i.init_config       rf.lib(patch.o)
    0x1fff8fd0   0x0000004c   Code   RO         1825    i.irq_rx_handler    uart.o
    0x1fff901c   0x00000080   Code   RO         1826    i.irq_tx_empty_handler  uart.o
    0x1fff909c   0x00000026   Code   RO         1263    i.led_on            led.o
    0x1fff90c2   0x00000020   Code   RO         1264    i.led_pull_light_interval_off  led.o
    0x1fff90e2   0x00000020   Code   RO         1265    i.led_pull_light_interval_on  led.o
    0x1fff9102   0x00000002   PAD
    0x1fff9104   0x00000030   Code   RO         1266    i.led_pull_light_off  led.o
    0x1fff9134   0x00000014   Code   RO         1267    i.led_timer         led.o
    0x1fff9148   0x00000084   Code   RO         2212    i.llSetupAdv1       rf.lib(patch.o)
    0x1fff91cc   0x0000011c   Code   RO         2213    i.ll_hw_go1         rf.lib(patch.o)
    0x1fff92e8   0x00000058   Code   RO            5    i.main              main.o
    0x1fff9340   0x00000064   Code   RO         1095    i.osalInitTasks     osal_simplebleperipheral.o
    0x1fff93a4   0x00000050   Code   RO         2111    i.osal_snv_read     osal_snv.o
    0x1fff93f4   0x000000e4   Code   RO         1129    i.peripheralStateNotificationCB  simplebleperipheral.o
    0x1fff94d8   0x0000003c   Code   RO         1912    i.phy_printf        my_printf.o
    0x1fff9514   0x00000010   Code   RO         1913    i.phy_printf_init   my_printf.o
    0x1fff9524   0x00000104   Code   RO         1914    i.print             my_printf.o
    0x1fff9628   0x00000034   Code   RO         2113    i.print_hex         osal_snv.o
    0x1fff965c   0x0000002c   Code   RO         1915    i.printchar         my_printf.o
    0x1fff9688   0x00000092   Code   RO         1916    i.printi            my_printf.o
    0x1fff971a   0x00000070   Code   RO         1917    i.prints            my_printf.o
    0x1fff978a   0x00000002   PAD
    0x1fff978c   0x00000060   Code   RO         2216    i.rc32k_calibration  rf.lib(patch.o)
    0x1fff97ec   0x00000040   Code   RO         2217    i.rc32k_calibration_check  rf.lib(patch.o)
    0x1fff982c   0x00000070   Code   RO         2218    i.rc32k_tracking_check  rf.lib(patch.o)
    0x1fff989c   0x0000003c   Code   RO         2337    i.read_chip_id      rf.lib(flash_ext.o)
    0x1fff98d8   0x00000040   Code   RO         2338    i.read_chip_mAddr   rf.lib(flash_ext.o)
    0x1fff9918   0x00000028   Code   RO         2219    i.rf_calibrate1     rf.lib(patch.o)
    0x1fff9940   0x000000f0   Code   RO         2259    i.rf_phy_ana_cfg    rf.lib(rf_phy_driver.o)
    0x1fff9a30   0x00000120   Code   RO         2260    i.rf_phy_bb_cfg     rf.lib(rf_phy_driver.o)
    0x1fff9b50   0x00000060   Code   RO         2261    i.rf_phy_change_cfg  rf.lib(rf_phy_driver.o)
    0x1fff9bb0   0x00000020   Code   RO         2278    i.rf_phy_ini        rf.lib(rf_phy_driver.o)
    0x1fff9bd0   0x00000034   Code   RO         2279    i.rf_phy_set_txPower  rf.lib(rf_phy_driver.o)
    0x1fff9c04   0x00000110   Code   RO         2280    i.rf_rxDcoc_cfg     rf.lib(rf_phy_driver.o)
    0x1fff9d14   0x0000004c   Code   RO         2283    i.rf_tpCal_gen_cap_arrary  rf.lib(rf_phy_driver.o)
    0x1fff9d60   0x0000009c   Code   RO         2284    i.rf_tp_cal         rf.lib(rf_phy_driver.o)
    0x1fff9dfc   0x00000014   Code   RO            6    i.rf_wakeup_handler  main.o
    0x1fff9e10   0x0000002c   Code   RO         1130    i.set_adv_interval  simplebleperipheral.o
    0x1fff9e3c   0x00000048   Code   RO         1131    i.set_device_para   simplebleperipheral.o
    0x1fff9e84   0x00000088   Code   RO         1975    i.set_sampling_resolution  adc.o
    0x1fff9f0c   0x00000050   Code   RO         1132    i.set_tx_power      simplebleperipheral.o
    0x1fff9f5c   0x0000017c   Code   RO         1133    i.simpleProfileChangeCB  simplebleperipheral.o
    0x1fffa0d8   0x00000030   Code   RO          870    i.simpleProfile_HandleConnStatusCB  simplegattprofile.o
    0x1fffa108   0x000000a0   Code   RO          871    i.simpleProfile_ReadAttrCB  simplegattprofile.o
    0x1fffa1a8   0x00000174   Code   RO          872    i.simpleProfile_WriteAttrCB  simplegattprofile.o
    0x1fffa31c   0x00000028   Code   RO         2114    i.snv_calc_addr     osal_snv.o
    0x1fffa344   0x00000024   Code   RO         1499    i.subWriteReg       common.o
    0x1fffa368   0x00000068   Code   RO         1827    i.txmit_buf_polling  uart.o
    0x1fffa3d0   0x00000080   Code   RO         1828    i.txmit_buf_use_tx_buf  uart.o
    0x1fffa450   0x000000bc   Code   RO         1829    i.uart_hw_config    uart.o
    0x1fffa50c   0x000000b8   Code   RO         1134    i.updateAdvData     simplebleperipheral.o
    0x1fffa5c4   0x00000008   Data   RO          411    .constdata          gapgattserver.o
    0x1fffa5cc   0x0000000c   Data   RO          412    .constdata          gapgattserver.o
    0x1fffa5d8   0x00000008   Data   RO          673    .constdata          gattservapp.o
    0x1fffa5e0   0x0000000c   Data   RO          674    .constdata          gattservapp.o
    0x1fffa5ec   0x00000002   Data   RO          874    .constdata          simplegattprofile.o
    0x1fffa5ee   0x00000002   Data   RO          875    .constdata          simplegattprofile.o
    0x1fffa5f0   0x00000002   Data   RO          876    .constdata          simplegattprofile.o
    0x1fffa5f2   0x00000002   Data   RO          877    .constdata          simplegattprofile.o
    0x1fffa5f4   0x00000002   Data   RO          878    .constdata          simplegattprofile.o
    0x1fffa5f6   0x00000002   Data   RO          879    .constdata          simplegattprofile.o
    0x1fffa5f8   0x00000002   Data   RO          880    .constdata          simplegattprofile.o
    0x1fffa5fa   0x00000002   Data   RO          881    .constdata          simplegattprofile.o
    0x1fffa5fc   0x00000002   Data   RO          882    .constdata          simplegattprofile.o
    0x1fffa5fe   0x00000002   Data   RO          883    .constdata          simplegattprofile.o
    0x1fffa600   0x00000002   Data   RO          884    .constdata          simplegattprofile.o
    0x1fffa602   0x00000002   Data   RO          885    .constdata          simplegattprofile.o
    0x1fffa604   0x00000002   Data   RO          886    .constdata          simplegattprofile.o
    0x1fffa606   0x00000002   Data   RO          887    .constdata          simplegattprofile.o
    0x1fffa608   0x00000008   Data   RO          888    .constdata          simplegattprofile.o
    0x1fffa610   0x0000000c   Data   RO          889    .constdata          simplegattprofile.o
    0x1fffa61c   0x00000002   Data   RO          971    .constdata          devinfoservice_bell.o
    0x1fffa61e   0x00000002   Data   RO          972    .constdata          devinfoservice_bell.o
    0x1fffa620   0x00000002   Data   RO          973    .constdata          devinfoservice_bell.o
    0x1fffa622   0x00000002   Data   RO          974    .constdata          devinfoservice_bell.o
    0x1fffa624   0x00000002   Data   RO          975    .constdata          devinfoservice_bell.o
    0x1fffa626   0x00000002   Data   RO          976    .constdata          devinfoservice_bell.o
    0x1fffa628   0x00000002   Data   RO          977    .constdata          devinfoservice_bell.o
    0x1fffa62a   0x00000002   Data   RO          978    .constdata          devinfoservice_bell.o
    0x1fffa62c   0x00000002   Data   RO          979    .constdata          devinfoservice_bell.o
    0x1fffa62e   0x00000002   Data   RO          980    .constdata          devinfoservice_bell.o
    0x1fffa630   0x00000008   Data   RO          981    .constdata          devinfoservice_bell.o
    0x1fffa638   0x00000020   Data   RO          982    .constdata          devinfoservice_bell.o
    0x1fffa658   0x00000024   Data   RO         1096    .constdata          osal_simplebleperipheral.o
    0x1fffa67c   0x00000001   Data   RO         1097    .constdata          osal_simplebleperipheral.o
    0x1fffa67d   0x00000003   PAD
    0x1fffa680   0x0000000c   Data   RO         1831    .constdata          uart.o
    0x1fffa68c   0x00000010   Data   RO         1919    .constdata          my_printf.o
    0x1fffa69c   0x00000050   Data   RO         2744    Region$$Table       anon$$obj.o
    0x1fffa6ec   0x00000024   Data   RW          224    .data               gapbondmgr.o
    0x1fffa710   0x00000080   Data   RW          413    .data               gapgattserver.o
    0x1fffa790   0x00000001   Data   RW          414    .data               gapgattserver.o
    0x1fffa791   0x00000001   Data   RW          415    .data               gapgattserver.o
    0x1fffa792   0x00000001   Data   RW          416    .data               gapgattserver.o
    0x1fffa793   0x00000001   PAD
    0x1fffa794   0x00000061   Data   RW          492    .data               peripheral.o
    0x1fffa7f5   0x00000003   PAD
    0x1fffa7f8   0x0000005c   Data   RW          675    .data               gattservapp.o
    0x1fffa854   0x00000001   Data   RW          676    .data               gattservapp.o
    0x1fffa855   0x00000003   PAD
    0x1fffa858   0x000002a0   Data   RW          890    .data               simplegattprofile.o
    0x1fffaaf8   0x00000001   Data   RW          891    .data               simplegattprofile.o
    0x1fffaaf9   0x00000007   Data   RW          892    .data               simplegattprofile.o
    0x1fffab00   0x00000001   Data   RW          893    .data               simplegattprofile.o
    0x1fffab01   0x00000008   Data   RW          894    .data               simplegattprofile.o
    0x1fffab09   0x00000001   Data   RW          895    .data               simplegattprofile.o
    0x1fffab0a   0x00000008   Data   RW          896    .data               simplegattprofile.o
    0x1fffab12   0x00000001   Data   RW          897    .data               simplegattprofile.o
    0x1fffab13   0x00000007   Data   RW          898    .data               simplegattprofile.o
    0x1fffab1a   0x00000001   Data   RW          899    .data               simplegattprofile.o
    0x1fffab1b   0x00000008   Data   RW          900    .data               simplegattprofile.o
    0x1fffab23   0x00000001   Data   RW          901    .data               simplegattprofile.o
    0x1fffab24   0x00000008   Data   RW          902    .data               simplegattprofile.o
    0x1fffab2c   0x00000001   Data   RW          903    .data               simplegattprofile.o
    0x1fffab2d   0x00000007   Data   RW          904    .data               simplegattprofile.o
    0x1fffab34   0x00000001   Data   RW          905    .data               simplegattprofile.o
    0x1fffab35   0x00000008   Data   RW          906    .data               simplegattprofile.o
    0x1fffab3d   0x00000001   Data   RW          907    .data               simplegattprofile.o
    0x1fffab3e   0x00000008   Data   RW          908    .data               simplegattprofile.o
    0x1fffab46   0x00000001   Data   RW          909    .data               simplegattprofile.o
    0x1fffab47   0x00000007   Data   RW          910    .data               simplegattprofile.o
    0x1fffab4e   0x00000001   Data   RW          911    .data               simplegattprofile.o
    0x1fffab4f   0x00000007   Data   RW          912    .data               simplegattprofile.o
    0x1fffab56   0x00000001   Data   RW          913    .data               simplegattprofile.o
    0x1fffab57   0x0000000e   Data   RW          914    .data               simplegattprofile.o
    0x1fffab65   0x00000001   Data   RW          915    .data               simplegattprofile.o
    0x1fffab66   0x00000001   Data   RW          983    .data               devinfoservice_bell.o
    0x1fffab67   0x00000001   PAD
    0x1fffab68   0x000001b4   Data   RW          984    .data               devinfoservice_bell.o
    0x1fffad1c   0x00000001   Data   RW          985    .data               devinfoservice_bell.o
    0x1fffad1d   0x00000001   Data   RW          986    .data               devinfoservice_bell.o
    0x1fffad1e   0x00000001   Data   RW          987    .data               devinfoservice_bell.o
    0x1fffad1f   0x00000001   Data   RW          988    .data               devinfoservice_bell.o
    0x1fffad20   0x00000001   Data   RW          989    .data               devinfoservice_bell.o
    0x1fffad21   0x00000001   Data   RW          990    .data               devinfoservice_bell.o
    0x1fffad22   0x00000001   Data   RW          991    .data               devinfoservice_bell.o
    0x1fffad23   0x00000001   Data   RW          992    .data               devinfoservice_bell.o
    0x1fffad24   0x00000004   Data   RW         1098    .data               osal_simplebleperipheral.o
    0x1fffad28   0x00000075   Data   RW         1136    .data               simplebleperipheral.o
    0x1fffad9d   0x00000003   PAD
    0x1fffada0   0x0000000c   Data   RW         1218    .data               battery.o
    0x1fffadac   0x00000008   Data   RW         1386    .data               pwrmgr.o
    0x1fffadb4   0x00000002   Data   RW         1920    .data               my_printf.o
    0x1fffadb6   0x0000000f   Data   RW         1977    .data               adc.o
    0x1fffadc5   0x00000003   PAD
    0x1fffadc8   0x00000004   Data   RW         2171    .data               system_armcm0.o
    0x1fffadcc   0x00000018   Data   RW         2228    .data               rf.lib(patch.o)
    0x1fffade4   0x00000001   Data   RW         2229    .data               rf.lib(patch.o)
    0x1fffade5   0x00000007   Data   RW         2340    .data               rf.lib(flash_ext.o)
    0x1fffadec   0x00000004   Data   RW         2714    .data               mc_p.l(stdout.o)
    0x1fffadf0   0x00001800   Zero   RW            7    .bss                main.o
    0x1fffc5f0   0x000000a6   Zero   RW          223    .bss                gapbondmgr.o
    0x1fffc696   0x00000016   Zero   RW          410    .bss                gapgattserver.o
    0x1fffc6ac   0x0000003f   Zero   RW          491    .bss                peripheral.o
    0x1fffc6eb   0x00000001   PAD
    0x1fffc6ec   0x000002e8   Zero   RW          672    .bss                gattservapp.o
    0x1fffc9d4   0x00000030   Zero   RW          873    .bss                simplegattprofile.o
    0x1fffca04   0x00000110   Zero   RW         1135    .bss                simplebleperipheral.o
    0x1fffcb14   0x00000078   Zero   RW         1385    .bss                pwrmgr.o
    0x1fffcb8c   0x000001c8   Zero   RW         1642    .bss                gpio.o
    0x1fffcd54   0x00000020   Zero   RW         1830    .bss                uart.o
    0x1fffcd74   0x00000078   Zero   RW         1918    .bss                my_printf.o
    0x1fffcdec   0x00000028   Zero   RW         1976    .bss                adc.o
    0x1fffce14   0x00000010   Zero   RW         2223    .bss                rf.lib(patch.o)
    0x1fffce24   0x00000041   Zero   RW         2339    .bss                rf.lib(flash_ext.o)
    0x1fffce65   0x00000003   PAD
    0x1fffce68   0x00000800   Zero   RW         2160    STACK               startup_armcm0.o



  Load Region LR_IROM2 (Base: 0x1fff0800, Size: 0x00000800, Max: 0x00000800, ABSOLUTE, COMPRESSED[0x0000040c])

    Execution Region JUMP_TABLE (Base: 0x1fff0800, Size: 0x00000400, Max: 0x00000400, ABSOLUTE)

    Base Addr    Size         Type   Attr      Idx    E Section Name        Object

    0x1fff0800   0x00000400   Data   RO         1036    jump_table_mem_area  jump_table.o


    Execution Region GOLBAL_CONFIG (Base: 0x1fff0c00, Size: 0x00000400, Max: 0x00000400, ABSOLUTE, COMPRESSED[0x0000000c])

    Base Addr    Size         Type   Attr      Idx    E Section Name        Object

    0x1fff0c00   0x00000400   Data   RW         1035    global_config_area  jump_table.o


==============================================================================

Image component sizes


      Code (inc. data)   RO Data    RW Data    ZI Data      Debug   Object Name

      1552        158          0         15         40      18548   adc.o
       184         50          0         12          0       3809   battery.o
       266         34          0          0          0       3715   clock.o
       324         38          0          0          0       4254   common.o
       420         44         60        445          0       4798   devinfoservice_bell.o
        54          8          0          0          0      11905   gap.o
       634         16          0         36        166      40464   gapbondmgr.o
       678         44         20        131         22       5904   gapgattserver.o
      3384        188         20         93        744      29043   gattservapp.o
      1216        112          0          0        456      20435   gpio.o
        64         34       1024       1024          0       5747   jump_table.o
       170          8          0          0          0       3722   led.o
       296         54          0          0       6144      22488   main.o
       638         32         16          2        120       6724   my_printf.o
       100          6         37          4          0       2076   osal_simplebleperipheral.o
       172         44          0          0          0       2548   osal_snv.o
      2020        182          0         97         63      13900   peripheral.o
       444         56          0          8        120       7363   pwrmgr.o
      1976        158          0        117        272      10130   simplebleperipheral.o
        20          0          0          0          0        499   simplebleperipheral_main.o
      1012        132         48        782         48      10948   simplegattprofile.o
        28          8        192          0       2048        640   startup_armcm0.o
        16          8          0          4          0        711   system_armcm0.o
       792         76         12          0         32      13380   uart.o

    ----------------------------------------------------------------------
     17504       1830       1512       2784      10276     243751   Object Totals
      1020        340         80          0          0          0   (incl. Generated)
        24          0          3         14          1          0   (incl. Padding)

    ----------------------------------------------------------------------

      Code (inc. data)   RO Data    RW Data    ZI Data      Debug   Library Member Name

        86          0          0          0          0          0   __dczerorl2.o
         0          0          0          0          0          0   entry.o
         0          0          0          0          0          0   entry10a.o
         0          0          0          0          0          0   entry11a.o
         8          4          0          0          0          0   entry2.o
         4          0          0          0          0          0   entry5.o
         0          0          0          0          0          0   entry7b.o
         0          0          0          0          0          0   entry8b.o
         8          4          0          0          0          0   entry9a.o
        18          0          0          0          0         72   fputc.o
        30          0          0          0          0          0   handlers.o
        36          8          0          0          0         68   init.o
         0          0          0          0          0          0   iusefp.o
         0          0          0          0          0          0   iusesemip.o
        32          0          0          0          0         68   llshl.o
        34          0          0          0          0         68   llushr.o
        36          0          0          0          0         60   memcpya.o
        36          0          0          0          0        100   memseta.o
      1172         52          0          0          0        324   printf8.o
         0          0          0          0          0          0   semi.o
         0          0          0          4          0          0   stdout.o
        96          0          0          0          0         84   uldiv.o
        56          0          0          0          0         68   d2f.o
       236          0          0          0          0        216   depilogue.o
        40          6          0          0          0         68   dflti.o
        44          0          0          0          0         72   dscalb.o
       178          0          0          0          0        108   fadd.o
       124          0          0          0          0         72   fdiv.o
       130          0          0          0          0        144   fepilogue.o
        50          0          0          0          0         60   ffixi.o
        40          0          0          0          0         60   ffixui.o
        22          0          0          0          0         68   fflti.o
        14          0          0          0          0         68   ffltui.o
       122          0          0          0          0         72   fmul.o
        24          0          0          0          0         60   fscalb.o
       672         52          0          7         65        756   flash_ext.o
      1742        282          0         25         16        744   patch.o
      1212        318          0          0          0        572   rf_phy_driver.o

    ----------------------------------------------------------------------
      6308        726          0         36         84       4052   Library Totals
         6          0          0          0          3          0   (incl. Padding)

    ----------------------------------------------------------------------

      Code (inc. data)   RO Data    RW Data    ZI Data      Debug   Library Name

      1596         68          0          4          0        844   mc_p.l
      1080          6          0          0          0       1136   mf_p.l
      3626        652          0         32         81       2072   rf.lib

    ----------------------------------------------------------------------
      6308        726          0         36         84       4052   Library Totals

    ----------------------------------------------------------------------

==============================================================================


      Code (inc. data)   RO Data    RW Data    ZI Data      Debug   

     23812       2556       1512       2820      10360     239271   Grand Totals
     23812       2556       1512        704      10360     239271   ELF Image Totals (compressed)
     23812       2556       1512        704          0          0   ROM Totals

==============================================================================

    Total RO  Size (Code + RO Data)                25324 (  24.73kB)
    Total RW  Size (RW Data + ZI Data)             13180 (  12.87kB)
    Total ROM Size (Code + RO Data + RW Data)      26028 (  25.42kB)

==============================================================================

