<!doctype html public "-//w3c//dtd html 4.0 transitional//en">
<html><head>
<title>Static Call Graph - [.\Objects\mesh_light.axf]</title></head>
<body><HR>
<H1>Static Call Graph for image .\Objects\mesh_light.axf</H1><HR>
<BR><P>#&#060CALLGRAPH&#062# ARM Linker, 5050106: Last Updated: Tue Mar 03 14:21:25 2020
<BR><P>
<H3>Maximum Stack Usage =       2024 bytes + Unknown(Untraceable Function Pointers)</H3><H3>
Call chain for Maximum Stack Depth:</H3>
health_server_cb &rArr; MS_access_reply &rArr; ms_access_publish_ex &rArr; MS_access_send_pdu &rArr; MS_trn_send_access_pdu &rArr; MS_ltrn_send_pdu &rArr; ltrn_send_seg_pdu &rArr; ltrn_sar_transmit_segments &rArr; ltrn_sar_transmit_segment &rArr; MS_net_send_pdu &rArr; net_pkt_send &rArr; cry_aes_128_ccm_encrypt &rArr; aes_ccm_ae &rArr; aes_ccm_auth_start &rArr; aes_encrypt &rArr; cry_aes_128_encrypt
<P>
<H3>
Function Pointers
</H3><UL>
 <LI><a href="#[5c]">GAPRole_ProcessEvent</a> from peripheral.o(i.GAPRole_ProcessEvent) referenced from osal_blemesh.o(.constdata)
 <LI><a href="#[59]">GAP_ProcessEvent</a> from rom1Sym.txt(ABSOLUTE) referenced from osal_blemesh.o(.constdata)
 <LI><a href="#[5d]">GATTServApp_ProcessEvent</a> from gattservapp.o(i.GATTServApp_ProcessEvent) referenced from osal_blemesh.o(.constdata)
 <LI><a href="#[5b]">GATT_ProcessEvent</a> from rom1Sym.txt(ABSOLUTE) referenced from osal_blemesh.o(.constdata)
 <LI><a href="#[56]">HCI_ProcessEvent</a> from rom1Sym.txt(ABSOLUTE) referenced from osal_blemesh.o(.constdata)
 <LI><a href="#[65]">HardFault_IRQHandler</a> from main.o(i.HardFault_IRQHandler) referenced from jump_table.o(jump_table_mem_area)
 <LI><a href="#[58]">L2CAP_ProcessEvent</a> from rom1Sym.txt(ABSOLUTE) referenced from osal_blemesh.o(.constdata)
 <LI><a href="#[55]">LL_ProcessEvent</a> from rom1Sym.txt(ABSOLUTE) referenced from osal_blemesh.o(.constdata)
 <LI><a href="#[45]">LL_SetScanControl1</a> from patch.o(i.LL_SetScanControl1) referenced from patch.o(i.init_config)
 <LI><a href="#[24]">P256_addmod</a> from p256-cortex-m0-ecdh-keil.o(.text) referenced from p256-cortex-m0-ecdh-keil.o(.text)
 <LI><a href="#[26]">P256_div2mod</a> from p256-cortex-m0-ecdh-keil.o(.text) referenced from p256-cortex-m0-ecdh-keil.o(.text)
 <LI><a href="#[22]">P256_mulmod</a> from p256-cortex-m0-ecdh-keil.o(.text) referenced from p256-cortex-m0-ecdh-keil.o(.text)
 <LI><a href="#[23]">P256_sqrmod</a> from p256-cortex-m0-ecdh-keil.o(.text) referenced from p256-cortex-m0-ecdh-keil.o(.text)
 <LI><a href="#[25]">P256_submod</a> from p256-cortex-m0-ecdh-keil.o(.text) referenced from p256-cortex-m0-ecdh-keil.o(.text)
 <LI><a href="#[54]">ProcessUartData</a> from blemesh.o(i.ProcessUartData) referenced from blemesh.o(.constdata)
 <LI><a href="#[20]">Reset_Handler</a> from startup_armcm0.o(.text) referenced from startup_armcm0.o(RESET)
 <LI><a href="#[5a]">SM_ProcessEvent</a> from rom1Sym.txt(ABSOLUTE) referenced from osal_blemesh.o(.constdata)
 <LI><a href="#[27]">SystemInit</a> from system_armcm0.o(i.SystemInit) referenced from startup_armcm0.o(.text)
 <LI><a href="#[38]">UI_app_config_server_callback</a> from appl_sample_example_phylight.o(i.UI_app_config_server_callback) referenced from appl_sample_example_phylight.o(i.appl_mesh_sample)
 <LI><a href="#[37]">UI_gatt_iface_event_pl_cb</a> from appl_sample_example_phylight.o(i.UI_gatt_iface_event_pl_cb) referenced from appl_sample_example_phylight.o(i.appl_mesh_sample)
 <LI><a href="#[2f]">UI_generic_onoff_server_cb</a> from appl_sample_example_phylight.o(i.UI_generic_onoff_server_cb) referenced from appl_sample_example_phylight.o(i.UI_register_generic_onoff_model_server)
 <LI><a href="#[1d]">UI_health_self_test_00</a> from appl_sample_example_phylight.o(i.UI_health_self_test_00) referenced 2 times from appl_sample_example_phylight.o(.data)
 <LI><a href="#[1e]">UI_health_self_test_01</a> from appl_sample_example_phylight.o(i.UI_health_self_test_01) referenced 2 times from appl_sample_example_phylight.o(.data)
 <LI><a href="#[1f]">UI_health_self_test_FF</a> from appl_sample_example_phylight.o(i.UI_health_self_test_FF) referenced 2 times from appl_sample_example_phylight.o(.data)
 <LI><a href="#[2e]">UI_health_server_cb</a> from appl_sample_example_phylight.o(i.UI_health_server_cb) referenced from appl_sample_example_phylight.o(i.UI_register_foundation_model_servers)
 <LI><a href="#[30]">UI_light_hsl_server_cb</a> from appl_sample_example_phylight.o(i.UI_light_hsl_server_cb) referenced from appl_sample_example_phylight.o(i.UI_register_light_hsl_model_server)
 <LI><a href="#[31]">UI_prov_callback</a> from appl_sample_example_phylight.o(i.UI_prov_callback) referenced from appl_sample_example_phylight.o(i.UI_register_prov)
 <LI><a href="#[32]">UI_proxy_callback</a> from appl_sample_example_phylight.o(i.UI_proxy_callback) referenced from appl_sample_example_phylight.o(i.UI_register_proxy)
 <LI><a href="#[33]">UI_scene_server_cb</a> from appl_sample_example_phylight.o(i.UI_scene_server_cb) referenced from appl_sample_example_phylight.o(i.UI_register_scene_model_server)
 <LI><a href="#[34]">UI_vendor_example_server_cb</a> from appl_sample_example_phylight.o(i.UI_vendor_example_server_cb) referenced from appl_sample_example_phylight.o(i.UI_register_vendor_defined_model_server)
 <LI><a href="#[28]">__main</a> from entry.o(.ARM.Collect$$$$00000000) referenced from startup_armcm0.o(.text)
 <LI><a href="#[36]">_sputc</a> from printfa.o(i._sputc) referenced from printfa.o(i.__0sprintf)
 <LI><a href="#[7b]">access_pkt_in</a> from libethermind_mesh_core.lib(i.access_pkt_in) referenced from libethermind_mesh_core.lib(i.ms_access_init)
 <LI><a href="#[48]">app_sleep_process</a> from main.o(i.app_sleep_process) referenced from main.o(i.main)
 <LI><a href="#[47]">app_wakeup_process</a> from main.o(i.app_wakeup_process) referenced from main.o(i.main)
 <LI><a href="#[1]">appl_mesh_prov_data_in_wt_cb</a> from blebrr_pl.o(i.appl_mesh_prov_data_in_wt_cb) referenced 2 times from blebrr_pl.o(.data)
 <LI><a href="#[2]">appl_mesh_prov_data_out_ccd_cb</a> from blebrr_pl.o(i.appl_mesh_prov_data_out_ccd_cb) referenced 2 times from blebrr_pl.o(.data)
 <LI><a href="#[5]">appl_mesh_prov_data_out_notif_cb</a> from blebrr_pl.o(i.appl_mesh_prov_data_out_notif_cb) referenced 2 times from blebrr_pl.o(.data)
 <LI><a href="#[6]">appl_mesh_prov_notif_config_status_cb</a> from blebrr_pl.o(i.appl_mesh_prov_notif_config_status_cb) referenced 2 times from blebrr_pl.o(.data)
 <LI><a href="#[3]">appl_mesh_proxy_data_in_wt_cb</a> from blebrr_pl.o(i.appl_mesh_proxy_data_in_wt_cb) referenced 2 times from blebrr_pl.o(.data)
 <LI><a href="#[4]">appl_mesh_proxy_data_out_ccd_cb</a> from blebrr_pl.o(i.appl_mesh_proxy_data_out_ccd_cb) referenced 2 times from blebrr_pl.o(.data)
 <LI><a href="#[7]">appl_mesh_proxy_data_out_notif_cb</a> from blebrr_pl.o(i.appl_mesh_proxy_data_out_notif_cb) referenced 2 times from blebrr_pl.o(.data)
 <LI><a href="#[8]">appl_mesh_proxy_notif_config_status_cb</a> from blebrr_pl.o(i.appl_mesh_proxy_notif_config_status_cb) referenced 2 times from blebrr_pl.o(.data)
 <LI><a href="#[39]">appl_prov_callback</a> from appl_prov.o(i.appl_prov_callback) referenced from appl_prov.o(i.appl_prov_register)
 <LI><a href="#[5e]">bleMesh_ProcessEvent</a> from blemesh.o(i.bleMesh_ProcessEvent) referenced from osal_blemesh.o(.constdata)
 <LI><a href="#[3b]">blebrr_adv_send</a> from blebrr.o(i.blebrr_adv_send) referenced from blebrr.o(i.blebrr_register)
 <LI><a href="#[3c]">blebrr_adv_sleep</a> from blebrr.o(i.blebrr_adv_sleep) referenced from blebrr.o(i.blebrr_register)
 <LI><a href="#[3d]">blebrr_adv_wakeup</a> from blebrr.o(i.blebrr_adv_wakeup) referenced from blebrr.o(i.blebrr_register)
 <LI><a href="#[3e]">blebrr_advscan_timeout_handler</a> from blebrr.o(i.blebrr_advscan_timeout_handler) referenced from blebrr.o(i.blebrr_timer_start)
 <LI><a href="#[3a]">blebrr_gatt_send</a> from blebrr_gatt.o(i.blebrr_gatt_send) referenced from blebrr_gatt.o(i.blebrr_pl_gatt_connection)
 <LI><a href="#[67]">brr_read_data_ind</a> from libethermind_mesh_core.lib(i.brr_read_data_ind) referenced from libethermind_mesh_core.lib(i.MS_brr_add_bearer)
 <LI><a href="#[51]">cli_demo_reset</a> from blemesh.o(i.cli_demo_reset) referenced from blemesh.o(.constdata)
 <LI><a href="#[53]">cli_disp_key</a> from blemesh.o(i.cli_disp_key) referenced from blemesh.o(.constdata)
 <LI><a href="#[52]">cli_internal_status</a> from blemesh.o(i.cli_internal_status) referenced from blemesh.o(.constdata)
 <LI><a href="#[69]">config_server_cb</a> from libethermind_mesh_core.lib(i.config_server_cb) referenced from libethermind_mesh_core.lib(i.MS_config_server_init)
 <LI><a href="#[4b]">cry_generate_random_bytes</a> from cry.o(i.cry_generate_random_bytes) referenced from cry.o(i.phyplus_ecdh_init)
 <LI><a href="#[4d]">devInfo_ReadAttrCB</a> from devinfoservice.o(i.devInfo_ReadAttrCB) referenced from devinfoservice.o(.constdata)
 <LI><a href="#[35]">fputc</a> from em_platform.o(i.fputc) referenced from printfa.o(i.__0printf)
 <LI><a href="#[35]">fputc</a> from em_platform.o(i.fputc) referenced from printfa.o(i.__0vprintf)
 <LI><a href="#[29]">gattServApp_HandleConnStatusCB</a> from gattservapp.o(i.gattServApp_HandleConnStatusCB) referenced from gattservapp.o(i.GATTServApp_Init)
 <LI><a href="#[4e]">gattServApp_WriteAttrCB</a> from gattservapp.o(i.gattServApp_WriteAttrCB) referenced from gattservapp.o(.constdata)
 <LI><a href="#[6a]">generic_onoff_server_cb</a> from libethermind_mesh_models.lib(i.generic_onoff_server_cb) referenced from libethermind_mesh_models.lib(i.MS_generic_onoff_server_init)
 <LI><a href="#[6b]">generic_onoff_server_publish_timout_cb</a> from libethermind_mesh_models.lib(i.generic_onoff_server_publish_timout_cb) referenced from libethermind_mesh_models.lib(i.MS_generic_onoff_server_init)
 <LI><a href="#[4f]">ggs_ReadAttrCB</a> from gapgattserver.o(i.ggs_ReadAttrCB) referenced from gapgattserver.o(.constdata)
 <LI><a href="#[50]">ggs_WriteAttrCB</a> from gapgattserver.o(i.ggs_WriteAttrCB) referenced from gapgattserver.o(.constdata)
 <LI><a href="#[40]">gpio_sleep_handler</a> from gpio.o(i.gpio_sleep_handler) referenced from gpio.o(i.hal_gpio_init)
 <LI><a href="#[3f]">gpio_wakeup_handler</a> from gpio.o(i.gpio_wakeup_handler) referenced from gpio.o(i.hal_gpio_init)
 <LI><a href="#[66]">hal_UART0_IRQHandler</a> from uart.o(i.hal_UART0_IRQHandler) referenced from jump_table.o(jump_table_mem_area)
 <LI><a href="#[62]">hal_pwrmgr_sleep_process</a> from pwrmgr.o(i.hal_pwrmgr_sleep_process) referenced from jump_table.o(jump_table_mem_area)
 <LI><a href="#[63]">hal_pwrmgr_wakeup_process</a> from pwrmgr.o(i.hal_pwrmgr_wakeup_process) referenced from jump_table.o(jump_table_mem_area)
 <LI><a href="#[76]">health_server_attention_timeout_handler</a> from libethermind_mesh_core.lib(i.health_server_attention_timeout_handler) referenced from libethermind_mesh_core.lib(i.health_server_attention_timeout_handler)
 <LI><a href="#[76]">health_server_attention_timeout_handler</a> from libethermind_mesh_core.lib(i.health_server_attention_timeout_handler) referenced from libethermind_mesh_core.lib(i.health_server_set_attention)
 <LI><a href="#[6c]">health_server_cb</a> from libethermind_mesh_core.lib(i.health_server_cb) referenced from libethermind_mesh_core.lib(i.MS_health_server_init)
 <LI><a href="#[6d]">health_server_publish_timout_cb</a> from libethermind_mesh_core.lib(i.health_server_publish_timout_cb) referenced from libethermind_mesh_core.lib(i.MS_health_server_init)
 <LI><a href="#[6e]">light_hsl_server_cb</a> from libethermind_mesh_models.lib(i.light_hsl_server_cb) referenced from libethermind_mesh_models.lib(i.MS_light_hsl_server_init)
 <LI><a href="#[6f]">light_hsl_server_publish_timout_cb</a> from libethermind_mesh_models.lib(i.light_hsl_server_publish_timout_cb) referenced from libethermind_mesh_models.lib(i.MS_light_hsl_server_init)
 <LI><a href="#[46]">llSetupAdv1</a> from patch.o(i.llSetupAdv1) referenced from patch.o(i.init_config)
 <LI><a href="#[43]">ll_hw_go1</a> from patch.o(i.ll_hw_go1) referenced from patch.o(i.init_config)
 <LI><a href="#[78]">ltrn_ack_timeout_handler</a> from libethermind_mesh_core.lib(i.ltrn_ack_timeout_handler) referenced from libethermind_mesh_core.lib(i.ltrn_sar_start_ack_timer)
 <LI><a href="#[77]">ltrn_incomplete_timeout_handler</a> from libethermind_mesh_core.lib(i.ltrn_incomplete_timeout_handler) referenced from libethermind_mesh_core.lib(i.ltrn_sar_restart_incomplete_timer)
 <LI><a href="#[7c]">ltrn_pkt_in</a> from libethermind_mesh_core.lib(i.ltrn_pkt_in) referenced from libethermind_mesh_core.lib(i.ms_ltrn_init)
 <LI><a href="#[79]">ltrn_rtx_timeout_handler</a> from libethermind_mesh_core.lib(i.ltrn_rtx_timeout_handler) referenced from libethermind_mesh_core.lib(i.ltrn_sar_transmit_segments)
 <LI><a href="#[21]">main</a> from main.o(i.main) referenced from entry9a.o(.ARM.Collect$$$$0000000B)
 <LI><a href="#[49]">mesh_prov_handle_conn</a> from mesh_services.o(i.mesh_prov_handle_conn) referenced from mesh_services.o(i.mesh_prov_init)
 <LI><a href="#[5f]">mesh_prov_write_cb</a> from mesh_services.o(i.mesh_prov_write_cb) referenced from mesh_services.o(.constdata)
 <LI><a href="#[4a]">mesh_proxy_handle_conn</a> from mesh_services.o(i.mesh_proxy_handle_conn) referenced from mesh_services.o(i.mesh_proxy_init)
 <LI><a href="#[60]">mesh_proxy_write_cb</a> from mesh_services.o(i.mesh_proxy_write_cb) referenced from mesh_services.o(.constdata)
 <LI><a href="#[7a]">ms_access_period_step_timer_handler</a> from libethermind_mesh_core.lib(i.ms_access_period_step_timer_handler) referenced from libethermind_mesh_core.lib(i.ms_access_add_periodic_step_timer_entity)
 <LI><a href="#[12]">ms_load_appkeys</a> from libethermind_mesh_core.lib(i.ms_load_appkeys) referenced 2 times from libethermind_mesh_core.lib(.data)
 <LI><a href="#[10]">ms_load_dev_key</a> from libethermind_mesh_core.lib(i.ms_load_dev_key) referenced 2 times from libethermind_mesh_core.lib(.data)
 <LI><a href="#[14]">ms_load_element_addresses</a> from libethermind_mesh_core.lib(i.ms_load_element_addresses) referenced 2 times from libethermind_mesh_core.lib(.data)
 <LI><a href="#[a]">ms_load_elements</a> from libethermind_mesh_core.lib(i.ms_load_elements) referenced 2 times from libethermind_mesh_core.lib(.data)
 <LI><a href="#[c]">ms_load_models</a> from libethermind_mesh_core.lib(i.ms_load_models) referenced 2 times from libethermind_mesh_core.lib(.data)
 <LI><a href="#[18]">ms_load_non_virtual_addresses</a> from libethermind_mesh_core.lib(i.ms_load_non_virtual_addresses) referenced 2 times from libethermind_mesh_core.lib(.data)
 <LI><a href="#[1a]">ms_load_seq_number</a> from libethermind_mesh_core.lib(i.ms_load_seq_number) referenced 2 times from libethermind_mesh_core.lib(.data)
 <LI><a href="#[e]">ms_load_subnets</a> from libethermind_mesh_core.lib(i.ms_load_subnets) referenced 2 times from libethermind_mesh_core.lib(.data)
 <LI><a href="#[1c]">ms_load_tx_states_and_features</a> from libethermind_mesh_core.lib(i.ms_load_tx_states_and_features) referenced 2 times from libethermind_mesh_core.lib(.data)
 <LI><a href="#[16]">ms_load_virtual_addresses</a> from libethermind_mesh_core.lib(i.ms_load_virtual_addresses) referenced 2 times from libethermind_mesh_core.lib(.data)
 <LI><a href="#[68]">ms_model_state_transition_timer_handler</a> from libethermind_mesh_core.lib(i.ms_model_state_transition_timer_handler) referenced from libethermind_mesh_core.lib(i.MS_common_start_transition_timer)
 <LI><a href="#[68]">ms_model_state_transition_timer_handler</a> from libethermind_mesh_core.lib(i.ms_model_state_transition_timer_handler) referenced from libethermind_mesh_core.lib(i.ms_model_state_transition_timer_handler)
 <LI><a href="#[82]">ms_scene_transition_complete_cb</a> from libethermind_mesh_models.lib(i.ms_scene_transition_complete_cb) referenced from libethermind_mesh_models.lib(i.ms_scene_recall)
 <LI><a href="#[81]">ms_scene_transition_start_cb</a> from libethermind_mesh_models.lib(i.ms_scene_transition_start_cb) referenced from libethermind_mesh_models.lib(i.ms_scene_recall)
 <LI><a href="#[11]">ms_store_appkeys</a> from libethermind_mesh_core.lib(i.ms_store_appkeys) referenced 2 times from libethermind_mesh_core.lib(.data)
 <LI><a href="#[f]">ms_store_dev_key</a> from libethermind_mesh_core.lib(i.ms_store_dev_key) referenced 2 times from libethermind_mesh_core.lib(.data)
 <LI><a href="#[13]">ms_store_element_addresses</a> from libethermind_mesh_core.lib(i.ms_store_element_addresses) referenced 2 times from libethermind_mesh_core.lib(.data)
 <LI><a href="#[9]">ms_store_elements</a> from libethermind_mesh_core.lib(i.ms_store_elements) referenced 2 times from libethermind_mesh_core.lib(.data)
 <LI><a href="#[b]">ms_store_models</a> from libethermind_mesh_core.lib(i.ms_store_models) referenced 2 times from libethermind_mesh_core.lib(.data)
 <LI><a href="#[17]">ms_store_non_virtual_addresses</a> from libethermind_mesh_core.lib(i.ms_store_non_virtual_addresses) referenced 2 times from libethermind_mesh_core.lib(.data)
 <LI><a href="#[19]">ms_store_seq_number</a> from libethermind_mesh_core.lib(i.ms_store_seq_number) referenced 2 times from libethermind_mesh_core.lib(.data)
 <LI><a href="#[d]">ms_store_subnets</a> from libethermind_mesh_core.lib(i.ms_store_subnets) referenced 2 times from libethermind_mesh_core.lib(.data)
 <LI><a href="#[1b]">ms_store_tx_states_and_features</a> from libethermind_mesh_core.lib(i.ms_store_tx_states_and_features) referenced 2 times from libethermind_mesh_core.lib(.data)
 <LI><a href="#[15]">ms_store_virtual_addresses</a> from libethermind_mesh_core.lib(i.ms_store_virtual_addresses) referenced 2 times from libethermind_mesh_core.lib(.data)
 <LI><a href="#[7d]">net_handle_secure_beacon</a> from libethermind_mesh_core.lib(i.net_handle_secure_beacon) referenced from libethermind_mesh_core.lib(i.ms_net_init)
 <LI><a href="#[71]">net_proxy_netid_timeout_handler</a> from libethermind_mesh_core.lib(i.net_proxy_netid_timeout_handler) referenced from libethermind_mesh_core.lib(i.MS_proxy_server_adv_start)
 <LI><a href="#[71]">net_proxy_netid_timeout_handler</a> from libethermind_mesh_core.lib(i.net_proxy_netid_timeout_handler) referenced from libethermind_mesh_core.lib(i.net_proxy_netid_timeout_handler)
 <LI><a href="#[70]">net_proxy_nodeid_timeout_handler</a> from libethermind_mesh_core.lib(i.net_proxy_nodeid_timeout_handler) referenced from libethermind_mesh_core.lib(i.MS_proxy_server_adv_start)
 <LI><a href="#[70]">net_proxy_nodeid_timeout_handler</a> from libethermind_mesh_core.lib(i.net_proxy_nodeid_timeout_handler) referenced from libethermind_mesh_core.lib(i.net_proxy_nodeid_timeout_handler)
 <LI><a href="#[84]">net_tx_timeout_handler</a> from libethermind_mesh_core.lib(i.net_tx_timeout_handler) referenced from libethermind_mesh_core.lib(i.net_trigger_tx)
 <LI><a href="#[85]">netif_adv_recv_cb</a> from libethermind_mesh_core.lib(i.netif_adv_recv_cb) referenced from libethermind_mesh_core.lib(i.netif_init)
 <LI><a href="#[86]">netif_gatt_recv_cb</a> from libethermind_mesh_core.lib(i.netif_gatt_recv_cb) referenced from libethermind_mesh_core.lib(i.netif_init)
 <LI><a href="#[61]">osalInitTasks</a> from osal_blemesh.o(i.osalInitTasks) referenced from jump_table.o(jump_table_mem_area)
 <LI><a href="#[57]">osal_CbTimerProcessEvent_new</a> from osal_blemesh.o(i.osal_CbTimerProcessEvent_new) referenced from osal_blemesh.o(.constdata)
 <LI><a href="#[93]">prov_access_state_handler</a> from libethermind_mesh_core.lib(i.prov_access_state_handler) referenced from libethermind_mesh_core.lib(.constdata)
 <LI><a href="#[7e]">prov_adv_recv_cb</a> from libethermind_mesh_core.lib(i.prov_adv_recv_cb) referenced from libethermind_mesh_core.lib(i.ms_prov_init)
 <LI><a href="#[8a]">prov_complete_timeout_handler</a> from libethermind_mesh_core.lib(i.prov_complete_timeout_handler) referenced from libethermind_mesh_core.lib(i.se_prov_complete_handler)
 <LI><a href="#[7f]">prov_gatt_recv_cb</a> from libethermind_mesh_core.lib(i.prov_gatt_recv_cb) referenced from libethermind_mesh_core.lib(i.ms_prov_init)
 <LI><a href="#[80]">prov_handle_unprovisioned_beacon</a> from libethermind_mesh_core.lib(i.prov_handle_unprovisioned_beacon) referenced from libethermind_mesh_core.lib(i.ms_prov_init)
 <LI><a href="#[88]">prov_link_ack_timeout_handler</a> from libethermind_mesh_core.lib(i.prov_link_ack_timeout_handler) referenced from libethermind_mesh_core.lib(i.prov_link_open)
 <LI><a href="#[87]">prov_pdu_ack_timeout_handler</a> from libethermind_mesh_core.lib(i.prov_pdu_ack_timeout_handler) referenced from libethermind_mesh_core.lib(i.prov_framensend_pb_adv_pdu)
 <LI><a href="#[89]">prov_proc_timeout_handler</a> from libethermind_mesh_core.lib(i.prov_proc_timeout_handler) referenced from libethermind_mesh_core.lib(i.prov_restart_proc_timer)
 <LI><a href="#[2d]">proxy_dly_generic_hsl</a> from appl_sample_example_phylight.o(i.proxy_dly_generic_hsl) referenced from appl_sample_example_phylight.o(i.UI_light_hsl_model_state_set)
 <LI><a href="#[2c]">proxy_dly_generic_onoff</a> from appl_sample_example_phylight.o(i.proxy_dly_generic_onoff) referenced from appl_sample_example_phylight.o(i.UI_generic_onoff_model_state_set)
 <LI><a href="#[44]">rf_calibrate1</a> from patch.o(i.rf_calibrate1) referenced from patch.o(i.init_config)
 <LI><a href="#[64]">rf_phy_ini</a> from rf_phy_driver.o(i.rf_phy_ini) referenced from jump_table.o(jump_table_mem_area)
 <LI><a href="#[41]">rf_wakeup_handler</a> from main.o(i.rf_wakeup_handler) referenced from main.o(i.hal_rfphy_init)
 <LI><a href="#[72]">scene_server_cb</a> from libethermind_mesh_models.lib(i.scene_server_cb) referenced from libethermind_mesh_models.lib(i.MS_scene_server_init)
 <LI><a href="#[73]">scene_server_publish_timout_cb</a> from libethermind_mesh_models.lib(i.scene_server_publish_timout_cb) referenced from libethermind_mesh_models.lib(i.MS_scene_server_init)
 <LI><a href="#[96]">se_prov_capabilities_handler</a> from libethermind_mesh_core.lib(i.se_prov_capabilities_handler) referenced from libethermind_mesh_core.lib(.constdata)
 <LI><a href="#[9d]">se_prov_complete_handler</a> from libethermind_mesh_core.lib(i.se_prov_complete_handler) referenced from libethermind_mesh_core.lib(.constdata)
 <LI><a href="#[9a]">se_prov_confirmation_handler</a> from libethermind_mesh_core.lib(i.se_prov_confirmation_handler) referenced from libethermind_mesh_core.lib(.constdata)
 <LI><a href="#[9c]">se_prov_data_handler</a> from libethermind_mesh_core.lib(i.se_prov_data_handler) referenced from libethermind_mesh_core.lib(.constdata)
 <LI><a href="#[95]">se_prov_error_handler</a> from libethermind_mesh_core.lib(i.se_prov_error_handler) referenced 9 times from libethermind_mesh_core.lib(.constdata)
 <LI><a href="#[99]">se_prov_inputcom_handler</a> from libethermind_mesh_core.lib(i.se_prov_inputcom_handler) referenced from libethermind_mesh_core.lib(.constdata)
 <LI><a href="#[94]">se_prov_invite_handler</a> from libethermind_mesh_core.lib(i.se_prov_invite_handler) referenced from libethermind_mesh_core.lib(.constdata)
 <LI><a href="#[98]">se_prov_pubkey_handler</a> from libethermind_mesh_core.lib(i.se_prov_pubkey_handler) referenced from libethermind_mesh_core.lib(.constdata)
 <LI><a href="#[9b]">se_prov_random_handler</a> from libethermind_mesh_core.lib(i.se_prov_random_handler) referenced from libethermind_mesh_core.lib(.constdata)
 <LI><a href="#[97]">se_prov_start_handler</a> from libethermind_mesh_core.lib(i.se_prov_start_handler) referenced from libethermind_mesh_core.lib(.constdata)
 <LI><a href="#[75]">snb_timeout_handler</a> from libethermind_mesh_core.lib(i.snb_timeout_handler) referenced from libethermind_mesh_core.lib(i.config_start_snb_timer)
 <LI><a href="#[2b]">timeout_cb</a> from appl_sample_example_phylight.o(i.timeout_cb) referenced from appl_sample_example_phylight.o(i.UI_gatt_iface_event_pl_cb)
 <LI><a href="#[2b]">timeout_cb</a> from appl_sample_example_phylight.o(i.timeout_cb) referenced from appl_sample_example_phylight.o(i.UI_sample_reinit)
 <LI><a href="#[2b]">timeout_cb</a> from appl_sample_example_phylight.o(i.timeout_cb) referenced from appl_sample_example_phylight.o(i.appl_mesh_sample)
 <LI><a href="#[4c]">timer_timeout_handler</a> from em_timer.o(i.timer_timeout_handler) referenced from em_timer.o(i.timer_add_entity)
 <LI><a href="#[8b]">trn_frndclear_retry_timeout_handler</a> from libethermind_mesh_core.lib(i.trn_frndclear_retry_timeout_handler) referenced from libethermind_mesh_core.lib(i.trn_frndclear)
 <LI><a href="#[90]">trn_frndpoll_rsp_handler</a> from libethermind_mesh_core.lib(i.trn_frndpoll_rsp_handler) referenced from libethermind_mesh_core.lib(i.trn_handle_frnd_poll)
 <LI><a href="#[8f]">trn_frndpoll_send_handler</a> from libethermind_mesh_core.lib(i.trn_frndpoll_send_handler) referenced from libethermind_mesh_core.lib(i.trn_frndrx_window_timeout_handler)
 <LI><a href="#[8f]">trn_frndpoll_send_handler</a> from libethermind_mesh_core.lib(i.trn_frndpoll_send_handler) referenced from libethermind_mesh_core.lib(i.trn_handle_frnd_update)
 <LI><a href="#[8d]">trn_frndpoll_timeout_handler</a> from libethermind_mesh_core.lib(i.trn_frndpoll_timeout_handler) referenced from libethermind_mesh_core.lib(i.trn_frndpoll_rsp_handler)
 <LI><a href="#[8d]">trn_frndpoll_timeout_handler</a> from libethermind_mesh_core.lib(i.trn_frndpoll_timeout_handler) referenced from libethermind_mesh_core.lib(i.trn_frndreq_rsp_handler)
 <LI><a href="#[8d]">trn_frndpoll_timeout_handler</a> from libethermind_mesh_core.lib(i.trn_frndpoll_timeout_handler) referenced from libethermind_mesh_core.lib(i.trn_handle_frnd_subscription_list_add_remove)
 <LI><a href="#[91]">trn_frndreq_rsp_handler</a> from libethermind_mesh_core.lib(i.trn_frndreq_rsp_handler) referenced from libethermind_mesh_core.lib(i.trn_handle_frnd_req)
 <LI><a href="#[8c]">trn_frndrx_delay_timeout_handler</a> from libethermind_mesh_core.lib(i.trn_frndrx_delay_timeout_handler) referenced from libethermind_mesh_core.lib(i.trn_frndpoll)
 <LI><a href="#[8e]">trn_frndrx_window_timeout_handler</a> from libethermind_mesh_core.lib(i.trn_frndrx_window_timeout_handler) referenced from libethermind_mesh_core.lib(i.trn_frndrx_delay_timeout_handler)
 <LI><a href="#[83]">trn_pkt_in</a> from libethermind_mesh_core.lib(i.trn_pkt_in) referenced from libethermind_mesh_core.lib(i.ms_trn_init)
 <LI><a href="#[92]">trn_pub_timeout_handler</a> from libethermind_mesh_core.lib(i.trn_pub_timeout_handler) referenced from libethermind_mesh_core.lib(i.trn_start_heartbeat_pub_timer)
 <LI><a href="#[74]">trn_sub_timeout_handler</a> from libethermind_mesh_core.lib(i.trn_sub_timeout_handler) referenced from libethermind_mesh_core.lib(i.MS_trn_set_heartbeat_subscription)
 <LI><a href="#[42]">uart_hw_config</a> from uart.o(i.uart_hw_config) referenced from uart.o(i.hal_uart_init)
 <LI><a href="#[2a]">vendor_example_server_cb</a> from appl_sample_example_phylight.o(i.vendor_example_server_cb) referenced from appl_sample_example_phylight.o(i.MS_vendor_example_server_init)
</UL>
<P>
<H3>
Global Symbols
</H3>
<P><STRONG><a name="[199]"></a>__aeabi_uidivmod</STRONG> (Thumb, 0 bytes, Stack size 0 bytes, rom1Sym.txt(ABSOLUTE))
<BR><BR>[Called By]<UL><LI><a href="#[267]">&gt;&gt;</a>&nbsp;&nbsp;&nbsp;hal_system_init (via Veneer)
<LI><a href="#[252]">&gt;&gt;</a>&nbsp;&nbsp;&nbsp;hal_gpio_pull_set (via Veneer)
<LI><a href="#[233]">&gt;&gt;</a>&nbsp;&nbsp;&nbsp;gattServApp_ProcessReadByTypeReq (via Veneer)
<LI><a href="#[237]">&gt;&gt;</a>&nbsp;&nbsp;&nbsp;gattServApp_ProcessReadByGrpTypeReq (via Veneer)
<LI><a href="#[42]">&gt;&gt;</a>&nbsp;&nbsp;&nbsp;uart_hw_config (via Veneer)
<LI><a href="#[244]">&gt;&gt;</a>&nbsp;&nbsp;&nbsp;hal_gpio_wakeup_set (via Veneer)
<LI><a href="#[294]">&gt;&gt;</a>&nbsp;&nbsp;&nbsp;rc32k_tracking_check (via Veneer)
<LI><a href="#[192]">&gt;&gt;</a>&nbsp;&nbsp;&nbsp;_printf_core (via Veneer)
<LI><a href="#[361]">&gt;&gt;</a>&nbsp;&nbsp;&nbsp;ms_access_add_periodic_step_timer_entity (via Veneer)
<LI><a href="#[39b]">&gt;&gt;</a>&nbsp;&nbsp;&nbsp;prov_framensend_pb_adv_pdu (via Veneer)
<LI><a href="#[340]">&gt;&gt;</a>&nbsp;&nbsp;&nbsp;frnd_verify_request_criteria (via Veneer)
<LI><a href="#[30e]">&gt;&gt;</a>&nbsp;&nbsp;&nbsp;MS_trn_get_lpn_polltimeout (via Veneer)
<LI><a href="#[2ff]">&gt;&gt;</a>&nbsp;&nbsp;&nbsp;ltrn_send_seg_pdu (via Veneer)
<LI><a href="#[2ef]">&gt;&gt;</a>&nbsp;&nbsp;&nbsp;MS_common_get_transition_time_from_ms (via Veneer)
</UL>

<P><STRONG><a name="[164]"></a>strlen</STRONG> (Thumb, 0 bytes, Stack size 0 bytes, rom1Sym.txt(ABSOLUTE))
<BR><BR>[Called By]<UL><LI><a href="#[39]">&gt;&gt;</a>&nbsp;&nbsp;&nbsp;appl_prov_callback (via Veneer)
<LI><a href="#[31]">&gt;&gt;</a>&nbsp;&nbsp;&nbsp;UI_prov_callback (via Veneer)
</UL>

<P><STRONG><a name="[163]"></a>strcpy</STRONG> (Thumb, 0 bytes, Stack size 0 bytes, rom1Sym.txt(ABSOLUTE))
<BR><BR>[Called By]<UL><LI><a href="#[39]">&gt;&gt;</a>&nbsp;&nbsp;&nbsp;appl_prov_callback (via Veneer)
<LI><a href="#[31]">&gt;&gt;</a>&nbsp;&nbsp;&nbsp;UI_prov_callback (via Veneer)
</UL>

<P><STRONG><a name="[12d]"></a>ATT_CompareUUID</STRONG> (Thumb, 0 bytes, Stack size 0 bytes, rom1Sym.txt(ABSOLUTE))
<BR><BR>[Called By]<UL><LI><a href="#[128]">&gt;&gt;</a>&nbsp;&nbsp;&nbsp;GATTServApp_ReadAttr (via Veneer)
</UL>

<P><STRONG><a name="[23a]"></a>ATT_ErrorRsp</STRONG> (Thumb, 0 bytes, Stack size 0 bytes, rom1Sym.txt(ABSOLUTE))
<BR><BR>[Called By]<UL><LI><a href="#[127]">&gt;&gt;</a>&nbsp;&nbsp;&nbsp;gattServApp_ProcessMsg (via Veneer)
</UL>

<P><STRONG><a name="[232]"></a>ATT_ExchangeMTURsp</STRONG> (Thumb, 0 bytes, Stack size 0 bytes, rom1Sym.txt(ABSOLUTE))
<BR><BR>[Called By]<UL><LI><a href="#[127]">&gt;&gt;</a>&nbsp;&nbsp;&nbsp;gattServApp_ProcessMsg (via Veneer)
</UL>

<P><STRONG><a name="[22e]"></a>ATT_ExecuteWriteRsp</STRONG> (Thumb, 0 bytes, Stack size 0 bytes, rom1Sym.txt(ABSOLUTE))
<BR><BR>[Called By]<UL><LI><a href="#[22d]">&gt;&gt;</a>&nbsp;&nbsp;&nbsp;gattServApp_ProcessExecuteWriteReq (via Veneer)
</UL>

<P><STRONG><a name="[231]"></a>ATT_FindByTypeValueRsp</STRONG> (Thumb, 0 bytes, Stack size 0 bytes, rom1Sym.txt(ABSOLUTE))
<BR><BR>[Called By]<UL><LI><a href="#[22f]">&gt;&gt;</a>&nbsp;&nbsp;&nbsp;gattServApp_ProcessFindByTypeValueReq (via Veneer)
</UL>

<P><STRONG><a name="[2ec]"></a>ATT_GetCurrentMTUSize</STRONG> (Thumb, 0 bytes, Stack size 0 bytes, rom1Sym.txt(ABSOLUTE))
<BR><BR>[Called By]<UL><LI><a href="#[2eb]">&gt;&gt;</a>&nbsp;&nbsp;&nbsp;MS_brr_send_pdu (via Veneer)
</UL>

<P><STRONG><a name="[23c]"></a>ATT_PrepareWriteRsp</STRONG> (Thumb, 0 bytes, Stack size 0 bytes, rom1Sym.txt(ABSOLUTE))
<BR><BR>[Called By]<UL><LI><a href="#[239]">&gt;&gt;</a>&nbsp;&nbsp;&nbsp;gattServApp_ProcessPrepareWriteReq (via Veneer)
</UL>

<P><STRONG><a name="[235]"></a>ATT_ReadBlobRsp</STRONG> (Thumb, 0 bytes, Stack size 0 bytes, rom1Sym.txt(ABSOLUTE))
<BR><BR>[Called By]<UL><LI><a href="#[127]">&gt;&gt;</a>&nbsp;&nbsp;&nbsp;gattServApp_ProcessMsg (via Veneer)
</UL>

<P><STRONG><a name="[23e]"></a>ATT_ReadByGrpTypeRsp</STRONG> (Thumb, 0 bytes, Stack size 0 bytes, rom1Sym.txt(ABSOLUTE))
<BR><BR>[Called By]<UL><LI><a href="#[237]">&gt;&gt;</a>&nbsp;&nbsp;&nbsp;gattServApp_ProcessReadByGrpTypeReq (via Veneer)
</UL>

<P><STRONG><a name="[23f]"></a>ATT_ReadByTypeRsp</STRONG> (Thumb, 0 bytes, Stack size 0 bytes, rom1Sym.txt(ABSOLUTE))
<BR><BR>[Called By]<UL><LI><a href="#[233]">&gt;&gt;</a>&nbsp;&nbsp;&nbsp;gattServApp_ProcessReadByTypeReq (via Veneer)
</UL>

<P><STRONG><a name="[240]"></a>ATT_ReadMultiRsp</STRONG> (Thumb, 0 bytes, Stack size 0 bytes, rom1Sym.txt(ABSOLUTE))
<BR><BR>[Called By]<UL><LI><a href="#[236]">&gt;&gt;</a>&nbsp;&nbsp;&nbsp;gattServApp_ProcessReadMultiReq (via Veneer)
</UL>

<P><STRONG><a name="[234]"></a>ATT_ReadRsp</STRONG> (Thumb, 0 bytes, Stack size 0 bytes, rom1Sym.txt(ABSOLUTE))
<BR><BR>[Called By]<UL><LI><a href="#[127]">&gt;&gt;</a>&nbsp;&nbsp;&nbsp;gattServApp_ProcessMsg (via Veneer)
</UL>

<P><STRONG><a name="[241]"></a>ATT_WriteRsp</STRONG> (Thumb, 0 bytes, Stack size 0 bytes, rom1Sym.txt(ABSOLUTE))
<BR><BR>[Called By]<UL><LI><a href="#[238]">&gt;&gt;</a>&nbsp;&nbsp;&nbsp;gattServApp_ProcessWriteReq (via Veneer)
</UL>

<P><STRONG><a name="[225]"></a>GAP_Authenticate</STRONG> (Thumb, 0 bytes, Stack size 0 bytes, rom1Sym.txt(ABSOLUTE))
<BR><BR>[Called By]<UL><LI><a href="#[108]">&gt;&gt;</a>&nbsp;&nbsp;&nbsp;gapBondMgrAuthenticate (via Veneer)
</UL>

<P><STRONG><a name="[226]"></a>GAP_Bond</STRONG> (Thumb, 0 bytes, Stack size 0 bytes, rom1Sym.txt(ABSOLUTE))
<BR><BR>[Called By]<UL><LI><a href="#[101]">&gt;&gt;</a>&nbsp;&nbsp;&nbsp;gapBondMgrBondReq (via Veneer)
</UL>

<P><STRONG><a name="[1d4]"></a>GAP_CentConnRegister</STRONG> (Thumb, 0 bytes, Stack size 0 bytes, rom1Sym.txt(ABSOLUTE))
<BR><BR>[Called By]<UL><LI><a href="#[1d0]">&gt;&gt;</a>&nbsp;&nbsp;&nbsp;bleMesh_Init (via Veneer)
</UL>

<P><STRONG><a name="[1d2]"></a>GAP_CentDevMgrInit</STRONG> (Thumb, 0 bytes, Stack size 0 bytes, rom1Sym.txt(ABSOLUTE))
<BR><BR>[Called By]<UL><LI><a href="#[1d0]">&gt;&gt;</a>&nbsp;&nbsp;&nbsp;bleMesh_Init (via Veneer)
</UL>

<P><STRONG><a name="[204]"></a>GAP_ConfigDeviceAddr</STRONG> (Thumb, 0 bytes, Stack size 0 bytes, rom1Sym.txt(ABSOLUTE))
<BR><BR>[Called By]<UL><LI><a href="#[203]">&gt;&gt;</a>&nbsp;&nbsp;&nbsp;blebrr_init_pl (via Veneer)
</UL>

<P><STRONG><a name="[e4]"></a>GAP_DeviceDiscoveryCancel</STRONG> (Thumb, 0 bytes, Stack size 0 bytes, rom1Sym.txt(ABSOLUTE))
<BR><BR>[Called By]<UL><LI><a href="#[e1]">&gt;&gt;</a>&nbsp;&nbsp;&nbsp;BLE_gap_set_scan_enable (via Veneer)
<LI><a href="#[1e1]">&gt;&gt;</a>&nbsp;&nbsp;&nbsp;bleMesh_ProcessGAPMsg (via Veneer)
</UL>

<P><STRONG><a name="[e2]"></a>GAP_DeviceDiscoveryRequest</STRONG> (Thumb, 0 bytes, Stack size 0 bytes, rom1Sym.txt(ABSOLUTE))
<BR><BR>[Called By]<UL><LI><a href="#[e1]">&gt;&gt;</a>&nbsp;&nbsp;&nbsp;BLE_gap_set_scan_enable (via Veneer)
<LI><a href="#[1e1]">&gt;&gt;</a>&nbsp;&nbsp;&nbsp;bleMesh_ProcessGAPMsg (via Veneer)
</UL>

<P><STRONG><a name="[db]"></a>GAP_EndDiscoverable</STRONG> (Thumb, 0 bytes, Stack size 0 bytes, rom1Sym.txt(ABSOLUTE))
<BR><BR>[Called By]<UL><LI><a href="#[227]">&gt;&gt;</a>&nbsp;&nbsp;&nbsp;gapRole_ProcessGAPMsg (via Veneer)
<LI><a href="#[d9]">&gt;&gt;</a>&nbsp;&nbsp;&nbsp;BLE_gap_set_adv_enable (via Veneer)
<LI><a href="#[1e1]">&gt;&gt;</a>&nbsp;&nbsp;&nbsp;bleMesh_ProcessGAPMsg (via Veneer)
</UL>

<P><STRONG><a name="[d8]"></a>GAP_EstablishLinkReq</STRONG> (Thumb, 0 bytes, Stack size 0 bytes, rom1Sym.txt(ABSOLUTE))
<BR><BR>[Called By]<UL><LI><a href="#[d6]">&gt;&gt;</a>&nbsp;&nbsp;&nbsp;BLE_gap_connect (via Veneer)
</UL>

<P><STRONG><a name="[229]"></a>GAP_GetParamValue</STRONG> (Thumb, 0 bytes, Stack size 0 bytes, rom1Sym.txt(ABSOLUTE))
<BR><BR>[Called By]<UL><LI><a href="#[115]">&gt;&gt;</a>&nbsp;&nbsp;&nbsp;gapRole_startConnUpdate (via Veneer)
<LI><a href="#[111]">&gt;&gt;</a>&nbsp;&nbsp;&nbsp;gapRole_ProcessOSALMsg (via Veneer)
<LI><a href="#[227]">&gt;&gt;</a>&nbsp;&nbsp;&nbsp;gapRole_ProcessGAPMsg (via Veneer)
</UL>

<P><STRONG><a name="[28b]"></a>GAP_Init</STRONG> (Thumb, 0 bytes, Stack size 0 bytes, rom1Sym.txt(ABSOLUTE))
<BR><BR>[Called By]<UL><LI><a href="#[61]">&gt;&gt;</a>&nbsp;&nbsp;&nbsp;osalInitTasks (via Veneer)
</UL>

<P><STRONG><a name="[da]"></a>GAP_MakeDiscoverable</STRONG> (Thumb, 0 bytes, Stack size 0 bytes, rom1Sym.txt(ABSOLUTE))
<BR><BR>[Called By]<UL><LI><a href="#[5c]">&gt;&gt;</a>&nbsp;&nbsp;&nbsp;GAPRole_ProcessEvent (via Veneer)
<LI><a href="#[d9]">&gt;&gt;</a>&nbsp;&nbsp;&nbsp;BLE_gap_set_adv_enable (via Veneer)
<LI><a href="#[1e1]">&gt;&gt;</a>&nbsp;&nbsp;&nbsp;bleMesh_ProcessGAPMsg (via Veneer)
</UL>

<P><STRONG><a name="[1d1]"></a>GAP_ParamsInit</STRONG> (Thumb, 0 bytes, Stack size 0 bytes, rom1Sym.txt(ABSOLUTE))
<BR><BR>[Called By]<UL><LI><a href="#[1d0]">&gt;&gt;</a>&nbsp;&nbsp;&nbsp;bleMesh_Init (via Veneer)
</UL>

<P><STRONG><a name="[1d3]"></a>GAP_PeriDevMgrInit</STRONG> (Thumb, 0 bytes, Stack size 0 bytes, rom1Sym.txt(ABSOLUTE))
<BR><BR>[Called By]<UL><LI><a href="#[1d0]">&gt;&gt;</a>&nbsp;&nbsp;&nbsp;bleMesh_Init (via Veneer)
</UL>

<P><STRONG><a name="[59]"></a>GAP_ProcessEvent</STRONG> (Thumb, 0 bytes, Stack size 0 bytes, rom1Sym.txt(ABSOLUTE), UNUSED)
<BR>[Address Reference Count : 1]<UL><LI> osal_blemesh.o(.constdata)
</UL>
<P><STRONG><a name="[10f]"></a>GAP_RegisterForHCIMsgs</STRONG> (Thumb, 0 bytes, Stack size 0 bytes, rom1Sym.txt(ABSOLUTE))
<BR><BR>[Called By]<UL><LI><a href="#[10e]">&gt;&gt;</a>&nbsp;&nbsp;&nbsp;GAPRole_Init (via Veneer)
</UL>

<P><STRONG><a name="[10c]"></a>GAP_ResolvePrivateAddr</STRONG> (Thumb, 0 bytes, Stack size 0 bytes, rom1Sym.txt(ABSOLUTE))
<BR><BR>[Called By]<UL><LI><a href="#[ff]">&gt;&gt;</a>&nbsp;&nbsp;&nbsp;GAPBondMgr_ResolveAddr (via Veneer)
</UL>

<P><STRONG><a name="[109]"></a>GAP_SendSlaveSecurityRequest</STRONG> (Thumb, 0 bytes, Stack size 0 bytes, rom1Sym.txt(ABSOLUTE))
<BR><BR>[Called By]<UL><LI><a href="#[fe]">&gt;&gt;</a>&nbsp;&nbsp;&nbsp;GAPBondMgr_LinkEst (via Veneer)
</UL>

<P><STRONG><a name="[dd]"></a>GAP_SetParamValue</STRONG> (Thumb, 0 bytes, Stack size 0 bytes, rom1Sym.txt(ABSOLUTE))
<BR><BR>[Called By]<UL><LI><a href="#[e5]">&gt;&gt;</a>&nbsp;&nbsp;&nbsp;BLE_gap_set_scan_params (via Veneer)
<LI><a href="#[dc]">&gt;&gt;</a>&nbsp;&nbsp;&nbsp;BLE_gap_set_adv_params (via Veneer)
</UL>

<P><STRONG><a name="[104]"></a>GAP_Signable</STRONG> (Thumb, 0 bytes, Stack size 0 bytes, rom1Sym.txt(ABSOLUTE))
<BR><BR>[Called By]<UL><LI><a href="#[fe]">&gt;&gt;</a>&nbsp;&nbsp;&nbsp;GAPBondMgr_LinkEst (via Veneer)
</UL>

<P><STRONG><a name="[119]"></a>GAP_TerminateLinkReq</STRONG> (Thumb, 0 bytes, Stack size 0 bytes, rom1Sym.txt(ABSOLUTE))
<BR><BR>[Called By]<UL><LI><a href="#[117]">&gt;&gt;</a>&nbsp;&nbsp;&nbsp;GAPRole_TerminateConnection (via Veneer)
</UL>

<P><STRONG><a name="[e0]"></a>GAP_UpdateAdvertisingData</STRONG> (Thumb, 0 bytes, Stack size 0 bytes, rom1Sym.txt(ABSOLUTE))
<BR><BR>[Called By]<UL><LI><a href="#[227]">&gt;&gt;</a>&nbsp;&nbsp;&nbsp;gapRole_ProcessGAPMsg (via Veneer)
<LI><a href="#[df]">&gt;&gt;</a>&nbsp;&nbsp;&nbsp;BLE_gap_set_advscanrsp_data (via Veneer)
</UL>

<P><STRONG><a name="[23b]"></a>GATT_AppCompletedMsg</STRONG> (Thumb, 0 bytes, Stack size 0 bytes, rom1Sym.txt(ABSOLUTE))
<BR><BR>[Called By]<UL><LI><a href="#[127]">&gt;&gt;</a>&nbsp;&nbsp;&nbsp;gattServApp_ProcessMsg (via Veneer)
</UL>

<P><STRONG><a name="[11c]"></a>GATT_DeregisterService</STRONG> (Thumb, 0 bytes, Stack size 0 bytes, rom1Sym.txt(ABSOLUTE))
<BR><BR>[Called By]<UL><LI><a href="#[11b]">&gt;&gt;</a>&nbsp;&nbsp;&nbsp;GATTServApp_DeregisterService (via Veneer)
</UL>

<P><STRONG><a name="[279]"></a>GATT_DiscAllCharDescs</STRONG> (Thumb, 0 bytes, Stack size 0 bytes, rom1Sym.txt(ABSOLUTE))
<BR><BR>[Called By]<UL><LI><a href="#[1e6]">&gt;&gt;</a>&nbsp;&nbsp;&nbsp;mesh_client_process_gattMsg (via Veneer)
</UL>

<P><STRONG><a name="[278]"></a>GATT_DiscAllChars</STRONG> (Thumb, 0 bytes, Stack size 0 bytes, rom1Sym.txt(ABSOLUTE))
<BR><BR>[Called By]<UL><LI><a href="#[1e6]">&gt;&gt;</a>&nbsp;&nbsp;&nbsp;mesh_client_process_gattMsg (via Veneer)
</UL>

<P><STRONG><a name="[12b]"></a>GATT_FindHandle</STRONG> (Thumb, 0 bytes, Stack size 0 bytes, rom1Sym.txt(ABSOLUTE))
<BR><BR>[Called By]<UL><LI><a href="#[133]">&gt;&gt;</a>&nbsp;&nbsp;&nbsp;GATTServApp_WriteAttr (via Veneer)
<LI><a href="#[128]">&gt;&gt;</a>&nbsp;&nbsp;&nbsp;GATTServApp_ReadAttr (via Veneer)
<LI><a href="#[238]">&gt;&gt;</a>&nbsp;&nbsp;&nbsp;gattServApp_ProcessWriteReq (via Veneer)
<LI><a href="#[236]">&gt;&gt;</a>&nbsp;&nbsp;&nbsp;gattServApp_ProcessReadMultiReq (via Veneer)
<LI><a href="#[239]">&gt;&gt;</a>&nbsp;&nbsp;&nbsp;gattServApp_ProcessPrepareWriteReq (via Veneer)
<LI><a href="#[127]">&gt;&gt;</a>&nbsp;&nbsp;&nbsp;gattServApp_ProcessMsg (via Veneer)
</UL>

<P><STRONG><a name="[230]"></a>GATT_FindHandleUUID</STRONG> (Thumb, 0 bytes, Stack size 0 bytes, rom1Sym.txt(ABSOLUTE))
<BR><BR>[Called By]<UL><LI><a href="#[233]">&gt;&gt;</a>&nbsp;&nbsp;&nbsp;gattServApp_ProcessReadByTypeReq (via Veneer)
<LI><a href="#[237]">&gt;&gt;</a>&nbsp;&nbsp;&nbsp;gattServApp_ProcessReadByGrpTypeReq (via Veneer)
<LI><a href="#[22f]">&gt;&gt;</a>&nbsp;&nbsp;&nbsp;gattServApp_ProcessFindByTypeValueReq (via Veneer)
</UL>

<P><STRONG><a name="[12c]"></a>GATT_FindNextAttr</STRONG> (Thumb, 0 bytes, Stack size 0 bytes, rom1Sym.txt(ABSOLUTE))
<BR><BR>[Called By]<UL><LI><a href="#[128]">&gt;&gt;</a>&nbsp;&nbsp;&nbsp;GATTServApp_ReadAttr (via Veneer)
<LI><a href="#[237]">&gt;&gt;</a>&nbsp;&nbsp;&nbsp;gattServApp_ProcessReadByGrpTypeReq (via Veneer)
<LI><a href="#[22f]">&gt;&gt;</a>&nbsp;&nbsp;&nbsp;gattServApp_ProcessFindByTypeValueReq (via Veneer)
</UL>

<P><STRONG><a name="[28d]"></a>GATT_Init</STRONG> (Thumb, 0 bytes, Stack size 0 bytes, rom1Sym.txt(ABSOLUTE))
<BR><BR>[Called By]<UL><LI><a href="#[61]">&gt;&gt;</a>&nbsp;&nbsp;&nbsp;osalInitTasks (via Veneer)
</UL>

<P><STRONG><a name="[1dc]"></a>GATT_InitClient</STRONG> (Thumb, 0 bytes, Stack size 0 bytes, rom1Sym.txt(ABSOLUTE))
<BR><BR>[Called By]<UL><LI><a href="#[5e]">&gt;&gt;</a>&nbsp;&nbsp;&nbsp;bleMesh_ProcessEvent (via Veneer)
</UL>

<P><STRONG><a name="[27b]"></a>GATT_Notification</STRONG> (Thumb, 0 bytes, Stack size 0 bytes, rom1Sym.txt(ABSOLUTE))
<BR><BR>[Called By]<UL><LI><a href="#[1fd]">&gt;&gt;</a>&nbsp;&nbsp;&nbsp;mesh_proxy_notify_data_out (via Veneer)
<LI><a href="#[1fc]">&gt;&gt;</a>&nbsp;&nbsp;&nbsp;mesh_prov_notify_data_out (via Veneer)
</UL>

<P><STRONG><a name="[5b]"></a>GATT_ProcessEvent</STRONG> (Thumb, 0 bytes, Stack size 0 bytes, rom1Sym.txt(ABSOLUTE), UNUSED)
<BR>[Address Reference Count : 1]<UL><LI> osal_blemesh.o(.constdata)
</UL>
<P><STRONG><a name="[1dd]"></a>GATT_RegisterForInd</STRONG> (Thumb, 0 bytes, Stack size 0 bytes, rom1Sym.txt(ABSOLUTE))
<BR><BR>[Called By]<UL><LI><a href="#[5e]">&gt;&gt;</a>&nbsp;&nbsp;&nbsp;bleMesh_ProcessEvent (via Veneer)
</UL>

<P><STRONG><a name="[120]"></a>GATT_RegisterForReq</STRONG> (Thumb, 0 bytes, Stack size 0 bytes, rom1Sym.txt(ABSOLUTE))
<BR><BR>[Called By]<UL><LI><a href="#[11d]">&gt;&gt;</a>&nbsp;&nbsp;&nbsp;GATTServApp_Init (via Veneer)
</UL>

<P><STRONG><a name="[12f]"></a>GATT_RegisterService</STRONG> (Thumb, 0 bytes, Stack size 0 bytes, rom1Sym.txt(ABSOLUTE))
<BR><BR>[Called By]<UL><LI><a href="#[e9]">&gt;&gt;</a>&nbsp;&nbsp;&nbsp;GATTServApp_RegisterService (via Veneer)
</UL>

<P><STRONG><a name="[132]"></a>GATT_ServiceChangedInd</STRONG> (Thumb, 0 bytes, Stack size 0 bytes, rom1Sym.txt(ABSOLUTE))
<BR><BR>[Called By]<UL><LI><a href="#[107]">&gt;&gt;</a>&nbsp;&nbsp;&nbsp;GATTServApp_SendServiceChangedInd (via Veneer)
</UL>

<P><STRONG><a name="[23d]"></a>GATT_VerifyReadPermissions</STRONG> (Thumb, 0 bytes, Stack size 0 bytes, rom1Sym.txt(ABSOLUTE))
<BR><BR>[Called By]<UL><LI><a href="#[233]">&gt;&gt;</a>&nbsp;&nbsp;&nbsp;gattServApp_ProcessReadByTypeReq (via Veneer)
<LI><a href="#[237]">&gt;&gt;</a>&nbsp;&nbsp;&nbsp;gattServApp_ProcessReadByGrpTypeReq (via Veneer)
</UL>

<P><STRONG><a name="[27a]"></a>GATT_WriteNoRsp</STRONG> (Thumb, 0 bytes, Stack size 0 bytes, rom1Sym.txt(ABSOLUTE))
<BR><BR>[Called By]<UL><LI><a href="#[1fb]">&gt;&gt;</a>&nbsp;&nbsp;&nbsp;mesh_client_send_wwr (via Veneer)
</UL>

<P><STRONG><a name="[288]"></a>HCI_Init</STRONG> (Thumb, 0 bytes, Stack size 0 bytes, rom1Sym.txt(ABSOLUTE))
<BR><BR>[Called By]<UL><LI><a href="#[61]">&gt;&gt;</a>&nbsp;&nbsp;&nbsp;osalInitTasks (via Veneer)
</UL>

<P><STRONG><a name="[1d8]"></a>HCI_LE_SetDefaultPhyMode</STRONG> (Thumb, 0 bytes, Stack size 0 bytes, rom1Sym.txt(ABSOLUTE))
<BR><BR>[Called By]<UL><LI><a href="#[1d0]">&gt;&gt;</a>&nbsp;&nbsp;&nbsp;bleMesh_Init (via Veneer)
</UL>

<P><STRONG><a name="[56]"></a>HCI_ProcessEvent</STRONG> (Thumb, 0 bytes, Stack size 0 bytes, rom1Sym.txt(ABSOLUTE), UNUSED)
<BR>[Address Reference Count : 1]<UL><LI> osal_blemesh.o(.constdata)
</UL>
<P><STRONG><a name="[113]"></a>HCI_ReadRssiCmd</STRONG> (Thumb, 0 bytes, Stack size 0 bytes, rom1Sym.txt(ABSOLUTE))
<BR><BR>[Called By]<UL><LI><a href="#[5c]">&gt;&gt;</a>&nbsp;&nbsp;&nbsp;GAPRole_ProcessEvent (via Veneer)
</UL>

<P><STRONG><a name="[22a]"></a>L2CAP_ConnParamUpdateReq</STRONG> (Thumb, 0 bytes, Stack size 0 bytes, rom1Sym.txt(ABSOLUTE))
<BR><BR>[Called By]<UL><LI><a href="#[115]">&gt;&gt;</a>&nbsp;&nbsp;&nbsp;gapRole_startConnUpdate (via Veneer)
</UL>

<P><STRONG><a name="[28a]"></a>L2CAP_Init</STRONG> (Thumb, 0 bytes, Stack size 0 bytes, rom1Sym.txt(ABSOLUTE))
<BR><BR>[Called By]<UL><LI><a href="#[61]">&gt;&gt;</a>&nbsp;&nbsp;&nbsp;osalInitTasks (via Veneer)
</UL>

<P><STRONG><a name="[58]"></a>L2CAP_ProcessEvent</STRONG> (Thumb, 0 bytes, Stack size 0 bytes, rom1Sym.txt(ABSOLUTE), UNUSED)
<BR>[Address Reference Count : 1]<UL><LI> osal_blemesh.o(.constdata)
</UL>
<P><STRONG><a name="[21b]"></a>LL_Encrypt</STRONG> (Thumb, 0 bytes, Stack size 0 bytes, rom1Sym.txt(ABSOLUTE))
<BR><BR>[Called By]<UL><LI><a href="#[1a9]">&gt;&gt;</a>&nbsp;&nbsp;&nbsp;cry_aes_128_encrypt (via Veneer)
</UL>

<P><STRONG><a name="[287]"></a>LL_Init</STRONG> (Thumb, 0 bytes, Stack size 0 bytes, rom1Sym.txt(ABSOLUTE))
<BR><BR>[Called By]<UL><LI><a href="#[61]">&gt;&gt;</a>&nbsp;&nbsp;&nbsp;osalInitTasks (via Veneer)
</UL>

<P><STRONG><a name="[55]"></a>LL_ProcessEvent</STRONG> (Thumb, 0 bytes, Stack size 0 bytes, rom1Sym.txt(ABSOLUTE), UNUSED)
<BR>[Address Reference Count : 1]<UL><LI> osal_blemesh.o(.constdata)
</UL>
<P><STRONG><a name="[20b]"></a>LL_Rand</STRONG> (Thumb, 0 bytes, Stack size 0 bytes, rom1Sym.txt(ABSOLUTE))
<BR><BR>[Called By]<UL><LI><a href="#[20a]">&gt;&gt;</a>&nbsp;&nbsp;&nbsp;blebrr_queue_depth_check (via Veneer)
<LI><a href="#[222]">&gt;&gt;</a>&nbsp;&nbsp;&nbsp;cry_rand_generate (via Veneer)
<LI><a href="#[4b]">&gt;&gt;</a>&nbsp;&nbsp;&nbsp;cry_generate_random_bytes (via Veneer)
</UL>

<P><STRONG><a name="[13c]"></a>LL_evt_schedule</STRONG> (Thumb, 0 bytes, Stack size 0 bytes, rom1Sym.txt(ABSOLUTE))
<BR><BR>[Called By]<UL><LI><a href="#[45]">&gt;&gt;</a>&nbsp;&nbsp;&nbsp;LL_SetScanControl1 (via Veneer)
</UL>

<P><STRONG><a name="[28c]"></a>SM_Init</STRONG> (Thumb, 0 bytes, Stack size 0 bytes, rom1Sym.txt(ABSOLUTE))
<BR><BR>[Called By]<UL><LI><a href="#[61]">&gt;&gt;</a>&nbsp;&nbsp;&nbsp;osalInitTasks (via Veneer)
</UL>

<P><STRONG><a name="[5a]"></a>SM_ProcessEvent</STRONG> (Thumb, 0 bytes, Stack size 0 bytes, rom1Sym.txt(ABSOLUTE), UNUSED)
<BR>[Address Reference Count : 1]<UL><LI> osal_blemesh.o(.constdata)
</UL>
<P><STRONG><a name="[136]"></a>__ARM_common_switch8</STRONG> (Thumb, 0 bytes, Stack size 0 bytes, rom1Sym.txt(ABSOLUTE))
<BR><BR>[Called By]<UL><LI><a href="#[262]">&gt;&gt;</a>&nbsp;&nbsp;&nbsp;hal_rom_code_ini (via Veneer)
<LI><a href="#[4f]">&gt;&gt;</a>&nbsp;&nbsp;&nbsp;ggs_ReadAttrCB (via Veneer)
<LI><a href="#[227]">&gt;&gt;</a>&nbsp;&nbsp;&nbsp;gapRole_ProcessGAPMsg (via Veneer)
<LI><a href="#[1e1]">&gt;&gt;</a>&nbsp;&nbsp;&nbsp;bleMesh_ProcessGAPMsg (via Veneer)
<LI><a href="#[135]">&gt;&gt;</a>&nbsp;&nbsp;&nbsp;GGS_SetParameter (via Veneer)
<LI><a href="#[29c]">&gt;&gt;</a>&nbsp;&nbsp;&nbsp;rf_tp_cal (via Veneer)
<LI><a href="#[299]">&gt;&gt;</a>&nbsp;&nbsp;&nbsp;rf_rxDcoc_cfg (via Veneer)
<LI><a href="#[46]">&gt;&gt;</a>&nbsp;&nbsp;&nbsp;llSetupAdv1 (via Veneer)
<LI><a href="#[33]">&gt;&gt;</a>&nbsp;&nbsp;&nbsp;UI_scene_server_cb (via Veneer)
<LI><a href="#[30]">&gt;&gt;</a>&nbsp;&nbsp;&nbsp;UI_light_hsl_server_cb (via Veneer)
<LI><a href="#[31]">&gt;&gt;</a>&nbsp;&nbsp;&nbsp;UI_prov_callback (via Veneer)
<LI><a href="#[6c]">&gt;&gt;</a>&nbsp;&nbsp;&nbsp;health_server_cb (via Veneer)
<LI><a href="#[69]">&gt;&gt;</a>&nbsp;&nbsp;&nbsp;config_server_cb (via Veneer)
<LI><a href="#[317]">&gt;&gt;</a>&nbsp;&nbsp;&nbsp;MS_trn_send_control_pdu (via Veneer)
<LI><a href="#[83]">&gt;&gt;</a>&nbsp;&nbsp;&nbsp;trn_pkt_in (via Veneer)
</UL>

<P><STRONG><a name="[264]"></a>boot_init</STRONG> (Thumb, 0 bytes, Stack size 0 bytes, rom1Sym.txt(ABSOLUTE))
<BR><BR>[Called By]<UL><LI><a href="#[262]">&gt;&gt;</a>&nbsp;&nbsp;&nbsp;hal_rom_code_ini (via Veneer)
</UL>

<P><STRONG><a name="[190]"></a>clock_time_rtc</STRONG> (Thumb, 0 bytes, Stack size 0 bytes, rom1Sym.txt(ABSOLUTE))
<BR><BR>[Called By]<UL><LI><a href="#[18f]">&gt;&gt;</a>&nbsp;&nbsp;&nbsp;WaitRTCCount (via Veneer)
</UL>

<P><STRONG><a name="[25f]"></a>disableSleep</STRONG> (Thumb, 0 bytes, Stack size 0 bytes, rom1Sym.txt(ABSOLUTE))
<BR><BR>[Called By]<UL><LI><a href="#[25c]">&gt;&gt;</a>&nbsp;&nbsp;&nbsp;hal_pwrmgr_unlock (via Veneer)
<LI><a href="#[1d9]">&gt;&gt;</a>&nbsp;&nbsp;&nbsp;hal_pwrmgr_lock (via Veneer)
<LI><a href="#[25e]">&gt;&gt;</a>&nbsp;&nbsp;&nbsp;hal_pwrmgr_init (via Veneer)
</UL>

<P><STRONG><a name="[260]"></a>enableSleep</STRONG> (Thumb, 0 bytes, Stack size 0 bytes, rom1Sym.txt(ABSOLUTE))
<BR><BR>[Called By]<UL><LI><a href="#[25c]">&gt;&gt;</a>&nbsp;&nbsp;&nbsp;hal_pwrmgr_unlock (via Veneer)
<LI><a href="#[25e]">&gt;&gt;</a>&nbsp;&nbsp;&nbsp;hal_pwrmgr_init (via Veneer)
</UL>

<P><STRONG><a name="[121]"></a>linkDB_Register</STRONG> (Thumb, 0 bytes, Stack size 0 bytes, rom1Sym.txt(ABSOLUTE))
<BR><BR>[Called By]<UL><LI><a href="#[11d]">&gt;&gt;</a>&nbsp;&nbsp;&nbsp;GATTServApp_Init (via Veneer)
<LI><a href="#[1f5]">&gt;&gt;</a>&nbsp;&nbsp;&nbsp;mesh_proxy_init (via Veneer)
<LI><a href="#[1f6]">&gt;&gt;</a>&nbsp;&nbsp;&nbsp;mesh_prov_init (via Veneer)
</UL>

<P><STRONG><a name="[22b]"></a>linkDB_State</STRONG> (Thumb, 0 bytes, Stack size 0 bytes, rom1Sym.txt(ABSOLUTE))
<BR><BR>[Called By]<UL><LI><a href="#[29]">&gt;&gt;</a>&nbsp;&nbsp;&nbsp;gattServApp_HandleConnStatusCB (via Veneer)
<LI><a href="#[4a]">&gt;&gt;</a>&nbsp;&nbsp;&nbsp;mesh_proxy_handle_conn (via Veneer)
<LI><a href="#[49]">&gt;&gt;</a>&nbsp;&nbsp;&nbsp;mesh_prov_handle_conn (via Veneer)
</UL>

<P><STRONG><a name="[1d6]"></a>llInitFeatureSet2MPHY</STRONG> (Thumb, 0 bytes, Stack size 0 bytes, rom1Sym.txt(ABSOLUTE))
<BR><BR>[Called By]<UL><LI><a href="#[1d0]">&gt;&gt;</a>&nbsp;&nbsp;&nbsp;bleMesh_Init (via Veneer)
</UL>

<P><STRONG><a name="[1d7]"></a>llInitFeatureSetDLE</STRONG> (Thumb, 0 bytes, Stack size 0 bytes, rom1Sym.txt(ABSOLUTE))
<BR><BR>[Called By]<UL><LI><a href="#[1d0]">&gt;&gt;</a>&nbsp;&nbsp;&nbsp;bleMesh_Init (via Veneer)
</UL>

<P><STRONG><a name="[270]"></a>llSetupDirectedAdvEvt</STRONG> (Thumb, 0 bytes, Stack size 0 bytes, rom1Sym.txt(ABSOLUTE))
<BR><BR>[Called By]<UL><LI><a href="#[46]">&gt;&gt;</a>&nbsp;&nbsp;&nbsp;llSetupAdv1 (via Veneer)
</UL>

<P><STRONG><a name="[272]"></a>llSetupNonConnectableAdvEvt</STRONG> (Thumb, 0 bytes, Stack size 0 bytes, rom1Sym.txt(ABSOLUTE))
<BR><BR>[Called By]<UL><LI><a href="#[46]">&gt;&gt;</a>&nbsp;&nbsp;&nbsp;llSetupAdv1 (via Veneer)
</UL>

<P><STRONG><a name="[273]"></a>llSetupScannableAdvEvt</STRONG> (Thumb, 0 bytes, Stack size 0 bytes, rom1Sym.txt(ABSOLUTE))
<BR><BR>[Called By]<UL><LI><a href="#[46]">&gt;&gt;</a>&nbsp;&nbsp;&nbsp;llSetupAdv1 (via Veneer)
</UL>

<P><STRONG><a name="[271]"></a>llSetupUndirectedAdvEvt</STRONG> (Thumb, 0 bytes, Stack size 0 bytes, rom1Sym.txt(ABSOLUTE))
<BR><BR>[Called By]<UL><LI><a href="#[46]">&gt;&gt;</a>&nbsp;&nbsp;&nbsp;llSetupAdv1 (via Veneer)
</UL>

<P><STRONG><a name="[13d]"></a>ll_debug_output</STRONG> (Thumb, 0 bytes, Stack size 0 bytes, rom1Sym.txt(ABSOLUTE))
<BR><BR>[Called By]<UL><LI><a href="#[45]">&gt;&gt;</a>&nbsp;&nbsp;&nbsp;LL_SetScanControl1 (via Veneer)
</UL>

<P><STRONG><a name="[274]"></a>ll_hw_get_tr_mode</STRONG> (Thumb, 0 bytes, Stack size 0 bytes, rom1Sym.txt(ABSOLUTE))
<BR><BR>[Called By]<UL><LI><a href="#[43]">&gt;&gt;</a>&nbsp;&nbsp;&nbsp;ll_hw_go1 (via Veneer)
</UL>

<P><STRONG><a name="[26d]"></a>ll_hw_ign_rfifo</STRONG> (Thumb, 0 bytes, Stack size 0 bytes, rom1Sym.txt(ABSOLUTE))
<BR><BR>[Called By]<UL><LI><a href="#[46]">&gt;&gt;</a>&nbsp;&nbsp;&nbsp;llSetupAdv1 (via Veneer)
</UL>

<P><STRONG><a name="[26e]"></a>ll_hw_rst_rfifo</STRONG> (Thumb, 0 bytes, Stack size 0 bytes, rom1Sym.txt(ABSOLUTE))
<BR><BR>[Called By]<UL><LI><a href="#[46]">&gt;&gt;</a>&nbsp;&nbsp;&nbsp;llSetupAdv1 (via Veneer)
</UL>

<P><STRONG><a name="[26f]"></a>ll_hw_rst_tfifo</STRONG> (Thumb, 0 bytes, Stack size 0 bytes, rom1Sym.txt(ABSOLUTE))
<BR><BR>[Called By]<UL><LI><a href="#[46]">&gt;&gt;</a>&nbsp;&nbsp;&nbsp;llSetupAdv1 (via Veneer)
</UL>

<P><STRONG><a name="[13e]"></a>ll_hw_set_rx_timeout</STRONG> (Thumb, 0 bytes, Stack size 0 bytes, rom1Sym.txt(ABSOLUTE))
<BR><BR>[Called By]<UL><LI><a href="#[45]">&gt;&gt;</a>&nbsp;&nbsp;&nbsp;LL_SetScanControl1 (via Veneer)
</UL>

<P><STRONG><a name="[f3]"></a>osalTimeUpdate</STRONG> (Thumb, 0 bytes, Stack size 0 bytes, rom1Sym.txt(ABSOLUTE))
<BR><BR>[Called By]<UL><LI><a href="#[f2]">&gt;&gt;</a>&nbsp;&nbsp;&nbsp;EM_start_timer (via Veneer)
</UL>

<P><STRONG><a name="[289]"></a>osal_CbTimerInit</STRONG> (Thumb, 0 bytes, Stack size 0 bytes, rom1Sym.txt(ABSOLUTE))
<BR><BR>[Called By]<UL><LI><a href="#[61]">&gt;&gt;</a>&nbsp;&nbsp;&nbsp;osalInitTasks (via Veneer)
</UL>

<P><STRONG><a name="[29d]"></a>osal_CbTimerStart</STRONG> (Thumb, 0 bytes, Stack size 0 bytes, rom1Sym.txt(ABSOLUTE))
<BR><BR>[Called By]<UL><LI><a href="#[f5]">&gt;&gt;</a>&nbsp;&nbsp;&nbsp;timer_add_entity (via Veneer)
</UL>

<P><STRONG><a name="[f8]"></a>osal_CbTimerStop</STRONG> (Thumb, 0 bytes, Stack size 0 bytes, rom1Sym.txt(ABSOLUTE))
<BR><BR>[Called By]<UL><LI><a href="#[f6]">&gt;&gt;</a>&nbsp;&nbsp;&nbsp;EM_stop_timer (via Veneer)
</UL>

<P><STRONG><a name="[223]"></a>osal_GetSystemClock</STRONG> (Thumb, 0 bytes, Stack size 0 bytes, rom1Sym.txt(ABSOLUTE))
<BR><BR>[Called By]<UL><LI><a href="#[fb]">&gt;&gt;</a>&nbsp;&nbsp;&nbsp;em_timer_get_ms_timestamp (via Veneer)
</UL>

<P><STRONG><a name="[228]"></a>osal_get_timeoutEx</STRONG> (Thumb, 0 bytes, Stack size 0 bytes, rom1Sym.txt(ABSOLUTE))
<BR><BR>[Called By]<UL><LI><a href="#[227]">&gt;&gt;</a>&nbsp;&nbsp;&nbsp;gapRole_ProcessGAPMsg (via Veneer)
</UL>

<P><STRONG><a name="[1ae]"></a>osal_init_system</STRONG> (Thumb, 0 bytes, Stack size 0 bytes, rom1Sym.txt(ABSOLUTE))
<BR><BR>[Called By]<UL><LI><a href="#[1ad]">&gt;&gt;</a>&nbsp;&nbsp;&nbsp;app_main (via Veneer)
</UL>

<P><STRONG><a name="[103]"></a>osal_isbufset</STRONG> (Thumb, 0 bytes, Stack size 0 bytes, rom1Sym.txt(ABSOLUTE))
<BR><BR>[Called By]<UL><LI><a href="#[fe]">&gt;&gt;</a>&nbsp;&nbsp;&nbsp;GAPBondMgr_LinkEst (via Veneer)
<LI><a href="#[ff]">&gt;&gt;</a>&nbsp;&nbsp;&nbsp;GAPBondMgr_ResolveAddr (via Veneer)
</UL>

<P><STRONG><a name="[eb]"></a>osal_mem_alloc</STRONG> (Thumb, 0 bytes, Stack size 0 bytes, rom1Sym.txt(ABSOLUTE))
<BR><BR>[Called By]<UL><LI><a href="#[e9]">&gt;&gt;</a>&nbsp;&nbsp;&nbsp;GATTServApp_RegisterService (via Veneer)
<LI><a href="#[61]">&gt;&gt;</a>&nbsp;&nbsp;&nbsp;osalInitTasks (via Veneer)
<LI><a href="#[ea]">&gt;&gt;</a>&nbsp;&nbsp;&nbsp;EM_alloc_mem (via Veneer)
</UL>

<P><STRONG><a name="[f1]"></a>osal_mem_free</STRONG> (Thumb, 0 bytes, Stack size 0 bytes, rom1Sym.txt(ABSOLUTE))
<BR><BR>[Called By]<UL><LI><a href="#[11b]">&gt;&gt;</a>&nbsp;&nbsp;&nbsp;GATTServApp_DeregisterService (via Veneer)
<LI><a href="#[f0]">&gt;&gt;</a>&nbsp;&nbsp;&nbsp;EM_free_mem (via Veneer)
</UL>

<P><STRONG><a name="[276]"></a>osal_mem_set_heap</STRONG> (Thumb, 0 bytes, Stack size 0 bytes, rom1Sym.txt(ABSOLUTE))
<BR><BR>[Called By]<UL><LI><a href="#[21]">&gt;&gt;</a>&nbsp;&nbsp;&nbsp;main (via Veneer)
</UL>

<P><STRONG><a name="[10b]"></a>osal_memcmp</STRONG> (Thumb, 0 bytes, Stack size 0 bytes, rom1Sym.txt(ABSOLUTE))
<BR><BR>[Called By]<UL><LI><a href="#[22f]">&gt;&gt;</a>&nbsp;&nbsp;&nbsp;gattServApp_ProcessFindByTypeValueReq (via Veneer)
<LI><a href="#[ff]">&gt;&gt;</a>&nbsp;&nbsp;&nbsp;GAPBondMgr_ResolveAddr (via Veneer)
<LI><a href="#[10a]">&gt;&gt;</a>&nbsp;&nbsp;&nbsp;gapBondMgrFindAddr (via Veneer)
</UL>

<P><STRONG><a name="[d7]"></a>osal_memcpy</STRONG> (Thumb, 0 bytes, Stack size 0 bytes, rom1Sym.txt(ABSOLUTE))
<BR><BR>[Called By]<UL><LI><a href="#[50]">&gt;&gt;</a>&nbsp;&nbsp;&nbsp;ggs_WriteAttrCB (via Veneer)
<LI><a href="#[4f]">&gt;&gt;</a>&nbsp;&nbsp;&nbsp;ggs_ReadAttrCB (via Veneer)
<LI><a href="#[5c]">&gt;&gt;</a>&nbsp;&nbsp;&nbsp;GAPRole_ProcessEvent (via Veneer)
<LI><a href="#[227]">&gt;&gt;</a>&nbsp;&nbsp;&nbsp;gapRole_ProcessGAPMsg (via Veneer)
<LI><a href="#[128]">&gt;&gt;</a>&nbsp;&nbsp;&nbsp;GATTServApp_ReadAttr (via Veneer)
<LI><a href="#[236]">&gt;&gt;</a>&nbsp;&nbsp;&nbsp;gattServApp_ProcessReadMultiReq (via Veneer)
<LI><a href="#[233]">&gt;&gt;</a>&nbsp;&nbsp;&nbsp;gattServApp_ProcessReadByTypeReq (via Veneer)
<LI><a href="#[237]">&gt;&gt;</a>&nbsp;&nbsp;&nbsp;gattServApp_ProcessReadByGrpTypeReq (via Veneer)
<LI><a href="#[239]">&gt;&gt;</a>&nbsp;&nbsp;&nbsp;gattServApp_ProcessPrepareWriteReq (via Veneer)
<LI><a href="#[4d]">&gt;&gt;</a>&nbsp;&nbsp;&nbsp;devInfo_ReadAttrCB (via Veneer)
<LI><a href="#[d6]">&gt;&gt;</a>&nbsp;&nbsp;&nbsp;BLE_gap_connect (via Veneer)
<LI><a href="#[54]">&gt;&gt;</a>&nbsp;&nbsp;&nbsp;ProcessUartData (via Veneer)
<LI><a href="#[102]">&gt;&gt;</a>&nbsp;&nbsp;&nbsp;osal_snv_read (via Veneer)
<LI><a href="#[ff]">&gt;&gt;</a>&nbsp;&nbsp;&nbsp;GAPBondMgr_ResolveAddr (via Veneer)
<LI><a href="#[10d]">&gt;&gt;</a>&nbsp;&nbsp;&nbsp;gapBondMgrGetPublicAddr (via Veneer)
<LI><a href="#[108]">&gt;&gt;</a>&nbsp;&nbsp;&nbsp;gapBondMgrAuthenticate (via Veneer)
<LI><a href="#[135]">&gt;&gt;</a>&nbsp;&nbsp;&nbsp;GGS_SetParameter (via Veneer)
<LI><a href="#[1fd]">&gt;&gt;</a>&nbsp;&nbsp;&nbsp;mesh_proxy_notify_data_out (via Veneer)
<LI><a href="#[1fc]">&gt;&gt;</a>&nbsp;&nbsp;&nbsp;mesh_prov_notify_data_out (via Veneer)
<LI><a href="#[1fb]">&gt;&gt;</a>&nbsp;&nbsp;&nbsp;mesh_client_send_wwr (via Veneer)
</UL>

<P><STRONG><a name="[de]"></a>osal_memset</STRONG> (Thumb, 0 bytes, Stack size 0 bytes, rom1Sym.txt(ABSOLUTE))
<BR><BR>[Called By]<UL><LI><a href="#[fe]">&gt;&gt;</a>&nbsp;&nbsp;&nbsp;GAPBondMgr_LinkEst (via Veneer)
<LI><a href="#[10e]">&gt;&gt;</a>&nbsp;&nbsp;&nbsp;GAPRole_Init (via Veneer)
<LI><a href="#[227]">&gt;&gt;</a>&nbsp;&nbsp;&nbsp;gapRole_ProcessGAPMsg (via Veneer)
<LI><a href="#[128]">&gt;&gt;</a>&nbsp;&nbsp;&nbsp;GATTServApp_ReadAttr (via Veneer)
<LI><a href="#[11f]">&gt;&gt;</a>&nbsp;&nbsp;&nbsp;gattServApp_SetNumPrepareWrites (via Veneer)
<LI><a href="#[22f]">&gt;&gt;</a>&nbsp;&nbsp;&nbsp;gattServApp_ProcessFindByTypeValueReq (via Veneer)
<LI><a href="#[22d]">&gt;&gt;</a>&nbsp;&nbsp;&nbsp;gattServApp_ProcessExecuteWriteReq (via Veneer)
<LI><a href="#[29]">&gt;&gt;</a>&nbsp;&nbsp;&nbsp;gattServApp_HandleConnStatusCB (via Veneer)
<LI><a href="#[dc]">&gt;&gt;</a>&nbsp;&nbsp;&nbsp;BLE_gap_set_adv_params (via Veneer)
<LI><a href="#[61]">&gt;&gt;</a>&nbsp;&nbsp;&nbsp;osalInitTasks (via Veneer)
<LI><a href="#[101]">&gt;&gt;</a>&nbsp;&nbsp;&nbsp;gapBondMgrBondReq (via Veneer)
<LI><a href="#[108]">&gt;&gt;</a>&nbsp;&nbsp;&nbsp;gapBondMgrAuthenticate (via Veneer)
<LI><a href="#[135]">&gt;&gt;</a>&nbsp;&nbsp;&nbsp;GGS_SetParameter (via Veneer)
<LI><a href="#[1de]">&gt;&gt;</a>&nbsp;&nbsp;&nbsp;light_init (via Veneer)
</UL>

<P><STRONG><a name="[130]"></a>osal_msg_allocate</STRONG> (Thumb, 0 bytes, Stack size 0 bytes, rom1Sym.txt(ABSOLUTE))
<BR><BR>[Called By]<UL><LI><a href="#[126]">&gt;&gt;</a>&nbsp;&nbsp;&nbsp;GATTServApp_SendCCCUpdatedEvent (via Veneer)
</UL>

<P><STRONG><a name="[112]"></a>osal_msg_deallocate</STRONG> (Thumb, 0 bytes, Stack size 0 bytes, rom1Sym.txt(ABSOLUTE))
<BR><BR>[Called By]<UL><LI><a href="#[5c]">&gt;&gt;</a>&nbsp;&nbsp;&nbsp;GAPRole_ProcessEvent (via Veneer)
<LI><a href="#[5d]">&gt;&gt;</a>&nbsp;&nbsp;&nbsp;GATTServApp_ProcessEvent (via Veneer)
<LI><a href="#[5e]">&gt;&gt;</a>&nbsp;&nbsp;&nbsp;bleMesh_ProcessEvent (via Veneer)
</UL>

<P><STRONG><a name="[110]"></a>osal_msg_receive</STRONG> (Thumb, 0 bytes, Stack size 0 bytes, rom1Sym.txt(ABSOLUTE))
<BR><BR>[Called By]<UL><LI><a href="#[5c]">&gt;&gt;</a>&nbsp;&nbsp;&nbsp;GAPRole_ProcessEvent (via Veneer)
<LI><a href="#[5d]">&gt;&gt;</a>&nbsp;&nbsp;&nbsp;GATTServApp_ProcessEvent (via Veneer)
<LI><a href="#[5e]">&gt;&gt;</a>&nbsp;&nbsp;&nbsp;bleMesh_ProcessEvent (via Veneer)
</UL>

<P><STRONG><a name="[131]"></a>osal_msg_send</STRONG> (Thumb, 0 bytes, Stack size 0 bytes, rom1Sym.txt(ABSOLUTE))
<BR><BR>[Called By]<UL><LI><a href="#[126]">&gt;&gt;</a>&nbsp;&nbsp;&nbsp;GATTServApp_SendCCCUpdatedEvent (via Veneer)
</UL>

<P><STRONG><a name="[1af]"></a>osal_pwrmgr_device</STRONG> (Thumb, 0 bytes, Stack size 0 bytes, rom1Sym.txt(ABSOLUTE))
<BR><BR>[Called By]<UL><LI><a href="#[1ad]">&gt;&gt;</a>&nbsp;&nbsp;&nbsp;app_main (via Veneer)
</UL>

<P><STRONG><a name="[e3]"></a>osal_set_event</STRONG> (Thumb, 0 bytes, Stack size 0 bytes, rom1Sym.txt(ABSOLUTE))
<BR><BR>[Called By]<UL><LI><a href="#[227]">&gt;&gt;</a>&nbsp;&nbsp;&nbsp;gapRole_ProcessGAPMsg (via Veneer)
<LI><a href="#[1d0]">&gt;&gt;</a>&nbsp;&nbsp;&nbsp;bleMesh_Init (via Veneer)
<LI><a href="#[e1]">&gt;&gt;</a>&nbsp;&nbsp;&nbsp;BLE_gap_set_scan_enable (via Veneer)
<LI><a href="#[54]">&gt;&gt;</a>&nbsp;&nbsp;&nbsp;ProcessUartData (via Veneer)
<LI><a href="#[167]">&gt;&gt;</a>&nbsp;&nbsp;&nbsp;light_blink_set (via Veneer)
<LI><a href="#[46]">&gt;&gt;</a>&nbsp;&nbsp;&nbsp;llSetupAdv1 (via Veneer)
<LI><a href="#[45]">&gt;&gt;</a>&nbsp;&nbsp;&nbsp;LL_SetScanControl1 (via Veneer)
</UL>

<P><STRONG><a name="[1b0]"></a>osal_start_system</STRONG> (Thumb, 0 bytes, Stack size 0 bytes, rom1Sym.txt(ABSOLUTE))
<BR><BR>[Called By]<UL><LI><a href="#[1ad]">&gt;&gt;</a>&nbsp;&nbsp;&nbsp;app_main (via Veneer)
</UL>

<P><STRONG><a name="[114]"></a>osal_start_timerEx</STRONG> (Thumb, 0 bytes, Stack size 0 bytes, rom1Sym.txt(ABSOLUTE))
<BR><BR>[Called By]<UL><LI><a href="#[5c]">&gt;&gt;</a>&nbsp;&nbsp;&nbsp;GAPRole_ProcessEvent (via Veneer)
<LI><a href="#[115]">&gt;&gt;</a>&nbsp;&nbsp;&nbsp;gapRole_startConnUpdate (via Veneer)
<LI><a href="#[111]">&gt;&gt;</a>&nbsp;&nbsp;&nbsp;gapRole_ProcessOSALMsg (via Veneer)
<LI><a href="#[227]">&gt;&gt;</a>&nbsp;&nbsp;&nbsp;gapRole_ProcessGAPMsg (via Veneer)
<LI><a href="#[1db]">&gt;&gt;</a>&nbsp;&nbsp;&nbsp;light_blink_porcess_evt (via Veneer)
<LI><a href="#[31]">&gt;&gt;</a>&nbsp;&nbsp;&nbsp;UI_prov_callback (via Veneer)
</UL>

<P><STRONG><a name="[118]"></a>osal_stop_timerEx</STRONG> (Thumb, 0 bytes, Stack size 0 bytes, rom1Sym.txt(ABSOLUTE))
<BR><BR>[Called By]<UL><LI><a href="#[116]">&gt;&gt;</a>&nbsp;&nbsp;&nbsp;GAPRole_SendUpdateParam (via Veneer)
<LI><a href="#[111]">&gt;&gt;</a>&nbsp;&nbsp;&nbsp;gapRole_ProcessOSALMsg (via Veneer)
<LI><a href="#[227]">&gt;&gt;</a>&nbsp;&nbsp;&nbsp;gapRole_ProcessGAPMsg (via Veneer)
<LI><a href="#[1db]">&gt;&gt;</a>&nbsp;&nbsp;&nbsp;light_blink_porcess_evt (via Veneer)
<LI><a href="#[37]">&gt;&gt;</a>&nbsp;&nbsp;&nbsp;UI_gatt_iface_event_pl_cb (via Veneer)
</UL>

<P><STRONG><a name="[12e]"></a>osal_strlen</STRONG> (Thumb, 0 bytes, Stack size 0 bytes, rom1Sym.txt(ABSOLUTE))
<BR><BR>[Called By]<UL><LI><a href="#[50]">&gt;&gt;</a>&nbsp;&nbsp;&nbsp;ggs_WriteAttrCB (via Veneer)
<LI><a href="#[4f]">&gt;&gt;</a>&nbsp;&nbsp;&nbsp;ggs_ReadAttrCB (via Veneer)
<LI><a href="#[128]">&gt;&gt;</a>&nbsp;&nbsp;&nbsp;GATTServApp_ReadAttr (via Veneer)
</UL>

<P><STRONG><a name="[13f]"></a>read_current_fine_time</STRONG> (Thumb, 0 bytes, Stack size 0 bytes, rom1Sym.txt(ABSOLUTE))
<BR><BR>[Called By]<UL><LI><a href="#[45]">&gt;&gt;</a>&nbsp;&nbsp;&nbsp;LL_SetScanControl1 (via Veneer)
</UL>

<P><STRONG><a name="[275]"></a>set_max_length</STRONG> (Thumb, 0 bytes, Stack size 0 bytes, rom1Sym.txt(ABSOLUTE))
<BR><BR>[Called By]<UL><LI><a href="#[43]">&gt;&gt;</a>&nbsp;&nbsp;&nbsp;ll_hw_go1 (via Veneer)
</UL>

<P><STRONG><a name="[265]"></a>wakeup_init</STRONG> (Thumb, 0 bytes, Stack size 0 bytes, rom1Sym.txt(ABSOLUTE))
<BR><BR>[Called By]<UL><LI><a href="#[262]">&gt;&gt;</a>&nbsp;&nbsp;&nbsp;hal_rom_code_ini (via Veneer)
</UL>

<P><STRONG><a name="[1c4]"></a>APP_config_server_CB_init</STRONG> (Thumb, 6 bytes, Stack size 0 bytes, libethermind_mesh_core.lib(i.APP_config_server_CB_init))
<BR><BR>[Called By]<UL><LI><a href="#[1b7]">&gt;&gt;</a>&nbsp;&nbsp;&nbsp;appl_mesh_sample (via Veneer)
</UL>

<P><STRONG><a name="[17e]"></a>MS_access_bind_model_app</STRONG> (Thumb, 92 bytes, Stack size 16 bytes, libethermind_mesh_core.lib(i.MS_access_bind_model_app))
<BR><BR>[Stack]<UL><LI>Max Depth = 160<LI>Call Chain = MS_access_bind_model_app &rArr; ms_access_ps_store &rArr; nvsto_open &rArr; nvs_open &rArr; NV_Write &rArr; WriteFlash &rArr; ProgramWord
</UL>
<BR>[Calls]<UL><LI><a href="#[2a4]">&gt;&gt;</a>&nbsp;&nbsp;&nbsp;bitarray_set_bit (via Veneer)
<LI><a href="#[2a5]">&gt;&gt;</a>&nbsp;&nbsp;&nbsp;ms_access_ps_store
</UL>
<BR>[Called By]<UL><LI><a href="#[17b]">&gt;&gt;</a>&nbsp;&nbsp;&nbsp;UI_sample_binding_app_key (via Veneer)
<LI><a href="#[32f]">&gt;&gt;</a>&nbsp;&nbsp;&nbsp;config_model_app_bind_unbind_handler
</UL>

<P><STRONG><a name="[2a6]"></a>MS_access_cm_add_appkey</STRONG> (Thumb, 162 bytes, Stack size 32 bytes, libethermind_mesh_core.lib(i.MS_access_cm_add_appkey))
<BR><BR>[Stack]<UL><LI>Max Depth = 424<LI>Call Chain = MS_access_cm_add_appkey &rArr; ms_stbx_k4 &rArr; ms_stbx_s1 &rArr; cry_aes_128_cmac &rArr; aes_cmac &rArr; aes_cmac_generate_mac &rArr; aes_cmac_finalize_mac &rArr; aes_cmac_128B_encrypt_pl &rArr; cry_aes_128_encrypt
</UL>
<BR>[Calls]<UL><LI><a href="#[17d]">&gt;&gt;</a>&nbsp;&nbsp;&nbsp;memcmp (via Veneer)
<LI><a href="#[f4]">&gt;&gt;</a>&nbsp;&nbsp;&nbsp;__aeabi_memcpy (via Veneer)
<LI><a href="#[2a7]">&gt;&gt;</a>&nbsp;&nbsp;&nbsp;ms_stbx_k4
<LI><a href="#[2a4]">&gt;&gt;</a>&nbsp;&nbsp;&nbsp;bitarray_set_bit (via Veneer)
<LI><a href="#[2a5]">&gt;&gt;</a>&nbsp;&nbsp;&nbsp;ms_access_ps_store
</UL>
<BR>[Called By]<UL><LI><a href="#[321]">&gt;&gt;</a>&nbsp;&nbsp;&nbsp;config_appkey_add_update_delete_handler
</UL>

<P><STRONG><a name="[2a8]"></a>MS_access_cm_add_device_key</STRONG> (Thumb, 56 bytes, Stack size 24 bytes, libethermind_mesh_core.lib(i.MS_access_cm_add_device_key))
<BR><BR>[Stack]<UL><LI>Max Depth = 168<LI>Call Chain = MS_access_cm_add_device_key &rArr; ms_access_ps_store &rArr; nvsto_open &rArr; nvs_open &rArr; NV_Write &rArr; WriteFlash &rArr; ProgramWord
</UL>
<BR>[Calls]<UL><LI><a href="#[f4]">&gt;&gt;</a>&nbsp;&nbsp;&nbsp;__aeabi_memcpy (via Veneer)
<LI><a href="#[2a5]">&gt;&gt;</a>&nbsp;&nbsp;&nbsp;ms_access_ps_store
</UL>
<BR>[Called By]<UL><LI><a href="#[397]">&gt;&gt;</a>&nbsp;&nbsp;&nbsp;prov_procedure_complete
</UL>

<P><STRONG><a name="[2a9]"></a>MS_access_cm_add_friend_sec_credential</STRONG> (Thumb, 166 bytes, Stack size 112 bytes, libethermind_mesh_core.lib(i.MS_access_cm_add_friend_sec_credential))
<BR><BR>[Stack]<UL><LI>Max Depth = 680<LI>Call Chain = MS_access_cm_add_friend_sec_credential &rArr; ms_stbx_k2 &rArr; ms_stbx_s1 &rArr; cry_aes_128_cmac &rArr; aes_cmac &rArr; aes_cmac_generate_mac &rArr; aes_cmac_finalize_mac &rArr; aes_cmac_128B_encrypt_pl &rArr; cry_aes_128_encrypt
</UL>
<BR>[Calls]<UL><LI><a href="#[1c7]">&gt;&gt;</a>&nbsp;&nbsp;&nbsp;blebrr_scan_pl (via Veneer)
<LI><a href="#[f4]">&gt;&gt;</a>&nbsp;&nbsp;&nbsp;__aeabi_memcpy (via Veneer)
<LI><a href="#[2aa]">&gt;&gt;</a>&nbsp;&nbsp;&nbsp;ms_stbx_k2
<LI><a href="#[2a4]">&gt;&gt;</a>&nbsp;&nbsp;&nbsp;bitarray_set_bit (via Veneer)
<LI><a href="#[182]">&gt;&gt;</a>&nbsp;&nbsp;&nbsp;MS_access_cm_get_netkey
<LI><a href="#[2a5]">&gt;&gt;</a>&nbsp;&nbsp;&nbsp;ms_access_ps_store
</UL>
<BR>[Called By]<UL><LI><a href="#[91]">&gt;&gt;</a>&nbsp;&nbsp;&nbsp;trn_frndreq_rsp_handler
<LI><a href="#[3b6]">&gt;&gt;</a>&nbsp;&nbsp;&nbsp;trn_handle_frnd_offer
</UL>

<P><STRONG><a name="[2a1]"></a>MS_access_cm_add_model_subscription</STRONG> (Thumb, 98 bytes, Stack size 32 bytes, libethermind_mesh_core.lib(i.MS_access_cm_add_model_subscription))
<BR><BR>[Stack]<UL><LI>Max Depth = 440<LI>Call Chain = MS_access_cm_add_model_subscription &rArr; ms_search_and_add_virtual_address &rArr; ms_stbx_va &rArr; ms_stbx_s1 &rArr; cry_aes_128_cmac &rArr; aes_cmac &rArr; aes_cmac_generate_mac &rArr; aes_cmac_finalize_mac &rArr; aes_cmac_128B_encrypt_pl &rArr; cry_aes_128_encrypt
</UL>
<BR>[Calls]<UL><LI><a href="#[2a4]">&gt;&gt;</a>&nbsp;&nbsp;&nbsp;bitarray_set_bit (via Veneer)
<LI><a href="#[2ac]">&gt;&gt;</a>&nbsp;&nbsp;&nbsp;ms_search_and_add_virtual_address
<LI><a href="#[2ab]">&gt;&gt;</a>&nbsp;&nbsp;&nbsp;ms_search_and_add_address
<LI><a href="#[2a5]">&gt;&gt;</a>&nbsp;&nbsp;&nbsp;ms_access_ps_store
</UL>
<BR>[Called By]<UL><LI><a href="#[14d]">&gt;&gt;</a>&nbsp;&nbsp;&nbsp;vm_subscriptiong_add (via Veneer)
<LI><a href="#[339]">&gt;&gt;</a>&nbsp;&nbsp;&nbsp;config_model_subscription_overwrite_handler
<LI><a href="#[335]">&gt;&gt;</a>&nbsp;&nbsp;&nbsp;config_model_subscription_add_handler
<LI><a href="#[31b]">&gt;&gt;</a>&nbsp;&nbsp;&nbsp;MS_trn_set_heartbeat_subscription
</UL>

<P><STRONG><a name="[2ad]"></a>MS_access_cm_add_update_netkey</STRONG> (Thumb, 198 bytes, Stack size 24 bytes, libethermind_mesh_core.lib(i.MS_access_cm_add_update_netkey))
<BR><BR>[Stack]<UL><LI>Max Depth = 800<LI>Call Chain = MS_access_cm_add_update_netkey &rArr; ms_access_cm_update_key_refresh_phase &rArr; ms_access_cm_refresh_all_friend_credentials &rArr; ms_access_cm_friend_credentials_refresh &rArr; ms_stbx_k2 &rArr; ms_stbx_s1 &rArr; cry_aes_128_cmac &rArr; aes_cmac &rArr; aes_cmac_generate_mac &rArr; aes_cmac_finalize_mac &rArr; aes_cmac_128B_encrypt_pl &rArr; cry_aes_128_encrypt
</UL>
<BR>[Calls]<UL><LI><a href="#[17d]">&gt;&gt;</a>&nbsp;&nbsp;&nbsp;memcmp (via Veneer)
<LI><a href="#[1cf]">&gt;&gt;</a>&nbsp;&nbsp;&nbsp;bitarray_reset_all (via Veneer)
<LI><a href="#[2af]">&gt;&gt;</a>&nbsp;&nbsp;&nbsp;ms_access_cm_update_key_refresh_phase
<LI><a href="#[2ae]">&gt;&gt;</a>&nbsp;&nbsp;&nbsp;ms_access_cm_save_netkey_at_offset
</UL>
<BR>[Called By]<UL><LI><a href="#[166]">&gt;&gt;</a>&nbsp;&nbsp;&nbsp;MS_access_cm_set_prov_data
<LI><a href="#[69]">&gt;&gt;</a>&nbsp;&nbsp;&nbsp;config_server_cb
</UL>

<P><STRONG><a name="[2b0]"></a>MS_access_cm_delete_all_model_subscription</STRONG> (Thumb, 70 bytes, Stack size 16 bytes, libethermind_mesh_core.lib(i.MS_access_cm_delete_all_model_subscription))
<BR><BR>[Stack]<UL><LI>Max Depth = 176<LI>Call Chain = MS_access_cm_delete_all_model_subscription &rArr; ms_delete_address &rArr; ms_access_ps_store &rArr; nvsto_open &rArr; nvs_open &rArr; NV_Write &rArr; WriteFlash &rArr; ProgramWord
</UL>
<BR>[Calls]<UL><LI><a href="#[1cf]">&gt;&gt;</a>&nbsp;&nbsp;&nbsp;bitarray_reset_all (via Veneer)
<LI><a href="#[1ce]">&gt;&gt;</a>&nbsp;&nbsp;&nbsp;bitarray_get_lowest_bit_set (via Veneer)
<LI><a href="#[2b1]">&gt;&gt;</a>&nbsp;&nbsp;&nbsp;ms_delete_address
<LI><a href="#[2a5]">&gt;&gt;</a>&nbsp;&nbsp;&nbsp;ms_access_ps_store
</UL>
<BR>[Called By]<UL><LI><a href="#[339]">&gt;&gt;</a>&nbsp;&nbsp;&nbsp;config_model_subscription_overwrite_handler
<LI><a href="#[336]">&gt;&gt;</a>&nbsp;&nbsp;&nbsp;config_model_subscription_delete_all_handler
</UL>

<P><STRONG><a name="[2b2]"></a>MS_access_cm_delete_friend_sec_credential</STRONG> (Thumb, 40 bytes, Stack size 16 bytes, libethermind_mesh_core.lib(i.MS_access_cm_delete_friend_sec_credential))
<BR><BR>[Stack]<UL><LI>Max Depth = 80<LI>Call Chain = MS_access_cm_delete_friend_sec_credential &rArr; MS_access_cm_delete_netkey &rArr; bitarray_get_lowest_bit_set
</UL>
<BR>[Calls]<UL><LI><a href="#[2b3]">&gt;&gt;</a>&nbsp;&nbsp;&nbsp;bitarray_reset_bit (via Veneer)
<LI><a href="#[2b4]">&gt;&gt;</a>&nbsp;&nbsp;&nbsp;MS_access_cm_delete_netkey
</UL>
<BR>[Called By]<UL><LI><a href="#[30d]">&gt;&gt;</a>&nbsp;&nbsp;&nbsp;frnd_clear_lpn_element
</UL>

<P><STRONG><a name="[2a3]"></a>MS_access_cm_delete_model_subscription</STRONG> (Thumb, 98 bytes, Stack size 24 bytes, libethermind_mesh_core.lib(i.MS_access_cm_delete_model_subscription))
<BR><BR>[Stack]<UL><LI>Max Depth = 184<LI>Call Chain = MS_access_cm_delete_model_subscription &rArr; ms_delete_address &rArr; ms_access_ps_store &rArr; nvsto_open &rArr; nvs_open &rArr; NV_Write &rArr; WriteFlash &rArr; ProgramWord
</UL>
<BR>[Calls]<UL><LI><a href="#[2b3]">&gt;&gt;</a>&nbsp;&nbsp;&nbsp;bitarray_reset_bit (via Veneer)
<LI><a href="#[2b6]">&gt;&gt;</a>&nbsp;&nbsp;&nbsp;ms_search_virtual_address_on_label
<LI><a href="#[2b1]">&gt;&gt;</a>&nbsp;&nbsp;&nbsp;ms_delete_address
<LI><a href="#[2b5]">&gt;&gt;</a>&nbsp;&nbsp;&nbsp;ms_search_address
<LI><a href="#[2a5]">&gt;&gt;</a>&nbsp;&nbsp;&nbsp;ms_access_ps_store
</UL>
<BR>[Called By]<UL><LI><a href="#[14e]">&gt;&gt;</a>&nbsp;&nbsp;&nbsp;vm_subscriptiong_delete (via Veneer)
<LI><a href="#[337]">&gt;&gt;</a>&nbsp;&nbsp;&nbsp;config_model_subscription_delete_handler
</UL>

<P><STRONG><a name="[2b4]"></a>MS_access_cm_delete_netkey</STRONG> (Thumb, 68 bytes, Stack size 16 bytes, libethermind_mesh_core.lib(i.MS_access_cm_delete_netkey))
<BR><BR>[Stack]<UL><LI>Max Depth = 64<LI>Call Chain = MS_access_cm_delete_netkey &rArr; bitarray_get_lowest_bit_set
</UL>
<BR>[Calls]<UL><LI><a href="#[1ce]">&gt;&gt;</a>&nbsp;&nbsp;&nbsp;bitarray_get_lowest_bit_set (via Veneer)
<LI><a href="#[2b7]">&gt;&gt;</a>&nbsp;&nbsp;&nbsp;ms_delete_appkey
</UL>
<BR>[Called By]<UL><LI><a href="#[69]">&gt;&gt;</a>&nbsp;&nbsp;&nbsp;config_server_cb
<LI><a href="#[2b2]">&gt;&gt;</a>&nbsp;&nbsp;&nbsp;MS_access_cm_delete_friend_sec_credential
</UL>

<P><STRONG><a name="[389]"></a>MS_access_cm_find_master_subnet</STRONG> (Thumb, 18 bytes, Stack size 0 bytes, libethermind_mesh_core.lib(i.MS_access_cm_find_master_subnet))
<BR><BR>[Called By]<UL><LI><a href="#[385]">&gt;&gt;</a>&nbsp;&nbsp;&nbsp;net_pkt_in
</UL>

<P><STRONG><a name="[1c9]"></a>MS_access_cm_find_subnet</STRONG> (Thumb, 40 bytes, Stack size 16 bytes, libethermind_mesh_core.lib(i.MS_access_cm_find_subnet))
<BR><BR>[Stack]<UL><LI>Max Depth = 16<LI>Call Chain = MS_access_cm_find_subnet
</UL>
<BR>[Called By]<UL><LI><a href="#[166]">&gt;&gt;</a>&nbsp;&nbsp;&nbsp;MS_access_cm_set_prov_data
<LI><a href="#[39]">&gt;&gt;</a>&nbsp;&nbsp;&nbsp;appl_prov_callback (via Veneer)
<LI><a href="#[33b]">&gt;&gt;</a>&nbsp;&nbsp;&nbsp;config_node_identity_set_handler
<LI><a href="#[33a]">&gt;&gt;</a>&nbsp;&nbsp;&nbsp;config_node_identity_get_handler
<LI><a href="#[32d]">&gt;&gt;</a>&nbsp;&nbsp;&nbsp;config_key_refresh_phase_set_handler
<LI><a href="#[32c]">&gt;&gt;</a>&nbsp;&nbsp;&nbsp;config_key_refresh_phase_get_handler
<LI><a href="#[322]">&gt;&gt;</a>&nbsp;&nbsp;&nbsp;config_appkey_get_handler
<LI><a href="#[321]">&gt;&gt;</a>&nbsp;&nbsp;&nbsp;config_appkey_add_update_delete_handler
<LI><a href="#[69]">&gt;&gt;</a>&nbsp;&nbsp;&nbsp;config_server_cb
<LI><a href="#[318]">&gt;&gt;</a>&nbsp;&nbsp;&nbsp;MS_trn_set_heartbeat_publication
</UL>

<P><STRONG><a name="[17c]"></a>MS_access_cm_get_app_key</STRONG> (Thumb, 50 bytes, Stack size 12 bytes, libethermind_mesh_core.lib(i.MS_access_cm_get_app_key))
<BR><BR>[Stack]<UL><LI>Max Depth = 12<LI>Call Chain = MS_access_cm_get_app_key
</UL>
<BR>[Called By]<UL><LI><a href="#[17f]">&gt;&gt;</a>&nbsp;&nbsp;&nbsp;UI_sample_check_app_key (via Veneer)
<LI><a href="#[17b]">&gt;&gt;</a>&nbsp;&nbsp;&nbsp;UI_sample_binding_app_key (via Veneer)
<LI><a href="#[2e7]">&gt;&gt;</a>&nbsp;&nbsp;&nbsp;MS_trn_send_access_pdu
</UL>

<P><STRONG><a name="[2b8]"></a>MS_access_cm_get_appkey_handle</STRONG> (Thumb, 82 bytes, Stack size 40 bytes, libethermind_mesh_core.lib(i.MS_access_cm_get_appkey_handle))
<BR><BR>[Stack]<UL><LI>Max Depth = 52<LI>Call Chain = MS_access_cm_get_appkey_handle &rArr; memcmp
</UL>
<BR>[Calls]<UL><LI><a href="#[17d]">&gt;&gt;</a>&nbsp;&nbsp;&nbsp;memcmp (via Veneer)
</UL>
<BR>[Called By]<UL><LI><a href="#[321]">&gt;&gt;</a>&nbsp;&nbsp;&nbsp;config_appkey_add_update_delete_handler
</UL>

<P><STRONG><a name="[323]"></a>MS_access_cm_get_appkey_index_list</STRONG> (Thumb, 88 bytes, Stack size 20 bytes, libethermind_mesh_core.lib(i.MS_access_cm_get_appkey_index_list))
<BR><BR>[Stack]<UL><LI>Max Depth = 20<LI>Call Chain = MS_access_cm_get_appkey_index_list
</UL>
<BR>[Called By]<UL><LI><a href="#[322]">&gt;&gt;</a>&nbsp;&nbsp;&nbsp;config_appkey_get_handler
</UL>

<P><STRONG><a name="[33c]"></a>MS_access_cm_get_default_ttl</STRONG> (Thumb, 18 bytes, Stack size 0 bytes, libethermind_mesh_core.lib(i.MS_access_cm_get_default_ttl))
<BR><BR>[Called By]<UL><LI><a href="#[69]">&gt;&gt;</a>&nbsp;&nbsp;&nbsp;config_server_cb
</UL>

<P><STRONG><a name="[180]"></a>MS_access_cm_get_device_key</STRONG> (Thumb, 40 bytes, Stack size 0 bytes, libethermind_mesh_core.lib(i.MS_access_cm_get_device_key))
<BR><BR>[Called By]<UL><LI><a href="#[169]">&gt;&gt;</a>&nbsp;&nbsp;&nbsp;UI_sample_get_device_key (via Veneer)
<LI><a href="#[2e7]">&gt;&gt;</a>&nbsp;&nbsp;&nbsp;MS_trn_send_access_pdu
<LI><a href="#[3af]">&gt;&gt;</a>&nbsp;&nbsp;&nbsp;trn_frame_decrypt_pdu
</UL>

<P><STRONG><a name="[1cb]"></a>MS_access_cm_get_element_count</STRONG> (Thumb, 10 bytes, Stack size 0 bytes, libethermind_mesh_core.lib(i.MS_access_cm_get_element_count))
<BR><BR>[Called By]<UL><LI><a href="#[1b5]">&gt;&gt;</a>&nbsp;&nbsp;&nbsp;appl_prov_register (via Veneer)
</UL>

<P><STRONG><a name="[31c]"></a>MS_access_cm_get_features</STRONG> (Thumb, 12 bytes, Stack size 0 bytes, libethermind_mesh_core.lib(i.MS_access_cm_get_features))
<BR><BR>[Called By]<UL><LI><a href="#[2cc]">&gt;&gt;</a>&nbsp;&nbsp;&nbsp;MS_trn_trigger_heartbeat
</UL>

<P><STRONG><a name="[185]"></a>MS_access_cm_get_features_field</STRONG> (Thumb, 26 bytes, Stack size 0 bytes, libethermind_mesh_core.lib(i.MS_access_cm_get_features_field))
<BR><BR>[Called By]<UL><LI><a href="#[183]">&gt;&gt;</a>&nbsp;&nbsp;&nbsp;UI_sample_reinit (via Veneer)
<LI><a href="#[327]">&gt;&gt;</a>&nbsp;&nbsp;&nbsp;config_gatt_proxy_get_set_handler
<LI><a href="#[325]">&gt;&gt;</a>&nbsp;&nbsp;&nbsp;config_beacon_get_set_handler
<LI><a href="#[69]">&gt;&gt;</a>&nbsp;&nbsp;&nbsp;config_server_cb
<LI><a href="#[2d5]">&gt;&gt;</a>&nbsp;&nbsp;&nbsp;MS_access_cm_set_node_identity
<LI><a href="#[2bd]">&gt;&gt;</a>&nbsp;&nbsp;&nbsp;MS_access_cm_get_node_identity
<LI><a href="#[385]">&gt;&gt;</a>&nbsp;&nbsp;&nbsp;net_pkt_in
<LI><a href="#[83]">&gt;&gt;</a>&nbsp;&nbsp;&nbsp;trn_pkt_in
</UL>

<P><STRONG><a name="[31d]"></a>MS_access_cm_get_friendship_role</STRONG> (Thumb, 12 bytes, Stack size 0 bytes, libethermind_mesh_core.lib(i.MS_access_cm_get_friendship_role))
<BR><BR>[Called By]<UL><LI><a href="#[2cc]">&gt;&gt;</a>&nbsp;&nbsp;&nbsp;MS_trn_trigger_heartbeat
<LI><a href="#[3b5]">&gt;&gt;</a>&nbsp;&nbsp;&nbsp;trn_handle_frnd_clear_cnf
<LI><a href="#[349]">&gt;&gt;</a>&nbsp;&nbsp;&nbsp;ltrn_send_ack
<LI><a href="#[7c]">&gt;&gt;</a>&nbsp;&nbsp;&nbsp;ltrn_pkt_in
</UL>

<P><STRONG><a name="[301]"></a>MS_access_cm_get_iv_index</STRONG> (Thumb, 32 bytes, Stack size 8 bytes, libethermind_mesh_core.lib(i.MS_access_cm_get_iv_index))
<BR><BR>[Stack]<UL><LI>Max Depth = 8<LI>Call Chain = MS_access_cm_get_iv_index
</UL>
<BR>[Called By]<UL><LI><a href="#[1ca]">&gt;&gt;</a>&nbsp;&nbsp;&nbsp;MS_net_broadcast_secure_beacon
<LI><a href="#[303]">&gt;&gt;</a>&nbsp;&nbsp;&nbsp;net_pkt_send
<LI><a href="#[90]">&gt;&gt;</a>&nbsp;&nbsp;&nbsp;trn_frndpoll_rsp_handler
<LI><a href="#[316]">&gt;&gt;</a>&nbsp;&nbsp;&nbsp;trn_frame_secure_pdu
<LI><a href="#[2fe]">&gt;&gt;</a>&nbsp;&nbsp;&nbsp;MS_net_send_pdu
</UL>

<P><STRONG><a name="[382]"></a>MS_access_cm_get_iv_index_by_ivi</STRONG> (Thumb, 32 bytes, Stack size 0 bytes, libethermind_mesh_core.lib(i.MS_access_cm_get_iv_index_by_ivi))
<BR><BR>[Called By]<UL><LI><a href="#[381]">&gt;&gt;</a>&nbsp;&nbsp;&nbsp;net_decode_frame
<LI><a href="#[3af]">&gt;&gt;</a>&nbsp;&nbsp;&nbsp;trn_frame_decrypt_pdu
</UL>

<P><STRONG><a name="[302]"></a>MS_access_cm_get_key_refresh_phase</STRONG> (Thumb, 32 bytes, Stack size 12 bytes, libethermind_mesh_core.lib(i.MS_access_cm_get_key_refresh_phase))
<BR><BR>[Stack]<UL><LI>Max Depth = 12<LI>Call Chain = MS_access_cm_get_key_refresh_phase
</UL>
<BR>[Called By]<UL><LI><a href="#[1ca]">&gt;&gt;</a>&nbsp;&nbsp;&nbsp;MS_net_broadcast_secure_beacon
<LI><a href="#[32c]">&gt;&gt;</a>&nbsp;&nbsp;&nbsp;config_key_refresh_phase_get_handler
<LI><a href="#[90]">&gt;&gt;</a>&nbsp;&nbsp;&nbsp;trn_frndpoll_rsp_handler
</UL>

<P><STRONG><a name="[2b9]"></a>MS_access_cm_get_model_app_list</STRONG> (Thumb, 82 bytes, Stack size 32 bytes, libethermind_mesh_core.lib(i.MS_access_cm_get_model_app_list))
[...]
</UL>
<BR>[Calls]<UL><LI><a href="#[f4]">&gt;&gt;</a>&nbsp;&nbsp;&nbsp;__aeabi_memcpy
<LI><a href="#[1a7]">&gt;&gt;</a>&nbsp;&nbsp;&nbsp;aes_cmac_128B_encrypt_pl
<LI><a href="#[1ab]">&gt;&gt;</a>&nbsp;&nbsp;&nbsp;aes_cmac_xor_16octet
<LI><a href="#[1ac]">&gt;&gt;</a>&nbsp;&nbsp;&nbsp;aes_cmac_1bit_leftshift_16octet_stream
</UL>
<BR>[Called By]<UL><LI><a href="#[1a4]">&gt;&gt;</a>&nbsp;&nbsp;&nbsp;aes_cmac
</UL>

<P><STRONG><a name="[1ab]"></a>aes_cmac_xor_16octet</STRONG> (Thumb, 18 bytes, Stack size 12 bytes, libethermind_utils.lib(i.aes_cmac_xor_16octet))
<BR><BR>[Stack]<UL><LI>Max Depth = 12<LI>Call Chain = aes_cmac_xor_16octet
</UL>
<BR>[Called By]<UL><LI><a href="#[1a5]">&gt;&gt;</a>&nbsp;&nbsp;&nbsp;aes_cmac_generate_subkeys
<LI><a href="#[1a6]">&gt;&gt;</a>&nbsp;&nbsp;&nbsp;aes_cmac_generate_mac
<LI><a href="#[1aa]">&gt;&gt;</a>&nbsp;&nbsp;&nbsp;aes_cmac_finalize_mac
</UL>

<P><STRONG><a name="[155]"></a>UI_generic_onoff_model_state_set</STRONG> (Thumb, 130 bytes, Stack size 24 bytes, appl_sample_example_phylight.o(i.UI_generic_onoff_model_state_set))
<BR><BR>[Stack]<UL><LI>Max Depth = 200<LI>Call Chain = UI_generic_onoff_model_state_set &rArr; EM_start_timer &rArr; EM_alloc_mem &rArr; osal_memory_statics &rArr; __2printf
</UL>
<BR>[Calls]<UL><LI><a href="#[f2]">&gt;&gt;</a>&nbsp;&nbsp;&nbsp;EM_start_timer
<LI><a href="#[157]">&gt;&gt;</a>&nbsp;&nbsp;&nbsp;generic_onoff_set_pl
<LI><a href="#[f4]">&gt;&gt;</a>&nbsp;&nbsp;&nbsp;__aeabi_memcpy
<LI><a href="#[ec]">&gt;&gt;</a>&nbsp;&nbsp;&nbsp;__2printf
<LI><a href="#[156]">&gt;&gt;</a>&nbsp;&nbsp;&nbsp;MS_proxy_fetch_state (via Veneer)
</UL>
<BR>[Called By]<UL><LI><a href="#[2f]">&gt;&gt;</a>&nbsp;&nbsp;&nbsp;UI_generic_onoff_server_cb
</UL>

<P><STRONG><a name="[2f]"></a>UI_generic_onoff_server_cb</STRONG> (Thumb, 156 bytes, Stack size 40 bytes, appl_sample_example_phylight.o(i.UI_generic_onoff_server_cb))
<BR><BR>[Stack]<UL><LI>Max Depth = 1880<LI>Call Chain = UI_generic_onoff_server_cb &rArr; MS_generic_onoff_server_state_update &rArr; MS_access_reply &rArr; ms_access_publish_ex &rArr; MS_access_send_pdu &rArr; MS_trn_send_access_pdu &rArr; MS_ltrn_send_pdu &rArr; ltrn_send_seg_pdu &rArr; ltrn_sar_transmit_segments &rArr; ltrn_sar_transmit_segment &rArr; MS_net_send_pdu &rArr; net_pkt_send &rArr; cry_aes_128_ccm_encrypt &rArr; aes_ccm_ae &rArr; aes_ccm_auth_start &rArr; aes_encrypt &rArr; cry_aes_128_encrypt
</UL>
<BR>[Calls]<UL><LI><a href="#[f4]">&gt;&gt;</a>&nbsp;&nbsp;&nbsp;__aeabi_memcpy
<LI><a href="#[155]">&gt;&gt;</a>&nbsp;&nbsp;&nbsp;UI_generic_onoff_model_state_set
<LI><a href="#[158]">&gt;&gt;</a>&nbsp;&nbsp;&nbsp;MS_generic_onoff_server_state_update (via Veneer)
<LI><a href="#[ec]">&gt;&gt;</a>&nbsp;&nbsp;&nbsp;__2printf
</UL>
<BR>[Address Reference Count : 1]<UL><LI> appl_sample_example_phylight.o(i.UI_register_generic_onoff_model_server)
</UL>
<P><STRONG><a name="[1d]"></a>UI_health_self_test_00</STRONG> (Thumb, 2 bytes, Stack size 0 bytes, appl_sample_example_phylight.o(i.UI_health_self_test_00))
<BR>[Address Reference Count : 1]<UL><LI> appl_sample_example_phylight.o(.data)
</UL>
<P><STRONG><a name="[1e]"></a>UI_health_self_test_01</STRONG> (Thumb, 2 bytes, Stack size 0 bytes, appl_sample_example_phylight.o(i.UI_health_self_test_01))
<BR>[Address Reference Count : 1]<UL><LI> appl_sample_example_phylight.o(.data)
</UL>
<P><STRONG><a name="[1f]"></a>UI_health_self_test_FF</STRONG> (Thumb, 2 bytes, Stack size 0 bytes, appl_sample_example_phylight.o(i.UI_health_self_test_FF))
<BR>[Address Reference Count : 1]<UL><LI> appl_sample_example_phylight.o(.data)
</UL>
<P><STRONG><a name="[2e]"></a>UI_health_server_cb</STRONG> (Thumb, 24 bytes, Stack size 8 bytes, appl_sample_example_phylight.o(i.UI_health_server_cb))
<BR><BR>[Stack]<UL><LI>Max Depth = 32<LI>Call Chain = UI_health_server_cb &rArr; __2printf
</UL>
<BR>[Calls]<UL><LI><a href="#[ec]">&gt;&gt;</a>&nbsp;&nbsp;&nbsp;__2printf
</UL>
<BR>[Address Reference Count : 1]<UL><LI> appl_sample_example_phylight.o(i.UI_register_foundation_model_servers)
</UL>
<P><STRONG><a name="[154]"></a>UI_prov_bind</STRONG> (Thumb, 60 bytes, Stack size 8 bytes, appl_sample_example_phylight.o(i.UI_prov_bind))
<BR><BR>[Stack]<UL><LI>Max Depth = 280<LI>Call Chain = UI_prov_bind &rArr; MS_prov_bind &rArr; prov_link_open &rArr; EM_start_timer &rArr; EM_alloc_mem &rArr; osal_memory_statics &rArr; __2printf
</UL>
<BR>[Calls]<UL><LI><a href="#[15f]">&gt;&gt;</a>&nbsp;&nbsp;&nbsp;MS_prov_bind (via Veneer)
<LI><a href="#[ec]">&gt;&gt;</a>&nbsp;&nbsp;&nbsp;__2printf
</UL>
<BR>[Called By]<UL><LI><a href="#[37]">&gt;&gt;</a>&nbsp;&nbsp;&nbsp;UI_gatt_iface_event_pl_cb
</UL>

<P><STRONG><a name="[31]"></a>UI_prov_callback</STRONG> (Thumb, 704 bytes, Stack size 48 bytes, appl_sample_example_phylight.o(i.UI_prov_callback))
<BR><BR>[Stack]<UL><LI>Max Depth = 872<LI>Call Chain = UI_prov_callback &rArr; MS_access_cm_set_prov_data &rArr; MS_access_cm_add_update_netkey &rArr; ms_access_cm_update_key_refresh_phase &rArr; ms_access_cm_refresh_all_friend_credentials &rArr; ms_access_cm_friend_credentials_refresh &rArr; ms_stbx_k2 &rArr; ms_stbx_s1 &rArr; cry_aes_128_cmac &rArr; aes_cmac &rArr; aes_cmac_generate_mac &rArr; aes_cmac_finalize_mac &rArr; aes_cmac_128B_encrypt_pl &rArr; cry_aes_128_encrypt
</UL>
<BR>[Calls]<UL><LI><a href="#[164]">&gt;&gt;</a>&nbsp;&nbsp;&nbsp;strlen (via Veneer)
<LI><a href="#[114]">&gt;&gt;</a>&nbsp;&nbsp;&nbsp;osal_start_timerEx (via Veneer)
<LI><a href="#[169]">&gt;&gt;</a>&nbsp;&nbsp;&nbsp;UI_sample_get_device_key
<LI><a href="#[167]">&gt;&gt;</a>&nbsp;&nbsp;&nbsp;light_blink_set
<LI><a href="#[161]">&gt;&gt;</a>&nbsp;&nbsp;&nbsp;light_reflash
<LI><a href="#[160]">&gt;&gt;</a>&nbsp;&nbsp;&nbsp;light_config
<LI><a href="#[168]">&gt;&gt;</a>&nbsp;&nbsp;&nbsp;mesh_model_device_provisioned_ind_pl
<LI><a href="#[165]">&gt;&gt;</a>&nbsp;&nbsp;&nbsp;appl_dump_bytes
<LI><a href="#[163]">&gt;&gt;</a>&nbsp;&nbsp;&nbsp;strcpy (via Veneer)
<LI><a href="#[162]">&gt;&gt;</a>&nbsp;&nbsp;&nbsp;MS_prov_set_authval (via Veneer)
<LI><a href="#[166]">&gt;&gt;</a>&nbsp;&nbsp;&nbsp;MS_access_cm_set_prov_data (via Veneer)
<LI><a href="#[136]">&gt;&gt;</a>&nbsp;&nbsp;&nbsp;__ARM_common_switch8 (via Veneer)
<LI><a href="#[ec]">&gt;&gt;</a>&nbsp;&nbsp;&nbsp;__2printf
</UL>
<BR>[Address Reference Count : 1]<UL><LI> appl_sample_example_phylight.o(i.UI_register_prov)
</UL>
<P><STRONG><a name="[175]"></a>UI_register_prov</STRONG> (Thumb, 50 bytes, Stack size 8 bytes, appl_sample_example_phylight.o(i.UI_register_prov))
<BR><BR>[Stack]<UL><LI>Max Depth = 32<LI>Call Chain = UI_register_prov &rArr; __2printf
</UL>
<BR>[Calls]<UL><LI><a href="#[176]">&gt;&gt;</a>&nbsp;&nbsp;&nbsp;MS_prov_register (via Veneer)
<LI><a href="#[ec]">&gt;&gt;</a>&nbsp;&nbsp;&nbsp;__2printf
</UL>
<BR>[Called By]<UL><LI><a href="#[1b7]">&gt;&gt;</a>&nbsp;&nbsp;&nbsp;appl_mesh_sample
</UL>

<P><STRONG><a name="[186]"></a>UI_setup_prov</STRONG> (Thumb, 116 bytes, Stack size 16 bytes, appl_sample_example_phylight.o(i.UI_setup_prov))
<BR><BR>[Stack]<UL><LI>Max Depth = 1672<LI>Call Chain = UI_setup_prov &rArr; MS_prov_setup &rArr; cry_ecdh_init &rArr; phyplus_ecdh_init &rArr; P256_ecdh_keygen &rArr; P256_pointmult &rArr; P256_jacobian_to_affine &rArr; P256_modinv &rArr; P256_sqrmod_many_and_mulmod &rArr; P256_mulmod &rArr; P256_mul128
</UL>
<BR>[Calls]<UL><LI><a href="#[16c]">&gt;&gt;</a>&nbsp;&nbsp;&nbsp;blebrr_gatt_mode_set
<LI><a href="#[18a]">&gt;&gt;</a>&nbsp;&nbsp;&nbsp;MS_prov_setup (via Veneer)
<LI><a href="#[ec]">&gt;&gt;</a>&nbsp;&nbsp;&nbsp;__2printf
</UL>
<BR>[Called By]<UL><LI><a href="#[183]">&gt;&gt;</a>&nbsp;&nbsp;&nbsp;UI_sample_reinit
</UL>

<P><STRONG><a name="[a2]"></a>P256_mul64</STRONG> (Thumb, 164 bytes, Stack size 0 bytes, p256-cortex-m0-ecdh-keil.o(.text))
<BR><BR>[Called By]<UL><LI><a href="#[a1]">&gt;&gt;</a>&nbsp;&nbsp;&nbsp;P256_mul128
</UL>

<P><STRONG><a name="[a1]"></a>P256_mul128</STRONG> (Thumb, 144 bytes, Stack size 28 bytes, p256-cortex-m0-ecdh-keil.o(.text))
<BR><BR>[Stack]<UL><LI>Max Depth = 28<LI>Call Chain = P256_mul128
</UL>
<BR>[Calls]<UL><LI><a href="#[a2]">&gt;&gt;</a>&nbsp;&nbsp;&nbsp;P256_mul64
</UL>
<BR>[Called By]<UL><LI><a href="#[22]">&gt;&gt;</a>&nbsp;&nbsp;&nbsp;P256_mulmod
</UL>

<P><STRONG><a name="[22]"></a>P256_mulmod</STRONG> (Thumb, 570 bytes, Stack size 104 bytes, p256-cortex-m0-ecdh-keil.o(.text))
<BR><BR>[Stack]<UL><LI>Max Depth = 132<LI>Call Chain = P256_mulmod &rArr; P256_mul128
</UL>
<BR>[Calls]<UL><LI><a href="#[a1]">&gt;&gt;</a>&nbsp;&nbsp;&nbsp;P256_mul128
</UL>
<BR>[Called By]<UL><LI><a href="#[af]">&gt;&gt;</a>&nbsp;&nbsp;&nbsp;P256_jacobian_to_affine
<LI><a href="#[ad]">&gt;&gt;</a>&nbsp;&nbsp;&nbsp;P256_modinv
<LI><a href="#[ac]">&gt;&gt;</a>&nbsp;&nbsp;&nbsp;P256_sqrmod_many_and_mulmod
<LI><a href="#[a6]">&gt;&gt;</a>&nbsp;&nbsp;&nbsp;P256_from_montgomery
<LI><a href="#[a5]">&gt;&gt;</a>&nbsp;&nbsp;&nbsp;P256_to_montgomery
</UL>
<BR>[Address Reference Count : 1]<UL><LI> p256-cortex-m0-ecdh-keil.o(.text)
</UL>
<P><STRONG><a name="[a4]"></a>P256_sqr64</STRONG> (Thumb, 94 bytes, Stack size 0 bytes, p256-cortex-m0-ecdh-keil.o(.text))
<BR><BR>[Called By]<UL><LI><a href="#[a3]">&gt;&gt;</a>&nbsp;&nbsp;&nbsp;P256_sqr128
</UL>

<P><STRONG><a name="[a3]"></a>P256_sqr128</STRONG> (Thumb, 124 bytes, Stack size 4 bytes, p256-cortex-m0-ecdh-keil.o(.text))
<BR><BR>[Stack]<UL><LI>Max Depth = 4<LI>Call Chain = P256_sqr128
</UL>
<BR>[Calls]<UL><LI><a href="#[a4]">&gt;&gt;</a>&nbsp;&nbsp;&nbsp;P256_sqr64
</UL>
<BR>[Called By]<UL><LI><a href="#[23]">&gt;&gt;</a>&nbsp;&nbsp;&nbsp;P256_sqrmod
</UL>

<P><STRONG><a name="[23]"></a>P256_sqrmod</STRONG> (Thumb, 244 bytes, Stack size 108 bytes, p256-cortex-m0-ecdh-keil.o(.text))
<BR><BR>[Stack]<UL><LI>Max Depth = 112<LI>Call Chain = P256_sqrmod &rArr; P256_sqr128
</UL>
<BR>[Calls]<UL><LI><a href="#[a3]">&gt;&gt;</a>&nbsp;&nbsp;&nbsp;P256_sqr128
</UL>
<BR>[Called By]<UL><LI><a href="#[af]">&gt;&gt;</a>&nbsp;&nbsp;&nbsp;P256_jacobian_to_affine
<LI><a href="#[ad]">&gt;&gt;</a>&nbsp;&nbsp;&nbsp;P256_modinv
<LI><a href="#[ac]">&gt;&gt;</a>&nbsp;&nbsp;&nbsp;P256_sqrmod_many_and_mulmod
</UL>
<BR>[Address Reference Count : 1]<UL><LI> p256-cortex-m0-ecdh-keil.o(.text)
</UL>
<P><STRONG><a name="[24]"></a>P256_addmod</STRONG> (Thumb, 92 bytes, Stack size 8 bytes, p256-cortex-m0-ecdh-keil.o(.text))
<BR><BR>[Stack]<UL><LI>Max Depth = 8<LI>Call Chain = P256_addmod
</UL>
<BR>[Address Reference Count : 1]<UL><LI> p256-cortex-m0-ecdh-keil.o(.text)
</UL>
<P><STRONG><a name="[25]"></a>P256_submod</STRONG> (Thumb, 50 bytes, Stack size 8 bytes, p256-cortex-m0-ecdh-keil.o(.text))
<BR><BR>[Stack]<UL><LI>Max Depth = 8<LI>Call Chain = P256_submod
</UL>
<BR>[Address Reference Count : 1]<UL><LI> p256-cortex-m0-ecdh-keil.o(.text)
</UL>
<P><STRONG><a name="[b2]"></a>P256_load_1</STRONG> (Thumb, 20 bytes, Stack size 0 bytes, p256-cortex-m0-ecdh-keil.o(.text))
<BR><BR>[Called By]<UL><LI><a href="#[b0]">&gt;&gt;</a>&nbsp;&nbsp;&nbsp;P256_pointmult
</UL>

<P><STRONG><a name="[a5]"></a>P256_to_montgomery</STRONG> (Thumb, 10 bytes, Stack size 20 bytes, p256-cortex-m0-ecdh-keil.o(.text))
<BR><BR>[Stack]<UL><LI>Max Depth = 152<LI>Call Chain = P256_to_montgomery &rArr; P256_mulmod &rArr; P256_mul128
</UL>
<BR>[Calls]<UL><LI><a href="#[22]">&gt;&gt;</a>&nbsp;&nbsp;&nbsp;P256_mulmod
</UL>
<BR>[Called By]<UL><LI><a href="#[b0]">&gt;&gt;</a>&nbsp;&nbsp;&nbsp;P256_pointmult
</UL>

<P><STRONG><a name="[a6]"></a>P256_from_montgomery</STRONG> (Thumb, 26 bytes, Stack size 52 bytes, p256-cortex-m0-ecdh-keil.o(.text))
<BR><BR>[Stack]<UL><LI>Max Depth = 184<LI>Call Chain = P256_from_montgomery &rArr; P256_mulmod &rArr; P256_mul128
</UL>
<BR>[Calls]<UL><LI><a href="#[22]">&gt;&gt;</a>&nbsp;&nbsp;&nbsp;P256_mulmod
</UL>
<BR>[Called By]<UL><LI><a href="#[b0]">&gt;&gt;</a>&nbsp;&nbsp;&nbsp;P256_pointmult
</UL>

<P><STRONG><a name="[a7]"></a>P256_point_is_on_curve</STRONG> (Thumb, 32 bytes, Stack size 8 bytes, p256-cortex-m0-ecdh-keil.o(.text))
<BR><BR>[Stack]<UL><LI>Max Depth = 164<LI>Call Chain = P256_point_is_on_curve &rArr; P256_interpreter
</UL>
<BR>[Calls]<UL><LI><a href="#[a8]">&gt;&gt;</a>&nbsp;&nbsp;&nbsp;P256_interpreter
<LI><a href="#[a9]">&gt;&gt;</a>&nbsp;&nbsp;&nbsp;P256_greater_or_equal_than
</UL>
<BR>[Called By]<UL><LI><a href="#[b0]">&gt;&gt;</a>&nbsp;&nbsp;&nbsp;P256_pointmult
</UL>

<P><STRONG><a name="[a9]"></a>P256_greater_or_equal_than</STRONG> (Thumb, 26 bytes, Stack size 16 bytes, p256-cortex-m0-ecdh-keil.o(.text))
<BR><BR>[Stack]<UL><LI>Max Depth = 16<LI>Call Chain = P256_greater_or_equal_than
</UL>
<BR>[Called By]<UL><LI><a href="#[b0]">&gt;&gt;</a>&nbsp;&nbsp;&nbsp;P256_pointmult
<LI><a href="#[a7]">&gt;&gt;</a>&nbsp;&nbsp;&nbsp;P256_point_is_on_curve
</UL>

<P><STRONG><a name="[b3]"></a>P256_negate_mod_m_if</STRONG> (Thumb, 34 bytes, Stack size 20 bytes, p256-cortex-m0-ecdh-keil.o(.text))
<BR><BR>[Stack]<UL><LI>Max Depth = 20<LI>Call Chain = P256_negate_mod_m_if
</UL>
<BR>[Called By]<UL><LI><a href="#[b0]">&gt;&gt;</a>&nbsp;&nbsp;&nbsp;P256_pointmult
</UL>

<P><STRONG><a name="[ae]"></a>P256_copy32</STRONG> (Thumb, 12 bytes, Stack size 12 bytes, p256-cortex-m0-ecdh-keil.o(.text))
<BR><BR>[Stack]<UL><LI>Max Depth = 12<LI>Call Chain = P256_copy32
</UL>
<BR>[Called By]<UL><LI><a href="#[b0]">&gt;&gt;</a>&nbsp;&nbsp;&nbsp;P256_pointmult
<LI><a href="#[ad]">&gt;&gt;</a>&nbsp;&nbsp;&nbsp;P256_modinv
</UL>

<P><STRONG><a name="[b1]"></a>P256_copy32_unaligned</STRONG> (Thumb, 18 bytes, Stack size 0 bytes, p256-cortex-m0-ecdh-keil.o(.text))
<BR><BR>[Called By]<UL><LI><a href="#[b0]">&gt;&gt;</a>&nbsp;&nbsp;&nbsp;P256_pointmult
</UL>

<P><STRONG><a name="[b5]"></a>P256_select</STRONG> (Thumb, 96 bytes, Stack size 32 bytes, p256-cortex-m0-ecdh-keil.o(.text))
<BR><BR>[Stack]<UL><LI>Max Depth = 32<LI>Call Chain = P256_select
</UL>
<BR>[Called By]<UL><LI><a href="#[b0]">&gt;&gt;</a>&nbsp;&nbsp;&nbsp;P256_pointmult
</UL>

<P><STRONG><a name="[aa]"></a>P256_double_j</STRONG> (Thumb, 4 bytes, Stack size 0 bytes, p256-cortex-m0-ecdh-keil.o(.text))
<BR><BR>[Stack]<UL><LI>Max Depth = 156<LI>Call Chain = P256_double_j &rArr; P256_interpreter
</UL>
<BR>[Calls]<UL><LI><a href="#[a8]">&gt;&gt;</a>&nbsp;&nbsp;&nbsp;P256_interpreter
</UL>
<BR>[Called By]<UL><LI><a href="#[b0]">&gt;&gt;</a>&nbsp;&nbsp;&nbsp;P256_pointmult
</UL>

<P><STRONG><a name="[ab]"></a>P256_add_j</STRONG> (Thumb, 4 bytes, Stack size 0 bytes, p256-cortex-m0-ecdh-keil.o(.text))
<BR><BR>[Stack]<UL><LI>Max Depth = 156<LI>Call Chain = P256_add_j &rArr; P256_interpreter
</UL>
<BR>[Calls]<UL><LI><a href="#[a8]">&gt;&gt;</a>&nbsp;&nbsp;&nbsp;P256_interpreter
</UL>
<BR>[Called By]<UL><LI><a href="#[b0]">&gt;&gt;</a>&nbsp;&nbsp;&nbsp;P256_pointmult
</UL>

<P><STRONG><a name="[26]"></a>P256_div2mod</STRONG> (Thumb, 102 bytes, Stack size 76 bytes, p256-cortex-m0-ecdh-keil.o(.text))
<BR><BR>[Stack]<UL><LI>Max Depth = 76<LI>Call Chain = P256_div2mod
</UL>
<BR>[Address Reference Count : 1]<UL><LI> p256-cortex-m0-ecdh-keil.o(.text)
</UL>
<P><STRONG><a name="[a8]"></a>P256_interpreter</STRONG> (Thumb, 78 bytes, Stack size 156 bytes, p256-cortex-m0-ecdh-keil.o(.text))
<BR><BR>[Stack]<UL><LI>Max Depth = 156<LI>Call Chain = P256_interpreter
</UL>
<BR>[Called By]<UL><LI><a href="#[ab]">&gt;&gt;</a>&nbsp;&nbsp;&nbsp;P256_add_j
<LI><a href="#[aa]">&gt;&gt;</a>&nbsp;&nbsp;&nbsp;P256_double_j
<LI><a href="#[a7]">&gt;&gt;</a>&nbsp;&nbsp;&nbsp;P256_point_is_on_curve
</UL>

<P><STRONG><a name="[ac]"></a>P256_sqrmod_many_and_mulmod</STRONG> (Thumb, 32 bytes, Stack size 16 bytes, p256-cortex-m0-ecdh-keil.o(.text))
<BR><BR>[Stack]<UL><LI>Max Depth = 148<LI>Call Chain = P256_sqrmod_many_and_mulmod &rArr; P256_mulmod &rArr; P256_mul128
</UL>
<BR>[Calls]<UL><LI><a href="#[23]">&gt;&gt;</a>&nbsp;&nbsp;&nbsp;P256_sqrmod
<LI><a href="#[22]">&gt;&gt;</a>&nbsp;&nbsp;&nbsp;P256_mulmod
</UL>
<BR>[Called By]<UL><LI><a href="#[ad]">&gt;&gt;</a>&nbsp;&nbsp;&nbsp;P256_modinv
</UL>

<P><STRONG><a name="[ad]"></a>P256_modinv</STRONG> (Thumb, 114 bytes, Stack size 208 bytes, p256-cortex-m0-ecdh-keil.o(.text))
<BR><BR>[Stack]<UL><LI>Max Depth = 356<LI>Call Chain = P256_modinv &rArr; P256_sqrmod_many_and_mulmod &rArr; P256_mulmod &rArr; P256_mul128
</UL>
<BR>[Calls]<UL><LI><a href="#[ac]">&gt;&gt;</a>&nbsp;&nbsp;&nbsp;P256_sqrmod_many_and_mulmod
<LI><a href="#[ae]">&gt;&gt;</a>&nbsp;&nbsp;&nbsp;P256_copy32
<LI><a href="#[23]">&gt;&gt;</a>&nbsp;&nbsp;&nbsp;P256_sqrmod
<LI><a href="#[22]">&gt;&gt;</a>&nbsp;&nbsp;&nbsp;P256_mulmod
</UL>
<BR>[Called By]<UL><LI><a href="#[af]">&gt;&gt;</a>&nbsp;&nbsp;&nbsp;P256_jacobian_to_affine
</UL>

<P><STRONG><a name="[af]"></a>P256_jacobian_to_affine</STRONG> (Thumb, 60 bytes, Stack size 88 bytes, p256-cortex-m0-ecdh-keil.o(.text))
<BR><BR>[Stack]<UL><LI>Max Depth = 444<LI>Call Chain = P256_jacobian_to_affine &rArr; P256_modinv &rArr; P256_sqrmod_many_and_mulmod &rArr; P256_mulmod &rArr; P256_mul128
</UL>
<BR>[Calls]<UL><LI><a href="#[ad]">&gt;&gt;</a>&nbsp;&nbsp;&nbsp;P256_modinv
<LI><a href="#[23]">&gt;&gt;</a>&nbsp;&nbsp;&nbsp;P256_sqrmod
<LI><a href="#[22]">&gt;&gt;</a>&nbsp;&nbsp;&nbsp;P256_mulmod
</UL>
<BR>[Called By]<UL><LI><a href="#[b0]">&gt;&gt;</a>&nbsp;&nbsp;&nbsp;P256_pointmult
</UL>

<P><STRONG><a name="[b4]"></a>P256_abs_int</STRONG> (Thumb, 14 bytes, Stack size 0 bytes, p256-cortex-m0-ecdh-keil.o(.text))
<BR><BR>[Called By]<UL><LI><a href="#[b0]">&gt;&gt;</a>&nbsp;&nbsp;&nbsp;P256_pointmult
</UL>

<P><STRONG><a name="[296]"></a>chip_id_one_bit_hot_convter</STRONG> (Thumb, 108 bytes, Stack size 20 bytes, flash_ext.o(i.chip_id_one_bit_hot_convter))
<BR><BR>[Stack]<UL><LI>Max Depth = 20<LI>Call Chain = chip_id_one_bit_hot_convter
</UL>
<BR>[Called By]<UL><LI><a href="#[213]">&gt;&gt;</a>&nbsp;&nbsp;&nbsp;read_chip_mAddr
<LI><a href="#[211]">&gt;&gt;</a>&nbsp;&nbsp;&nbsp;read_chip_id
</UL>

<P><STRONG><a name="[195]"></a>_fp_digits</STRONG> (Thumb, 316 bytes, Stack size 56 bytes, printfa.o(i._fp_digits), UNUSED)
<BR><BR>[Calls]<UL><LI><a href="#[cd]">&gt;&gt;</a>&nbsp;&nbsp;&nbsp;__aeabi_dmul
<LI><a href="#[c6]">&gt;&gt;</a>&nbsp;&nbsp;&nbsp;__aeabi_dadd
<LI><a href="#[d0]">&gt;&gt;</a>&nbsp;&nbsp;&nbsp;__aeabi_uldivmod
<LI><a href="#[d3]">&gt;&gt;</a>&nbsp;&nbsp;&nbsp;__aeabi_ddiv
<LI><a href="#[d4]">&gt;&gt;</a>&nbsp;&nbsp;&nbsp;__aeabi_d2ulz
<LI><a href="#[196]">&gt;&gt;</a>&nbsp;&nbsp;&nbsp;__aeabi_cdrcmple
</UL>
<BR>[Called By]<UL><LI><a href="#[192]">&gt;&gt;</a>&nbsp;&nbsp;&nbsp;_printf_core
</UL>

<P><STRONG><a name="[192]"></a>_printf_core</STRONG> (Thumb, 1754 bytes, Stack size 128 bytes, printfa.o(i._printf_core), UNUSED)
<BR><BR>[Calls]<UL><LI><a href="#[199]">&gt;&gt;</a>&nbsp;&nbsp;&nbsp;__aeabi_uidivmod (via Veneer)
<LI><a href="#[d0]">&gt;&gt;</a>&nbsp;&nbsp;&nbsp;__aeabi_uldivmod
<LI><a href="#[197]">&gt;&gt;</a>&nbsp;&nbsp;&nbsp;_printf_pre_padding
<LI><a href="#[198]">&gt;&gt;</a>&nbsp;&nbsp;&nbsp;_printf_post_padding
<LI><a href="#[195]">&gt;&gt;</a>&nbsp;&nbsp;&nbsp;_fp_digits
</UL>
<BR>[Called By]<UL><LI><a href="#[194]">&gt;&gt;</a>&nbsp;&nbsp;&nbsp;__0vprintf
<LI><a href="#[193]">&gt;&gt;</a>&nbsp;&nbsp;&nbsp;__0sprintf
<LI><a href="#[191]">&gt;&gt;</a>&nbsp;&nbsp;&nbsp;__0printf
</UL>

<P><STRONG><a name="[198]"></a>_printf_post_padding</STRONG> (Thumb, 32 bytes, Stack size 24 bytes, printfa.o(i._printf_post_padding), UNUSED)
<BR><BR>[Called By]<UL><LI><a href="#[192]">&gt;&gt;</a>&nbsp;&nbsp;&nbsp;_printf_core
</UL>

<P><STRONG><a name="[197]"></a>_printf_pre_padding</STRONG> (Thumb, 44 bytes, Stack size 40 bytes, printfa.o(i._printf_pre_padding), UNUSED)
<BR><BR>[Called By]<UL><LI><a href="#[192]">&gt;&gt;</a>&nbsp;&nbsp;&nbsp;_printf_core
</UL>

<P><STRONG><a name="[36]"></a>_sputc</STRONG> (Thumb, 10 bytes, Stack size 0 bytes, printfa.o(i._sputc))
<BR><BR>[Called By]<UL><LI><a href="#[193]">&gt;&gt;</a>&nbsp;&nbsp;&nbsp;__0sprintf
</UL>
<BR>[Address Reference Count : 1]<UL><LI> printfa.o(i.__0sprintf)
</UL><P>
<H3>
Undefined Global Symbols
</H3><HR></body></html>
