<html>
<body>
<pre>
<h1>礦ision Build Log</h1>
<h2>Tool Versions:</h2>
IDE-Version: μVision V5.14.0.0
Copyright (C) 2015 ARM Ltd and ARM Germany GmbH. All rights reserved.
License Information: a a, a, LIC=V8563-AMC87-047SQ-NSVRF-5LI2J-DIC6H
 
Tool Versions:
Toolchain:       MDK-ARM Professional  Version: 5.14.0.0
Toolchain Path:  D:\Johhn\kile5\ARM\ARMCC\Bin
C Compiler:      Armcc.exe V5.05 update 1 (build 106)
Assembler:       Armasm.exe V5.05 update 1 (build 106)
Linker/Locator:  ArmLink.exe V5.05 update 1 (build 106)
Library Manager: ArmAr.exe V5.05 update 1 (build 106)
Hex Converter:   FromElf.exe V5.05 update 1 (build 106)
CPU DLL:         SARMCM3.DLL V5.14.0.0
Dialog DLL:      DARMCM1.DLL V1.12.0.0
Target DLL:      Segger\JL2CM3.dll V2.99.13.0
Dialog DLL:      TARMCM1.DLL V1.9.0.0
 
<h2>Project:</h2>
C:\Users\zifeng\Desktop\test\PHY6212开发资料_20190909\SDK1\PHY62XX_SDK_2.1.0\example\peripheral\gpio\gpio.uvprojx
Project File Date:  07/23/2019

<h2>Output:</h2>
Build target 'gpio'
compiling main.c...
compiling jump_table.c...
compiling gpio_demo.c...
compiling gpio_Main.c...
compiling OSAL_gpio.c...
compiling gpio.c...
compiling my_printf.c...
compiling uart.c...
compiling pwrmgr.c...
compiling clock.c...
compiling adc.c...
compiling common.c...
compiling key.c...
assembling startup_ARMCM0.s...
compiling system_ARMCM0.c...
linking...
Program Size: Code=13636 RO-data=1336 RW-data=1164 ZI-data=9076  
After Build - User command #1: fromelf.exe --bin -o  ./bin  ./Objects/gpio.axf
After Build - User command #2: fromelf.exe .\Objects\gpio.axf --i32combined --output .\bin\gpio.hex
".\Objects\gpio.axf" - 0 Error(s), 0 Warning(s).

<h2>Software Packages used:</h2>

Package Vendor: ARM
                http://www.keil.com/pack/ARM.CMSIS.4.2.0.pack
                ARM::CMSIS:CORE:3.40.0
                CMSIS (Cortex Microcontroller Software Interface Standard)
   * Component: CORE Version: 3.40.0
   * Component: Startup Version: 1.0.1

<h2>Collection of Component include folders:</h2>
  C:\Users\zifeng\Desktop\test\PHY6212开发资料_20190909\SDK1\PHY62XX_SDK_2.1.0\example\peripheral\gpio\RTE
  D:\Johhn\kile5\ARM\PACK\ARM\CMSIS\4.2.0\CMSIS\Include
  D:\Johhn\kile5\ARM\PACK\ARM\CMSIS\4.2.0\Device\ARM\ARMCM0\Include

<h2>Collection of Component Files used:</h2>

   * Component: ARM::CMSIS:CORE:3.40.0
      Source file:   CMSIS\UserCodeTemplates\ARM\ITM_Retarget.c

   * Component: ARM::Device:Startup:1.0.1
      Source file:   Device\ARM\ARMCM0\Source\ARM\startup_ARMCM0.s
      Source file:   Device\ARM\ARMCM0\Source\system_ARMCM0.c
      Include file:  Device\ARM\ARMCM0\Include\ARMCM0.h
</pre>
</body>
</html>
